Hinst Name           Module Name            Inst Count           Total Area               Buffer             Inverter        Combinational                 Flop                Latch           Clock Gate                Macro             Physical
------------------------------------------------------------------------------------------------------------------------------------------------------------------------------------------------------------------------------------------------------------
HA                                                 446             6074.879                0.000              261.887             1083.881             4729.111                0.000                0.000                0.000                0.000
 u_appliances        appliances_controller           3               74.933                0.000                0.000                0.000               74.933                0.000                0.000                0.000                0.000
 u_burglar           burglar_alarm                  49              425.378                0.000               11.354              164.247              249.777                0.000                0.000                0.000                0.000
 u_door_lock         door_lock_controller           72              632.012                0.000               20.436              211.932              399.643                0.000                0.000                0.000                0.000
 u_entertainment     entertainment_system           11              187.711                0.000                0.000               33.304              154.408                0.000                0.000                0.000                0.000
 u_humidity          humidity_controller             8               74.933                0.000                2.271               22.707               49.955                0.000                0.000                0.000                0.000
 u_lum_ctrl          luminosity_controller          16              217.987                0.000               18.166                0.000              199.822                0.000                0.000                0.000                0.000
 u_temp_ctrl         temperature_controller         92              452.626                0.000               46.171              351.959               54.497                0.000                0.000                0.000                0.000
 u_visitor           visitor_counter                61              495.769                0.000               15.895              218.744              261.130                0.000                0.000                0.000                0.000
 u_water_ctrl        water_level_controller          6               69.635                0.000                0.000               19.679               49.955                0.000                0.000                0.000                0.000
 u_window            window_treatment               15              113.535                0.000                2.271               61.309               49.955                0.000                0.000                0.000                0.000
