Hinst Name           Module Name            Inst Count           Total Area               Buffer             Inverter        Combinational                 Flop                Latch           Clock Gate                Macro             Physical
------------------------------------------------------------------------------------------------------------------------------------------------------------------------------------------------------------------------------------------------------------
HA                                                 465             6130.133               66.607              176.358             1145.190             4741.979                0.000                0.000                0.000                0.000
 u_appliances        appliances_controller           3               74.933                0.000                0.000                0.000               74.933                0.000                0.000                0.000                0.000
 u_burglar           burglar_alarm                  49              426.892                0.000               11.354              165.761              249.777                0.000                0.000                0.000                0.000
 u_door_lock         door_lock_controller           73              638.067                0.000               20.436              217.987              399.643                0.000                0.000                0.000                0.000
 u_entertainment     entertainment_system           11              187.711                0.000                0.000               33.304              154.408                0.000                0.000                0.000                0.000
 u_humidity          humidity_controller             8               74.933                0.000                2.271               22.707               49.955                0.000                0.000                0.000                0.000
 u_lum_ctrl          luminosity_controller          16              217.987                0.000               18.166                0.000              199.822                0.000                0.000                0.000                0.000
 u_temp_ctrl         temperature_controller        100              501.825                0.000               59.038              388.290               54.497                0.000                0.000                0.000                0.000
 u_visitor           visitor_counter                65              536.642                0.000               26.492              236.153              273.998                0.000                0.000                0.000                0.000
 u_water_ctrl        water_level_controller          6               69.635                0.000                0.000               19.679               49.955                0.000                0.000                0.000                0.000
 u_window            window_treatment               15              113.535                0.000                2.271               61.309               49.955                0.000                0.000                0.000                0.000
