*** Statistics for net list HA ***
Number of cells      = 446
Number of nets       = 521
Number of tri-nets   = 0
Number of degen nets = 0
Number of pins       = 2045
Number of i/os       = 113

Number of nets with    2 terms = 264 (50.7%)
Number of nets with    3 terms = 134 (25.7%)
Number of nets with    4 terms = 51 (9.8%)
Number of nets with    5 terms = 22 (4.2%)
Number of nets with    6 terms = 24 (4.6%)
Number of nets with    7 terms = 13 (2.5%)
Number of nets with    8 terms = 4 (0.8%)
Number of nets with    9 terms = 3 (0.6%)
Number of nets with >=10 terms = 6 (1.2%)

*** 63 Primitives used:
Primitive MXI2XL (14 insts)
Primitive CLKAND2X3 (1 insts)
Primitive NAND4XL (2 insts)
Primitive SDFFRHQX2 (6 insts)
Primitive SDFFRHQX8 (29 insts)
Primitive OAI2BB1XL (1 insts)
Primitive CLKINVX8 (16 insts)
Primitive NAND2X2 (2 insts)
Primitive AOI32X1 (3 insts)
Primitive NAND2X4 (1 insts)
Primitive NOR3BXL (1 insts)
Primitive AOI21XL (7 insts)
Primitive AOI22X1 (1 insts)
Primitive CLKINVX2 (2 insts)
Primitive NOR2BXL (3 insts)
Primitive NOR2XL (28 insts)
Primitive INVX1 (18 insts)
Primitive SDFFSHQX1 (2 insts)
Primitive NAND3XL (1 insts)
Primitive NAND2BXL (1 insts)
Primitive NOR4X1 (3 insts)
Primitive AO22X1 (2 insts)
Primitive SDFFRXL (2 insts)
Primitive NOR3X1 (5 insts)
Primitive AO21X1 (2 insts)
Primitive NAND3BX1 (4 insts)
Primitive AOI31X1 (5 insts)
Primitive INVXL (12 insts)
Primitive NOR3BX1 (1 insts)
Primitive NOR2X1 (6 insts)
Primitive OAI31XL (1 insts)
Primitive AOI21X1 (15 insts)
Primitive OAI32X1 (2 insts)
Primitive OAI21XL (2 insts)
Primitive OAI22X1 (3 insts)
Primitive NOR2BX1 (2 insts)
Primitive OA21XL (1 insts)
Primitive SDFFRHQX1 (50 insts)
Primitive NAND2XL (27 insts)
Primitive SDFFRHQX4 (61 insts)
Primitive NAND3X1 (1 insts)
Primitive XNOR2XL (2 insts)
Primitive SDFFRX1 (8 insts)
Primitive NAND2BX1 (14 insts)
Primitive AOI211X1 (5 insts)
Primitive CLKINVX1 (18 insts)
Primitive OAI31X1 (3 insts)
Primitive OAI221X1 (1 insts)
Primitive OAI21X1 (15 insts)
Primitive NAND2X1 (4 insts)
Primitive XOR2XL (1 insts)
Primitive MX2X1 (5 insts)
Primitive OAI211X1 (5 insts)
Primitive AND2X1 (1 insts)
Primitive AOI2BB1X1 (2 insts)
Primitive OR2X1 (2 insts)
Primitive OAI222XL (4 insts)
Primitive CLKXOR2X1 (2 insts)
Primitive NOR2X2 (2 insts)
Primitive NOR2BX2 (1 insts)
Primitive NAND4BXL (1 insts)
Primitive NAND3X2 (1 insts)
Primitive OAI2BB1X1 (3 insts)
************
*** Net length and connection length statistics (cell HA) ***

Total net length = 1.139e+04 (5.166e+03 6.223e+03)

Avg net length = 2.186e+01 (sigma = 2.508e+01)
Sqrt of avg square net length = 3.327e+01

Avg connection length = 7.473e+00 (sigma = 9.406e+00)
Sqrt of avg square connection length = 1.201e+01

Net and connection length distribution:

[length   range   ]      #net #connection
[0.00e+00 5.80e+00]:       91      188
[5.80e+00 1.16e+01]:      125      177
[1.16e+01 1.74e+01]:       80       67
[1.74e+01 2.32e+01]:       71       33
[2.32e+01 2.90e+01]:       41       16
[2.90e+01 3.48e+01]:       33       11
[3.48e+01 4.06e+01]:       18        7
[4.06e+01 4.64e+01]:       15        7
[4.64e+01 5.22e+01]:        6        5
[5.22e+01 5.80e+01]:        7        5
[5.80e+01 6.38e+01]:        5        1
[6.38e+01 6.96e+01]:        5        1
[6.96e+01 7.54e+01]:        3        1
[7.54e+01 8.12e+01]:        2        0
[8.12e+01 8.70e+01]:        6        2
[8.70e+01 9.28e+01]:        3        0
[9.28e+01 9.86e+01]:        2        0
[9.86e+01 1.04e+02]:        3        0
[1.10e+02 1.16e+02]:        1        0
[1.45e+02 1.51e+02]:        1        0
[2.15e+02 2.20e+02]:        1        0
[2.20e+02 2.26e+02]:        1        0
[2.26e+02 2.32e+02]:        1        0


Total number of long connections = 0
Io: nrCon=0


Total length: 1.457e+04um, number of vias: 5295
M1(H) length: 0.000e+00um, number of vias: 1933
M2(V) length: 7.712e+03um, number of vias: 3267
M3(H) length: 6.479e+03um, number of vias: 95
M4(V) length: 3.833e+02um, number of vias: 0
M5(H) length: 0.000e+00um, number of vias: 0
M6(V) length: 0.000e+00um, number of vias: 0
M7(H) length: 0.000e+00um, number of vias: 0
M8(V) length: 0.000e+00um, number of vias: 0
M9(H) length: 0.000e+00um

