
Cadence Innovus(TM) Implementation System.
Copyright 2020 Cadence Design Systems, Inc. All rights reserved worldwide.

Version:	v20.10-p004_1, built Thu May 7 20:02:41 PDT 2020
Options:	
Date:		Fri Nov 14 00:59:51 2025
Host:		edatools-server2.iiitd.edu.in (x86_64 w/Linux 2.6.32-754.35.1.el6.x86_64) (18cores*72cpus*Intel(R) Xeon(R) Gold 6354 CPU @ 3.00GHz 39936KB)
OS:		Red Hat Enterprise Linux Server release 6.10 (Santiago)

License:
		invs	Innovus Implementation System	20.1	checkout succeeded
		8 CPU jobs allowed with the current license(s). Use setMultiCpuUsage to set your required CPU count.
Change the soft stacksize limit to 0.2%RAM (1033 mbytes). Set global soft_stack_size_limit to change the value.

**INFO:  MMMC transition support version v31-84 

<CMD> set_global _enable_mmmc_by_default_flow      $CTE::mmmc_default
<CMD> suppressMessage ENCEXT-2799
<CMD> getVersion
<CMD> getVersion
<CMD> getVersion
[INFO] Loading PVS 19.13 fill procedures
<CMD> win
<CMD> set init_gnd_net VSS
<CMD> set init_io_file pin_location.io
<CMD> set init_lef_file gsclib090_translated_ref.lef
<CMD> set init_mmmc_file rtl_module.view
<CMD> set init_pwr_net VDD
<CMD> set init_top_cell HA
<CMD> set init_verilog synthesised_netlist.v
<CMD> init_design
#% Begin Load MMMC data ... (date=11/14 01:00:23, mem=528.5M)
#% End Load MMMC data ... (date=11/14 01:00:23, total cpu=0:00:00.0, real=0:00:00.0, peak res=528.7M, current mem=528.7M)

Loading LEF file gsclib090_translated_ref.lef ...
**WARN: (IMPLF-155):	ViaRule only supports routing/cut layer, but poly layer found for viaRule 'M1_POv', 
**WARN: (IMPLF-155):	ViaRule only supports routing/cut layer, but poly layer found for viaRule 'M1_DIFF', 
**WARN: (IMPLF-155):	ViaRule only supports routing/cut layer, but poly layer found for viaRule 'M1_PSUB', 
**WARN: (IMPLF-155):	ViaRule only supports routing/cut layer, but poly layer found for viaRule 'M1_PIMP', 
**WARN: (IMPLF-155):	ViaRule only supports routing/cut layer, but poly layer found for viaRule 'M1_NIMP', 
**WARN: (IMPLF-155):	ViaRule only supports routing/cut layer, but poly layer found for viaRule 'M1_NWELL', 
**WARN: (IMPLF-155):	ViaRule only supports routing/cut layer, but poly layer found for viaRule 'M1_PO', 
**WARN: (IMPLF-155):	ViaRule only supports routing/cut layer, but poly layer found for viaRule 'M1_DIFFc', 
**WARN: (IMPLF-155):	ViaRule only supports routing/cut layer, but poly layer found for viaRule 'M1_POLYc', 
**WARN: (IMPLF-105):	The layer 'Oxide' specified in SAMENET spacing
rule is neither a routing layer nor a cut layer. The rule is ignored.
**WARN: (IMPLF-105):	The layer 'Poly' specified in SAMENET spacing
rule is neither a routing layer nor a cut layer. The rule is ignored.
Set DBUPerIGU to M2 pitch 580.
**WARN: (IMPLF-200):	Pin 'A' in macro 'ANTENNA' has no ANTENNAGATEAREA value defined. The library data is incomplete and some process antenna rules will not be checked correctly.
Type 'man IMPLF-200' for more detail.

viaInitial starts at Fri Nov 14 01:00:23 2025
viaInitial ends at Fri Nov 14 01:00:23 2025

##  Check design process and node:  
##  Both design process and tech node are not set.

Loading view definition file from rtl_module.view
Reading timing_lib1 timing library '/home/mukka25170/cmos65/90nm/Physical_design/floor_planning/fp_0.8/slow.lib' ...
Read 479 cells in library 'slow' 
*** End library_loading (cpu=0.01min, real=0.02min, mem=21.0M, fe_cpu=0.41min, fe_real=0.55min, fe_mem=873.5M) ***
#% Begin Load netlist data ... (date=11/14 01:00:24, mem=546.8M)
*** Begin netlist parsing (mem=873.5M) ***
**WARN: (IMPVL-159):	Pin 'VDD' of cell 'XOR3XL' is defined in LEF but not in the timing library.
Type 'man IMPVL-159' for more detail.
**WARN: (IMPVL-159):	Pin 'VSS' of cell 'XOR3XL' is defined in LEF but not in the timing library.
Type 'man IMPVL-159' for more detail.
**WARN: (IMPVL-159):	Pin 'VDD' of cell 'XOR3X1' is defined in LEF but not in the timing library.
Type 'man IMPVL-159' for more detail.
**WARN: (IMPVL-159):	Pin 'VSS' of cell 'XOR3X1' is defined in LEF but not in the timing library.
Type 'man IMPVL-159' for more detail.
**WARN: (IMPVL-159):	Pin 'VSS' of cell 'XOR2XL' is defined in LEF but not in the timing library.
Type 'man IMPVL-159' for more detail.
**WARN: (IMPVL-159):	Pin 'VDD' of cell 'XOR2XL' is defined in LEF but not in the timing library.
Type 'man IMPVL-159' for more detail.
**WARN: (IMPVL-159):	Pin 'VSS' of cell 'XOR2X4' is defined in LEF but not in the timing library.
Type 'man IMPVL-159' for more detail.
**WARN: (IMPVL-159):	Pin 'VDD' of cell 'XOR2X4' is defined in LEF but not in the timing library.
Type 'man IMPVL-159' for more detail.
**WARN: (IMPVL-159):	Pin 'VSS' of cell 'XOR2X2' is defined in LEF but not in the timing library.
Type 'man IMPVL-159' for more detail.
**WARN: (IMPVL-159):	Pin 'VDD' of cell 'XOR2X2' is defined in LEF but not in the timing library.
Type 'man IMPVL-159' for more detail.
**WARN: (IMPVL-159):	Pin 'VSS' of cell 'XOR2X1' is defined in LEF but not in the timing library.
Type 'man IMPVL-159' for more detail.
**WARN: (IMPVL-159):	Pin 'VDD' of cell 'XOR2X1' is defined in LEF but not in the timing library.
Type 'man IMPVL-159' for more detail.
**WARN: (IMPVL-159):	Pin 'VSS' of cell 'XNOR3XL' is defined in LEF but not in the timing library.
Type 'man IMPVL-159' for more detail.
**WARN: (IMPVL-159):	Pin 'VDD' of cell 'XNOR3XL' is defined in LEF but not in the timing library.
Type 'man IMPVL-159' for more detail.
**WARN: (IMPVL-159):	Pin 'VDD' of cell 'XNOR3X1' is defined in LEF but not in the timing library.
Type 'man IMPVL-159' for more detail.
**WARN: (IMPVL-159):	Pin 'VSS' of cell 'XNOR3X1' is defined in LEF but not in the timing library.
Type 'man IMPVL-159' for more detail.
**WARN: (IMPVL-159):	Pin 'VSS' of cell 'XNOR2XL' is defined in LEF but not in the timing library.
Type 'man IMPVL-159' for more detail.
**WARN: (IMPVL-159):	Pin 'VDD' of cell 'XNOR2XL' is defined in LEF but not in the timing library.
Type 'man IMPVL-159' for more detail.
**WARN: (IMPVL-159):	Pin 'VSS' of cell 'XNOR2X4' is defined in LEF but not in the timing library.
Type 'man IMPVL-159' for more detail.
**WARN: (IMPVL-159):	Pin 'VDD' of cell 'XNOR2X4' is defined in LEF but not in the timing library.
Type 'man IMPVL-159' for more detail.
**WARN: (EMS-27):	Message (IMPVL-159) has exceeded the current message display limit of 20.
To increase the message display limit, refer to the product command reference manual.
Created 479 new cells from 1 timing libraries.
Reading netlist ...
Backslashed names will retain backslash and a trailing blank character.
Reading verilog netlist 'synthesised_netlist.v'

*** Memory Usage v#1 (Current mem = 873.512M, initial mem = 273.969M) ***
*** End netlist parsing (cpu=0:00:00.0, real=0:00:00.0, mem=873.5M) ***
#% End Load netlist data ... (date=11/14 01:00:24, total cpu=0:00:00.0, real=0:00:00.0, peak res=554.0M, current mem=554.0M)
Set top cell to HA.
Hooked 479 DB cells to tlib cells.
Starting recursive module instantiation check.
No recursion found.
Building hierarchical netlist for Cell HA ...
*** Netlist is unique.
** info: there are 498 modules.
** info: there are 446 stdCell insts.

*** Memory Usage v#1 (Current mem = 914.934M, initial mem = 273.969M) ***
Reading IO assignment file "pin_location.io" ...
**WARN: (IMPFP-710):	File version 0 is too old.
IO file version '0' is too old, will try to place io cell any way.
**WARN: (IMPFP-3961):	The techSite 'pad' has no related standard cells in LEF/OA library. Cannot make calculations for this site type unless standard cell models of this type exist in the LEF/OA library. If the SITE is not used by the library you can ignore this warning or remove the SITE definition from the LEF/OA to avoid this message.
Type 'man IMPFP-3961' for more detail.
**WARN: (IMPFP-3961):	The techSite 'corner' has no related standard cells in LEF/OA library. Cannot make calculations for this site type unless standard cell models of this type exist in the LEF/OA library. If the SITE is not used by the library you can ignore this warning or remove the SITE definition from the LEF/OA to avoid this message.
Type 'man IMPFP-3961' for more detail.
Horizontal Layer M1 offset = 290 (derived)
Vertical Layer M2 offset = 290 (derived)
Generated pitch 0.29 in Metal8 is different from 0.87 defined in technology file in unpreferred direction.
Set Default Net Delay as 1000 ps.
Set Default Net Load as 0.5 pF. 
Set Default Input Pin Transition as 0.1 ps.
Extraction setup Started 
Initializing multi-corner RC extraction with 1 active RC Corners ...
**WARN: (IMPEXT-2773):	The via resistance between layers M0 and M1 could not be determined from the LEF technology file because the via resistance specification is missing. A default of 4 Ohms will be used as via resistance between these layers.
Type 'man IMPEXT-2773' for more detail.
**WARN: (IMPEXT-2776):	The via resistance between layers M1 and M2 is not defined in the capacitance table file. The via resistance of 1.4 Ohms defined in the LEF technology file will be used as via resistance between these layers.
Type 'man IMPEXT-2776' for more detail.
**WARN: (IMPEXT-2776):	The via resistance between layers M2 and M3 is not defined in the capacitance table file. The via resistance of 1.4 Ohms defined in the LEF technology file will be used as via resistance between these layers.
Type 'man IMPEXT-2776' for more detail.
**WARN: (IMPEXT-2776):	The via resistance between layers M3 and M4 is not defined in the capacitance table file. The via resistance of 1.4 Ohms defined in the LEF technology file will be used as via resistance between these layers.
Type 'man IMPEXT-2776' for more detail.
**WARN: (IMPEXT-2776):	The via resistance between layers M4 and M5 is not defined in the capacitance table file. The via resistance of 1.4 Ohms defined in the LEF technology file will be used as via resistance between these layers.
Type 'man IMPEXT-2776' for more detail.
**WARN: (IMPEXT-2776):	The via resistance between layers M5 and M6 is not defined in the capacitance table file. The via resistance of 1.4 Ohms defined in the LEF technology file will be used as via resistance between these layers.
Type 'man IMPEXT-2776' for more detail.
**WARN: (IMPEXT-2776):	The via resistance between layers M6 and M7 is not defined in the capacitance table file. The via resistance of 1.4 Ohms defined in the LEF technology file will be used as via resistance between these layers.
Type 'man IMPEXT-2776' for more detail.
**WARN: (IMPEXT-2776):	The via resistance between layers M7 and M8 is not defined in the capacitance table file. The via resistance of 0.35 Ohms defined in the LEF technology file will be used as via resistance between these layers.
Type 'man IMPEXT-2776' for more detail.
**WARN: (IMPEXT-2776):	The via resistance between layers M8 and M9 is not defined in the capacitance table file. The via resistance of 0.35 Ohms defined in the LEF technology file will be used as via resistance between these layers.
Type 'man IMPEXT-2776' for more detail.
**WARN: (IMPEXT-2766):	The sheet resistance for layer M1 is not defined in the cap table. Therefore, the LEF value 0.08 will be used instead. To avoid this message, update the relevant cap table to include the sheet resistance for the specified layer and read it back in.
**WARN: (IMPEXT-2766):	The sheet resistance for layer M2 is not defined in the cap table. Therefore, the LEF value 0.06 will be used instead. To avoid this message, update the relevant cap table to include the sheet resistance for the specified layer and read it back in.
**WARN: (IMPEXT-2766):	The sheet resistance for layer M3 is not defined in the cap table. Therefore, the LEF value 0.06 will be used instead. To avoid this message, update the relevant cap table to include the sheet resistance for the specified layer and read it back in.
**WARN: (IMPEXT-2766):	The sheet resistance for layer M4 is not defined in the cap table. Therefore, the LEF value 0.06 will be used instead. To avoid this message, update the relevant cap table to include the sheet resistance for the specified layer and read it back in.
**WARN: (IMPEXT-2766):	The sheet resistance for layer M5 is not defined in the cap table. Therefore, the LEF value 0.06 will be used instead. To avoid this message, update the relevant cap table to include the sheet resistance for the specified layer and read it back in.
**WARN: (IMPEXT-2766):	The sheet resistance for layer M6 is not defined in the cap table. Therefore, the LEF value 0.06 will be used instead. To avoid this message, update the relevant cap table to include the sheet resistance for the specified layer and read it back in.
**WARN: (IMPEXT-2766):	The sheet resistance for layer M7 is not defined in the cap table. Therefore, the LEF value 0.06 will be used instead. To avoid this message, update the relevant cap table to include the sheet resistance for the specified layer and read it back in.
**WARN: (IMPEXT-2766):	The sheet resistance for layer M8 is not defined in the cap table. Therefore, the LEF value 0.02 will be used instead. To avoid this message, update the relevant cap table to include the sheet resistance for the specified layer and read it back in.
**WARN: (IMPEXT-2766):	The sheet resistance for layer M9 is not defined in the cap table. Therefore, the LEF value 0.02 will be used instead. To avoid this message, update the relevant cap table to include the sheet resistance for the specified layer and read it back in.
Summary of Active RC-Corners : 
 
 Analysis View: view1
    RC-Corner Name        : default_rc_corner
    RC-Corner Index       : 0
    RC-Corner Temperature : 25 Celsius
    RC-Corner Cap Table   : ''
    RC-Corner PreRoute Res Factor         : 1
    RC-Corner PreRoute Cap Factor         : 1
    RC-Corner PostRoute Res Factor        : 1 {1 1 1}
    RC-Corner PostRoute Cap Factor        : 1 {1 1 1}
    RC-Corner PostRoute XCap Factor       : 1 {1 1 1}
    RC-Corner PreRoute Clock Res Factor   : 1	[Derived from Cap Table]
    RC-Corner PreRoute Clock Cap Factor   : 1	[Derived from Cap Table]
    RC-Corner PostRoute Clock Cap Factor  : 1 {1 1 1} 	[Derived from postRoute_cap (effortLevel low)]
    RC-Corner PostRoute Clock Res Factor  : 1 {1 1 1} 	[Derived from postRoute_res (effortLevel low)]
Updating RC grid for preRoute extraction ...
Initializing multi-corner resistance tables ...
*Info: initialize multi-corner CTS.
Reading timing constraints file '/home/mukka25170/cmos65/90nm/Physical_design/floor_planning/fp_0.8/constraints.sdc' ...
Current (total cpu=0:00:28.3, real=0:00:37.0, peak res=749.6M, current mem=749.6M)
**WARN: (TCLNL-330):	set_input_delay on clock root 'clk' is not supported. You should use the -source option to set_clock_latency to provide this offset. You can also use the global timing_allow_input_delay_on_clock_source to allow set_input_delay assertion to have an effect on clock source paths beginning at this clock root. (File /home/mukka25170/cmos65/90nm/Physical_design/floor_planning/fp_0.8/constraints.sdc, Line 11).

INFO (CTE): Reading of timing constraints file /home/mukka25170/cmos65/90nm/Physical_design/floor_planning/fp_0.8/constraints.sdc completed, with 1 WARNING
Ending "Constraint file reading stats" (total cpu=0:00:02.3, real=0:00:02.0, peak res=767.4M, current mem=767.4M)
Current (total cpu=0:00:30.6, real=0:00:39.0, peak res=767.4M, current mem=767.4M)
Total number of combinational cells: 317
Total number of sequential cells: 152
Total number of tristate cells: 10
Total number of level shifter cells: 0
Total number of power gating cells: 0
Total number of isolation cells: 0
Total number of power switch cells: 0
Total number of pulse generator cells: 0
Total number of always on buffers: 0
Total number of retention cells: 0
List of usable buffers: BUFX2 BUFX12 BUFX16 BUFX20 CLKBUFX2 BUFX3 BUFX4 BUFX6 BUFX8 CLKBUFX12 CLKBUFX16 CLKBUFX20 CLKBUFX3 CLKBUFX4 CLKBUFX6 CLKBUFX8
Total number of usable buffers: 16
List of unusable buffers:
Total number of unusable buffers: 0
List of usable inverters: CLKINVX1 CLKINVX2 CLKINVX12 CLKINVX16 CLKINVX20 CLKINVX3 CLKINVX4 CLKINVX6 CLKINVX8 INVX1 INVX2 INVX12 INVX16 INVX20 INVXL INVX3 INVX4 INVX6 INVX8
Total number of usable inverters: 19
List of unusable inverters:
Total number of unusable inverters: 0
List of identified usable delay cells: DLY1X1 DLY1X4 DLY2X1 DLY2X4 DLY3X1 DLY3X4 DLY4X1 DLY4X4
Total number of identified usable delay cells: 8
List of identified unusable delay cells:
Total number of identified unusable delay cells: 0

*** Summary of all messages that are not suppressed in this session:
Severity  ID               Count  Summary                                  
WARNING   IMPLF-155            9  ViaRule only supports routing/cut layer,...
WARNING   IMPLF-200            1  Pin '%s' in macro '%s' has no ANTENNAGAT...
WARNING   IMPLF-105            2  The layer '%s' specified in SAMENET spac...
WARNING   IMPFP-710            1  File version %s is too old.              
WARNING   IMPFP-3961           2  The techSite '%s' has no related standar...
WARNING   IMPEXT-2766          9  The sheet resistance for layer %s is not...
WARNING   IMPEXT-2773          1  The via resistance between layers %s and...
WARNING   IMPEXT-2776          8  The via resistance between layers %s and...
WARNING   IMPVL-159          958  Pin '%s' of cell '%s' is defined in LEF ...
WARNING   TCLNL-330            1  set_input_delay on clock root '%s' is no...
*** Message Summary: 992 warning(s), 0 error(s)

<CMD> setDesignMode -process 90 -flowEffort standard
##  Process: 90            (User Set)               
##     Node: (not set)                           

##  Check design process and node:  
##  Design tech node is not set.

Applying the recommended capacitance filtering threshold values for 90nm process node: total_c_th=0, relative_c_th=1 and coupling_c_th=0.2.
	These values will be used by all post-route extraction engines, including TQuantus, IQuantus and Quantus QRC extraction.
	Capacitance filtering mode(-capFilterMode option of the setExtractRCMode) is 'relAndCoup' for all engines.
	The accuracy mode for postRoute effortLevel low extraction will be set to 'standard'.
	Default value for EffortLevel(-effortLevel option of the setExtractRCMode) in postRoute extraction mode is 'low'.
<CMD> checkDesign -physicalLibrary
Creating directory checkDesign.
Design check done.
Report saved in file checkDesign/HA.main.htm.ascii
*** Message Summary: 0 warning(s), 0 error(s)

<CMD> checkDesign -timingLibrary
Design check done.
Report saved in file checkDesign/HA.main.htm.ascii
*** Message Summary: 0 warning(s), 0 error(s)

<CMD> checkDesign -netlist
############################################################################
# Innovus Netlist Design Rule Check
# Fri Nov 14 01:00:30 2025

############################################################################
Design: HA

------ Design Summary:
Total Standard Cell Number   (cells) : 446
Total Block Cell Number      (cells) : 0
Total I/O Pad Cell Number    (cells) : 0
Total Standard Cell Area     ( um^2) : 6074.88
Total Block Cell Area        ( um^2) : 0.00
Total I/O Pad Cell Area      ( um^2) : 0.00

------ Design Statistics:

Number of Instances            : 446
Number of Non-uniquified Insts : 429
Number of Nets                 : 528
Average number of Pins per Net : 3.88
Maximum number of Pins in Net  : 159

------ I/O Port summary

Number of Primary I/O Ports    : 113
Number of Input Ports          : 66
Number of Output Ports         : 47
Number of Bidirectional Ports  : 0
Number of Power/Ground Ports   : 0
Number of Floating Ports                     *: 1
Number of Ports Connected to Multiple Pads   *: 0
Number of Ports Connected to Core Instances   : 112
**WARN: (IMPREPO-200):	There are 1 Floating Ports in the top design.
**WARN: (IMPREPO-202):	There are 112 Ports connected to core instances.

------ Design Rule Checking:

Number of Output Pins connect to Power/Ground *: 0
Number of Insts with Input Pins tied together ?: 0
Number of TieHi/Lo term nets not connected to instance's PG terms ?: 0
Number of Input/InOut Floating Pins            : 0
Number of Output Floating Pins                 : 0
Number of Output Term Marked TieHi/Lo         *: 0

Number of nets with tri-state drivers          : 0
Number of nets with parallel drivers           : 0
Number of nets with multiple drivers           : 0
Number of nets with no driver (No FanIn)       : 0
Number of Output Floating nets (No FanOut)     : 4
Number of High Fanout nets (>50)               : 3
**WARN: (IMPREPO-227):	There are 3 High Fanout nets (>50).
Design check done.
Report saved in file checkDesign/HA.main.htm.ascii

*** Summary of all messages that are not suppressed in this session:
Severity  ID               Count  Summary                                  
WARNING   IMPREPO-227          1  There are %d High Fanout nets (>50).     
WARNING   IMPREPO-200          1  There are %d Floating Ports in the top d...
WARNING   IMPREPO-202          1  There are %d Ports connected to core ins...
*** Message Summary: 3 warning(s), 0 error(s)

<CMD> check_timing
AAE DB initialization (MEM=1161.91 CPU=0:00:00.0 REAL=0:00:00.0) 
#################################################################################
# Design Stage: PreRoute
# Design Name: HA
# Design Mode: 90nm
# Analysis Mode: MMMC Non-OCV 
# Parasitics Mode: No SPEF/RCDB
# Signoff Settings: SI Off 
#################################################################################
Calculate delays in Single mode...
Start delay calculation (fullDC) (1 T). (MEM=1179.22)
siFlow : Timing analysis mode is single, using late cdB files
Total number of fetched objects 521
End delay calculation. (MEM=1240.19 CPU=0:00:00.1 REAL=0:00:01.0)
End delay calculation (fullDC). (MEM=1213.11 CPU=0:00:02.7 REAL=0:00:03.0)
     +-----------------------------------------------------------+ 
     |                   TIMING CHECK SUMMARY                    | 
     |-----------------------------------------------------------| 
     |       Warning        |   Warning Description   |  Number  | 
     |                      |                         |    of    | 
     |                      |                         | Warnings | 
     |----------------------+-------------------------+----------| 
     | ideal_clock_waveform | Clock waveform is ideal |        1 | 
     | no_drive             | No drive assertion      |       66 | 
     +-----------------------------------------------------------+ 
<CMD> getIoFlowFlag
<CMD> setIoFlowFlag 0
<CMD> floorPlan -site gsclib090site -r 1 0.8 4.06 4.06 4.06 4.06
**WARN: (IMPFP-3961):	The techSite 'pad' has no related standard cells in LEF/OA library. Cannot make calculations for this site type unless standard cell models of this type exist in the LEF/OA library. If the SITE is not used by the library you can ignore this warning or remove the SITE definition from the LEF/OA to avoid this message.
Type 'man IMPFP-3961' for more detail.
**WARN: (IMPFP-3961):	The techSite 'corner' has no related standard cells in LEF/OA library. Cannot make calculations for this site type unless standard cell models of this type exist in the LEF/OA library. If the SITE is not used by the library you can ignore this warning or remove the SITE definition from the LEF/OA to avoid this message.
Type 'man IMPFP-3961' for more detail.
Horizontal Layer M1 offset = 290 (derived)
Vertical Layer M2 offset = 290 (derived)
Generated pitch 0.29 in Metal8 is different from 0.87 defined in technology file in unpreferred direction.
**WARN: (IMPFP-325):	Floorplan of the design is resized. All current floorplan objects are automatically derived based on specified new floorplan. This may change blocks, fixed standard cells, existing routes and blockages.
<CMD> fit
<CMD> zoomBox 33.94500 -3.96650 101.07650 59.70350
<CMD> zoomBox 58.70450 -3.48950 99.93150 35.61150
<CMD> zoomBox 73.76300 -3.04250 99.08200 20.97100
<CMD> zoomBox 80.24650 -2.61400 98.54000 14.73600
<CMD> zoomBox 86.69600 -1.78050 97.93100 8.87500
<CMD> zoomBox 90.63950 -1.16150 97.53950 5.38250
<CMD> zoomBox 91.57900 -1.01300 97.44400 4.54950
<CMD> zoomBox 93.04800 -0.75500 97.28500 3.26350
<CMD> zoomBox 94.49650 -0.47800 97.09850 1.99000
<CMD> zoomBox 95.59400 -0.26500 96.95200 1.02300
<CMD> zoomBox 96.16600 -0.15450 96.87500 0.51800
<CMD> zoomBox 95.92550 -0.20150 96.90700 0.72950
<CMD> zoomBox 95.77250 -0.23150 96.92750 0.86400
<CMD> zoomBox 94.49350 -0.48000 97.09800 1.99000
<CMD> zoomBox 92.39000 -0.88850 97.37850 3.84300
<CMD> zoomBox 88.35950 -1.67100 97.91650 7.39300
<CMD> zoomBox 80.63900 -3.17100 98.94800 14.19400
<CMD> zoomBox 65.84950 -6.04250 100.92400 27.22350
<CMD> zoomBox 37.51700 -11.54400 104.71000 52.18400
<CMD> zoomBox -16.76000 -22.08300 111.96250 100.00200
<CMD> zoomBox -88.10850 -35.93550 121.49550 162.86000
<CMD> zoomBox -16.01600 17.14850 112.70750 139.23450
<CMD> zoomBox 38.37400 55.78800 105.56900 119.51800
<CMD> zoomBox 66.68100 75.67400 101.75850 108.94250
<CMD> zoomBox 81.31650 85.08500 99.62800 102.45250
<CMD> zoomBox 87.31500 88.52050 98.56100 99.18650
<CMD> zoomBox 92.58550 91.56100 97.57600 96.29400
<CMD> zoomBox 94.52000 92.77850 97.12550 95.24950
<CMD> zoomBox 95.51700 93.42450 96.87800 94.71550
<CMD> zoomBox 95.93750 93.69700 96.77350 94.49000
<CMD> zoomBox 95.32400 93.29950 96.92550 94.81850
<CMD> zoomBox 94.14900 92.53750 97.21700 95.44750
<CMD> zoomBox 91.89700 91.07800 97.77550 96.65350
<CMD> zoomBox 87.58500 88.28250 98.84600 98.96300
<CMD> zoomBox 79.32400 82.92700 100.89650 103.38700
<CMD> zoomBox 63.49850 72.66750 104.82550 111.86350
<CMD> zoomBox 21.99000 45.75850 115.13100 134.09650
<CMD> zoomBox -46.33450 1.46550 132.09450 170.69350
<CMD> zoomBox -136.14900 -56.75950 154.39300 218.80050
<CMD> zoomBox -74.25600 16.64300 77.40900 160.48750
<CMD> zoomBox -34.01400 58.94700 33.28150 122.77250
<CMD> zoomBox -18.67150 75.05950 16.45750 108.37700
<CMD> zoomBox -39.76150 52.91550 39.41200 128.00650
<CMD> zoomBox -74.60950 14.99650 77.06300 158.84800
<CMD> zoomBox -141.62250 -59.17800 148.93500 216.39700
<CMD> zoomBox -89.38350 -26.76100 89.05600 142.47700
<CMD> zoomBox -76.91250 -19.02200 74.76100 124.83050
<CMD> zoomBox -129.21500 -53.59750 117.76050 180.64250
<CMD> zoomBox -214.38000 -109.89800 187.77850 271.52300
<CMD> fit
<CMD> zoomBox -51.65500 -45.31600 126.34100 123.50150
<CMD> zoomBox -34.42450 -26.81350 74.88750 76.86200
<CMD> zoomBox -22.36700 -14.69550 44.76450 48.97450
<CMD> zoomBox -14.27900 -8.08750 26.94850 31.01400
<CMD> zoomBox -12.35450 -6.72100 22.68900 26.51550
<CMD> zoomBox -7.82250 -4.28050 13.69900 16.13100
<CMD> zoomBox -3.86350 -1.91300 7.37150 8.74250
<CMD> zoomBox -1.84600 -1.24100 4.01900 4.32150
<CMD> zoomBox -1.24400 -0.99000 2.99400 3.02950
<CMD> zoomBox -1.00900 -0.89150 2.59350 2.52500
<CMD> zoomBox -0.63900 -0.73700 1.96350 1.73150
<CMD> zoomBox -1.24500 -0.99050 2.99350 3.02950
<CMD> zoomBox -2.23100 -1.40250 4.67050 5.14300
<CMD> zoomBox -1.34300 -0.81950 2.89550 3.20050
<CMD> zoomBox -1.88600 -1.17650 3.98050 4.38750
<CMD> selectPhyPin -0.0700 0.0000 0.0700 0.5800 2 {light_sensor[0]}
<CMD> gui_select -rect {-0.02750 0.21700 0.17750 0.32500}
<CMD> deselectAll
<CMD> selectPhyPin -0.0700 0.0000 0.0700 0.5800 2 {light_sensor[0]}
<CMD> uiSetTool move
<CMD> editMove -dx 1.1125 -dy 0
<CMD> deselectAll
<CMD> selectPhyPin 0.0000 -0.0700 0.5800 0.0700 3 entry_sensor
<CMD> editMove -dx 0 -dy 0.7235
<CMD> zoomBox -2.29500 -1.79500 5.82500 5.90650
<CMD> zoomBox -3.21600 -3.19450 10.00650 9.34600
<CMD> zoomBox -4.13300 -4.58800 14.16800 12.76950
<CMD> zoomBox -5.40200 -6.51650 19.92800 17.50750
<CMD> zoomBox -7.15800 -9.18600 27.90100 24.06500
<CMD> zoomBox -9.58800 -12.88150 38.93650 33.14100
<CMD> zoomBox -5.86400 -7.36400 23.93600 20.89950
<CMD> zoomBox -2.69050 -2.90450 12.86550 11.84950
<CMD> zoomBox -1.35350 -1.02550 8.20050 8.03600
<CMD> uiSetTool ruler
<CMD> zoomBox -0.69500 -0.27250 5.17250 5.29250
<CMD> zoomBox -0.27450 0.11900 3.32950 3.53700
<CMD> zoomBox -0.01650 0.35650 2.19750 2.45650
<CMD> zoomBox -0.35750 0.08250 3.24800 3.50200
<CMD> zoomBox -0.51350 -0.04350 3.72850 3.98000
<CMD> zoomBox -0.69750 -0.19150 4.29400 4.54250
<CMD> zoomBox -0.91350 -0.36500 4.95900 5.20450
<CMD> zoomBox -1.16750 -0.56950 5.74150 5.98300
<CMD> zoomBox -1.89100 -2.74450 7.67200 6.32550
<CMD> zoomBox -2.89250 -5.73400 10.34350 6.81950
<CMD> zoomBox -2.35850 -3.99350 8.89200 6.67700
<CMD> zoomBox -3.52050 -7.73350 12.05100 7.03500
<CMD> zoomBox -2.89250 -5.55300 10.34350 7.00050
<CMD> zoomBox -2.35850 -3.69900 8.89200 6.97150
<CMD> zoomBox -1.19200 0.35400 5.71800 6.90750
<CMD> zoomBox -0.91350 1.32150 4.96000 6.89200
<CMD> zoomBox -0.67650 2.14400 4.31600 6.87900
<CMD> uiSetTool ruler
<CMD> zoomBox -0.35000 2.64800 2.71600 5.55600
<CMD> zoomBox -0.10150 3.03100 1.49900 4.54900
<CMD> zoomBox -0.33200 2.76700 2.27550 5.24000
<CMD> zoomBox -0.87750 2.14250 4.11750 6.88000
<CMD> zoomBox -1.59450 1.32200 6.53900 9.03600
<CMD> zoomBox -2.76150 -0.01450 10.48250 12.54650
<CMD> zoomBox -4.66200 -2.19050 16.90350 18.26300

--------------------------------------------------------------------------------
Exiting Innovus on Fri Nov 14 01:02:55 2025
  Total CPU time:     0:01:11
  Total real time:    0:03:14
  Peak memory (main): 842.62MB


*** Memory Usage v#1 (Current mem = 1223.277M, initial mem = 273.969M) ***
*** Message Summary: 998 warning(s), 0 error(s)

--- Ending "Innovus" (totcpu=0:01:07, real=0:03:04, mem=1223.3M) ---
