###############################################################
#  Generated by:      Cadence Tempus 20.10-p003_1
#  OS:                Linux x86_64(Host ID edatools-server2.iiitd.edu.in)
#  Generated on:      Tue Oct 28 19:04:04 2025
#  Design:            HA
#  Command:           report_timing > $report_dir/timing_report.rpt
###############################################################
Path 1: MET Setup Check with Pin u_visitor/count_reg[2]/CK 
Endpoint:   u_visitor/count_reg[2]/D (^) checked with  leading edge of 'clk'
Beginpoint: u_visitor/count_reg[0]/Q (^) triggered by  leading edge of 'clk'
Path Groups: {clk}
Other End Arrival Time          0.000
- Setup                         0.234
+ Phase Shift                   5.000
- Uncertainty                   0.100
= Required Time                 4.666
- Arrival Time                  2.548
= Slack Time                    2.117
     Clock Rise Edge                 0.000
     + Clock Network Latency (Ideal) 0.000
     = Beginpoint Arrival Time       0.000
      ------------------------------------------------------------------------
      Instance                Arc          Cell       Delay  Arrival  Required  
                                                             Time     Time  
      ------------------------------------------------------------------------
      u_visitor/count_reg[0]  CK ^         -          -      0.000    2.117  
      u_visitor/count_reg[0]  CK ^ -> Q ^  SDFFRHQX1  0.391  0.391    2.509  
      u_visitor/g849          A ^ -> Y v   NAND2XL    0.180  0.571    2.688  
      u_visitor/g866          B v -> Y ^   NOR2BX1    0.152  0.723    2.840  
      u_visitor/g841          B ^ -> Y v   NAND2XL    0.158  0.881    2.998  
      u_visitor/g2            B v -> Y ^   NOR2BX1    0.143  1.024    3.141  
      u_visitor/g835          B ^ -> Y v   NAND2XL    0.139  1.162    3.280  
      u_visitor/g831          B v -> Y ^   NOR2XL     0.157  1.320    3.437  
      u_visitor/g829          A1 ^ -> Y v  AOI211X1   0.320  1.640    3.757  
      u_visitor/g823          B v -> Y ^   NOR2XL     0.408  2.048    4.165  
      u_visitor/g821          A ^ -> Y v   CLKINVX1   0.149  2.197    4.315  
      u_visitor/g818          A0 v -> Y ^  OAI211XL   0.143  2.340    4.458  
      u_visitor/g805          C0 ^ -> Y v  AOI222XL   0.122  2.462    4.579  
      u_visitor/g802          A v -> Y ^   INVX1      0.086  2.548    4.666  
      u_visitor/count_reg[2]  D ^          SDFFRHQX1  0.000  2.548    4.666  
      ------------------------------------------------------------------------

