###############################################################
#  Generated by:      Cadence Innovus 20.10-p004_1
#  OS:                Linux x86_64(Host ID edatools-server2.iiitd.edu.in)
#  Generated on:      Fri May 29 17:21:27 2026
#  Design:            HA
#  Command:           report_timing > $report_dir/timing_report.rpt
###############################################################
Path 1: MET Setup Check with Pin u_visitor/count_reg[4]/CK 
Endpoint:   u_visitor/count_reg[4]/D (^) checked with  leading edge of 'clk'
Beginpoint: u_visitor/count_reg[3]/Q (^) triggered by  leading edge of 'clk'
Path Groups: {clk}
Analysis View: view1
Other End Arrival Time          0.000
- Setup                         0.302
+ Phase Shift                   1.800
= Required Time                 1.498
- Arrival Time                  1.369
= Slack Time                    0.129
     Clock Rise Edge                 0.000
     + Clock Network Latency (Ideal) 0.000
     = Beginpoint Arrival Time       0.000
     +-------------------------------------------------------------------------------+ 
     |        Instance        |     Arc     |   Cell    | Delay | Arrival | Required | 
     |                        |             |           |       |  Time   |   Time   | 
     |------------------------+-------------+-----------+-------+---------+----------| 
     | u_visitor/count_reg[3] | CK ^        |           |       |   0.000 |    0.129 | 
     | u_visitor/count_reg[3] | CK ^ -> Q ^ | SDFFRHQX2 | 0.405 |   0.405 |    0.534 | 
     | u_visitor/g1098        | A ^ -> Y v  | NAND2XL   | 0.093 |   0.498 |    0.627 | 
     | u_visitor/g1085        | A v -> Y ^  | NOR3X1    | 0.115 |   0.613 |    0.742 | 
     | u_visitor/g1082        | B ^ -> Y v  | NAND2XL   | 0.095 |   0.708 |    0.838 | 
     | u_visitor/g1080        | C v -> Y ^  | NAND3BX1  | 0.141 |   0.849 |    0.979 | 
     | u_visitor/g1078        | A ^ -> Y v  | CLKINVX1  | 0.092 |   0.941 |    1.071 | 
     | u_visitor/g1075        | B v -> Y ^  | NOR2X1    | 0.166 |   1.107 |    1.237 | 
     | u_visitor/g1073        | A ^ -> Y v  | CLKINVX1  | 0.097 |   1.205 |    1.334 | 
     | u_visitor/g1054        | B1 v -> Y ^ | OAI222XL  | 0.164 |   1.369 |    1.498 | 
     | u_visitor/count_reg[4] | D ^         | SDFFRHQX2 | 0.000 |   1.369 |    1.498 | 
     +-------------------------------------------------------------------------------+ 

