Hinst Name           Module Name            Inst Count           Total Area               Buffer             Inverter        Combinational                 Flop                Latch           Clock Gate                Macro             Physical
------------------------------------------------------------------------------------------------------------------------------------------------------------------------------------------------------------------------------------------------------------
HA                                                 469             6264.104              110.507              168.032             1243.587             4741.979                0.000                0.000                0.000                0.000
 u_appliances        appliances_controller           3               74.933                0.000                0.000                0.000               74.933                0.000                0.000                0.000                0.000
 u_burglar           burglar_alarm                  49              436.731                0.000               11.354              175.601              249.777                0.000                0.000                0.000                0.000
 u_door_lock         door_lock_controller           73              648.663                0.000               20.436              228.584              399.643                0.000                0.000                0.000                0.000
 u_entertainment     entertainment_system           11              187.711                0.000                0.000               33.304              154.408                0.000                0.000                0.000                0.000
 u_humidity          humidity_controller             8               74.933                0.000                2.271               22.707               49.955                0.000                0.000                0.000                0.000
 u_lum_ctrl          luminosity_controller          16              217.987                0.000               18.166                0.000              199.822                0.000                0.000                0.000                0.000
 u_temp_ctrl         temperature_controller        100              567.675                0.000               56.011              457.168               54.497                0.000                0.000                0.000                0.000
 u_visitor           visitor_counter                63              544.968                4.541               21.193              245.236              273.998                0.000                0.000                0.000                0.000
 u_water_ctrl        water_level_controller          6               69.635                0.000                0.000               19.679               49.955                0.000                0.000                0.000                0.000
 u_window            window_treatment               15              113.535                0.000                2.271               61.309               49.955                0.000                0.000                0.000                0.000
