*----------------------------------------------------------------------------------------
*	Innovus 20.10-p004_1 (64bit) 05/07/2020 20:02 (Linux 2.6.32-431.11.2.el6.x86_64)
*	
*
* 	Date & Time:	2025-Nov-19 00:16:51 (2025-Nov-18 18:46:51 GMT)
*
*----------------------------------------------------------------------------------------
*
*	Design: HA
*
*	Liberty Libraries used: 
*	        view1: /home/drashi25114/Desktop/cmos65/90nm/Physical_design/routing/routing_0.8/slow.lib
*
*	Power Domain used: 
*              Rail:        VDD      Voltage:        0.9 
*
*       Power View : view1
*
*       User-Defined Activity : N.A.
*
*       Activity File: N.A.
*
*       Hierarchical Global Activity: N.A.
*
*       Global Activity: N.A.
*
*       Sequential Element Activity: 0.200000
*
*       Primary Input Activity: 0.200000
*
*       Default icg ratio: N.A.
*
*       Global Comb ClockGate Ratio: N.A.
*
*	Power Units = 1mW
*
*	Time Units = 1e-09 secs 
*
*       Temperature = 125 
*
*       report_power -outfile post_route_reports/routeafteranalysis.rpt -rail_analysis_format VS
*
-----------------------------------------------------------------------------------------
Cell                            Internal   Switching       Total     Leakage   Cell
                                   Power       Power       Power       Power   Name
--------------------------------------------------------------------------------------
CTS_ccl_a_buf_00004              0.07978     0.09141      0.1714   0.0001864  CLKBUFX16
CTS_ccl_a_buf_00006              0.07976     0.08822      0.1682   0.0001864  CLKBUFX16
FE_OFC5_scan_en                 0.001583     0.01856     0.02022   7.504e-05  CLKBUFX4
u_visitor/count_reg[5]           0.01685    0.001411     0.01848   0.0002171  SDFFRHQX4
u_visitor/count_reg[0]           0.01693    0.001131     0.01828   0.0002171  SDFFRHQX4
u_visitor/count_reg[1]           0.01698   0.0009866     0.01819   0.0002171  SDFFRHQX4
temp_setpoint_r_reg[4]           0.01632    0.001569      0.0181   0.0002171  SDFFRHQX4
temp_setpoint_r_reg[1]           0.01632    0.001309     0.01785   0.0002171  SDFFRHQX4
window_auto_mode_r_reg           0.01664   0.0009805     0.01784   0.0002171  SDFFRHQX4
temp_sensor_r_reg[5]             0.01664   0.0009559     0.01782   0.0002171  SDFFRHQX4
temp_setpoint_r_reg[5]           0.01632    0.001272     0.01781   0.0002171  SDFFRHQX4
humidity_sensor_r_reg[1]         0.01665   0.0009454     0.01781   0.0002171  SDFFRHQX4
temp_sensor_r_reg[2]             0.01664   0.0009083     0.01777   0.0002171  SDFFRHQX4
volume_cmd_r_reg[2]              0.01664   0.0008746     0.01774   0.0002171  SDFFRHQX4
temp_sensor_r_reg[3]             0.01665    0.000837      0.0177   0.0002171  SDFFRHQX4
volume_cmd_r_reg[3]              0.01665   0.0008246     0.01769   0.0002171  SDFFRHQX4
entry_sensor_r_reg               0.01665   0.0007996     0.01767   0.0002171  SDFFRHQX4
volume_cmd_r_reg[1]              0.01665   0.0007909     0.01766   0.0002171  SDFFRHQX4
temp_setpoint_r_reg[3]           0.01633    0.001074     0.01762   0.0002171  SDFFRHQX4
volume_cmd_r_reg[0]              0.01665   0.0007477     0.01762   0.0002171  SDFFRHQX4
light_sensor_r_reg[6]            0.01666   0.0007341     0.01761   0.0002171  SDFFRHQX4
light_sensor_r_reg[2]            0.01669   0.0006988      0.0176   0.0002171  SDFFRHQX4
temp_setpoint_r_reg[2]           0.01633    0.001052      0.0176   0.0002171  SDFFRHQX4
light_sensor_r_reg[1]            0.01669   0.0006727     0.01758   0.0002171  SDFFRHQX4
light_sensor_r_reg[3]            0.01669   0.0006511     0.01756   0.0002171  SDFFRHQX4
temp_setpoint_r_reg[0]           0.01669    0.000651     0.01755   0.0002171  SDFFRHQX4
exit_sensor_r_reg                0.01666   0.0006725     0.01755   0.0002171  SDFFRHQX4
light_sensor_r_reg[5]            0.01666   0.0006724     0.01755   0.0002171  SDFFRHQX4
light_sensor_r_reg[7]            0.01666   0.0006712     0.01755   0.0002171  SDFFRHQX4
light_sensor_r_reg[4]            0.01666   0.0006521     0.01753   0.0002171  SDFFRHQX4
humidity_sensor_r_reg[7]         0.01666   0.0006507     0.01753   0.0002171  SDFFRHQX4
temp_sensor_r_reg[4]             0.01666   0.0006492     0.01752   0.0002171  SDFFRHQX4
light_sensor_r_reg[0]             0.0167   0.0005019     0.01742   0.0002171  SDFFRHQX4
tv_on_cmd_r_reg                  0.01666    0.000537     0.01742   0.0002171  SDFFRHQX4
humidity_sensor_r_reg[3]         0.01667   0.0005262     0.01741   0.0002171  SDFFRHQX4
temp_setpoint_r_reg[6]           0.01633   0.0008444      0.0174   0.0002171  SDFFRHQX4
music_on_cmd_r_reg               0.01667   0.0005128      0.0174   0.0002171  SDFFRHQX4
temp_sensor_r_reg[0]             0.01667   0.0004971     0.01738   0.0002171  SDFFRHQX4
humidity_sensor_r_reg[5]         0.01667   0.0004865     0.01737   0.0002171  SDFFRHQX4
window_manual_open_r_reg         0.01667   0.0004693     0.01735   0.0002171  SDFFRHQX4
door_lock_cmd_r_reg              0.01667   0.0004591     0.01735   0.0002171  SDFFRHQX4
door_unlock_cmd_r_reg            0.01667   0.0004503     0.01734   0.0002171  SDFFRHQX4
temp_sensor_r_reg[6]             0.01633   0.0007866     0.01734   0.0002171  SDFFRHQX4
window_manual_close_r_reg        0.01667   0.0004485     0.01733   0.0002171  SDFFRHQX4
ac_cmd_r_reg                     0.01671   0.0004101     0.01733   0.0002171  SDFFRHQX4
pin_input_r_reg[2]               0.01671   0.0003955     0.01732   0.0002171  SDFFRHQX4
temp_sensor_r_reg[7]             0.01634   0.0007507     0.01731   0.0002171  SDFFRHQX4
fan_cmd_r_reg                    0.01671   0.0003745      0.0173   0.0002171  SDFFRHQX4
door_sensor_r_reg                0.01667   0.0004075      0.0173   0.0002171  SDFFRHQX4
temp_sensor_r_reg[1]             0.01667   0.0003776     0.01727   0.0002171  SDFFRHQX4
light_cmd_r_reg                  0.01668   0.0003651     0.01726   0.0002171  SDFFRHQX4
pin_input_r_reg[0]               0.01672   0.0003271     0.01726   0.0002171  SDFFRHQX4
alarm_arm_r_reg                  0.01668   0.0003588     0.01726   0.0002171  SDFFRHQX4
temp_setpoint_r_reg[7]           0.01635   0.0006765     0.01724   0.0002171  SDFFRHQX4
window_sensor_r_reg              0.01668   0.0003362     0.01723   0.0002171  SDFFRHQX4
humidity_sensor_r_reg[0]         0.01669   0.0003155     0.01723   0.0002171  SDFFRHQX4
humidity_sensor_r_reg[2]         0.01669   0.0003212     0.01723   0.0002171  SDFFRHQX4
motion_sensor_r_reg              0.01668   0.0003206     0.01722   0.0002171  SDFFRHQX4
pin_input_r_reg[1]               0.01673    0.000264     0.01721   0.0002171  SDFFRHQX4
humidity_sensor_r_reg[4]         0.01669   0.0002847     0.01719   0.0002171  SDFFRHQX4
humidity_sensor_r_reg[6]         0.01669   0.0002645     0.01717   0.0002171  SDFFRHQX4
pin_input_r_reg[3]               0.01675   0.0002012     0.01717   0.0002171  SDFFRHQX4
water_level_r_reg[2]             0.01636    0.000454     0.01703   0.0002171  SDFFRHQX4
water_level_r_reg[3]             0.01636   0.0004528     0.01703   0.0002171  SDFFRHQX4
water_level_r_reg[0]             0.01637   0.0003608     0.01695   0.0002171  SDFFRHQX4
water_level_r_reg[1]             0.01638   0.0003069      0.0169   0.0002171  SDFFRHQX4
FE_OFC4_rst_n                   0.001214     0.01553     0.01681   6.202e-05  BUFX3
u_visitor/count_reg[3]           0.01447    0.001218     0.01587   0.0001737  SDFFRHQX2
u_visitor/count_reg[4]           0.01412   0.0009296     0.01522   0.0001737  SDFFRHQX2
u_visitor/count_reg[2]           0.01411   0.0008935     0.01518   0.0001737  SDFFRHQX2
u_door_lock/state_reg[1]         0.01363    0.001376     0.01516   0.0001526  SDFFRHQX1
u_door_lock/state_reg[0]         0.01354    0.001201      0.0149   0.0001526  SDFFRHQX1
u_window/window_state_reg[0]     0.01388   0.0007822     0.01481   0.0001526  SDFFRHQX1
u_window/window_state_reg[1]     0.01381   0.0008233     0.01478   0.0001526  SDFFRHQX1
u_door_lock/attempt_counter_reg[0]    0.01381   0.0007235     0.01469   0.0001526  SDFFRHQX1
u_visitor/count_reg[7]           0.01358   0.0008507     0.01461   0.0001737  SDFFRHQX2
u_burglar/delay_counter_reg[4]    0.01356    0.000756     0.01447   0.0001526  SDFFRHQX1
u_burglar/delay_counter_reg[3]    0.01354    0.000692     0.01439   0.0001526  SDFFRHQX1
u_door_lock/attempt_counter_reg[1]    0.01348   0.0007576     0.01439   0.0001526  SDFFRHQX1
u_burglar/delay_counter_reg[1]    0.01354    0.000685     0.01438   0.0001526  SDFFRHQX1
u_entertainment/volume_level_reg[2]    0.01348   0.0007304     0.01435   0.0001436  SDFFSHQX1
u_burglar/delay_counter_reg[2]    0.01354   0.0006507     0.01434   0.0001526  SDFFRHQX1
u_entertainment/volume_level_reg[0]    0.01348   0.0006687     0.01429   0.0001436  SDFFSHQX1
u_burglar/delay_counter_reg[7]    0.01351   0.0005894     0.01425   0.0001526  SDFFRHQX1
u_burglar/alarm_out_reg          0.01349   0.0006025     0.01424   0.0001526  SDFFRHQX1
u_burglar/delay_counter_reg[0]    0.01346   0.0006215     0.01423   0.0001526  SDFFRHQX1
u_door_lock/attempt_counter_reg[2]    0.01348   0.0005136     0.01414   0.0001526  SDFFRHQX1
u_burglar/delay_counter_reg[6]    0.01318   0.0007722      0.0141   0.0001526  SDFFRHQX1
u_burglar/delay_counter_reg[5]    0.01323   0.0007058     0.01409   0.0001526  SDFFRHQX1
u_water_ctrl/pump_on_reg         0.01346   0.0004369     0.01405   0.0001526  SDFFRHQX1
u_lum_ctrl/led_brightness_reg[6]    0.01331   0.0005859     0.01405   0.0001526  SDFFRHQX1
u_burglar/delay_counter_reg[8]    0.01349   0.0003901     0.01404   0.0001526  SDFFRHQX1
u_door_lock/timeout_counter_reg[1]    0.01305   0.0007885     0.01399   0.0001526  SDFFRHQX1
u_door_lock/timeout_counter_reg[5]    0.01303   0.0007877     0.01397   0.0001526  SDFFRHQX1
u_lum_ctrl/led_brightness_reg[0]    0.01331   0.0004936     0.01396   0.0001526  SDFFRHQX1
u_door_lock/timeout_counter_reg[6]    0.01303   0.0007545     0.01393   0.0001526  SDFFRHQX1
u_lum_ctrl/led_brightness_reg[5]    0.01331   0.0004254     0.01389   0.0001526  SDFFRHQX1
u_entertainment/volume_level_reg[1]    0.01318   0.0005485     0.01388   0.0001526  SDFFRHQX1
u_water_ctrl/valve_close_reg     0.01333   0.0003767     0.01386   0.0001526  SDFFRHQX1
u_lum_ctrl/led_brightness_reg[4]    0.01331   0.0003993     0.01386   0.0001526  SDFFRHQX1
u_lum_ctrl/led_brightness_reg[2]    0.01331   0.0003805     0.01385   0.0001526  SDFFRHQX1
u_door_lock/timeout_counter_reg[4]    0.01303   0.0006469     0.01383   0.0001526  SDFFRHQX1
u_visitor/count_reg[6]           0.01342   0.0002555     0.01383   0.0001526  SDFFRHQX1
u_lum_ctrl/led_brightness_reg[1]    0.01331   0.0003412     0.01381   0.0001526  SDFFRHQX1
u_door_lock/timeout_counter_reg[7]      0.013   0.0006413     0.01379   0.0001526  SDFFRHQX1
u_entertainment/volume_level_reg[3]    0.01318   0.0004511     0.01379   0.0001526  SDFFRHQX1
u_door_lock/timeout_counter_reg[3]      0.013   0.0006232     0.01378   0.0001526  SDFFRHQX1
u_door_lock/timeout_counter_reg[2]    0.01299   0.0006261     0.01377   0.0001526  SDFFRHQX1
u_appliances/lights_on_reg        0.0133   0.0003092     0.01376   0.0001526  SDFFRHQX1
led_brightness_r_reg[0]          0.01331   0.0002967     0.01376   0.0001526  SDFFRHQX1
u_humidity/dehumidifier_on_reg    0.01328   0.0003258     0.01376   0.0001526  SDFFRHQX1
u_appliances/fan_on_reg          0.01331   0.0002868     0.01375   0.0001526  SDFFRHQX1
u_appliances/ac_on_reg           0.01331   0.0002667     0.01373   0.0001526  SDFFRHQX1
u_door_lock/timeout_counter_reg[0]    0.01297   0.0006055     0.01373   0.0001526  SDFFRHQX1
u_lum_ctrl/led_brightness_reg[7]    0.01297   0.0005504     0.01367   0.0001526  SDFFRHQX1
window_state_r_reg[0]            0.01297   0.0005276     0.01365   0.0001526  SDFFRHQX1
window_state_r_reg[1]            0.01296   0.0004879      0.0136   0.0001526  SDFFRHQX1
u_humidity/humidifier_on_reg     0.01293   0.0005067     0.01359   0.0001526  SDFFRHQX1
u_door_lock/lock_status_reg[1]    0.01298   0.0004246     0.01356   0.0001526  SDFFRHQX1
water_valve_close_r_reg          0.01296   0.0004185     0.01353   0.0001526  SDFFRHQX1
u_entertainment/tv_on_reg        0.01296   0.0004098     0.01352   0.0001526  SDFFRHQX1
u_lum_ctrl/led_brightness_reg[3]    0.01297   0.0003965     0.01351   0.0001526  SDFFRHQX1
u_visitor/exit_prev_reg          0.01296   0.0003893      0.0135   0.0001526  SDFFRHQX1
humidifier_on_r_reg              0.01297   0.0003788      0.0135   0.0001526  SDFFRHQX1
u_door_lock/lock_status_reg[0]    0.01298   0.0003528     0.01348   0.0001526  SDFFRHQX1
dehumidifier_on_r_reg            0.01296   0.0003625     0.01347   0.0001526  SDFFRHQX1
tv_on_r_reg                      0.01296   0.0003531     0.01346   0.0001526  SDFFRHQX1
visitor_count_r_reg[3]           0.01303   0.0002764     0.01346   0.0001526  SDFFRHQX1
u_entertainment/music_on_reg     0.01296    0.000348     0.01346   0.0001526  SDFFRHQX1
music_on_r_reg                   0.01296   0.0003374     0.01345   0.0001526  SDFFRHQX1
led_brightness_r_reg[7]          0.01303   0.0002616     0.01344   0.0001526  SDFFRHQX1
led_brightness_r_reg[2]          0.01303   0.0002518     0.01343   0.0001526  SDFFRHQX1
led_brightness_r_reg[4]          0.01303   0.0002479     0.01343   0.0001526  SDFFRHQX1
visitor_count_r_reg[0]           0.01303   0.0002408     0.01342   0.0001526  SDFFRHQX1
visitor_count_r_reg[2]           0.01303   0.0002368     0.01342   0.0001526  SDFFRHQX1
led_brightness_r_reg[6]          0.01303   0.0002333     0.01342   0.0001526  SDFFRHQX1
led_brightness_r_reg[5]          0.01303   0.0002178      0.0134   0.0001526  SDFFRHQX1
visitor_count_r_reg[7]           0.01296   0.0002812      0.0134   0.0001526  SDFFRHQX1
led_brightness_r_reg[3]          0.01303   0.0002148     0.01339   0.0001526  SDFFRHQX1
led_brightness_r_reg[1]          0.01303   0.0002116     0.01339   0.0001526  SDFFRHQX1
u_visitor/entry_prev_reg         0.01297   0.0002711     0.01339   0.0001526  SDFFRHQX1
volume_level_r_reg[0]            0.01296   0.0002717     0.01339   0.0001526  SDFFRHQX1
lock_status_r_reg[0]             0.01296   0.0002738     0.01338   0.0001526  SDFFRHQX1
volume_level_r_reg[2]            0.01296   0.0002652     0.01338   0.0001526  SDFFRHQX1
visitor_count_r_reg[5]           0.01296   0.0002418     0.01336   0.0001526  SDFFRHQX1
volume_level_r_reg[1]            0.01296   0.0002348     0.01335   0.0001526  SDFFRHQX1
visitor_count_r_reg[6]           0.01297   0.0002299     0.01335   0.0001526  SDFFRHQX1
visitor_count_r_reg[1]           0.01296   0.0002201     0.01333   0.0001526  SDFFRHQX1
volume_level_r_reg[3]            0.01296   0.0002197     0.01333   0.0001526  SDFFRHQX1
lock_status_r_reg[1]             0.01296   0.0001959     0.01331   0.0001526  SDFFRHQX1
visitor_count_r_reg[4]           0.01297   0.0001879     0.01331   0.0001526  SDFFRHQX1
u_door_lock/door_locked_reg      0.01296   0.0001838      0.0133   0.0001526  SDFFRHQX1
u_temp_ctrl/cooler_on_reg        0.01257   0.0005697     0.01329   0.0001524  SDFFRXL
lights_on_r_reg                  0.01191     0.00116     0.01324   0.0001667  SDFFRX1
fan_on_r_reg                     0.01193    0.001047     0.01314   0.0001667  SDFFRX1
ac_on_r_reg                      0.01193   0.0009572     0.01305   0.0001667  SDFFRX1
u_temp_ctrl/heater_on_reg        0.01226   0.0005449     0.01295   0.0001524  SDFFRXL
cooler_on_r_reg                  0.01192    0.000804      0.0129   0.0001667  SDFFRX1
heater_on_r_reg                  0.01163   0.0008583     0.01266   0.0001667  SDFFRX1
door_locked_r_reg                0.01162   0.0007852     0.01257   0.0001667  SDFFRX1
water_pump_on_r_reg              0.01162   0.0007338     0.01252   0.0001667  SDFFRX1
burglar_alarm_out_r_reg          0.01163   0.0006959     0.01249   0.0001667  SDFFRX1
FE_OFC3_rst_n                  0.0007971    0.009852     0.01069   4.129e-05  BUFX2
FE_OFC6_scan_en                0.0009858    0.002858    0.003885   4.129e-05  BUFX2
u_temp_ctrl/g1707               0.001868   0.0008174    0.002846   0.0001614  CLKAND2X6
u_temp_ctrl/g1740               0.001647    0.001046    0.002732   3.838e-05  NOR2BX2
u_temp_ctrl/g1636               0.001382    0.001187    0.002598   2.802e-05  NAND2X2
u_temp_ctrl/g1633                0.00166   0.0008134    0.002503   3.011e-05  NAND3X2
u_temp_ctrl/FE_RC_11_0          0.001296    0.001159    0.002485   3.011e-05  NAND3X2
u_visitor/g1075                 0.001513    0.000884    0.002433   3.607e-05  NOR2X2
u_temp_ctrl/g1643               0.001898   0.0003834    0.002302   1.995e-05  AOI211X1
u_temp_ctrl/g1695               0.001721   0.0004607    0.002219   3.753e-05  AOI2BB1X2
u_door_lock/g2264              0.0005736    0.001485    0.002071   1.299e-05  OAI21X1
u_visitor/g1080                0.0007571    0.001197    0.002007    5.32e-05  NAND3BX2
u_burglar/g706                  0.000365     0.00157    0.001948   1.301e-05  CLKINVX1
u_temp_ctrl/FE_RC_8_0           0.001315   0.0005742    0.001925   3.595e-05  AOI2BB2X1
u_temp_ctrl/g1718               0.001068   0.0007625    0.001887   5.601e-05  NAND2X4
u_visitor/g1101                 0.001169   0.0005065    0.001712   3.607e-05  NOR2X2
u_temp_ctrl/FE_RC_0_0           0.001187   0.0004445    0.001668   3.634e-05  AOI22X2
u_temp_ctrl/g1631               0.001218   0.0004037    0.001635   1.299e-05  OAI21X1
u_temp_ctrl/g1641               0.001084   0.0004873    0.001589   1.815e-05  AOI21X1
u_temp_ctrl/g1710               0.001168   0.0003691    0.001573   3.607e-05  NOR2X2
u_burglar/g2                   0.0007974   0.0006565    0.001474   2.004e-05  NOR2BX1
u_temp_ctrl/g1653               0.001124   0.0002962    0.001439   1.816e-05  NOR2X1
u_temp_ctrl/g1630                0.00106    0.000335    0.001408   1.299e-05  OAI21X1
u_visitor/g1073                0.0006599   0.0007009    0.001387   2.599e-05  CLKINVX2
u_door_lock/g2271               0.001091   0.0002617    0.001371   1.787e-05  OAI32X1
u_temp_ctrl/g1654                0.00113   0.0002203    0.001368   1.787e-05  OAI32X1
u_temp_ctrl/g1644              0.0008233   0.0004964    0.001338   1.815e-05  AOI21X1
u_water_ctrl/g81                0.000877   0.0004305    0.001327   1.995e-05  AOI211X1
u_temp_ctrl/g1738              0.0008239   0.0004284    0.001325   7.254e-05  CLKXOR2X1
u_visitor/FE_OFC1_visitor_count_int_6  0.0005027   0.0007794    0.001308   2.599e-05  INVX2
u_temp_ctrl/g1664              0.0007164   0.0005706    0.001305   1.815e-05  AOI21X1
u_visitor/g1090                0.0008658   0.0003874    0.001289   3.607e-05  NOR2X2
u_visitor/g1084                0.0008392    0.000425    0.001284   1.995e-05  AOI211X1
u_door_lock/g2286              0.0008577   0.0003942    0.001283   3.144e-05  AOI2BB1X1
u_temp_ctrl/g1642              0.0008177   0.0004411    0.001277   1.815e-05  AOI21X1
u_humidity/g202                0.0004346   0.0008256    0.001272    1.22e-05  AOI21XL
u_temp_ctrl/g1640              0.0008193   0.0004301    0.001267   1.789e-05  AOI31X1
u_visitor/g1100                0.0005331   0.0006733    0.001234   2.802e-05  NAND2X2
u_temp_ctrl/g1663              0.0007371   0.0004698    0.001225   1.815e-05  AOI21X1
u_temp_ctrl/g1691               0.000738   0.0004629    0.001219   1.815e-05  AOI21X1
u_temp_ctrl/g1743              0.0008036    0.000396    0.001213   1.299e-05  OAI21X1
u_visitor/g1078                0.0005749   0.0006098    0.001211   2.599e-05  CLKINVX2
u_door_lock/g2254              0.0009568   0.0002358     0.00121   1.791e-05  OAI22X1
u_water_ctrl/g79               0.0006964   0.0004782    0.001193   1.815e-05  AOI21X1
u_visitor/g1103                0.0005099   0.0006464    0.001182   2.599e-05  CLKINVX2
u_water_ctrl/g2                0.0008857   0.0002326    0.001172   5.418e-05  MX2X1
u_window/g360                   0.000851   0.0002562     0.00115   4.309e-05  AO22X1
u_visitor/g1072                0.0002824   0.0008161    0.001113   1.403e-05  NAND2X1
u_temp_ctrl/g1689               0.000535   0.0005599    0.001108   1.299e-05  OAI21X1
u_burglar/g3                   0.0008544    0.000162    0.001089   7.254e-05  CLKXOR2X1
u_door_lock/g2276              0.0006584   0.0004123    0.001089   1.789e-05  AOI31X1
u_entertainment/g48            0.0006871    0.000376    0.001084   2.093e-05  NOR4X1
u_temp_ctrl/g1684              0.0006712   0.0003708     0.00106   1.815e-05  AOI21X1
u_temp_ctrl/g1674               0.000807   0.0002326    0.001058   1.851e-05  AOI32X1
u_window/g366                  0.0006534    0.000378    0.001049   1.789e-05  AOI31X1
u_door_lock/g2253              0.0007778   0.0002252    0.001046   4.264e-05  AO21X1
u_humidity/g203                0.0004604   0.0005461    0.001025   1.815e-05  AOI21X1
u_temp_ctrl/g1635               0.000671   0.0003226    0.001007   1.301e-05  INVX1
u_temp_ctrl/g1662              0.0007448   0.0002469    0.001005   1.314e-05  OAI221X1
u_temp_ctrl/g1714              0.0005058   0.0004717    0.001004   2.599e-05  CLKINVX2
u_temp_ctrl/g1744              0.0006348      0.0003   0.0009978   6.308e-05  XNOR2XL
u_temp_ctrl/g1632              0.0006522   0.0003314   0.0009977   1.403e-05  NAND2X1
u_visitor/g1062                0.0006425    0.000331   0.0009857   1.224e-05  OAI222XL
u_door_lock/g2280              0.0005632   0.0003951   0.0009795   2.127e-05  OAI2BB1X1
u_entertainment/g46            0.0006955   0.0002279   0.0009776   5.418e-05  MX2X1
u_window/g371                  0.0007271   0.0002204   0.0009678   2.034e-05  NOR3X1
u_visitor/g1059                0.0005879   0.0003656   0.0009676    1.41e-05  OAI211X1
u_burglar/g711                 0.0005587   0.0003881   0.0009608   1.402e-05  OAI31X1
u_temp_ctrl/g1637              0.0004629   0.0004836   0.0009606   1.403e-05  NAND2X1
u_door_lock/g2266              0.0007909   0.0001478   0.0009571   1.851e-05  AOI32X1
u_temp_ctrl/g1711              0.0005861   0.0003454   0.0009497   1.816e-05  NOR2X1
u_visitor/FE_OFC2_visitor_count_int_6  0.0002623   0.0006743   0.0009496   1.301e-05  CLKINVX1
u_door_lock/g2299              0.0002878   0.0006478   0.0009486   1.301e-05  CLKINVX1
u_temp_ctrl/g1680              0.0006958   0.0002317   0.0009454   1.789e-05  AOI31X1
u_temp_ctrl/FE_RC_21_0         0.0007272    0.000195   0.0009425   2.034e-05  NOR3X1
u_temp_ctrl/g1668              0.0007189   0.0002011   0.0009401   2.004e-05  NOR2BX1
u_entertainment/g47            0.0006971   0.0001868    0.000938   5.418e-05  MX2X1
u_entertainment/g45            0.0006973   0.0001836   0.0009351   5.418e-05  MX2X1
u_temp_ctrl/g1675              0.0006224   0.0002936   0.0009342   1.816e-05  NOR2X1
u_entertainment/g44            0.0006973    0.000182   0.0009335   5.418e-05  MX2X1
u_temp_ctrl/g1650              0.0005781   0.0003376   0.0009287   1.299e-05  OAI21X1
u_burglar/g698                 0.0007381   0.0001698   0.0009261   1.815e-05  AOI21X1
u_visitor/g1054                0.0006404   0.0002643   0.0009169   1.224e-05  OAI222XL
u_temp_ctrl/g1703              0.0003781   0.0005082   0.0009123   2.599e-05  CLKINVX2
u_window/g363                  0.0006728   0.0002262    0.000912   1.299e-05  OAI21X1
u_burglar/g681                 0.0006876   0.0002055    0.000911   1.791e-05  OAI22X1
u_temp_ctrl/g1724              0.0005055   0.0003774   0.0009089   2.599e-05  CLKINVX2
u_window/g367                    0.00078    0.000107   0.0009069   1.995e-05  AOI211X1
u_visitor/g1074                0.0007167   0.0001708   0.0009057   1.815e-05  AOI21X1
u_burglar/g691                 0.0006876   0.0001921   0.0008976   1.791e-05  OAI22X1
u_temp_ctrl/g1671              0.0006037   0.0002791   0.0008958   1.299e-05  OAI21X1
u_burglar/g699                 0.0006716   0.0001805   0.0008951   4.309e-05  AO22X1
u_visitor/g1063                0.0006418   0.0002345   0.0008885   1.224e-05  OAI222XL
u_visitor/g1110                0.0004527   0.0003997   0.0008874   3.499e-05  NAND2BX1
u_visitor/FE_RC_4_0             0.000549    0.000321   0.0008841    1.41e-05  OAI211X1
u_water_ctrl/g77                0.000532   0.0003376    0.000882   1.236e-05  NOR2XL
u_visitor/g1048                0.0005498   0.0003124   0.0008763    1.41e-05  OAI211X1
u_window/g370                  0.0006512   0.0002052   0.0008746   1.815e-05  AOI21X1
u_burglar/g676                 0.0006721   0.0001738    0.000864   1.815e-05  AOI21X1
u_temp_ctrl/g1638              0.0004175   0.0004323   0.0008638   1.403e-05  NAND2X1
u_burglar/g716                 0.0006524   0.0001425   0.0008632   6.826e-05  XOR2XL
u_visitor/g1076                0.0007275    0.000117   0.0008627   1.815e-05  AOI21X1
u_door_lock/g2275              0.0006616   0.0001767   0.0008562   1.789e-05  AOI31X1
u_door_lock/g2281              0.0006326   0.0002049    0.000856   1.851e-05  AOI32X1
u_temp_ctrl/g1651              0.0006541   0.0001837    0.000856   1.816e-05  NOR2X1
u_temp_ctrl/g1715              0.0005321   0.0002911   0.0008513   2.802e-05  NAND2X2
u_door_lock/FE_RC_17_0         0.0005504   0.0002423   0.0008475    5.48e-05  NAND2BX2
u_door_lock/g2297              0.0002664   0.0005611   0.0008405   1.301e-05  CLKINVX1
u_burglar/g721                 0.0006161   0.0002083   0.0008374   1.299e-05  OAI21X1
u_door_lock/g2277              0.0003301   0.0004717   0.0008359   3.419e-05  NAND3BX1
u_visitor/g1065                0.0005115   0.0002966   0.0008352   2.704e-05  MXI2XL
u_temp_ctrl/FE_RC_20_0         0.0006448   0.0001602    0.000833   2.802e-05  NAND2X2
u_burglar/g671                 0.0005921   0.0002235   0.0008286   1.299e-05  OAI21X1
u_temp_ctrl/g1655              0.0004549   0.0003323   0.0008222   3.499e-05  NAND2BX1
u_visitor/g1092                0.0006878   0.0001118   0.0008205   2.093e-05  NOR4X1
u_temp_ctrl/g1659              0.0005729   0.0002252   0.0008193   2.127e-05  OAI2BB1X1
u_temp_ctrl/g1717              0.0003761   0.0004304   0.0008189   1.236e-05  NOR2XL
u_door_lock/g2284              0.0006531    9.38e-05     0.00081   6.308e-05  XNOR2XL
u_visitor/g1109                0.0002667   0.0005296   0.0008093   1.301e-05  CLKINVX1
u_burglar/g685                 0.0006071   0.0001879    0.000808   1.299e-05  OAI21X1
u_burglar/g680                 0.0006418   0.0001452   0.0008051   1.815e-05  AOI21X1
u_temp_ctrl/g1679              0.0006608    0.000113   0.0007879   1.402e-05  OAI31X1
u_burglar/g675                 0.0005836   0.0001816   0.0007782   1.299e-05  OAI21X1
u_temp_ctrl/FE_RC_16_0         0.0006672   8.777e-05    0.000775   2.004e-05  NOR2BX1
u_temp_ctrl/g1672              0.0005314   0.0002288   0.0007724    1.22e-05  AOI21XL
u_visitor/FE_RC_5_0            0.0005448   0.0001828   0.0007702   4.256e-05  OR2X1
u_door_lock/g2267              0.0004617   0.0002722   0.0007469   1.299e-05  OAI21X1
u_burglar/g718                 0.0002757   0.0004486   0.0007383   1.403e-05  NAND2X1
u_temp_ctrl/g1721              0.0002623   0.0004599   0.0007352   1.301e-05  CLKINVX1
u_temp_ctrl/FE_RC_19_0         0.0004787   0.0002182   0.0007318   3.499e-05  NAND2BX1
u_temp_ctrl/g1649              0.0004512   0.0002628   0.0007228   8.728e-06  OAI21XL
u_window/g364                  0.0005842   0.0001182    0.000719   1.662e-05  NOR2BXL
u_door_lock/g754               0.0004833   0.0001887   0.0007146   4.256e-05  OR2X1
u_temp_ctrl/g1736              0.0005225   0.0001738   0.0007129   1.662e-05  NOR2BXL
u_window/g362                  0.0005035   0.0001757   0.0007062   2.704e-05  MXI2XL
u_door_lock/g2233              0.0005682   0.0001035   0.0006988   2.704e-05  MXI2XL
u_temp_ctrl/g1648              0.0004924   0.0001912   0.0006966   1.299e-05  OAI21X1
u_humidity/g207                0.0003757    0.000304    0.000692   1.236e-05  NOR2XL
u_door_lock/g2289              0.0003777   0.0002947   0.0006847   1.236e-05  NOR2XL
u_door_lock/g2239              0.0004242   0.0002381   0.0006747   1.236e-05  NOR2XL
u_temp_ctrl/g1745              0.0005394   0.0001147   0.0006706   1.651e-05  NOR3BXL
u_lum_ctrl/g101                0.0002607   0.0003949   0.0006686   1.301e-05  INVX1
u_door_lock/g2261              0.0003707   0.0002876   0.0006676   9.289e-06  NAND2XL
u_temp_ctrl/g1742              0.0004279   0.0001941   0.0006569   3.499e-05  NAND2BX1
u_temp_ctrl/g1737              0.0004837   0.0001518   0.0006522   1.662e-05  NOR2BXL
u_temp_ctrl/g1681              0.0003162   0.0003212   0.0006514   1.403e-05  NAND2X1
u_burglar/g719                 0.0002706   0.0003642   0.0006478   1.301e-05  INVX1
u_temp_ctrl/g1705              0.0004204   0.0001997   0.0006472   2.704e-05  MXI2XL
u_temp_ctrl/g1720              0.0002601   0.0003695   0.0006426   1.301e-05  CLKINVX1
u_temp_ctrl/g1661              0.0004942   0.0001316   0.0006381   1.236e-05  NOR2XL
u_burglar/g704                 0.0004235    0.000177   0.0006276   2.704e-05  MXI2XL
u_burglar/g690                 0.0004016   0.0001981   0.0006268   2.704e-05  MXI2XL
u_window/g372                  0.0003754   0.0002385   0.0006262   1.236e-05  NOR2XL
u_visitor/FE_RC_7_0            0.0002988   0.0003118   0.0006236   1.301e-05  CLKINVX1
u_visitor/g1088                0.0004219   0.0001668   0.0006157   2.704e-05  MXI2XL
u_door_lock/g2242              0.0004722   0.0001304   0.0006148    1.22e-05  AOI21XL
u_lum_ctrl/g100                  0.00026   0.0003413   0.0006144   1.301e-05  INVX1
u_door_lock/g2231              0.0004292   0.0001717   0.0006133   1.236e-05  NOR2XL
u_door_lock/g2260              0.0004369    0.000161   0.0006103   1.236e-05  NOR2XL
u_door_lock/g2252              0.0004669   0.0001303   0.0006094    1.22e-05  AOI21XL
u_temp_ctrl/FE_RC_1_0          0.0002642   0.0003319   0.0006091   1.301e-05  CLKINVX1
u_door_lock/g2269              0.0004839   0.0001086   0.0006055   1.299e-05  OAI21X1
u_burglar/g700                 0.0004117   0.0001632    0.000602   2.704e-05  MXI2XL
u_door_lock/g2288              0.0001725   0.0004158   0.0005976   9.289e-06  NAND2XL
u_door_lock/g2234              0.0004312   0.0001534    0.000597   1.236e-05  NOR2XL
u_lum_ctrl/g97                 0.0002598   0.0003241    0.000597   1.301e-05  INVX1
u_door_lock/g2296              0.0002748   0.0003038   0.0005916   1.301e-05  INVX1
u_door_lock/g2256               0.000406    0.000173   0.0005914   1.236e-05  NOR2XL
u_door_lock/g2262              0.0004094   0.0001683     0.00059   1.236e-05  NOR2XL
u_door_lock/g2229              0.0004193   0.0001583     0.00059   1.236e-05  NOR2XL
u_door_lock/g2244               0.000422   0.0001556   0.0005899   1.236e-05  NOR2XL
u_door_lock/g2237              0.0004584   0.0001168   0.0005874    1.22e-05  AOI21XL
u_burglar/g697                 0.0003858   0.0001773   0.0005823    1.92e-05  OAI2BB1XL
u_visitor/g1083                0.0004319   0.0001167   0.0005772   2.866e-05  OA21XL
u_visitor/g1087                0.0004219   0.0001257   0.0005746   2.704e-05  MXI2XL
u_visitor/g1079                0.0004001   0.0001413   0.0005685   2.704e-05  MXI2XL
u_temp_ctrl/FE_RC_3_0          0.0002622   0.0002905   0.0005657   1.301e-05  CLKINVX1
u_door_lock/g2270              0.0004577    9.38e-05   0.0005637    1.22e-05  AOI21XL
u_humidity/g205                0.0003179   0.0002244   0.0005636   2.127e-05  OAI2BB1X1
u_door_lock/g2295              0.0003094   0.0002334   0.0005558   1.301e-05  CLKINVX1
u_temp_ctrl/g1716              0.0001721   0.0003744   0.0005558   9.289e-06  NAND2XL
u_door_lock/g2279               0.000355    0.000186    0.000554   1.301e-05  INVX1
u_temp_ctrl/g1645              0.0003868   0.0001527   0.0005518   1.236e-05  NOR2XL
u_lum_ctrl/g95                 0.0002594   0.0002773   0.0005497   1.301e-05  INVX1
u_door_lock/g2259              0.0002826   0.0002569   0.0005488   9.289e-06  NAND2XL
u_visitor/g1066                0.0003763   0.0001373   0.0005406   2.704e-05  MXI2XL
u_temp_ctrl/FE_RC_15_0         0.0003964   0.0001046   0.0005393   3.838e-05  NOR2BX2
u_temp_ctrl/g1726              0.0002595   0.0002643   0.0005368   1.301e-05  CLKINVX1
u_window/g365                  0.0002551   0.0002441   0.0005334   3.419e-05  NAND3BX1
u_lum_ctrl/g96                 0.0002593   0.0002554   0.0005277   1.301e-05  INVX1
g47                            0.0002684   0.0002434   0.0005248   1.301e-05  CLKINVX1
u_temp_ctrl/g1709              0.0002708   0.0002344   0.0005193   1.403e-05  NAND2X1
u_temp_ctrl/FE_RC_9_0          0.0002879   0.0002177   0.0005186   1.301e-05  CLKINVX1
u_temp_ctrl/FE_RC_10_0         0.0003462   0.0001578    0.000517   1.301e-05  CLKINVX1
u_burglar/g720                 0.0002729   0.0002265   0.0005124   1.301e-05  CLKINVX1
u_burglar/g710                 0.0002303   0.0002341    0.000507   4.256e-05  OR2X1
u_visitor/g1093                 0.000227   0.0002514   0.0005056   2.717e-05  AND2X1
u_temp_ctrl/g1657              0.0003553   0.0001343   0.0005026   1.301e-05  INVX1
g74                            0.0002779    0.000201    0.000492   1.301e-05  CLKINVX1
g46                            0.0002686   0.0002103   0.0004919   1.301e-05  CLKINVX1
u_visitor/g1061                0.0002916   0.0001724   0.0004911   2.704e-05  MXI2XL
u_visitor/g1052                 0.000352   0.0001223   0.0004883   1.402e-05  OAI31X1
u_lum_ctrl/g98                 0.0002581   0.0002163   0.0004874   1.301e-05  INVX1
u_humidity/g206                0.0003678   0.0001031    0.000485    1.41e-05  OAI211X1
g76                            0.0002822   0.0001877    0.000483   1.301e-05  CLKINVX1
u_visitor/g1102                0.0002726   0.0001956   0.0004812   1.301e-05  CLKINVX1
g44                            0.0002774   0.0001903   0.0004807   1.301e-05  CLKINVX1
u_temp_ctrl/g1678              0.0003023     0.00016   0.0004753   1.301e-05  INVX1
g45                            0.0002777   0.0001839   0.0004746   1.301e-05  CLKINVX1
u_visitor/g1099                0.0003778   8.326e-05   0.0004735   1.236e-05  NOR2XL
u_temp_ctrl/FE_RC_14_0         0.0002585   0.0002013   0.0004728   1.301e-05  CLKINVX1
u_lum_ctrl/g102                0.0002585   0.0001962   0.0004677   1.301e-05  INVX1
u_temp_ctrl/g1670              0.0002822   0.0001705   0.0004658   1.301e-05  INVX1
u_temp_ctrl/g1728              0.0002586   0.0001888   0.0004604   1.301e-05  CLKINVX1
u_visitor/g1050                0.0002943   0.0001369   0.0004582   2.704e-05  MXI2XL
u_door_lock/g2274              0.0002247   0.0002186    0.000452   8.757e-06  INVXL
u_temp_ctrl/g1712              0.0002577   0.0001806   0.0004513   1.301e-05  CLKINVX1
u_visitor/g1053                0.0003112   0.0001248   0.0004501    1.41e-05  OAI211X1
g73                            0.0002674   0.0001676    0.000448   1.301e-05  CLKINVX1
u_door_lock/g2265              0.0002367   0.0001996    0.000445   8.757e-06  INVXL
u_door_lock/g2268              0.0003786   4.606e-05   0.0004446   1.995e-05  AOI211X1
u_burglar/g688                 0.0002224   0.0002094    0.000441   9.289e-06  NAND2XL
u_visitor/g1105                 0.000258   0.0001664   0.0004374   1.301e-05  INVX1
u_burglar/g709                 0.0002798   0.0001395   0.0004317   1.236e-05  NOR2XL
u_lum_ctrl/g99                 0.0002578   0.0001568   0.0004277   1.301e-05  INVX1
u_door_lock/g2230              0.0003223     9.3e-05   0.0004275    1.22e-05  AOI21XL
u_visitor/g1098                0.0002744   0.0001363   0.0004247   1.403e-05  NAND2X1
u_visitor/g1049                0.0002246   0.0001896   0.0004238   9.525e-06  OAI31XL
u_door_lock/g2290              0.0001741   0.0002356    0.000419   9.289e-06  NAND2XL
u_visitor/FE_RC_6_0            0.0002652   0.0001167   0.0004169   3.499e-05  NAND2BX1
u_visitor/g2                   0.0002708   0.0001066   0.0004123   3.499e-05  NAND2BX1
u_door_lock/g2300              0.0002627   0.0001138   0.0004114   3.499e-05  NAND2BX1
u_temp_ctrl/g1683               0.000194   0.0002076   0.0004109   9.289e-06  NAND2XL
u_door_lock/g2283              0.0002617   0.0001138   0.0004104   3.499e-05  NAND2BX1
u_visitor/g1067                0.0002074   0.0001889   0.0004055   9.289e-06  NAND2XL
u_visitor/g1069                0.0002077   0.0001876   0.0004046   9.289e-06  NAND2XL
u_door_lock/FE_RC_18_0         0.0002761   0.0001127   0.0004028   1.403e-05  NAND2X1
u_window/g368                  0.0002559   0.0001025   0.0003933   3.499e-05  NAND2BX1
u_door_lock/g2272              0.0002807   9.987e-05   0.0003929   1.236e-05  NOR2XL
u_temp_ctrl/g1647              0.0002067   0.0001762   0.0003917   8.757e-06  INVXL
u_visitor/g1085                0.0003024   6.206e-05   0.0003848   2.034e-05  NOR3X1
u_burglar/g695                  0.000266    0.000105   0.0003798   8.728e-06  OAI21XL
g70                            0.0002674   9.911e-05   0.0003795   1.301e-05  CLKINVX1
u_door_lock/g2258              0.0001992   0.0001447   0.0003788   3.499e-05  NAND2BX1
u_temp_ctrl/g1692              0.0002994   5.405e-05   0.0003738   2.034e-05  NOR3X1
u_door_lock/g2285              0.0001194   0.0002114   0.0003586    2.78e-05  NAND4BXL
g72                            0.0002702    7.16e-05   0.0003549   1.301e-05  CLKINVX1
g50                            0.0002801   5.823e-05   0.0003514   1.301e-05  CLKINVX1
g48                            0.0002816   5.377e-05   0.0003483   1.301e-05  CLKINVX1
u_temp_ctrl/g1698              0.0002184   0.0001181   0.0003453   8.757e-06  INVXL
g77                            0.0002966   3.462e-05   0.0003442   1.301e-05  CLKINVX1
g51                            0.0002814    4.66e-05    0.000341   1.301e-05  CLKINVX1
u_visitor/g1081                0.0001407    0.000185   0.0003397   1.403e-05  NAND2X1
g75                            0.0002914     3.5e-05   0.0003394   1.301e-05  CLKINVX1
u_visitor/g1096                0.0001714   0.0001539   0.0003346   9.289e-06  NAND2XL
g71                            0.0002704   4.866e-05   0.0003321   1.301e-05  CLKINVX1
u_door_lock/g2298              0.0001734   0.0001494   0.0003316   8.757e-06  INVXL
u_temp_ctrl/g1725              0.0001768   0.0001457   0.0003313   8.757e-06  INVXL
u_temp_ctrl/g1713              0.0001799   0.0001412   0.0003298   8.757e-06  INVXL
g49                            0.0002843   2.889e-05   0.0003262   1.301e-05  CLKINVX1
u_temp_ctrl/g1723              0.0001654   0.0001516   0.0003258   8.757e-06  INVXL
u_temp_ctrl/g1719              0.0001764   0.0001276   0.0003128   8.757e-06  INVXL
u_door_lock/g2287              0.0001748   0.0001255   0.0003097   9.289e-06  NAND2XL
u_window/g373                  0.0001649   0.0001339   0.0003076   8.757e-06  INVXL
u_visitor/g1068                0.0001797   0.0001051   0.0003029   1.816e-05  NOR2X1
u_temp_ctrl/g1667              0.0002544   2.601e-05   0.0003014   2.093e-05  NOR4X1
u_burglar/g715                 0.0001692    0.000115   0.0003003   1.612e-05  NAND4X1
u_window/g369                  0.0001628   0.0001056   0.0002971   2.877e-05  NAND2BXL
u_temp_ctrl/g1706              0.0001785   7.244e-05    0.000286   3.499e-05  NAND2BX1
u_burglar/g702                 0.0001276   0.0001145   0.0002771   3.499e-05  NAND2BX1
u_burglar/g717                 0.0001741   9.181e-05   0.0002752   9.289e-06  NAND2XL
u_burglar/g705                 3.992e-05   0.0002196   0.0002725   1.301e-05  CLKINVX1
u_humidity/g204                0.0001674   9.371e-05   0.0002698   8.757e-06  INVXL
u_temp_ctrl/g1729               0.000168   9.059e-05   0.0002674   8.757e-06  INVXL
u_door_lock/g2245              0.0001271   8.868e-05   0.0002507   3.499e-05  NAND2BX1
u_door_lock/g2257              0.0001847   4.821e-05   0.0002453   1.236e-05  NOR2XL
u_burglar/FE_OFC0_n_6          0.0001396   9.238e-05    0.000245   1.301e-05  INVX1
u_visitor/g1091                 0.000131   0.0001017    0.000242   9.289e-06  NAND2XL
u_temp_ctrl/g1660               0.000137   7.702e-05   0.0002233   9.289e-06  NAND2XL
u_visitor/g1077                0.0001092    9.36e-05    0.000221   1.816e-05  NOR2X1
u_temp_ctrl/g1700              0.0001297   7.246e-05   0.0002115   9.289e-06  NAND2XL
u_visitor/g1086                5.626e-05   0.0001272   0.0001927   9.289e-06  NAND2XL
u_temp_ctrl/g1694              8.796e-05   7.921e-05   0.0001765   9.289e-06  NAND2XL
u_burglar/g701                 0.0001156   4.741e-05   0.0001754   1.236e-05  NOR2XL
u_burglar/g713                 9.364e-05   6.677e-05   0.0001745    1.41e-05  OAI211X1
u_temp_ctrl/FE_RC_13_0          9.01e-05   6.774e-05   0.0001671   9.289e-06  NAND2XL
u_door_lock/g2243              0.0001154   3.319e-05   0.0001609   1.236e-05  NOR2XL
u_burglar/g689                 7.744e-05   4.579e-05   0.0001582   3.499e-05  NAND2BX1
u_door_lock/g2240              7.717e-05   4.506e-05   0.0001572   3.499e-05  NAND2BX1
u_visitor/g1057                5.339e-05    8.58e-05   0.0001532   1.403e-05  NAND2X1
u_temp_ctrl/g1697              5.118e-05   5.589e-05   0.0001211   1.403e-05  NAND2X1
u_temp_ctrl/g1685              5.835e-05   4.749e-05   0.0001158    9.93e-06  NAND3XL
u_burglar/g707                 5.442e-05    4.41e-05   0.0001109   1.236e-05  NOR2XL
u_burglar/g692                 4.787e-05   2.702e-05   0.0001091   3.419e-05  NAND3BX1
u_door_lock/g2235              4.928e-05   3.764e-05   9.994e-05   1.301e-05  CLKINVX1
u_door_lock/g2238              6.911e-05   1.737e-05   9.884e-05   1.236e-05  NOR2XL
u_temp_ctrl/FE_RC_12_0         6.405e-05    1.56e-05   9.781e-05   1.816e-05  NOR2X1
u_temp_ctrl/g1665              3.794e-05   2.684e-05   7.524e-05   1.046e-05  NAND4XL
u_burglar/g678                 4.022e-05   1.624e-05   6.881e-05   1.236e-05  NOR2XL
u_visitor/g1082                1.739e-05   2.143e-05   5.284e-05   1.403e-05  NAND2X1
u_visitor/g1064                2.034e-05   1.653e-05   4.617e-05   9.289e-06  NAND2XL
u_burglar/g684                 2.306e-05   9.134e-06   4.455e-05   1.236e-05  NOR2XL
u_burglar/g703                 2.365e-05    7.67e-06   4.368e-05   1.236e-05  NOR2XL

---------------------------------------------------------------------------------------

Total (    465 of    465  )        2.593      0.3944      3.022     0.03504
Total Capacitance                5.121e-12 F
Power Density                   *** No Die Area ***
