###############################################################
#  Generated by:      Cadence Tempus 20.10-p003_1
#  OS:                Linux x86_64(Host ID edatools-server2.iiitd.edu.in)
#  Generated on:      Tue Nov 18 16:56:54 2025
#  Design:            HA
#  Command:           report_constraints -all_violators > /home/drashi25114/Desktop/cmos65/90nm/verilog/STA_AFTER_DFT/best/sta_after_DFT_mid/reports/allviolations.rpt
###############################################################
# format : frame 0 : split 1

max_delay/setup
---------------------------
      ------------------------------------------------------------------------------------------------  
       End Point                                  Slack      Cause                                      
      ------------------------------------------------------------------------------------------------  
      u_humidity/dehumidifier_on_reg/D r         -0.939     VIOLATED
      light_sensor_r_reg[0]/SE f                 -0.423     VIOLATED
      light_sensor_r_reg[7]/SE f                 -0.423     VIOLATED
      light_sensor_r_reg[2]/SE f                 -0.423     VIOLATED
      light_sensor_r_reg[1]/SE f                 -0.423     VIOLATED
      cooler_on_r_reg/SE f                       -0.423     VIOLATED
      light_sensor_r_reg[3]/SE f                 -0.423     VIOLATED
      light_sensor_r_reg[4]/SE f                 -0.423     VIOLATED
      light_sensor_r_reg[6]/SE f                 -0.423     VIOLATED
      light_sensor_r_reg[5]/SE f                 -0.423     VIOLATED
      burglar_alarm_out_r_reg/SE f               -0.423     VIOLATED
      water_level_r_reg[2]/SE f                  -0.423     VIOLATED
      water_level_r_reg[1]/SE f                  -0.423     VIOLATED
      water_level_r_reg[3]/SE f                  -0.423     VIOLATED
      tv_on_cmd_r_reg/SE f                       -0.423     VIOLATED
      music_on_cmd_r_reg/SE f                    -0.423     VIOLATED
      humidity_sensor_r_reg[7]/SE f              -0.423     VIOLATED
      humidity_sensor_r_reg[5]/SE f              -0.423     VIOLATED
      humidity_sensor_r_reg[4]/SE f              -0.423     VIOLATED
      humidity_sensor_r_reg[2]/SE f              -0.423     VIOLATED
      humidity_sensor_r_reg[1]/SE f              -0.423     VIOLATED
      fan_cmd_r_reg/SE f                         -0.423     VIOLATED
      temp_sensor_r_reg[6]/SE f                  -0.423     VIOLATED
      water_level_r_reg[0]/SE f                  -0.423     VIOLATED
      temp_setpoint_r_reg[5]/SE f                -0.423     VIOLATED
      temp_setpoint_r_reg[1]/SE f                -0.423     VIOLATED
      volume_cmd_r_reg[3]/SE f                   -0.423     VIOLATED
      humidity_sensor_r_reg[0]/SE f              -0.423     VIOLATED
      light_cmd_r_reg/SE f                       -0.423     VIOLATED
      humidity_sensor_r_reg[6]/SE f              -0.423     VIOLATED
      door_lock_cmd_r_reg/SE f                   -0.423     VIOLATED
      volume_cmd_r_reg[2]/SE f                   -0.423     VIOLATED
      window_manual_close_r_reg/SE f             -0.423     VIOLATED
      door_unlock_cmd_r_reg/SE f                 -0.423     VIOLATED
      volume_cmd_r_reg[1]/SE f                   -0.423     VIOLATED
      volume_cmd_r_reg[0]/SE f                   -0.423     VIOLATED
      heater_on_r_reg/SE f                       -0.423     VIOLATED
      pin_input_r_reg[1]/SE f                    -0.423     VIOLATED
      pin_input_r_reg[2]/SE f                    -0.423     VIOLATED
      humidity_sensor_r_reg[3]/SE f              -0.423     VIOLATED
      exit_sensor_r_reg/SE f                     -0.423     VIOLATED
      entry_sensor_r_reg/SE f                    -0.423     VIOLATED
      door_sensor_r_reg/SE f                     -0.423     VIOLATED
      alarm_arm_r_reg/SE f                       -0.423     VIOLATED
      window_auto_mode_r_reg/SE f                -0.423     VIOLATED
      window_sensor_r_reg/SE f                   -0.423     VIOLATED
      temp_setpoint_r_reg[6]/SE f                -0.423     VIOLATED
      temp_setpoint_r_reg[4]/SE f                -0.423     VIOLATED
      temp_setpoint_r_reg[3]/SE f                -0.423     VIOLATED
      temp_setpoint_r_reg[2]/SE f                -0.423     VIOLATED
      temp_setpoint_r_reg[0]/SE f                -0.423     VIOLATED
      temp_setpoint_r_reg[7]/SE f                -0.423     VIOLATED
      temp_sensor_r_reg[7]/SE f                  -0.423     VIOLATED
      pin_input_r_reg[0]/SE f                    -0.423     VIOLATED
      temp_sensor_r_reg[5]/SE f                  -0.423     VIOLATED
      temp_sensor_r_reg[4]/SE f                  -0.423     VIOLATED
      temp_sensor_r_reg[3]/SE f                  -0.423     VIOLATED
      temp_sensor_r_reg[2]/SE f                  -0.423     VIOLATED
      temp_sensor_r_reg[1]/SE f                  -0.423     VIOLATED
      temp_sensor_r_reg[0]/SE f                  -0.423     VIOLATED
      motion_sensor_r_reg/SE f                   -0.423     VIOLATED
      window_manual_open_r_reg/SE f              -0.423     VIOLATED
      visitor_count_r_reg[6]/SE f                -0.423     VIOLATED
      visitor_count_r_reg[7]/SE f                -0.423     VIOLATED
      window_state_r_reg[0]/SE f                 -0.423     VIOLATED
      visitor_count_r_reg[0]/SE f                -0.423     VIOLATED
      window_state_r_reg[1]/SE f                 -0.423     VIOLATED
      visitor_count_r_reg[3]/SE f                -0.423     VIOLATED
      visitor_count_r_reg[2]/SE f                -0.423     VIOLATED
      visitor_count_r_reg[4]/SE f                -0.423     VIOLATED
      visitor_count_r_reg[5]/SE f                -0.423     VIOLATED
      visitor_count_r_reg[1]/SE f                -0.423     VIOLATED
      ac_cmd_r_reg/SE f                          -0.423     VIOLATED
      pin_input_r_reg[3]/SE f                    -0.423     VIOLATED
      water_pump_on_r_reg/SE f                   -0.423     VIOLATED
      volume_level_r_reg[0]/SE f                 -0.423     VIOLATED
      volume_level_r_reg[1]/SE f                 -0.423     VIOLATED
      volume_level_r_reg[3]/SE f                 -0.423     VIOLATED
      volume_level_r_reg[2]/SE f                 -0.423     VIOLATED
      door_locked_r_reg/SE f                     -0.423     VIOLATED
      lock_status_r_reg[1]/SE f                  -0.423     VIOLATED
      lock_status_r_reg[0]/SE f                  -0.423     VIOLATED
      fan_on_r_reg/SE f                          -0.423     VIOLATED
      ac_on_r_reg/SE f                           -0.423     VIOLATED
      led_brightness_r_reg[4]/SE f               -0.423     VIOLATED
      led_brightness_r_reg[5]/SE f               -0.423     VIOLATED
      led_brightness_r_reg[6]/SE f               -0.423     VIOLATED
      led_brightness_r_reg[0]/SE f               -0.423     VIOLATED
      led_brightness_r_reg[1]/SE f               -0.423     VIOLATED
      lights_on_r_reg/SE f                       -0.423     VIOLATED
      dehumidifier_on_r_reg/SE f                 -0.423     VIOLATED
      humidifier_on_r_reg/SE f                   -0.423     VIOLATED
      led_brightness_r_reg[3]/SE f               -0.423     VIOLATED
      led_brightness_r_reg[7]/SE f               -0.423     VIOLATED
      led_brightness_r_reg[2]/SE f               -0.423     VIOLATED
      music_on_r_reg/SE f                        -0.423     VIOLATED
      tv_on_r_reg/SE f                           -0.423     VIOLATED
      water_valve_close_r_reg/SE f               -0.423     VIOLATED
      u_window/window_state_reg[1]/SE f          -0.423     VIOLATED
      u_window/window_state_reg[0]/SE f          -0.423     VIOLATED
      u_water_ctrl/pump_on_reg/SE f              -0.423     VIOLATED
      u_water_ctrl/valve_close_reg/SE f          -0.423     VIOLATED
      u_visitor/entry_prev_reg/SE f              -0.423     VIOLATED
      u_visitor/exit_prev_reg/SE f               -0.423     VIOLATED
      u_visitor/count_reg[0]/SE f                -0.423     VIOLATED
      u_visitor/count_reg[3]/SE f                -0.423     VIOLATED
      u_visitor/count_reg[2]/SE f                -0.423     VIOLATED
      u_visitor/count_reg[1]/SE f                -0.423     VIOLATED
      u_visitor/count_reg[4]/SE f                -0.423     VIOLATED
      u_visitor/count_reg[7]/SE f                -0.423     VIOLATED
      u_visitor/count_reg[5]/SE f                -0.423     VIOLATED
      u_visitor/count_reg[6]/SE f                -0.423     VIOLATED
      u_temp_ctrl/heater_on_reg/SE f             -0.423     VIOLATED
      u_temp_ctrl/cooler_on_reg/SE f             -0.423     VIOLATED
      u_lum_ctrl/led_brightness_reg[1]/SE f      -0.423     VIOLATED
      u_lum_ctrl/led_brightness_reg[3]/SE f      -0.423     VIOLATED
      u_lum_ctrl/led_brightness_reg[5]/SE f      -0.423     VIOLATED
      u_lum_ctrl/led_brightness_reg[2]/SE f      -0.423     VIOLATED
      u_lum_ctrl/led_brightness_reg[0]/SE f      -0.423     VIOLATED
      u_lum_ctrl/led_brightness_reg[7]/SE f      -0.423     VIOLATED
      u_lum_ctrl/led_brightness_reg[6]/SE f      -0.423     VIOLATED
      u_lum_ctrl/led_brightness_reg[4]/SE f      -0.423     VIOLATED
      u_humidity/humidifier_on_reg/SE f          -0.423     VIOLATED
      u_humidity/dehumidifier_on_reg/SE f        -0.423     VIOLATED
      u_entertainment/volume_level_reg[3]/SE f   -0.423     VIOLATED
      u_entertainment/volume_level_reg[1]/SE f   -0.423     VIOLATED
      u_entertainment/volume_level_reg[2]/SE f   -0.423     VIOLATED
      u_entertainment/volume_level_reg[0]/SE f   -0.423     VIOLATED
      u_entertainment/music_on_reg/SE f          -0.423     VIOLATED
      u_entertainment/tv_on_reg/SE f             -0.423     VIOLATED
      u_door_lock/attempt_counter_reg[2]/SE f    -0.423     VIOLATED
      u_door_lock/timeout_counter_reg[0]/SE f    -0.423     VIOLATED
      u_door_lock/state_reg[0]/SE f              -0.423     VIOLATED
      u_door_lock/state_reg[1]/SE f              -0.423     VIOLATED
      u_door_lock/timeout_counter_reg[2]/SE f    -0.423     VIOLATED
      u_door_lock/timeout_counter_reg[1]/SE f    -0.423     VIOLATED
      u_door_lock/attempt_counter_reg[1]/SE f    -0.423     VIOLATED
      u_door_lock/attempt_counter_reg[0]/SE f    -0.423     VIOLATED
      u_door_lock/timeout_counter_reg[3]/SE f    -0.423     VIOLATED
      u_door_lock/timeout_counter_reg[4]/SE f    -0.423     VIOLATED
      u_door_lock/timeout_counter_reg[5]/SE f    -0.423     VIOLATED
      u_door_lock/timeout_counter_reg[6]/SE f    -0.423     VIOLATED
      u_door_lock/timeout_counter_reg[7]/SE f    -0.423     VIOLATED
      u_door_lock/lock_status_reg[0]/SE f        -0.423     VIOLATED
      u_door_lock/lock_status_reg[1]/SE f        -0.423     VIOLATED
      u_door_lock/door_locked_reg/SE f           -0.423     VIOLATED
      u_burglar/delay_counter_reg[0]/SE f        -0.423     VIOLATED
      u_burglar/delay_counter_reg[1]/SE f        -0.423     VIOLATED
      u_burglar/alarm_out_reg/SE f               -0.423     VIOLATED
      u_burglar/delay_counter_reg[2]/SE f        -0.423     VIOLATED
      u_burglar/delay_counter_reg[8]/SE f        -0.423     VIOLATED
      u_burglar/delay_counter_reg[4]/SE f        -0.423     VIOLATED
      u_burglar/delay_counter_reg[3]/SE f        -0.423     VIOLATED
      u_burglar/delay_counter_reg[7]/SE f        -0.423     VIOLATED
      u_burglar/delay_counter_reg[5]/SE f        -0.423     VIOLATED
      u_burglar/delay_counter_reg[6]/SE f        -0.423     VIOLATED
      u_appliances/lights_on_reg/SE f            -0.423     VIOLATED
      u_appliances/fan_on_reg/SE f               -0.423     VIOLATED
      u_appliances/ac_on_reg/SE f                -0.423     VIOLATED
      DFT_sdo_2 r                                -0.408     VIOLATED
      window_state[1] r                          -0.408     VIOLATED
      DFT_sdo_1 r                                -0.357     VIOLATED
      u_appliances/ac_on_reg/SI r                -0.330     VIOLATED
      humidity_sensor_r_reg[2]/SI f              -0.329     VIOLATED
      light_sensor_r_reg[0]/D r                  -0.195     VIOLATED
      light_sensor_r_reg[7]/D r                  -0.195     VIOLATED
      light_sensor_r_reg[2]/D r                  -0.195     VIOLATED
      light_sensor_r_reg[1]/D r                  -0.195     VIOLATED
      light_sensor_r_reg[3]/D r                  -0.195     VIOLATED
      light_sensor_r_reg[4]/D r                  -0.195     VIOLATED
      light_sensor_r_reg[6]/D r                  -0.195     VIOLATED
      light_sensor_r_reg[5]/D r                  -0.195     VIOLATED
      water_level_r_reg[2]/D r                   -0.195     VIOLATED
      water_level_r_reg[1]/D r                   -0.195     VIOLATED
      water_level_r_reg[3]/D r                   -0.195     VIOLATED
      tv_on_cmd_r_reg/D r                        -0.195     VIOLATED
      music_on_cmd_r_reg/D r                     -0.195     VIOLATED
      humidity_sensor_r_reg[7]/D r               -0.195     VIOLATED
      humidity_sensor_r_reg[5]/D r               -0.195     VIOLATED
      humidity_sensor_r_reg[4]/D r               -0.195     VIOLATED
      humidity_sensor_r_reg[2]/D r               -0.195     VIOLATED
      humidity_sensor_r_reg[1]/D r               -0.195     VIOLATED
      fan_cmd_r_reg/D r                          -0.195     VIOLATED
      temp_sensor_r_reg[6]/D r                   -0.195     VIOLATED
      water_level_r_reg[0]/D r                   -0.195     VIOLATED
      temp_setpoint_r_reg[5]/D r                 -0.195     VIOLATED
      temp_setpoint_r_reg[1]/D r                 -0.195     VIOLATED
      volume_cmd_r_reg[3]/D r                    -0.195     VIOLATED
      humidity_sensor_r_reg[0]/D r               -0.195     VIOLATED
      light_cmd_r_reg/D r                        -0.195     VIOLATED
      humidity_sensor_r_reg[6]/D r               -0.195     VIOLATED
      door_lock_cmd_r_reg/D r                    -0.195     VIOLATED
      volume_cmd_r_reg[2]/D r                    -0.195     VIOLATED
      window_manual_close_r_reg/D r              -0.195     VIOLATED
      door_unlock_cmd_r_reg/D r                  -0.195     VIOLATED
      volume_cmd_r_reg[1]/D r                    -0.195     VIOLATED
      volume_cmd_r_reg[0]/D r                    -0.195     VIOLATED
      pin_input_r_reg[1]/D r                     -0.195     VIOLATED
      pin_input_r_reg[2]/D r                     -0.195     VIOLATED
      humidity_sensor_r_reg[3]/D r               -0.195     VIOLATED
      exit_sensor_r_reg/D r                      -0.195     VIOLATED
      entry_sensor_r_reg/D r                     -0.195     VIOLATED
      door_sensor_r_reg/D r                      -0.195     VIOLATED
      alarm_arm_r_reg/D r                        -0.195     VIOLATED
      window_auto_mode_r_reg/D r                 -0.195     VIOLATED
      window_sensor_r_reg/D r                    -0.195     VIOLATED
      temp_setpoint_r_reg[6]/D r                 -0.195     VIOLATED
      temp_setpoint_r_reg[4]/D r                 -0.195     VIOLATED
      temp_setpoint_r_reg[3]/D r                 -0.195     VIOLATED
      temp_setpoint_r_reg[2]/D r                 -0.195     VIOLATED
      temp_setpoint_r_reg[0]/D r                 -0.195     VIOLATED
      temp_setpoint_r_reg[7]/D r                 -0.195     VIOLATED
      temp_sensor_r_reg[7]/D r                   -0.195     VIOLATED
      pin_input_r_reg[0]/D r                     -0.195     VIOLATED
      temp_sensor_r_reg[5]/D r                   -0.195     VIOLATED
      temp_sensor_r_reg[4]/D r                   -0.195     VIOLATED
      temp_sensor_r_reg[3]/D r                   -0.195     VIOLATED
      temp_sensor_r_reg[2]/D r                   -0.195     VIOLATED
      temp_sensor_r_reg[1]/D r                   -0.195     VIOLATED
      temp_sensor_r_reg[0]/D r                   -0.195     VIOLATED
      motion_sensor_r_reg/D r                    -0.195     VIOLATED
      window_manual_open_r_reg/D r               -0.195     VIOLATED
      ac_cmd_r_reg/D r                           -0.195     VIOLATED
      pin_input_r_reg[3]/D r                     -0.195     VIOLATED
      u_entertainment/volume_level_reg[2]/SN r   -0.142     VIOLATED
      u_entertainment/volume_level_reg[0]/SN r   -0.142     VIOLATED
      cooler_on_r_reg/RN r                       -0.142     VIOLATED
      burglar_alarm_out_r_reg/RN r               -0.142     VIOLATED
      heater_on_r_reg/RN r                       -0.142     VIOLATED
      water_pump_on_r_reg/RN r                   -0.142     VIOLATED
      door_locked_r_reg/RN r                     -0.142     VIOLATED
      fan_on_r_reg/RN r                          -0.142     VIOLATED
      ac_on_r_reg/RN r                           -0.142     VIOLATED
      lights_on_r_reg/RN r                       -0.142     VIOLATED
      u_window/window_state_reg[1]/RN r          -0.142     VIOLATED
      u_window/window_state_reg[0]/RN r          -0.142     VIOLATED
      u_water_ctrl/pump_on_reg/RN r              -0.142     VIOLATED
      u_water_ctrl/valve_close_reg/RN r          -0.142     VIOLATED
      u_visitor/entry_prev_reg/RN r              -0.142     VIOLATED
      u_visitor/exit_prev_reg/RN r               -0.142     VIOLATED
      u_visitor/count_reg[3]/RN r                -0.142     VIOLATED
      u_visitor/count_reg[2]/RN r                -0.142     VIOLATED
      u_visitor/count_reg[4]/RN r                -0.142     VIOLATED
      u_visitor/count_reg[7]/RN r                -0.142     VIOLATED
      u_visitor/count_reg[5]/RN r                -0.142     VIOLATED
      u_visitor/count_reg[6]/RN r                -0.142     VIOLATED
      u_temp_ctrl/cooler_on_reg/RN r             -0.142     VIOLATED
      u_lum_ctrl/led_brightness_reg[1]/RN r      -0.142     VIOLATED
      u_lum_ctrl/led_brightness_reg[3]/RN r      -0.142     VIOLATED
      u_lum_ctrl/led_brightness_reg[5]/RN r      -0.142     VIOLATED
      u_lum_ctrl/led_brightness_reg[2]/RN r      -0.142     VIOLATED
      u_lum_ctrl/led_brightness_reg[0]/RN r      -0.142     VIOLATED
      u_lum_ctrl/led_brightness_reg[7]/RN r      -0.142     VIOLATED
      u_lum_ctrl/led_brightness_reg[6]/RN r      -0.142     VIOLATED
      u_lum_ctrl/led_brightness_reg[4]/RN r      -0.142     VIOLATED
      u_humidity/humidifier_on_reg/RN r          -0.142     VIOLATED
      u_humidity/dehumidifier_on_reg/RN r        -0.142     VIOLATED
      u_entertainment/volume_level_reg[3]/RN r   -0.142     VIOLATED
      u_entertainment/volume_level_reg[1]/RN r   -0.142     VIOLATED
      u_entertainment/music_on_reg/RN r          -0.142     VIOLATED
      u_entertainment/tv_on_reg/RN r             -0.142     VIOLATED
      u_door_lock/attempt_counter_reg[2]/RN r    -0.142     VIOLATED
      u_door_lock/timeout_counter_reg[0]/RN r    -0.142     VIOLATED
      u_door_lock/state_reg[0]/RN r              -0.142     VIOLATED
      u_door_lock/state_reg[1]/RN r              -0.142     VIOLATED
      u_door_lock/timeout_counter_reg[2]/RN r    -0.142     VIOLATED
      u_door_lock/timeout_counter_reg[1]/RN r    -0.142     VIOLATED
      u_door_lock/attempt_counter_reg[1]/RN r    -0.142     VIOLATED
      u_door_lock/attempt_counter_reg[0]/RN r    -0.142     VIOLATED
      u_door_lock/timeout_counter_reg[3]/RN r    -0.142     VIOLATED
      u_door_lock/timeout_counter_reg[4]/RN r    -0.142     VIOLATED
      u_door_lock/timeout_counter_reg[5]/RN r    -0.142     VIOLATED
      u_door_lock/timeout_counter_reg[6]/RN r    -0.142     VIOLATED
      u_door_lock/timeout_counter_reg[7]/RN r    -0.142     VIOLATED
      u_door_lock/lock_status_reg[0]/RN r        -0.142     VIOLATED
      u_door_lock/lock_status_reg[1]/RN r        -0.142     VIOLATED
      u_door_lock/door_locked_reg/RN r           -0.142     VIOLATED
      u_burglar/delay_counter_reg[0]/RN r        -0.142     VIOLATED
      u_burglar/delay_counter_reg[1]/RN r        -0.142     VIOLATED
      u_burglar/alarm_out_reg/RN r               -0.142     VIOLATED
      u_burglar/delay_counter_reg[2]/RN r        -0.142     VIOLATED
      u_burglar/delay_counter_reg[8]/RN r        -0.142     VIOLATED
      u_burglar/delay_counter_reg[4]/RN r        -0.142     VIOLATED
      u_burglar/delay_counter_reg[3]/RN r        -0.142     VIOLATED
      u_burglar/delay_counter_reg[7]/RN r        -0.142     VIOLATED
      u_burglar/delay_counter_reg[5]/RN r        -0.142     VIOLATED
      u_burglar/delay_counter_reg[6]/RN r        -0.142     VIOLATED
      u_appliances/lights_on_reg/RN r            -0.142     VIOLATED
      u_appliances/fan_on_reg/RN r               -0.142     VIOLATED
      u_appliances/ac_on_reg/RN r                -0.142     VIOLATED
      u_temp_ctrl/heater_on_reg/RN r             -0.141     VIOLATED
      visitor_count_r_reg[6]/SI r                -0.069     VIOLATED
      visitor_count_r_reg[7]/SI r                -0.069     VIOLATED
      visitor_count_r_reg[0]/SI r                -0.069     VIOLATED
      window_state_r_reg[1]/SI r                 -0.069     VIOLATED
      visitor_count_r_reg[3]/SI r                -0.069     VIOLATED
      visitor_count_r_reg[2]/SI r                -0.069     VIOLATED
      visitor_count_r_reg[4]/SI r                -0.069     VIOLATED
      visitor_count_r_reg[5]/SI r                -0.069     VIOLATED
      visitor_count_r_reg[1]/SI r                -0.069     VIOLATED
      volume_level_r_reg[1]/SI r                 -0.069     VIOLATED
      volume_level_r_reg[3]/SI r                 -0.069     VIOLATED
      volume_level_r_reg[2]/SI r                 -0.069     VIOLATED
      lock_status_r_reg[1]/SI r                  -0.069     VIOLATED
      led_brightness_r_reg[4]/SI r               -0.069     VIOLATED
      led_brightness_r_reg[5]/SI r               -0.069     VIOLATED
      led_brightness_r_reg[6]/SI r               -0.069     VIOLATED
      led_brightness_r_reg[1]/SI r               -0.069     VIOLATED
      led_brightness_r_reg[3]/SI r               -0.069     VIOLATED
      led_brightness_r_reg[7]/SI r               -0.069     VIOLATED
      led_brightness_r_reg[2]/SI r               -0.069     VIOLATED
      u_visitor/count_reg[3]/D r                 -0.068     VIOLATED
      u_visitor/count_reg[2]/D r                 -0.068     VIOLATED
      u_visitor/count_reg[4]/D r                 -0.068     VIOLATED
      u_visitor/count_reg[6]/D r                 -0.063     VIOLATED
      u_door_lock/timeout_counter_reg[6]/D r     -0.030     VIOLATED
      u_temp_ctrl/cooler_on_reg/D r              -0.029     VIOLATED
      u_door_lock/timeout_counter_reg[7]/D r     -0.027     VIOLATED
      u_burglar/delay_counter_reg[7]/D r         -0.027     VIOLATED
      u_temp_ctrl/heater_on_reg/D r              -0.020     VIOLATED
      u_visitor/count_reg[1]/D r                 -0.003     VIOLATED
      ------------------------------------------------------------------------------------------------

min_delay/hold
---------------------------
No paths found

Check type : clock_period
---------------------------
No paths found

Check type : skew
---------------------------
No paths found

Check type : pulse_width
---------------------------
 No violating Checks with given description found

Check type : max_transition
---------------------------
 No Violations found

Check type : min_transition
---------------------------
 No Violations found

Check type : max_capacitance
---------------------------
     ----------------------------------------------------------------------------  
      Pin Name               Required          Actual            Slack             
     ----------------------------------------------------------------------------  
     window_state_r_reg[1]/Q
                           1.157             2.000             -0.843
     humidity_sensor_r_reg[1]/Q
                           0.587             1.003             -0.416

Check type : min_capacitance
---------------------------
 No Violations found

Check type : max_fanout
---------------------------
 No Violations found

Check type : min_fanout
---------------------------
 No Violations found
