###############################################################
#  Generated by:      Cadence Tempus 20.10-p003_1
#  OS:                Linux x86_64(Host ID edatools-server2.iiitd.edu.in)
#  Generated on:      Tue Nov 18 16:56:54 2025
#  Design:            HA
#  Command:           report_analysis_coverage > $report_dir/analysis_coverage.rpt
###############################################################
    -------------------------------------------------------------------------------------------  
                                   TIMING CHECK COVERAGE SUMMARY                                  
    -------------------------------------------------------------------------------------------  
     Check Type                      No. of   Met              Violated         Untested         
                                     Checks                                                      
    -------------------------------------------------------------------------------------------  
    ExternalDelay (Early)          47        47 (100%)        0 (0%)           0 (0%)
    ExternalDelay (Late)           47        44 (93%)         3 (6%)           0 (0%)
    Hold                           474       474 (100%)       0 (0%)           0 (0%)
    PulseWidth                     474       316 (66%)        0 (0%)           158 (33%)
    Recovery                       158       91 (57%)         67 (42%)         0 (0%)
    Removal                        158       158 (100%)       0 (0%)           0 (0%)
    Setup                          474       223 (47%)        251 (52%)        0 (0%)
    -------------------------------------------------------------------------------------------
