###############################################################
#  Generated by:      Cadence Tempus 20.10-p003_1
#  OS:                Linux x86_64(Host ID edatools-server2.iiitd.edu.in)
#  Generated on:      Tue Nov 18 16:56:54 2025
#  Design:            HA
#  Command:           report_timing -early -max_paths 30 -nworst 30 -path_type full_clock -net > $report_dir/gba_hold.rpt
###############################################################
Path 1: MET Hold Check with Pin u_door_lock/lock_status_reg[0]/CK 
Endpoint:   u_door_lock/lock_status_reg[0]/SI (v) checked with  leading edge of 'clk'
Beginpoint: u_door_lock/door_locked_reg/Q     (v) triggered by  leading edge of 'clk'
Path Groups: {clk}
Other End Arrival Time          0.000
+ Hold                          0.061
+ Phase Shift                   0.000
+ Uncertainty                   0.150
= Required Time                 0.211
  Arrival Time                  0.341
  Slack Time                    0.130
     Clock Rise Edge                      0.000
     = Beginpoint Arrival Time            0.000
     Timing Path:
      ---------------------------------------------------------------------------------------------
      Pin                                Edge  Net              Cell       Delay  Arrival  Required  
                                                                                  Time     Time  
      ---------------------------------------------------------------------------------------------
      clk                                ^     clk              -          -      0.000    -0.130  
      u_door_lock/door_locked_reg/CK     ^     clk              SDFFRHQX1  0.000  0.000    -0.130  
      u_door_lock/door_locked_reg/Q      v     door_locked_int  SDFFRHQX1  0.341  0.341    0.211  
      u_door_lock/lock_status_reg[0]/SI  v     door_locked_int  SDFFRHQX1  0.000  0.341    0.211  
      ---------------------------------------------------------------------------------------------
     Clock Rise Edge                      0.000
     = Beginpoint Arrival Time            0.000
     Other End Path:
      ---------------------------------------------------------------------------------
      Pin                                Edge  Net  Cell       Delay  Arrival  Required  
                                                                      Time     Time  
      ---------------------------------------------------------------------------------
      clk                                ^     clk  -          -      0.000    0.130  
      u_door_lock/lock_status_reg[0]/CK  ^     clk  SDFFRHQX1  0.000  0.000    0.130  
      ---------------------------------------------------------------------------------
Path 2: MET Hold Check with Pin u_burglar/alarm_out_reg/CK 
Endpoint:   u_burglar/alarm_out_reg/SI   (v) checked with  leading edge of 'clk'
Beginpoint: u_appliances/lights_on_reg/Q (v) triggered by  leading edge of 'clk'
Path Groups: {clk}
Other End Arrival Time          0.000
+ Hold                          0.061
+ Phase Shift                   0.000
+ Uncertainty                   0.150
= Required Time                 0.211
  Arrival Time                  0.341
  Slack Time                    0.130
     Clock Rise Edge                      0.000
     = Beginpoint Arrival Time            0.000
     Timing Path:
      ---------------------------------------------------------------------------------------
      Pin                            Edge  Net            Cell       Delay  Arrival  Required  
                                                                            Time     Time  
      ---------------------------------------------------------------------------------------
      clk                            ^     clk            -          -      0.000    -0.130  
      u_appliances/lights_on_reg/CK  ^     clk            SDFFRHQX1  0.000  0.000    -0.130  
      u_appliances/lights_on_reg/Q   v     lights_on_int  SDFFRHQX1  0.341  0.341    0.211  
      u_burglar/alarm_out_reg/SI     v     lights_on_int  SDFFRHQX1  0.000  0.341    0.211  
      ---------------------------------------------------------------------------------------
     Clock Rise Edge                      0.000
     = Beginpoint Arrival Time            0.000
     Other End Path:
      --------------------------------------------------------------------------
      Pin                         Edge  Net  Cell       Delay  Arrival  Required  
                                                               Time     Time  
      --------------------------------------------------------------------------
      clk                         ^     clk  -          -      0.000    0.130  
      u_burglar/alarm_out_reg/CK  ^     clk  SDFFRHQX1  0.000  0.000    0.130  
      --------------------------------------------------------------------------
Path 3: MET Hold Check with Pin u_appliances/lights_on_reg/CK 
Endpoint:   u_appliances/lights_on_reg/SI (v) checked with  leading edge of 'clk'
Beginpoint: u_appliances/fan_on_reg/Q     (v) triggered by  leading edge of 'clk'
Path Groups: {clk}
Other End Arrival Time          0.000
+ Hold                          0.061
+ Phase Shift                   0.000
+ Uncertainty                   0.150
= Required Time                 0.211
  Arrival Time                  0.341
  Slack Time                    0.130
     Clock Rise Edge                      0.000
     = Beginpoint Arrival Time            0.000
     Timing Path:
      ------------------------------------------------------------------------------------
      Pin                            Edge  Net         Cell       Delay  Arrival  Required  
                                                                         Time     Time  
      ------------------------------------------------------------------------------------
      clk                            ^     clk         -          -      0.000    -0.130  
      u_appliances/fan_on_reg/CK     ^     clk         SDFFRHQX1  0.000  0.000    -0.130  
      u_appliances/fan_on_reg/Q      v     fan_on_int  SDFFRHQX1  0.341  0.341    0.211  
      u_appliances/lights_on_reg/SI  v     fan_on_int  SDFFRHQX1  0.000  0.341    0.211  
      ------------------------------------------------------------------------------------
     Clock Rise Edge                      0.000
     = Beginpoint Arrival Time            0.000
     Other End Path:
      -----------------------------------------------------------------------------
      Pin                            Edge  Net  Cell       Delay  Arrival  Required  
                                                                  Time     Time  
      -----------------------------------------------------------------------------
      clk                            ^     clk  -          -      0.000    0.130  
      u_appliances/lights_on_reg/CK  ^     clk  SDFFRHQX1  0.000  0.000    0.130  
      -----------------------------------------------------------------------------
Path 4: MET Hold Check with Pin u_appliances/fan_on_reg/CK 
Endpoint:   u_appliances/fan_on_reg/SI (v) checked with  leading edge of 'clk'
Beginpoint: u_appliances/ac_on_reg/Q   (v) triggered by  leading edge of 'clk'
Path Groups: {clk}
Other End Arrival Time          0.000
+ Hold                          0.061
+ Phase Shift                   0.000
+ Uncertainty                   0.150
= Required Time                 0.211
  Arrival Time                  0.341
  Slack Time                    0.130
     Clock Rise Edge                      0.000
     = Beginpoint Arrival Time            0.000
     Timing Path:
      --------------------------------------------------------------------------------
      Pin                         Edge  Net        Cell       Delay  Arrival  Required  
                                                                     Time     Time  
      --------------------------------------------------------------------------------
      clk                         ^     clk        -          -      0.000    -0.130  
      u_appliances/ac_on_reg/CK   ^     clk        SDFFRHQX1  0.000  0.000    -0.130  
      u_appliances/ac_on_reg/Q    v     ac_on_int  SDFFRHQX1  0.341  0.341    0.211  
      u_appliances/fan_on_reg/SI  v     ac_on_int  SDFFRHQX1  0.000  0.341    0.211  
      --------------------------------------------------------------------------------
     Clock Rise Edge                      0.000
     = Beginpoint Arrival Time            0.000
     Other End Path:
      --------------------------------------------------------------------------
      Pin                         Edge  Net  Cell       Delay  Arrival  Required  
                                                               Time     Time  
      --------------------------------------------------------------------------
      clk                         ^     clk  -          -      0.000    0.130  
      u_appliances/fan_on_reg/CK  ^     clk  SDFFRHQX1  0.000  0.000    0.130  
      --------------------------------------------------------------------------
Path 5: MET Hold Check with Pin u_visitor/exit_prev_reg/CK 
Endpoint:   u_visitor/exit_prev_reg/SI (v) checked with  leading edge of 'clk'
Beginpoint: u_visitor/entry_prev_reg/Q (v) triggered by  leading edge of 'clk'
Path Groups: {clk}
Other End Arrival Time          0.000
+ Hold                          0.061
+ Phase Shift                   0.000
+ Uncertainty                   0.150
= Required Time                 0.211
  Arrival Time                  0.341
  Slack Time                    0.130
     Clock Rise Edge                      0.000
     = Beginpoint Arrival Time            0.000
     Timing Path:
      --------------------------------------------------------------------------------------------
      Pin                          Edge  Net                   Cell       Delay  Arrival  Required  
                                                                                 Time     Time  
      --------------------------------------------------------------------------------------------
      clk                          ^     clk                   -          -      0.000    -0.130  
      u_visitor/entry_prev_reg/CK  ^     clk                   SDFFRHQX1  0.000  0.000    -0.130  
      u_visitor/entry_prev_reg/Q   v     u_visitor/entry_prev  SDFFRHQX1  0.341  0.341    0.211  
      u_visitor/exit_prev_reg/SI   v     u_visitor/entry_prev  SDFFRHQX1  0.000  0.341    0.211  
      --------------------------------------------------------------------------------------------
     Clock Rise Edge                      0.000
     = Beginpoint Arrival Time            0.000
     Other End Path:
      --------------------------------------------------------------------------
      Pin                         Edge  Net  Cell       Delay  Arrival  Required  
                                                               Time     Time  
      --------------------------------------------------------------------------
      clk                         ^     clk  -          -      0.000    0.130  
      u_visitor/exit_prev_reg/CK  ^     clk  SDFFRHQX1  0.000  0.000    0.130  
      --------------------------------------------------------------------------
Path 6: MET Hold Check with Pin tv_on_r_reg/CK 
Endpoint:   tv_on_r_reg/D               (v) checked with  leading edge of 'clk'
Beginpoint: u_entertainment/tv_on_reg/Q (v) triggered by  leading edge of 'clk'
Path Groups: {clk}
Other End Arrival Time          0.000
+ Hold                          0.066
+ Phase Shift                   0.000
+ Uncertainty                   0.150
= Required Time                 0.216
  Arrival Time                  0.347
  Slack Time                    0.130
     Clock Rise Edge                      0.000
     = Beginpoint Arrival Time            0.000
     Timing Path:
      ----------------------------------------------------------------------------------
      Pin                           Edge  Net        Cell       Delay  Arrival  Required  
                                                                       Time     Time  
      ----------------------------------------------------------------------------------
      clk                           ^     clk        -          -      0.000    -0.130  
      u_entertainment/tv_on_reg/CK  ^     clk        SDFFRHQX1  0.000  0.000    -0.130  
      u_entertainment/tv_on_reg/Q   v     tv_on_int  SDFFRHQX1  0.347  0.347    0.216  
      tv_on_r_reg/D                 v     tv_on_int  SDFFRHQX8  0.000  0.347    0.216  
      ----------------------------------------------------------------------------------
     Clock Rise Edge                      0.000
     = Beginpoint Arrival Time            0.000
     Other End Path:
      --------------------------------------------------------------
      Pin             Edge  Net  Cell       Delay  Arrival  Required  
                                                   Time     Time  
      --------------------------------------------------------------
      clk             ^     clk  -          -      0.000    0.130  
      tv_on_r_reg/CK  ^     clk  SDFFRHQX8  0.000  0.000    0.130  
      --------------------------------------------------------------
Path 7: MET Hold Check with Pin u_entertainment/volume_level_reg[0]/CK 
Endpoint:   u_entertainment/volume_level_reg[0]/SI (v) checked with  leading edge of 'clk'
Beginpoint: u_entertainment/tv_on_reg/Q            (v) triggered by  leading edge of 'clk'
Path Groups: {clk}
Other End Arrival Time          0.000
+ Hold                          0.066
+ Phase Shift                   0.000
+ Uncertainty                   0.150
= Required Time                 0.216
  Arrival Time                  0.347
  Slack Time                    0.130
     Clock Rise Edge                      0.000
     = Beginpoint Arrival Time            0.000
     Timing Path:
      --------------------------------------------------------------------------------------------
      Pin                                     Edge  Net        Cell       Delay  Arrival  Required  
                                                                                 Time     Time  
      --------------------------------------------------------------------------------------------
      clk                                     ^     clk        -          -      0.000    -0.130  
      u_entertainment/tv_on_reg/CK            ^     clk        SDFFRHQX1  0.000  0.000    -0.130  
      u_entertainment/tv_on_reg/Q             v     tv_on_int  SDFFRHQX1  0.347  0.347    0.216  
      u_entertainment/volume_level_reg[0]/SI  v     tv_on_int  SDFFSHQX1  0.000  0.347    0.216  
      --------------------------------------------------------------------------------------------
     Clock Rise Edge                      0.000
     = Beginpoint Arrival Time            0.000
     Other End Path:
      --------------------------------------------------------------------------------------
      Pin                                     Edge  Net  Cell       Delay  Arrival  Required  
                                                                           Time     Time  
      --------------------------------------------------------------------------------------
      clk                                     ^     clk  -          -      0.000    0.130  
      u_entertainment/volume_level_reg[0]/CK  ^     clk  SDFFSHQX1  0.000  0.000    0.130  
      --------------------------------------------------------------------------------------
Path 8: MET Hold Check with Pin led_brightness_r_reg[1]/CK 
Endpoint:   led_brightness_r_reg[1]/D          (v) checked with  leading edge of 'clk'
Beginpoint: u_lum_ctrl/led_brightness_reg[1]/Q (v) triggered by  leading edge of 'clk'
Path Groups: {clk}
Other End Arrival Time          0.000
+ Hold                          0.066
+ Phase Shift                   0.000
+ Uncertainty                   0.150
= Required Time                 0.216
  Arrival Time                  0.347
  Slack Time                    0.131
     Clock Rise Edge                      0.000
     = Beginpoint Arrival Time            0.000
     Timing Path:
      -----------------------------------------------------------------------------------------------------
      Pin                                  Edge  Net                    Cell       Delay  Arrival  Required  
                                                                                          Time     Time  
      -----------------------------------------------------------------------------------------------------
      clk                                  ^     clk                    -          -      0.000    -0.131  
      u_lum_ctrl/led_brightness_reg[1]/CK  ^     clk                    SDFFRHQX1  0.000  0.000    -0.131  
      u_lum_ctrl/led_brightness_reg[1]/Q   v     led_brightness_int[1]  SDFFRHQX1  0.347  0.347    0.216  
      led_brightness_r_reg[1]/D            v     led_brightness_int[1]  SDFFRHQX8  0.000  0.347    0.216  
      -----------------------------------------------------------------------------------------------------
     Clock Rise Edge                      0.000
     = Beginpoint Arrival Time            0.000
     Other End Path:
      --------------------------------------------------------------------------
      Pin                         Edge  Net  Cell       Delay  Arrival  Required  
                                                               Time     Time  
      --------------------------------------------------------------------------
      clk                         ^     clk  -          -      0.000    0.131  
      led_brightness_r_reg[1]/CK  ^     clk  SDFFRHQX8  0.000  0.000    0.131  
      --------------------------------------------------------------------------
Path 9: MET Hold Check with Pin dehumidifier_on_r_reg/CK 
Endpoint:   dehumidifier_on_r_reg/D          (v) checked with  leading edge of 'clk'
Beginpoint: u_humidity/dehumidifier_on_reg/Q (v) triggered by  leading edge of 'clk'
Path Groups: {clk}
Other End Arrival Time          0.000
+ Hold                          0.066
+ Phase Shift                   0.000
+ Uncertainty                   0.150
= Required Time                 0.216
  Arrival Time                  0.347
  Slack Time                    0.131
     Clock Rise Edge                      0.000
     = Beginpoint Arrival Time            0.000
     Timing Path:
      -------------------------------------------------------------------------------------------------
      Pin                                Edge  Net                  Cell       Delay  Arrival  Required  
                                                                                      Time     Time  
      -------------------------------------------------------------------------------------------------
      clk                                ^     clk                  -          -      0.000    -0.131  
      u_humidity/dehumidifier_on_reg/CK  ^     clk                  SDFFRHQX1  0.000  0.000    -0.131  
      u_humidity/dehumidifier_on_reg/Q   v     dehumidifier_on_int  SDFFRHQX1  0.347  0.347    0.216  
      dehumidifier_on_r_reg/D            v     dehumidifier_on_int  SDFFRHQX8  0.000  0.347    0.216  
      -------------------------------------------------------------------------------------------------
     Clock Rise Edge                      0.000
     = Beginpoint Arrival Time            0.000
     Other End Path:
      ------------------------------------------------------------------------
      Pin                       Edge  Net  Cell       Delay  Arrival  Required  
                                                             Time     Time  
      ------------------------------------------------------------------------
      clk                       ^     clk  -          -      0.000    0.131  
      dehumidifier_on_r_reg/CK  ^     clk  SDFFRHQX8  0.000  0.000    0.131  
      ------------------------------------------------------------------------
Path 10: MET Hold Check with Pin humidifier_on_r_reg/CK 
Endpoint:   humidifier_on_r_reg/D          (v) checked with  leading edge of 'clk'
Beginpoint: u_humidity/humidifier_on_reg/Q (v) triggered by  leading edge of 'clk'
Path Groups: {clk}
Other End Arrival Time          0.000
+ Hold                          0.066
+ Phase Shift                   0.000
+ Uncertainty                   0.150
= Required Time                 0.216
  Arrival Time                  0.347
  Slack Time                    0.131
     Clock Rise Edge                      0.000
     = Beginpoint Arrival Time            0.000
     Timing Path:
      ---------------------------------------------------------------------------------------------
      Pin                              Edge  Net                Cell       Delay  Arrival  Required  
                                                                                  Time     Time  
      ---------------------------------------------------------------------------------------------
      clk                              ^     clk                -          -      0.000    -0.131  
      u_humidity/humidifier_on_reg/CK  ^     clk                SDFFRHQX1  0.000  0.000    -0.131  
      u_humidity/humidifier_on_reg/Q   v     humidifier_on_int  SDFFRHQX1  0.347  0.347    0.216  
      humidifier_on_r_reg/D            v     humidifier_on_int  SDFFRHQX8  0.000  0.347    0.216  
      ---------------------------------------------------------------------------------------------
     Clock Rise Edge                      0.000
     = Beginpoint Arrival Time            0.000
     Other End Path:
      ----------------------------------------------------------------------
      Pin                     Edge  Net  Cell       Delay  Arrival  Required  
                                                           Time     Time  
      ----------------------------------------------------------------------
      clk                     ^     clk  -          -      0.000    0.131  
      humidifier_on_r_reg/CK  ^     clk  SDFFRHQX8  0.000  0.000    0.131  
      ----------------------------------------------------------------------
Path 11: MET Hold Check with Pin led_brightness_r_reg[3]/CK 
Endpoint:   led_brightness_r_reg[3]/D          (v) checked with  leading edge of 'clk'
Beginpoint: u_lum_ctrl/led_brightness_reg[3]/Q (v) triggered by  leading edge of 'clk'
Path Groups: {clk}
Other End Arrival Time          0.000
+ Hold                          0.066
+ Phase Shift                   0.000
+ Uncertainty                   0.150
= Required Time                 0.216
  Arrival Time                  0.347
  Slack Time                    0.131
     Clock Rise Edge                      0.000
     = Beginpoint Arrival Time            0.000
     Timing Path:
      -----------------------------------------------------------------------------------------------------
      Pin                                  Edge  Net                    Cell       Delay  Arrival  Required  
                                                                                          Time     Time  
      -----------------------------------------------------------------------------------------------------
      clk                                  ^     clk                    -          -      0.000    -0.131  
      u_lum_ctrl/led_brightness_reg[3]/CK  ^     clk                    SDFFRHQX1  0.000  0.000    -0.131  
      u_lum_ctrl/led_brightness_reg[3]/Q   v     led_brightness_int[3]  SDFFRHQX1  0.347  0.347    0.216  
      led_brightness_r_reg[3]/D            v     led_brightness_int[3]  SDFFRHQX8  0.000  0.347    0.216  
      -----------------------------------------------------------------------------------------------------
     Clock Rise Edge                      0.000
     = Beginpoint Arrival Time            0.000
     Other End Path:
      --------------------------------------------------------------------------
      Pin                         Edge  Net  Cell       Delay  Arrival  Required  
                                                               Time     Time  
      --------------------------------------------------------------------------
      clk                         ^     clk  -          -      0.000    0.131  
      led_brightness_r_reg[3]/CK  ^     clk  SDFFRHQX8  0.000  0.000    0.131  
      --------------------------------------------------------------------------
Path 12: MET Hold Check with Pin led_brightness_r_reg[7]/CK 
Endpoint:   led_brightness_r_reg[7]/D          (v) checked with  leading edge of 'clk'
Beginpoint: u_lum_ctrl/led_brightness_reg[7]/Q (v) triggered by  leading edge of 'clk'
Path Groups: {clk}
Other End Arrival Time          0.000
+ Hold                          0.066
+ Phase Shift                   0.000
+ Uncertainty                   0.150
= Required Time                 0.216
  Arrival Time                  0.347
  Slack Time                    0.131
     Clock Rise Edge                      0.000
     = Beginpoint Arrival Time            0.000
     Timing Path:
      -----------------------------------------------------------------------------------------------------
      Pin                                  Edge  Net                    Cell       Delay  Arrival  Required  
                                                                                          Time     Time  
      -----------------------------------------------------------------------------------------------------
      clk                                  ^     clk                    -          -      0.000    -0.131  
      u_lum_ctrl/led_brightness_reg[7]/CK  ^     clk                    SDFFRHQX1  0.000  0.000    -0.131  
      u_lum_ctrl/led_brightness_reg[7]/Q   v     led_brightness_int[7]  SDFFRHQX1  0.347  0.347    0.216  
      led_brightness_r_reg[7]/D            v     led_brightness_int[7]  SDFFRHQX8  0.000  0.347    0.216  
      -----------------------------------------------------------------------------------------------------
     Clock Rise Edge                      0.000
     = Beginpoint Arrival Time            0.000
     Other End Path:
      --------------------------------------------------------------------------
      Pin                         Edge  Net  Cell       Delay  Arrival  Required  
                                                               Time     Time  
      --------------------------------------------------------------------------
      clk                         ^     clk  -          -      0.000    0.131  
      led_brightness_r_reg[7]/CK  ^     clk  SDFFRHQX8  0.000  0.000    0.131  
      --------------------------------------------------------------------------
Path 13: MET Hold Check with Pin led_brightness_r_reg[2]/CK 
Endpoint:   led_brightness_r_reg[2]/D          (v) checked with  leading edge of 'clk'
Beginpoint: u_lum_ctrl/led_brightness_reg[2]/Q (v) triggered by  leading edge of 'clk'
Path Groups: {clk}
Other End Arrival Time          0.000
+ Hold                          0.066
+ Phase Shift                   0.000
+ Uncertainty                   0.150
= Required Time                 0.216
  Arrival Time                  0.347
  Slack Time                    0.131
     Clock Rise Edge                      0.000
     = Beginpoint Arrival Time            0.000
     Timing Path:
      -----------------------------------------------------------------------------------------------------
      Pin                                  Edge  Net                    Cell       Delay  Arrival  Required  
                                                                                          Time     Time  
      -----------------------------------------------------------------------------------------------------
      clk                                  ^     clk                    -          -      0.000    -0.131  
      u_lum_ctrl/led_brightness_reg[2]/CK  ^     clk                    SDFFRHQX1  0.000  0.000    -0.131  
      u_lum_ctrl/led_brightness_reg[2]/Q   v     led_brightness_int[2]  SDFFRHQX1  0.347  0.347    0.216  
      led_brightness_r_reg[2]/D            v     led_brightness_int[2]  SDFFRHQX8  0.000  0.347    0.216  
      -----------------------------------------------------------------------------------------------------
     Clock Rise Edge                      0.000
     = Beginpoint Arrival Time            0.000
     Other End Path:
      --------------------------------------------------------------------------
      Pin                         Edge  Net  Cell       Delay  Arrival  Required  
                                                               Time     Time  
      --------------------------------------------------------------------------
      clk                         ^     clk  -          -      0.000    0.131  
      led_brightness_r_reg[2]/CK  ^     clk  SDFFRHQX8  0.000  0.000    0.131  
      --------------------------------------------------------------------------
Path 14: MET Hold Check with Pin music_on_r_reg/CK 
Endpoint:   music_on_r_reg/D               (v) checked with  leading edge of 'clk'
Beginpoint: u_entertainment/music_on_reg/Q (v) triggered by  leading edge of 'clk'
Path Groups: {clk}
Other End Arrival Time          0.000
+ Hold                          0.066
+ Phase Shift                   0.000
+ Uncertainty                   0.150
= Required Time                 0.216
  Arrival Time                  0.347
  Slack Time                    0.131
     Clock Rise Edge                      0.000
     = Beginpoint Arrival Time            0.000
     Timing Path:
      ----------------------------------------------------------------------------------------
      Pin                              Edge  Net           Cell       Delay  Arrival  Required  
                                                                             Time     Time  
      ----------------------------------------------------------------------------------------
      clk                              ^     clk           -          -      0.000    -0.131  
      u_entertainment/music_on_reg/CK  ^     clk           SDFFRHQX1  0.000  0.000    -0.131  
      u_entertainment/music_on_reg/Q   v     music_on_int  SDFFRHQX1  0.347  0.347    0.216  
      music_on_r_reg/D                 v     music_on_int  SDFFRHQX8  0.000  0.347    0.216  
      ----------------------------------------------------------------------------------------
     Clock Rise Edge                      0.000
     = Beginpoint Arrival Time            0.000
     Other End Path:
      -----------------------------------------------------------------
      Pin                Edge  Net  Cell       Delay  Arrival  Required  
                                                      Time     Time  
      -----------------------------------------------------------------
      clk                ^     clk  -          -      0.000    0.131  
      music_on_r_reg/CK  ^     clk  SDFFRHQX8  0.000  0.000    0.131  
      -----------------------------------------------------------------
Path 15: MET Hold Check with Pin water_valve_close_r_reg/CK 
Endpoint:   water_valve_close_r_reg/D      (v) checked with  leading edge of 'clk'
Beginpoint: u_water_ctrl/valve_close_reg/Q (v) triggered by  leading edge of 'clk'
Path Groups: {clk}
Other End Arrival Time          0.000
+ Hold                          0.066
+ Phase Shift                   0.000
+ Uncertainty                   0.150
= Required Time                 0.216
  Arrival Time                  0.347
  Slack Time                    0.131
     Clock Rise Edge                      0.000
     = Beginpoint Arrival Time            0.000
     Timing Path:
      -------------------------------------------------------------------------------------------------
      Pin                              Edge  Net                    Cell       Delay  Arrival  Required  
                                                                                      Time     Time  
      -------------------------------------------------------------------------------------------------
      clk                              ^     clk                    -          -      0.000    -0.131  
      u_water_ctrl/valve_close_reg/CK  ^     clk                    SDFFRHQX1  0.000  0.000    -0.131  
      u_water_ctrl/valve_close_reg/Q   v     water_valve_close_int  SDFFRHQX1  0.347  0.347    0.216  
      water_valve_close_r_reg/D        v     water_valve_close_int  SDFFRHQX8  0.000  0.347    0.216  
      -------------------------------------------------------------------------------------------------
     Clock Rise Edge                      0.000
     = Beginpoint Arrival Time            0.000
     Other End Path:
      --------------------------------------------------------------------------
      Pin                         Edge  Net  Cell       Delay  Arrival  Required  
                                                               Time     Time  
      --------------------------------------------------------------------------
      clk                         ^     clk  -          -      0.000    0.131  
      water_valve_close_r_reg/CK  ^     clk  SDFFRHQX8  0.000  0.000    0.131  
      --------------------------------------------------------------------------
Path 16: MET Hold Check with Pin u_window/window_state_reg[0]/CK 
Endpoint:   u_window/window_state_reg[0]/SI (v) checked with  leading edge of 'clk'
Beginpoint: u_water_ctrl/valve_close_reg/Q  (v) triggered by  leading edge of 'clk'
Path Groups: {clk}
Other End Arrival Time          0.000
+ Hold                          0.066
+ Phase Shift                   0.000
+ Uncertainty                   0.150
= Required Time                 0.216
  Arrival Time                  0.347
  Slack Time                    0.131
     Clock Rise Edge                      0.000
     = Beginpoint Arrival Time            0.000
     Timing Path:
      -------------------------------------------------------------------------------------------------
      Pin                              Edge  Net                    Cell       Delay  Arrival  Required  
                                                                                      Time     Time  
      -------------------------------------------------------------------------------------------------
      clk                              ^     clk                    -          -      0.000    -0.131  
      u_water_ctrl/valve_close_reg/CK  ^     clk                    SDFFRHQX1  0.000  0.000    -0.131  
      u_water_ctrl/valve_close_reg/Q   v     water_valve_close_int  SDFFRHQX1  0.347  0.347    0.216  
      u_window/window_state_reg[0]/SI  v     water_valve_close_int  SDFFRHQX1  0.000  0.347    0.216  
      -------------------------------------------------------------------------------------------------
     Clock Rise Edge                      0.000
     = Beginpoint Arrival Time            0.000
     Other End Path:
      -------------------------------------------------------------------------------
      Pin                              Edge  Net  Cell       Delay  Arrival  Required  
                                                                    Time     Time  
      -------------------------------------------------------------------------------
      clk                              ^     clk  -          -      0.000    0.131  
      u_window/window_state_reg[0]/CK  ^     clk  SDFFRHQX1  0.000  0.000    0.131  
      -------------------------------------------------------------------------------
Path 17: MET Hold Check with Pin u_water_ctrl/pump_on_reg/CK 
Endpoint:   u_water_ctrl/pump_on_reg/SI (v) checked with  leading edge of 'clk'
Beginpoint: u_visitor/exit_prev_reg/Q   (v) triggered by  leading edge of 'clk'
Path Groups: {clk}
Other End Arrival Time          0.000
+ Hold                          0.066
+ Phase Shift                   0.000
+ Uncertainty                   0.150
= Required Time                 0.216
  Arrival Time                  0.347
  Slack Time                    0.131
     Clock Rise Edge                      0.000
     = Beginpoint Arrival Time            0.000
     Timing Path:
      ----------------------------------------------------------------------------
      Pin                          Edge  Net   Cell       Delay  Arrival  Required  
                                                                 Time     Time  
      ----------------------------------------------------------------------------
      clk                          ^     clk   -          -      0.000    -0.131  
      u_visitor/exit_prev_reg/CK   ^     clk   SDFFRHQX1  0.000  0.000    -0.131  
      u_visitor/exit_prev_reg/Q    v     n_91  SDFFRHQX1  0.347  0.347    0.216  
      u_water_ctrl/pump_on_reg/SI  v     n_91  SDFFRHQX1  0.000  0.347    0.216  
      ----------------------------------------------------------------------------
     Clock Rise Edge                      0.000
     = Beginpoint Arrival Time            0.000
     Other End Path:
      ---------------------------------------------------------------------------
      Pin                          Edge  Net  Cell       Delay  Arrival  Required  
                                                                Time     Time  
      ---------------------------------------------------------------------------
      clk                          ^     clk  -          -      0.000    0.131  
      u_water_ctrl/pump_on_reg/CK  ^     clk  SDFFRHQX1  0.000  0.000    0.131  
      ---------------------------------------------------------------------------
Path 18: MET Hold Check with Pin u_temp_ctrl/cooler_on_reg/CK 
Endpoint:   u_temp_ctrl/cooler_on_reg/SI       (v) checked with  leading edge of 'clk'
Beginpoint: u_lum_ctrl/led_brightness_reg[7]/Q (v) triggered by  leading edge of 'clk'
Path Groups: {clk}
Other End Arrival Time          0.000
+ Hold                          0.066
+ Phase Shift                   0.000
+ Uncertainty                   0.150
= Required Time                 0.216
  Arrival Time                  0.347
  Slack Time                    0.131
     Clock Rise Edge                      0.000
     = Beginpoint Arrival Time            0.000
     Timing Path:
      -----------------------------------------------------------------------------------------------------
      Pin                                  Edge  Net                    Cell       Delay  Arrival  Required  
                                                                                          Time     Time  
      -----------------------------------------------------------------------------------------------------
      clk                                  ^     clk                    -          -      0.000    -0.131  
      u_lum_ctrl/led_brightness_reg[7]/CK  ^     clk                    SDFFRHQX1  0.000  0.000    -0.131  
      u_lum_ctrl/led_brightness_reg[7]/Q   v     led_brightness_int[7]  SDFFRHQX1  0.347  0.347    0.216  
      u_temp_ctrl/cooler_on_reg/SI         v     led_brightness_int[7]  SDFFRHQX1  0.000  0.347    0.216  
      -----------------------------------------------------------------------------------------------------
     Clock Rise Edge                      0.000
     = Beginpoint Arrival Time            0.000
     Other End Path:
      ----------------------------------------------------------------------------
      Pin                           Edge  Net  Cell       Delay  Arrival  Required  
                                                                 Time     Time  
      ----------------------------------------------------------------------------
      clk                           ^     clk  -          -      0.000    0.131  
      u_temp_ctrl/cooler_on_reg/CK  ^     clk  SDFFRHQX1  0.000  0.000    0.131  
      ----------------------------------------------------------------------------
Path 19: MET Hold Check with Pin u_lum_ctrl/led_brightness_reg[1]/CK 
Endpoint:   u_lum_ctrl/led_brightness_reg[1]/SI (v) checked with  leading edge of 'clk'
Beginpoint: u_lum_ctrl/led_brightness_reg[0]/Q  (v) triggered by  leading edge of 'clk'
Path Groups: {clk}
Other End Arrival Time          0.000
+ Hold                          0.066
+ Phase Shift                   0.000
+ Uncertainty                   0.150
= Required Time                 0.216
  Arrival Time                  0.347
  Slack Time                    0.131
     Clock Rise Edge                      0.000
     = Beginpoint Arrival Time            0.000
     Timing Path:
      -----------------------------------------------------------------------------------------------------
      Pin                                  Edge  Net                    Cell       Delay  Arrival  Required  
                                                                                          Time     Time  
      -----------------------------------------------------------------------------------------------------
      clk                                  ^     clk                    -          -      0.000    -0.131  
      u_lum_ctrl/led_brightness_reg[0]/CK  ^     clk                    SDFFRHQX1  0.000  0.000    -0.131  
      u_lum_ctrl/led_brightness_reg[0]/Q   v     led_brightness_int[0]  SDFFRHQX1  0.347  0.347    0.216  
      u_lum_ctrl/led_brightness_reg[1]/SI  v     led_brightness_int[0]  SDFFRHQX1  0.000  0.347    0.216  
      -----------------------------------------------------------------------------------------------------
     Clock Rise Edge                      0.000
     = Beginpoint Arrival Time            0.000
     Other End Path:
      -----------------------------------------------------------------------------------
      Pin                                  Edge  Net  Cell       Delay  Arrival  Required  
                                                                        Time     Time  
      -----------------------------------------------------------------------------------
      clk                                  ^     clk  -          -      0.000    0.131  
      u_lum_ctrl/led_brightness_reg[1]/CK  ^     clk  SDFFRHQX1  0.000  0.000    0.131  
      -----------------------------------------------------------------------------------
Path 20: MET Hold Check with Pin u_lum_ctrl/led_brightness_reg[3]/CK 
Endpoint:   u_lum_ctrl/led_brightness_reg[3]/SI (v) checked with  leading edge of 'clk'
Beginpoint: u_lum_ctrl/led_brightness_reg[2]/Q  (v) triggered by  leading edge of 'clk'
Path Groups: {clk}
Other End Arrival Time          0.000
+ Hold                          0.066
+ Phase Shift                   0.000
+ Uncertainty                   0.150
= Required Time                 0.216
  Arrival Time                  0.347
  Slack Time                    0.131
     Clock Rise Edge                      0.000
     = Beginpoint Arrival Time            0.000
     Timing Path:
      -----------------------------------------------------------------------------------------------------
      Pin                                  Edge  Net                    Cell       Delay  Arrival  Required  
                                                                                          Time     Time  
      -----------------------------------------------------------------------------------------------------
      clk                                  ^     clk                    -          -      0.000    -0.131  
      u_lum_ctrl/led_brightness_reg[2]/CK  ^     clk                    SDFFRHQX1  0.000  0.000    -0.131  
      u_lum_ctrl/led_brightness_reg[2]/Q   v     led_brightness_int[2]  SDFFRHQX1  0.347  0.347    0.216  
      u_lum_ctrl/led_brightness_reg[3]/SI  v     led_brightness_int[2]  SDFFRHQX1  0.000  0.347    0.216  
      -----------------------------------------------------------------------------------------------------
     Clock Rise Edge                      0.000
     = Beginpoint Arrival Time            0.000
     Other End Path:
      -----------------------------------------------------------------------------------
      Pin                                  Edge  Net  Cell       Delay  Arrival  Required  
                                                                        Time     Time  
      -----------------------------------------------------------------------------------
      clk                                  ^     clk  -          -      0.000    0.131  
      u_lum_ctrl/led_brightness_reg[3]/CK  ^     clk  SDFFRHQX1  0.000  0.000    0.131  
      -----------------------------------------------------------------------------------
Path 21: MET Hold Check with Pin u_lum_ctrl/led_brightness_reg[5]/CK 
Endpoint:   u_lum_ctrl/led_brightness_reg[5]/SI (v) checked with  leading edge of 'clk'
Beginpoint: u_lum_ctrl/led_brightness_reg[4]/Q  (v) triggered by  leading edge of 'clk'
Path Groups: {clk}
Other End Arrival Time          0.000
+ Hold                          0.066
+ Phase Shift                   0.000
+ Uncertainty                   0.150
= Required Time                 0.216
  Arrival Time                  0.347
  Slack Time                    0.131
     Clock Rise Edge                      0.000
     = Beginpoint Arrival Time            0.000
     Timing Path:
      -----------------------------------------------------------------------------------------------------
      Pin                                  Edge  Net                    Cell       Delay  Arrival  Required  
                                                                                          Time     Time  
      -----------------------------------------------------------------------------------------------------
      clk                                  ^     clk                    -          -      0.000    -0.131  
      u_lum_ctrl/led_brightness_reg[4]/CK  ^     clk                    SDFFRHQX1  0.000  0.000    -0.131  
      u_lum_ctrl/led_brightness_reg[4]/Q   v     led_brightness_int[4]  SDFFRHQX1  0.347  0.347    0.216  
      u_lum_ctrl/led_brightness_reg[5]/SI  v     led_brightness_int[4]  SDFFRHQX1  0.000  0.347    0.216  
      -----------------------------------------------------------------------------------------------------
     Clock Rise Edge                      0.000
     = Beginpoint Arrival Time            0.000
     Other End Path:
      -----------------------------------------------------------------------------------
      Pin                                  Edge  Net  Cell       Delay  Arrival  Required  
                                                                        Time     Time  
      -----------------------------------------------------------------------------------
      clk                                  ^     clk  -          -      0.000    0.131  
      u_lum_ctrl/led_brightness_reg[5]/CK  ^     clk  SDFFRHQX1  0.000  0.000    0.131  
      -----------------------------------------------------------------------------------
Path 22: MET Hold Check with Pin u_lum_ctrl/led_brightness_reg[2]/CK 
Endpoint:   u_lum_ctrl/led_brightness_reg[2]/SI (v) checked with  leading edge of 'clk'
Beginpoint: u_lum_ctrl/led_brightness_reg[1]/Q  (v) triggered by  leading edge of 'clk'
Path Groups: {clk}
Other End Arrival Time          0.000
+ Hold                          0.066
+ Phase Shift                   0.000
+ Uncertainty                   0.150
= Required Time                 0.216
  Arrival Time                  0.347
  Slack Time                    0.131
     Clock Rise Edge                      0.000
     = Beginpoint Arrival Time            0.000
     Timing Path:
      -----------------------------------------------------------------------------------------------------
      Pin                                  Edge  Net                    Cell       Delay  Arrival  Required  
                                                                                          Time     Time  
      -----------------------------------------------------------------------------------------------------
      clk                                  ^     clk                    -          -      0.000    -0.131  
      u_lum_ctrl/led_brightness_reg[1]/CK  ^     clk                    SDFFRHQX1  0.000  0.000    -0.131  
      u_lum_ctrl/led_brightness_reg[1]/Q   v     led_brightness_int[1]  SDFFRHQX1  0.347  0.347    0.216  
      u_lum_ctrl/led_brightness_reg[2]/SI  v     led_brightness_int[1]  SDFFRHQX1  0.000  0.347    0.216  
      -----------------------------------------------------------------------------------------------------
     Clock Rise Edge                      0.000
     = Beginpoint Arrival Time            0.000
     Other End Path:
      -----------------------------------------------------------------------------------
      Pin                                  Edge  Net  Cell       Delay  Arrival  Required  
                                                                        Time     Time  
      -----------------------------------------------------------------------------------
      clk                                  ^     clk  -          -      0.000    0.131  
      u_lum_ctrl/led_brightness_reg[2]/CK  ^     clk  SDFFRHQX1  0.000  0.000    0.131  
      -----------------------------------------------------------------------------------
Path 23: MET Hold Check with Pin u_lum_ctrl/led_brightness_reg[0]/CK 
Endpoint:   u_lum_ctrl/led_brightness_reg[0]/SI (v) checked with  leading edge of 'clk'
Beginpoint: u_humidity/humidifier_on_reg/Q      (v) triggered by  leading edge of 'clk'
Path Groups: {clk}
Other End Arrival Time          0.000
+ Hold                          0.066
+ Phase Shift                   0.000
+ Uncertainty                   0.150
= Required Time                 0.216
  Arrival Time                  0.347
  Slack Time                    0.131
     Clock Rise Edge                      0.000
     = Beginpoint Arrival Time            0.000
     Timing Path:
      -------------------------------------------------------------------------------------------------
      Pin                                  Edge  Net                Cell       Delay  Arrival  Required  
                                                                                      Time     Time  
      -------------------------------------------------------------------------------------------------
      clk                                  ^     clk                -          -      0.000    -0.131  
      u_humidity/humidifier_on_reg/CK      ^     clk                SDFFRHQX1  0.000  0.000    -0.131  
      u_humidity/humidifier_on_reg/Q       v     humidifier_on_int  SDFFRHQX1  0.347  0.347    0.216  
      u_lum_ctrl/led_brightness_reg[0]/SI  v     humidifier_on_int  SDFFRHQX1  0.000  0.347    0.216  
      -------------------------------------------------------------------------------------------------
     Clock Rise Edge                      0.000
     = Beginpoint Arrival Time            0.000
     Other End Path:
      -----------------------------------------------------------------------------------
      Pin                                  Edge  Net  Cell       Delay  Arrival  Required  
                                                                        Time     Time  
      -----------------------------------------------------------------------------------
      clk                                  ^     clk  -          -      0.000    0.131  
      u_lum_ctrl/led_brightness_reg[0]/CK  ^     clk  SDFFRHQX1  0.000  0.000    0.131  
      -----------------------------------------------------------------------------------
Path 24: MET Hold Check with Pin u_lum_ctrl/led_brightness_reg[7]/CK 
Endpoint:   u_lum_ctrl/led_brightness_reg[7]/SI (v) checked with  leading edge of 'clk'
Beginpoint: u_lum_ctrl/led_brightness_reg[6]/Q  (v) triggered by  leading edge of 'clk'
Path Groups: {clk}
Other End Arrival Time          0.000
+ Hold                          0.066
+ Phase Shift                   0.000
+ Uncertainty                   0.150
= Required Time                 0.216
  Arrival Time                  0.347
  Slack Time                    0.131
     Clock Rise Edge                      0.000
     = Beginpoint Arrival Time            0.000
     Timing Path:
      -----------------------------------------------------------------------------------------------------
      Pin                                  Edge  Net                    Cell       Delay  Arrival  Required  
                                                                                          Time     Time  
      -----------------------------------------------------------------------------------------------------
      clk                                  ^     clk                    -          -      0.000    -0.131  
      u_lum_ctrl/led_brightness_reg[6]/CK  ^     clk                    SDFFRHQX1  0.000  0.000    -0.131  
      u_lum_ctrl/led_brightness_reg[6]/Q   v     led_brightness_int[6]  SDFFRHQX1  0.347  0.347    0.216  
      u_lum_ctrl/led_brightness_reg[7]/SI  v     led_brightness_int[6]  SDFFRHQX1  0.000  0.347    0.216  
      -----------------------------------------------------------------------------------------------------
     Clock Rise Edge                      0.000
     = Beginpoint Arrival Time            0.000
     Other End Path:
      -----------------------------------------------------------------------------------
      Pin                                  Edge  Net  Cell       Delay  Arrival  Required  
                                                                        Time     Time  
      -----------------------------------------------------------------------------------
      clk                                  ^     clk  -          -      0.000    0.131  
      u_lum_ctrl/led_brightness_reg[7]/CK  ^     clk  SDFFRHQX1  0.000  0.000    0.131  
      -----------------------------------------------------------------------------------
Path 25: MET Hold Check with Pin u_lum_ctrl/led_brightness_reg[6]/CK 
Endpoint:   u_lum_ctrl/led_brightness_reg[6]/SI (v) checked with  leading edge of 'clk'
Beginpoint: u_lum_ctrl/led_brightness_reg[5]/Q  (v) triggered by  leading edge of 'clk'
Path Groups: {clk}
Other End Arrival Time          0.000
+ Hold                          0.066
+ Phase Shift                   0.000
+ Uncertainty                   0.150
= Required Time                 0.216
  Arrival Time                  0.347
  Slack Time                    0.131
     Clock Rise Edge                      0.000
     = Beginpoint Arrival Time            0.000
     Timing Path:
      -----------------------------------------------------------------------------------------------------
      Pin                                  Edge  Net                    Cell       Delay  Arrival  Required  
                                                                                          Time     Time  
      -----------------------------------------------------------------------------------------------------
      clk                                  ^     clk                    -          -      0.000    -0.131  
      u_lum_ctrl/led_brightness_reg[5]/CK  ^     clk                    SDFFRHQX1  0.000  0.000    -0.131  
      u_lum_ctrl/led_brightness_reg[5]/Q   v     led_brightness_int[5]  SDFFRHQX1  0.347  0.347    0.216  
      u_lum_ctrl/led_brightness_reg[6]/SI  v     led_brightness_int[5]  SDFFRHQX1  0.000  0.347    0.216  
      -----------------------------------------------------------------------------------------------------
     Clock Rise Edge                      0.000
     = Beginpoint Arrival Time            0.000
     Other End Path:
      -----------------------------------------------------------------------------------
      Pin                                  Edge  Net  Cell       Delay  Arrival  Required  
                                                                        Time     Time  
      -----------------------------------------------------------------------------------
      clk                                  ^     clk  -          -      0.000    0.131  
      u_lum_ctrl/led_brightness_reg[6]/CK  ^     clk  SDFFRHQX1  0.000  0.000    0.131  
      -----------------------------------------------------------------------------------
Path 26: MET Hold Check with Pin u_lum_ctrl/led_brightness_reg[4]/CK 
Endpoint:   u_lum_ctrl/led_brightness_reg[4]/SI (v) checked with  leading edge of 'clk'
Beginpoint: u_lum_ctrl/led_brightness_reg[3]/Q  (v) triggered by  leading edge of 'clk'
Path Groups: {clk}
Other End Arrival Time          0.000
+ Hold                          0.066
+ Phase Shift                   0.000
+ Uncertainty                   0.150
= Required Time                 0.216
  Arrival Time                  0.347
  Slack Time                    0.131
     Clock Rise Edge                      0.000
     = Beginpoint Arrival Time            0.000
     Timing Path:
      -----------------------------------------------------------------------------------------------------
      Pin                                  Edge  Net                    Cell       Delay  Arrival  Required  
                                                                                          Time     Time  
      -----------------------------------------------------------------------------------------------------
      clk                                  ^     clk                    -          -      0.000    -0.131  
      u_lum_ctrl/led_brightness_reg[3]/CK  ^     clk                    SDFFRHQX1  0.000  0.000    -0.131  
      u_lum_ctrl/led_brightness_reg[3]/Q   v     led_brightness_int[3]  SDFFRHQX1  0.347  0.347    0.216  
      u_lum_ctrl/led_brightness_reg[4]/SI  v     led_brightness_int[3]  SDFFRHQX1  0.000  0.347    0.216  
      -----------------------------------------------------------------------------------------------------
     Clock Rise Edge                      0.000
     = Beginpoint Arrival Time            0.000
     Other End Path:
      -----------------------------------------------------------------------------------
      Pin                                  Edge  Net  Cell       Delay  Arrival  Required  
                                                                        Time     Time  
      -----------------------------------------------------------------------------------
      clk                                  ^     clk  -          -      0.000    0.131  
      u_lum_ctrl/led_brightness_reg[4]/CK  ^     clk  SDFFRHQX1  0.000  0.000    0.131  
      -----------------------------------------------------------------------------------
Path 27: MET Hold Check with Pin u_humidity/humidifier_on_reg/CK 
Endpoint:   u_humidity/humidifier_on_reg/SI  (v) checked with  leading edge of 'clk'
Beginpoint: u_humidity/dehumidifier_on_reg/Q (v) triggered by  leading edge of 'clk'
Path Groups: {clk}
Other End Arrival Time          0.000
+ Hold                          0.066
+ Phase Shift                   0.000
+ Uncertainty                   0.150
= Required Time                 0.216
  Arrival Time                  0.347
  Slack Time                    0.131
     Clock Rise Edge                      0.000
     = Beginpoint Arrival Time            0.000
     Timing Path:
      -------------------------------------------------------------------------------------------------
      Pin                                Edge  Net                  Cell       Delay  Arrival  Required  
                                                                                      Time     Time  
      -------------------------------------------------------------------------------------------------
      clk                                ^     clk                  -          -      0.000    -0.131  
      u_humidity/dehumidifier_on_reg/CK  ^     clk                  SDFFRHQX1  0.000  0.000    -0.131  
      u_humidity/dehumidifier_on_reg/Q   v     dehumidifier_on_int  SDFFRHQX1  0.347  0.347    0.216  
      u_humidity/humidifier_on_reg/SI    v     dehumidifier_on_int  SDFFRHQX1  0.000  0.347    0.216  
      -------------------------------------------------------------------------------------------------
     Clock Rise Edge                      0.000
     = Beginpoint Arrival Time            0.000
     Other End Path:
      -------------------------------------------------------------------------------
      Pin                              Edge  Net  Cell       Delay  Arrival  Required  
                                                                    Time     Time  
      -------------------------------------------------------------------------------
      clk                              ^     clk  -          -      0.000    0.131  
      u_humidity/humidifier_on_reg/CK  ^     clk  SDFFRHQX1  0.000  0.000    0.131  
      -------------------------------------------------------------------------------
Path 28: MET Hold Check with Pin u_entertainment/tv_on_reg/CK 
Endpoint:   u_entertainment/tv_on_reg/SI   (v) checked with  leading edge of 'clk'
Beginpoint: u_entertainment/music_on_reg/Q (v) triggered by  leading edge of 'clk'
Path Groups: {clk}
Other End Arrival Time          0.000
+ Hold                          0.066
+ Phase Shift                   0.000
+ Uncertainty                   0.150
= Required Time                 0.216
  Arrival Time                  0.347
  Slack Time                    0.131
     Clock Rise Edge                      0.000
     = Beginpoint Arrival Time            0.000
     Timing Path:
      ----------------------------------------------------------------------------------------
      Pin                              Edge  Net           Cell       Delay  Arrival  Required  
                                                                             Time     Time  
      ----------------------------------------------------------------------------------------
      clk                              ^     clk           -          -      0.000    -0.131  
      u_entertainment/music_on_reg/CK  ^     clk           SDFFRHQX1  0.000  0.000    -0.131  
      u_entertainment/music_on_reg/Q   v     music_on_int  SDFFRHQX1  0.347  0.347    0.216  
      u_entertainment/tv_on_reg/SI     v     music_on_int  SDFFRHQX1  0.000  0.347    0.216  
      ----------------------------------------------------------------------------------------
     Clock Rise Edge                      0.000
     = Beginpoint Arrival Time            0.000
     Other End Path:
      ----------------------------------------------------------------------------
      Pin                           Edge  Net  Cell       Delay  Arrival  Required  
                                                                 Time     Time  
      ----------------------------------------------------------------------------
      clk                           ^     clk  -          -      0.000    0.131  
      u_entertainment/tv_on_reg/CK  ^     clk  SDFFRHQX1  0.000  0.000    0.131  
      ----------------------------------------------------------------------------
Path 29: MET Hold Check with Pin u_door_lock/state_reg[0]/CK 
Endpoint:   u_door_lock/state_reg[0]/SI      (v) checked with  leading edge of 'clk'
Beginpoint: u_door_lock/lock_status_reg[1]/Q (v) triggered by  leading edge of 'clk'
Path Groups: {clk}
Other End Arrival Time          0.000
+ Hold                          0.066
+ Phase Shift                   0.000
+ Uncertainty                   0.150
= Required Time                 0.216
  Arrival Time                  0.347
  Slack Time                    0.131
     Clock Rise Edge                      0.000
     = Beginpoint Arrival Time            0.000
     Timing Path:
      ------------------------------------------------------------------------------------------------
      Pin                                Edge  Net                 Cell       Delay  Arrival  Required  
                                                                                     Time     Time  
      ------------------------------------------------------------------------------------------------
      clk                                ^     clk                 -          -      0.000    -0.131  
      u_door_lock/lock_status_reg[1]/CK  ^     clk                 SDFFRHQX1  0.000  0.000    -0.131  
      u_door_lock/lock_status_reg[1]/Q   v     lock_status_int[1]  SDFFRHQX1  0.347  0.347    0.216  
      u_door_lock/state_reg[0]/SI        v     lock_status_int[1]  SDFFRHQX1  0.000  0.347    0.216  
      ------------------------------------------------------------------------------------------------
     Clock Rise Edge                      0.000
     = Beginpoint Arrival Time            0.000
     Other End Path:
      ---------------------------------------------------------------------------
      Pin                          Edge  Net  Cell       Delay  Arrival  Required  
                                                                Time     Time  
      ---------------------------------------------------------------------------
      clk                          ^     clk  -          -      0.000    0.131  
      u_door_lock/state_reg[0]/CK  ^     clk  SDFFRHQX1  0.000  0.000    0.131  
      ---------------------------------------------------------------------------
Path 30: MET Hold Check with Pin u_door_lock/lock_status_reg[1]/CK 
Endpoint:   u_door_lock/lock_status_reg[1]/SI (v) checked with  leading edge of 'clk'
Beginpoint: u_door_lock/lock_status_reg[0]/Q  (v) triggered by  leading edge of 'clk'
Path Groups: {clk}
Other End Arrival Time          0.000
+ Hold                          0.066
+ Phase Shift                   0.000
+ Uncertainty                   0.150
= Required Time                 0.216
  Arrival Time                  0.347
  Slack Time                    0.131
     Clock Rise Edge                      0.000
     = Beginpoint Arrival Time            0.000
     Timing Path:
      ------------------------------------------------------------------------------------------------
      Pin                                Edge  Net                 Cell       Delay  Arrival  Required  
                                                                                     Time     Time  
      ------------------------------------------------------------------------------------------------
      clk                                ^     clk                 -          -      0.000    -0.131  
      u_door_lock/lock_status_reg[0]/CK  ^     clk                 SDFFRHQX1  0.000  0.000    -0.131  
      u_door_lock/lock_status_reg[0]/Q   v     lock_status_int[0]  SDFFRHQX1  0.347  0.347    0.216  
      u_door_lock/lock_status_reg[1]/SI  v     lock_status_int[0]  SDFFRHQX1  0.000  0.347    0.216  
      ------------------------------------------------------------------------------------------------
     Clock Rise Edge                      0.000
     = Beginpoint Arrival Time            0.000
     Other End Path:
      ---------------------------------------------------------------------------------
      Pin                                Edge  Net  Cell       Delay  Arrival  Required  
                                                                      Time     Time  
      ---------------------------------------------------------------------------------
      clk                                ^     clk  -          -      0.000    0.131  
      u_door_lock/lock_status_reg[1]/CK  ^     clk  SDFFRHQX1  0.000  0.000    0.131  
      ---------------------------------------------------------------------------------

