###############################################################
#  Generated by:      Cadence Tempus 20.10-p003_1
#  OS:                Linux x86_64(Host ID edatools-server2.iiitd.edu.in)
#  Generated on:      Tue Nov 18 16:56:54 2025
#  Design:            HA
#  Command:           report_timing -late -max_paths 30 -nworst 30 -path_type full_clock -net > $report_dir/gba_setup.rpt
###############################################################
Path 1: VIOLATED Setup Check with Pin u_humidity/dehumidifier_on_reg/CK 
Endpoint:   u_humidity/dehumidifier_on_reg/D (^) checked with  leading edge of 'clk'
Beginpoint: humidity_sensor_r_reg[1]/Q       (^) triggered by  leading edge of 'clk'
Path Groups: {clk}
Other End Arrival Time          0.000
- Setup                         0.260
+ Phase Shift                   1.800
- Uncertainty                   0.150
= Required Time                 1.390
- Arrival Time                  2.329
= Slack Time                   -0.939
     Clock Rise Edge                      0.000
     = Beginpoint Arrival Time            0.000
     Timing Path:
      -------------------------------------------------------------------------------------------
      Pin                               Edge  Net             Cell       Delay  Arrival  Required  
                                                                                Time     Time  
      -------------------------------------------------------------------------------------------
      clk                               ^     clk             -          -      0.000    -0.939  
      humidity_sensor_r_reg[1]/CK       ^     clk             SDFFRHQX4  0.000  0.000    -0.939  
      humidity_sensor_r_reg[1]/Q        ^     DFT_sdo_1       SDFFRHQX4  1.907  1.907    0.968  
      u_humidity/g206/A0                ^     DFT_sdo_1       OAI211X1   0.000  1.907    0.968  
      u_humidity/g206/Y                 v     u_humidity/n_1  OAI211X1   0.242  2.149    1.210  
      u_humidity/g202/A1                v     u_humidity/n_1  AOI21XL    0.000  2.149    1.210  
      u_humidity/g202/Y                 ^     u_humidity/n_5  AOI21XL    0.180  2.329    1.390  
      u_humidity/dehumidifier_on_reg/D  ^     u_humidity/n_5  SDFFRHQX1  0.000  2.329    1.390  
      -------------------------------------------------------------------------------------------
     Clock Rise Edge                      0.000
     = Beginpoint Arrival Time            0.000
     Other End Path:
      ---------------------------------------------------------------------------------
      Pin                                Edge  Net  Cell       Delay  Arrival  Required  
                                                                      Time     Time  
      ---------------------------------------------------------------------------------
      clk                                ^     clk  -          -      0.000    0.939  
      u_humidity/dehumidifier_on_reg/CK  ^     clk  SDFFRHQX1  0.000  0.000    0.939  
      ---------------------------------------------------------------------------------
Path 2: VIOLATED Setup Check with Pin u_humidity/dehumidifier_on_reg/CK 
Endpoint:   u_humidity/dehumidifier_on_reg/D (v) checked with  leading edge of 'clk'
Beginpoint: humidity_sensor_r_reg[1]/Q       (v) triggered by  leading edge of 'clk'
Path Groups: {clk}
Other End Arrival Time          0.000
- Setup                         0.175
+ Phase Shift                   1.800
- Uncertainty                   0.150
= Required Time                 1.475
- Arrival Time                  2.065
= Slack Time                   -0.590
     Clock Rise Edge                      0.000
     = Beginpoint Arrival Time            0.000
     Timing Path:
      -------------------------------------------------------------------------------------------
      Pin                               Edge  Net             Cell       Delay  Arrival  Required  
                                                                                Time     Time  
      -------------------------------------------------------------------------------------------
      clk                               ^     clk             -          -      0.000    -0.590  
      humidity_sensor_r_reg[1]/CK       ^     clk             SDFFRHQX4  0.000  0.000    -0.590  
      humidity_sensor_r_reg[1]/Q        v     DFT_sdo_1       SDFFRHQX4  1.619  1.619    1.029  
      u_humidity/g206/A0                v     DFT_sdo_1       OAI211X1   0.000  1.619    1.029  
      u_humidity/g206/Y                 ^     u_humidity/n_1  OAI211X1   0.288  1.907    1.317  
      u_humidity/g202/A1                ^     u_humidity/n_1  AOI21XL    0.000  1.907    1.317  
      u_humidity/g202/Y                 v     u_humidity/n_5  AOI21XL    0.158  2.065    1.475  
      u_humidity/dehumidifier_on_reg/D  v     u_humidity/n_5  SDFFRHQX1  0.000  2.065    1.475  
      -------------------------------------------------------------------------------------------
     Clock Rise Edge                      0.000
     = Beginpoint Arrival Time            0.000
     Other End Path:
      ---------------------------------------------------------------------------------
      Pin                                Edge  Net  Cell       Delay  Arrival  Required  
                                                                      Time     Time  
      ---------------------------------------------------------------------------------
      clk                                ^     clk  -          -      0.000    0.590  
      u_humidity/dehumidifier_on_reg/CK  ^     clk  SDFFRHQX1  0.000  0.000    0.590  
      ---------------------------------------------------------------------------------
Path 3: VIOLATED Setup Check with Pin u_entertainment/tv_on_reg/CK 
Endpoint:   u_entertainment/tv_on_reg/SE (v) checked with  leading edge of 'clk'
Beginpoint: scan_en                      (v) triggered by  leading edge of 'clk'
Path Groups: {clk}
Other End Arrival Time          0.000
- Setup                         0.293
+ Phase Shift                   1.800
- Uncertainty                   0.150
= Required Time                 1.357
- Arrival Time                  1.780
= Slack Time                   -0.423
     Clock Rise Edge                      0.000
     + Input Delay                        1.780
     = Beginpoint Arrival Time            1.780
     Timing Path:
      --------------------------------------------------------------------------------
      Pin                           Edge  Net      Cell       Delay  Arrival  Required  
                                                                     Time     Time  
      --------------------------------------------------------------------------------
      scan_en                       v     scan_en  -          -      1.780    1.357  
      u_entertainment/tv_on_reg/SE  v     scan_en  SDFFRHQX1  0.000  1.780    1.357  
      --------------------------------------------------------------------------------
     Clock Rise Edge                      0.000
     = Beginpoint Arrival Time            0.000
     Other End Path:
      ----------------------------------------------------------------------------
      Pin                           Edge  Net  Cell       Delay  Arrival  Required  
                                                                 Time     Time  
      ----------------------------------------------------------------------------
      clk                           ^     clk  -          -      0.000    0.423  
      u_entertainment/tv_on_reg/CK  ^     clk  SDFFRHQX1  0.000  0.000    0.423  
      ----------------------------------------------------------------------------
Path 4: VIOLATED Setup Check with Pin u_door_lock/attempt_counter_reg[2]/CK 
Endpoint:   u_door_lock/attempt_counter_reg[2]/SE (v) checked with  leading edge of 'clk'
Beginpoint: scan_en                               (v) triggered by  leading edge of 'clk'
Path Groups: {clk}
Other End Arrival Time          0.000
- Setup                         0.293
+ Phase Shift                   1.800
- Uncertainty                   0.150
= Required Time                 1.357
- Arrival Time                  1.780
= Slack Time                   -0.423
     Clock Rise Edge                      0.000
     + Input Delay                        1.780
     = Beginpoint Arrival Time            1.780
     Timing Path:
      -----------------------------------------------------------------------------------------
      Pin                                    Edge  Net      Cell       Delay  Arrival  Required  
                                                                              Time     Time  
      -----------------------------------------------------------------------------------------
      scan_en                                v     scan_en  -          -      1.780    1.357  
      u_door_lock/attempt_counter_reg[2]/SE  v     scan_en  SDFFRHQX1  0.000  1.780    1.357  
      -----------------------------------------------------------------------------------------
     Clock Rise Edge                      0.000
     = Beginpoint Arrival Time            0.000
     Other End Path:
      -------------------------------------------------------------------------------------
      Pin                                    Edge  Net  Cell       Delay  Arrival  Required  
                                                                          Time     Time  
      -------------------------------------------------------------------------------------
      clk                                    ^     clk  -          -      0.000    0.423  
      u_door_lock/attempt_counter_reg[2]/CK  ^     clk  SDFFRHQX1  0.000  0.000    0.423  
      -------------------------------------------------------------------------------------
Path 5: VIOLATED Setup Check with Pin u_door_lock/timeout_counter_reg[0]/CK 
Endpoint:   u_door_lock/timeout_counter_reg[0]/SE (v) checked with  leading edge of 'clk'
Beginpoint: scan_en                               (v) triggered by  leading edge of 'clk'
Path Groups: {clk}
Other End Arrival Time          0.000
- Setup                         0.293
+ Phase Shift                   1.800
- Uncertainty                   0.150
= Required Time                 1.357
- Arrival Time                  1.780
= Slack Time                   -0.423
     Clock Rise Edge                      0.000
     + Input Delay                        1.780
     = Beginpoint Arrival Time            1.780
     Timing Path:
      -----------------------------------------------------------------------------------------
      Pin                                    Edge  Net      Cell       Delay  Arrival  Required  
                                                                              Time     Time  
      -----------------------------------------------------------------------------------------
      scan_en                                v     scan_en  -          -      1.780    1.357  
      u_door_lock/timeout_counter_reg[0]/SE  v     scan_en  SDFFRHQX1  0.000  1.780    1.357  
      -----------------------------------------------------------------------------------------
     Clock Rise Edge                      0.000
     = Beginpoint Arrival Time            0.000
     Other End Path:
      -------------------------------------------------------------------------------------
      Pin                                    Edge  Net  Cell       Delay  Arrival  Required  
                                                                          Time     Time  
      -------------------------------------------------------------------------------------
      clk                                    ^     clk  -          -      0.000    0.423  
      u_door_lock/timeout_counter_reg[0]/CK  ^     clk  SDFFRHQX1  0.000  0.000    0.423  
      -------------------------------------------------------------------------------------
Path 6: VIOLATED Setup Check with Pin u_door_lock/state_reg[0]/CK 
Endpoint:   u_door_lock/state_reg[0]/SE (v) checked with  leading edge of 'clk'
Beginpoint: scan_en                     (v) triggered by  leading edge of 'clk'
Path Groups: {clk}
Other End Arrival Time          0.000
- Setup                         0.293
+ Phase Shift                   1.800
- Uncertainty                   0.150
= Required Time                 1.357
- Arrival Time                  1.780
= Slack Time                   -0.423
     Clock Rise Edge                      0.000
     + Input Delay                        1.780
     = Beginpoint Arrival Time            1.780
     Timing Path:
      -------------------------------------------------------------------------------
      Pin                          Edge  Net      Cell       Delay  Arrival  Required  
                                                                    Time     Time  
      -------------------------------------------------------------------------------
      scan_en                      v     scan_en  -          -      1.780    1.357  
      u_door_lock/state_reg[0]/SE  v     scan_en  SDFFRHQX1  0.000  1.780    1.357  
      -------------------------------------------------------------------------------
     Clock Rise Edge                      0.000
     = Beginpoint Arrival Time            0.000
     Other End Path:
      ---------------------------------------------------------------------------
      Pin                          Edge  Net  Cell       Delay  Arrival  Required  
                                                                Time     Time  
      ---------------------------------------------------------------------------
      clk                          ^     clk  -          -      0.000    0.423  
      u_door_lock/state_reg[0]/CK  ^     clk  SDFFRHQX1  0.000  0.000    0.423  
      ---------------------------------------------------------------------------
Path 7: VIOLATED Setup Check with Pin u_door_lock/state_reg[1]/CK 
Endpoint:   u_door_lock/state_reg[1]/SE (v) checked with  leading edge of 'clk'
Beginpoint: scan_en                     (v) triggered by  leading edge of 'clk'
Path Groups: {clk}
Other End Arrival Time          0.000
- Setup                         0.293
+ Phase Shift                   1.800
- Uncertainty                   0.150
= Required Time                 1.357
- Arrival Time                  1.780
= Slack Time                   -0.423
     Clock Rise Edge                      0.000
     + Input Delay                        1.780
     = Beginpoint Arrival Time            1.780
     Timing Path:
      -------------------------------------------------------------------------------
      Pin                          Edge  Net      Cell       Delay  Arrival  Required  
                                                                    Time     Time  
      -------------------------------------------------------------------------------
      scan_en                      v     scan_en  -          -      1.780    1.357  
      u_door_lock/state_reg[1]/SE  v     scan_en  SDFFRHQX1  0.000  1.780    1.357  
      -------------------------------------------------------------------------------
     Clock Rise Edge                      0.000
     = Beginpoint Arrival Time            0.000
     Other End Path:
      ---------------------------------------------------------------------------
      Pin                          Edge  Net  Cell       Delay  Arrival  Required  
                                                                Time     Time  
      ---------------------------------------------------------------------------
      clk                          ^     clk  -          -      0.000    0.423  
      u_door_lock/state_reg[1]/CK  ^     clk  SDFFRHQX1  0.000  0.000    0.423  
      ---------------------------------------------------------------------------
Path 8: VIOLATED Setup Check with Pin u_door_lock/timeout_counter_reg[2]/CK 
Endpoint:   u_door_lock/timeout_counter_reg[2]/SE (v) checked with  leading edge of 'clk'
Beginpoint: scan_en                               (v) triggered by  leading edge of 'clk'
Path Groups: {clk}
Other End Arrival Time          0.000
- Setup                         0.293
+ Phase Shift                   1.800
- Uncertainty                   0.150
= Required Time                 1.357
- Arrival Time                  1.780
= Slack Time                   -0.423
     Clock Rise Edge                      0.000
     + Input Delay                        1.780
     = Beginpoint Arrival Time            1.780
     Timing Path:
      -----------------------------------------------------------------------------------------
      Pin                                    Edge  Net      Cell       Delay  Arrival  Required  
                                                                              Time     Time  
      -----------------------------------------------------------------------------------------
      scan_en                                v     scan_en  -          -      1.780    1.357  
      u_door_lock/timeout_counter_reg[2]/SE  v     scan_en  SDFFRHQX1  0.000  1.780    1.357  
      -----------------------------------------------------------------------------------------
     Clock Rise Edge                      0.000
     = Beginpoint Arrival Time            0.000
     Other End Path:
      -------------------------------------------------------------------------------------
      Pin                                    Edge  Net  Cell       Delay  Arrival  Required  
                                                                          Time     Time  
      -------------------------------------------------------------------------------------
      clk                                    ^     clk  -          -      0.000    0.423  
      u_door_lock/timeout_counter_reg[2]/CK  ^     clk  SDFFRHQX1  0.000  0.000    0.423  
      -------------------------------------------------------------------------------------
Path 9: VIOLATED Setup Check with Pin u_door_lock/timeout_counter_reg[1]/CK 
Endpoint:   u_door_lock/timeout_counter_reg[1]/SE (v) checked with  leading edge of 'clk'
Beginpoint: scan_en                               (v) triggered by  leading edge of 'clk'
Path Groups: {clk}
Other End Arrival Time          0.000
- Setup                         0.293
+ Phase Shift                   1.800
- Uncertainty                   0.150
= Required Time                 1.357
- Arrival Time                  1.780
= Slack Time                   -0.423
     Clock Rise Edge                      0.000
     + Input Delay                        1.780
     = Beginpoint Arrival Time            1.780
     Timing Path:
      -----------------------------------------------------------------------------------------
      Pin                                    Edge  Net      Cell       Delay  Arrival  Required  
                                                                              Time     Time  
      -----------------------------------------------------------------------------------------
      scan_en                                v     scan_en  -          -      1.780    1.357  
      u_door_lock/timeout_counter_reg[1]/SE  v     scan_en  SDFFRHQX1  0.000  1.780    1.357  
      -----------------------------------------------------------------------------------------
     Clock Rise Edge                      0.000
     = Beginpoint Arrival Time            0.000
     Other End Path:
      -------------------------------------------------------------------------------------
      Pin                                    Edge  Net  Cell       Delay  Arrival  Required  
                                                                          Time     Time  
      -------------------------------------------------------------------------------------
      clk                                    ^     clk  -          -      0.000    0.423  
      u_door_lock/timeout_counter_reg[1]/CK  ^     clk  SDFFRHQX1  0.000  0.000    0.423  
      -------------------------------------------------------------------------------------
Path 10: VIOLATED Setup Check with Pin u_door_lock/attempt_counter_reg[1]/CK 
Endpoint:   u_door_lock/attempt_counter_reg[1]/SE (v) checked with  leading edge of 'clk'
Beginpoint: scan_en                               (v) triggered by  leading edge of 'clk'
Path Groups: {clk}
Other End Arrival Time          0.000
- Setup                         0.293
+ Phase Shift                   1.800
- Uncertainty                   0.150
= Required Time                 1.357
- Arrival Time                  1.780
= Slack Time                   -0.423
     Clock Rise Edge                      0.000
     + Input Delay                        1.780
     = Beginpoint Arrival Time            1.780
     Timing Path:
      -----------------------------------------------------------------------------------------
      Pin                                    Edge  Net      Cell       Delay  Arrival  Required  
                                                                              Time     Time  
      -----------------------------------------------------------------------------------------
      scan_en                                v     scan_en  -          -      1.780    1.357  
      u_door_lock/attempt_counter_reg[1]/SE  v     scan_en  SDFFRHQX1  0.000  1.780    1.357  
      -----------------------------------------------------------------------------------------
     Clock Rise Edge                      0.000
     = Beginpoint Arrival Time            0.000
     Other End Path:
      -------------------------------------------------------------------------------------
      Pin                                    Edge  Net  Cell       Delay  Arrival  Required  
                                                                          Time     Time  
      -------------------------------------------------------------------------------------
      clk                                    ^     clk  -          -      0.000    0.423  
      u_door_lock/attempt_counter_reg[1]/CK  ^     clk  SDFFRHQX1  0.000  0.000    0.423  
      -------------------------------------------------------------------------------------
Path 11: VIOLATED Setup Check with Pin u_door_lock/attempt_counter_reg[0]/CK 
Endpoint:   u_door_lock/attempt_counter_reg[0]/SE (v) checked with  leading edge of 'clk'
Beginpoint: scan_en                               (v) triggered by  leading edge of 'clk'
Path Groups: {clk}
Other End Arrival Time          0.000
- Setup                         0.293
+ Phase Shift                   1.800
- Uncertainty                   0.150
= Required Time                 1.357
- Arrival Time                  1.780
= Slack Time                   -0.423
     Clock Rise Edge                      0.000
     + Input Delay                        1.780
     = Beginpoint Arrival Time            1.780
     Timing Path:
      -----------------------------------------------------------------------------------------
      Pin                                    Edge  Net      Cell       Delay  Arrival  Required  
                                                                              Time     Time  
      -----------------------------------------------------------------------------------------
      scan_en                                v     scan_en  -          -      1.780    1.357  
      u_door_lock/attempt_counter_reg[0]/SE  v     scan_en  SDFFRHQX1  0.000  1.780    1.357  
      -----------------------------------------------------------------------------------------
     Clock Rise Edge                      0.000
     = Beginpoint Arrival Time            0.000
     Other End Path:
      -------------------------------------------------------------------------------------
      Pin                                    Edge  Net  Cell       Delay  Arrival  Required  
                                                                          Time     Time  
      -------------------------------------------------------------------------------------
      clk                                    ^     clk  -          -      0.000    0.423  
      u_door_lock/attempt_counter_reg[0]/CK  ^     clk  SDFFRHQX1  0.000  0.000    0.423  
      -------------------------------------------------------------------------------------
Path 12: VIOLATED Setup Check with Pin u_door_lock/timeout_counter_reg[3]/CK 
Endpoint:   u_door_lock/timeout_counter_reg[3]/SE (v) checked with  leading edge of 'clk'
Beginpoint: scan_en                               (v) triggered by  leading edge of 'clk'
Path Groups: {clk}
Other End Arrival Time          0.000
- Setup                         0.293
+ Phase Shift                   1.800
- Uncertainty                   0.150
= Required Time                 1.357
- Arrival Time                  1.780
= Slack Time                   -0.423
     Clock Rise Edge                      0.000
     + Input Delay                        1.780
     = Beginpoint Arrival Time            1.780
     Timing Path:
      -----------------------------------------------------------------------------------------
      Pin                                    Edge  Net      Cell       Delay  Arrival  Required  
                                                                              Time     Time  
      -----------------------------------------------------------------------------------------
      scan_en                                v     scan_en  -          -      1.780    1.357  
      u_door_lock/timeout_counter_reg[3]/SE  v     scan_en  SDFFRHQX1  0.000  1.780    1.357  
      -----------------------------------------------------------------------------------------
     Clock Rise Edge                      0.000
     = Beginpoint Arrival Time            0.000
     Other End Path:
      -------------------------------------------------------------------------------------
      Pin                                    Edge  Net  Cell       Delay  Arrival  Required  
                                                                          Time     Time  
      -------------------------------------------------------------------------------------
      clk                                    ^     clk  -          -      0.000    0.423  
      u_door_lock/timeout_counter_reg[3]/CK  ^     clk  SDFFRHQX1  0.000  0.000    0.423  
      -------------------------------------------------------------------------------------
Path 13: VIOLATED Setup Check with Pin u_door_lock/timeout_counter_reg[4]/CK 
Endpoint:   u_door_lock/timeout_counter_reg[4]/SE (v) checked with  leading edge of 'clk'
Beginpoint: scan_en                               (v) triggered by  leading edge of 'clk'
Path Groups: {clk}
Other End Arrival Time          0.000
- Setup                         0.293
+ Phase Shift                   1.800
- Uncertainty                   0.150
= Required Time                 1.357
- Arrival Time                  1.780
= Slack Time                   -0.423
     Clock Rise Edge                      0.000
     + Input Delay                        1.780
     = Beginpoint Arrival Time            1.780
     Timing Path:
      -----------------------------------------------------------------------------------------
      Pin                                    Edge  Net      Cell       Delay  Arrival  Required  
                                                                              Time     Time  
      -----------------------------------------------------------------------------------------
      scan_en                                v     scan_en  -          -      1.780    1.357  
      u_door_lock/timeout_counter_reg[4]/SE  v     scan_en  SDFFRHQX1  0.000  1.780    1.357  
      -----------------------------------------------------------------------------------------
     Clock Rise Edge                      0.000
     = Beginpoint Arrival Time            0.000
     Other End Path:
      -------------------------------------------------------------------------------------
      Pin                                    Edge  Net  Cell       Delay  Arrival  Required  
                                                                          Time     Time  
      -------------------------------------------------------------------------------------
      clk                                    ^     clk  -          -      0.000    0.423  
      u_door_lock/timeout_counter_reg[4]/CK  ^     clk  SDFFRHQX1  0.000  0.000    0.423  
      -------------------------------------------------------------------------------------
Path 14: VIOLATED Setup Check with Pin u_door_lock/timeout_counter_reg[5]/CK 
Endpoint:   u_door_lock/timeout_counter_reg[5]/SE (v) checked with  leading edge of 'clk'
Beginpoint: scan_en                               (v) triggered by  leading edge of 'clk'
Path Groups: {clk}
Other End Arrival Time          0.000
- Setup                         0.293
+ Phase Shift                   1.800
- Uncertainty                   0.150
= Required Time                 1.357
- Arrival Time                  1.780
= Slack Time                   -0.423
     Clock Rise Edge                      0.000
     + Input Delay                        1.780
     = Beginpoint Arrival Time            1.780
     Timing Path:
      -----------------------------------------------------------------------------------------
      Pin                                    Edge  Net      Cell       Delay  Arrival  Required  
                                                                              Time     Time  
      -----------------------------------------------------------------------------------------
      scan_en                                v     scan_en  -          -      1.780    1.357  
      u_door_lock/timeout_counter_reg[5]/SE  v     scan_en  SDFFRHQX1  0.000  1.780    1.357  
      -----------------------------------------------------------------------------------------
     Clock Rise Edge                      0.000
     = Beginpoint Arrival Time            0.000
     Other End Path:
      -------------------------------------------------------------------------------------
      Pin                                    Edge  Net  Cell       Delay  Arrival  Required  
                                                                          Time     Time  
      -------------------------------------------------------------------------------------
      clk                                    ^     clk  -          -      0.000    0.423  
      u_door_lock/timeout_counter_reg[5]/CK  ^     clk  SDFFRHQX1  0.000  0.000    0.423  
      -------------------------------------------------------------------------------------
Path 15: VIOLATED Setup Check with Pin u_door_lock/timeout_counter_reg[6]/CK 
Endpoint:   u_door_lock/timeout_counter_reg[6]/SE (v) checked with  leading edge of 'clk'
Beginpoint: scan_en                               (v) triggered by  leading edge of 'clk'
Path Groups: {clk}
Other End Arrival Time          0.000
- Setup                         0.293
+ Phase Shift                   1.800
- Uncertainty                   0.150
= Required Time                 1.357
- Arrival Time                  1.780
= Slack Time                   -0.423
     Clock Rise Edge                      0.000
     + Input Delay                        1.780
     = Beginpoint Arrival Time            1.780
     Timing Path:
      -----------------------------------------------------------------------------------------
      Pin                                    Edge  Net      Cell       Delay  Arrival  Required  
                                                                              Time     Time  
      -----------------------------------------------------------------------------------------
      scan_en                                v     scan_en  -          -      1.780    1.357  
      u_door_lock/timeout_counter_reg[6]/SE  v     scan_en  SDFFRHQX1  0.000  1.780    1.357  
      -----------------------------------------------------------------------------------------
     Clock Rise Edge                      0.000
     = Beginpoint Arrival Time            0.000
     Other End Path:
      -------------------------------------------------------------------------------------
      Pin                                    Edge  Net  Cell       Delay  Arrival  Required  
                                                                          Time     Time  
      -------------------------------------------------------------------------------------
      clk                                    ^     clk  -          -      0.000    0.423  
      u_door_lock/timeout_counter_reg[6]/CK  ^     clk  SDFFRHQX1  0.000  0.000    0.423  
      -------------------------------------------------------------------------------------
Path 16: VIOLATED Setup Check with Pin u_door_lock/timeout_counter_reg[7]/CK 
Endpoint:   u_door_lock/timeout_counter_reg[7]/SE (v) checked with  leading edge of 'clk'
Beginpoint: scan_en                               (v) triggered by  leading edge of 'clk'
Path Groups: {clk}
Other End Arrival Time          0.000
- Setup                         0.293
+ Phase Shift                   1.800
- Uncertainty                   0.150
= Required Time                 1.357
- Arrival Time                  1.780
= Slack Time                   -0.423
     Clock Rise Edge                      0.000
     + Input Delay                        1.780
     = Beginpoint Arrival Time            1.780
     Timing Path:
      -----------------------------------------------------------------------------------------
      Pin                                    Edge  Net      Cell       Delay  Arrival  Required  
                                                                              Time     Time  
      -----------------------------------------------------------------------------------------
      scan_en                                v     scan_en  -          -      1.780    1.357  
      u_door_lock/timeout_counter_reg[7]/SE  v     scan_en  SDFFRHQX1  0.000  1.780    1.357  
      -----------------------------------------------------------------------------------------
     Clock Rise Edge                      0.000
     = Beginpoint Arrival Time            0.000
     Other End Path:
      -------------------------------------------------------------------------------------
      Pin                                    Edge  Net  Cell       Delay  Arrival  Required  
                                                                          Time     Time  
      -------------------------------------------------------------------------------------
      clk                                    ^     clk  -          -      0.000    0.423  
      u_door_lock/timeout_counter_reg[7]/CK  ^     clk  SDFFRHQX1  0.000  0.000    0.423  
      -------------------------------------------------------------------------------------
Path 17: VIOLATED Setup Check with Pin u_door_lock/lock_status_reg[0]/CK 
Endpoint:   u_door_lock/lock_status_reg[0]/SE (v) checked with  leading edge of 'clk'
Beginpoint: scan_en                           (v) triggered by  leading edge of 'clk'
Path Groups: {clk}
Other End Arrival Time          0.000
- Setup                         0.293
+ Phase Shift                   1.800
- Uncertainty                   0.150
= Required Time                 1.357
- Arrival Time                  1.780
= Slack Time                   -0.423
     Clock Rise Edge                      0.000
     + Input Delay                        1.780
     = Beginpoint Arrival Time            1.780
     Timing Path:
      -------------------------------------------------------------------------------------
      Pin                                Edge  Net      Cell       Delay  Arrival  Required  
                                                                          Time     Time  
      -------------------------------------------------------------------------------------
      scan_en                            v     scan_en  -          -      1.780    1.357  
      u_door_lock/lock_status_reg[0]/SE  v     scan_en  SDFFRHQX1  0.000  1.780    1.357  
      -------------------------------------------------------------------------------------
     Clock Rise Edge                      0.000
     = Beginpoint Arrival Time            0.000
     Other End Path:
      ---------------------------------------------------------------------------------
      Pin                                Edge  Net  Cell       Delay  Arrival  Required  
                                                                      Time     Time  
      ---------------------------------------------------------------------------------
      clk                                ^     clk  -          -      0.000    0.423  
      u_door_lock/lock_status_reg[0]/CK  ^     clk  SDFFRHQX1  0.000  0.000    0.423  
      ---------------------------------------------------------------------------------
Path 18: VIOLATED Setup Check with Pin u_door_lock/lock_status_reg[1]/CK 
Endpoint:   u_door_lock/lock_status_reg[1]/SE (v) checked with  leading edge of 'clk'
Beginpoint: scan_en                           (v) triggered by  leading edge of 'clk'
Path Groups: {clk}
Other End Arrival Time          0.000
- Setup                         0.293
+ Phase Shift                   1.800
- Uncertainty                   0.150
= Required Time                 1.357
- Arrival Time                  1.780
= Slack Time                   -0.423
     Clock Rise Edge                      0.000
     + Input Delay                        1.780
     = Beginpoint Arrival Time            1.780
     Timing Path:
      -------------------------------------------------------------------------------------
      Pin                                Edge  Net      Cell       Delay  Arrival  Required  
                                                                          Time     Time  
      -------------------------------------------------------------------------------------
      scan_en                            v     scan_en  -          -      1.780    1.357  
      u_door_lock/lock_status_reg[1]/SE  v     scan_en  SDFFRHQX1  0.000  1.780    1.357  
      -------------------------------------------------------------------------------------
     Clock Rise Edge                      0.000
     = Beginpoint Arrival Time            0.000
     Other End Path:
      ---------------------------------------------------------------------------------
      Pin                                Edge  Net  Cell       Delay  Arrival  Required  
                                                                      Time     Time  
      ---------------------------------------------------------------------------------
      clk                                ^     clk  -          -      0.000    0.423  
      u_door_lock/lock_status_reg[1]/CK  ^     clk  SDFFRHQX1  0.000  0.000    0.423  
      ---------------------------------------------------------------------------------
Path 19: VIOLATED Setup Check with Pin u_door_lock/door_locked_reg/CK 
Endpoint:   u_door_lock/door_locked_reg/SE (v) checked with  leading edge of 'clk'
Beginpoint: scan_en                        (v) triggered by  leading edge of 'clk'
Path Groups: {clk}
Other End Arrival Time          0.000
- Setup                         0.293
+ Phase Shift                   1.800
- Uncertainty                   0.150
= Required Time                 1.357
- Arrival Time                  1.780
= Slack Time                   -0.423
     Clock Rise Edge                      0.000
     + Input Delay                        1.780
     = Beginpoint Arrival Time            1.780
     Timing Path:
      ----------------------------------------------------------------------------------
      Pin                             Edge  Net      Cell       Delay  Arrival  Required  
                                                                       Time     Time  
      ----------------------------------------------------------------------------------
      scan_en                         v     scan_en  -          -      1.780    1.357  
      u_door_lock/door_locked_reg/SE  v     scan_en  SDFFRHQX1  0.000  1.780    1.357  
      ----------------------------------------------------------------------------------
     Clock Rise Edge                      0.000
     = Beginpoint Arrival Time            0.000
     Other End Path:
      ------------------------------------------------------------------------------
      Pin                             Edge  Net  Cell       Delay  Arrival  Required  
                                                                   Time     Time  
      ------------------------------------------------------------------------------
      clk                             ^     clk  -          -      0.000    0.423  
      u_door_lock/door_locked_reg/CK  ^     clk  SDFFRHQX1  0.000  0.000    0.423  
      ------------------------------------------------------------------------------
Path 20: VIOLATED Setup Check with Pin u_burglar/delay_counter_reg[0]/CK 
Endpoint:   u_burglar/delay_counter_reg[0]/SE (v) checked with  leading edge of 'clk'
Beginpoint: scan_en                           (v) triggered by  leading edge of 'clk'
Path Groups: {clk}
Other End Arrival Time          0.000
- Setup                         0.293
+ Phase Shift                   1.800
- Uncertainty                   0.150
= Required Time                 1.357
- Arrival Time                  1.780
= Slack Time                   -0.423
     Clock Rise Edge                      0.000
     + Input Delay                        1.780
     = Beginpoint Arrival Time            1.780
     Timing Path:
      -------------------------------------------------------------------------------------
      Pin                                Edge  Net      Cell       Delay  Arrival  Required  
                                                                          Time     Time  
      -------------------------------------------------------------------------------------
      scan_en                            v     scan_en  -          -      1.780    1.357  
      u_burglar/delay_counter_reg[0]/SE  v     scan_en  SDFFRHQX1  0.000  1.780    1.357  
      -------------------------------------------------------------------------------------
     Clock Rise Edge                      0.000
     = Beginpoint Arrival Time            0.000
     Other End Path:
      ---------------------------------------------------------------------------------
      Pin                                Edge  Net  Cell       Delay  Arrival  Required  
                                                                      Time     Time  
      ---------------------------------------------------------------------------------
      clk                                ^     clk  -          -      0.000    0.423  
      u_burglar/delay_counter_reg[0]/CK  ^     clk  SDFFRHQX1  0.000  0.000    0.423  
      ---------------------------------------------------------------------------------
Path 21: VIOLATED Setup Check with Pin u_burglar/delay_counter_reg[1]/CK 
Endpoint:   u_burglar/delay_counter_reg[1]/SE (v) checked with  leading edge of 'clk'
Beginpoint: scan_en                           (v) triggered by  leading edge of 'clk'
Path Groups: {clk}
Other End Arrival Time          0.000
- Setup                         0.293
+ Phase Shift                   1.800
- Uncertainty                   0.150
= Required Time                 1.357
- Arrival Time                  1.780
= Slack Time                   -0.423
     Clock Rise Edge                      0.000
     + Input Delay                        1.780
     = Beginpoint Arrival Time            1.780
     Timing Path:
      -------------------------------------------------------------------------------------
      Pin                                Edge  Net      Cell       Delay  Arrival  Required  
                                                                          Time     Time  
      -------------------------------------------------------------------------------------
      scan_en                            v     scan_en  -          -      1.780    1.357  
      u_burglar/delay_counter_reg[1]/SE  v     scan_en  SDFFRHQX1  0.000  1.780    1.357  
      -------------------------------------------------------------------------------------
     Clock Rise Edge                      0.000
     = Beginpoint Arrival Time            0.000
     Other End Path:
      ---------------------------------------------------------------------------------
      Pin                                Edge  Net  Cell       Delay  Arrival  Required  
                                                                      Time     Time  
      ---------------------------------------------------------------------------------
      clk                                ^     clk  -          -      0.000    0.423  
      u_burglar/delay_counter_reg[1]/CK  ^     clk  SDFFRHQX1  0.000  0.000    0.423  
      ---------------------------------------------------------------------------------
Path 22: VIOLATED Setup Check with Pin u_burglar/alarm_out_reg/CK 
Endpoint:   u_burglar/alarm_out_reg/SE (v) checked with  leading edge of 'clk'
Beginpoint: scan_en                    (v) triggered by  leading edge of 'clk'
Path Groups: {clk}
Other End Arrival Time          0.000
- Setup                         0.293
+ Phase Shift                   1.800
- Uncertainty                   0.150
= Required Time                 1.357
- Arrival Time                  1.780
= Slack Time                   -0.423
     Clock Rise Edge                      0.000
     + Input Delay                        1.780
     = Beginpoint Arrival Time            1.780
     Timing Path:
      ------------------------------------------------------------------------------
      Pin                         Edge  Net      Cell       Delay  Arrival  Required  
                                                                   Time     Time  
      ------------------------------------------------------------------------------
      scan_en                     v     scan_en  -          -      1.780    1.357  
      u_burglar/alarm_out_reg/SE  v     scan_en  SDFFRHQX1  0.000  1.780    1.357  
      ------------------------------------------------------------------------------
     Clock Rise Edge                      0.000
     = Beginpoint Arrival Time            0.000
     Other End Path:
      --------------------------------------------------------------------------
      Pin                         Edge  Net  Cell       Delay  Arrival  Required  
                                                               Time     Time  
      --------------------------------------------------------------------------
      clk                         ^     clk  -          -      0.000    0.423  
      u_burglar/alarm_out_reg/CK  ^     clk  SDFFRHQX1  0.000  0.000    0.423  
      --------------------------------------------------------------------------
Path 23: VIOLATED Setup Check with Pin u_burglar/delay_counter_reg[2]/CK 
Endpoint:   u_burglar/delay_counter_reg[2]/SE (v) checked with  leading edge of 'clk'
Beginpoint: scan_en                           (v) triggered by  leading edge of 'clk'
Path Groups: {clk}
Other End Arrival Time          0.000
- Setup                         0.293
+ Phase Shift                   1.800
- Uncertainty                   0.150
= Required Time                 1.357
- Arrival Time                  1.780
= Slack Time                   -0.423
     Clock Rise Edge                      0.000
     + Input Delay                        1.780
     = Beginpoint Arrival Time            1.780
     Timing Path:
      -------------------------------------------------------------------------------------
      Pin                                Edge  Net      Cell       Delay  Arrival  Required  
                                                                          Time     Time  
      -------------------------------------------------------------------------------------
      scan_en                            v     scan_en  -          -      1.780    1.357  
      u_burglar/delay_counter_reg[2]/SE  v     scan_en  SDFFRHQX1  0.000  1.780    1.357  
      -------------------------------------------------------------------------------------
     Clock Rise Edge                      0.000
     = Beginpoint Arrival Time            0.000
     Other End Path:
      ---------------------------------------------------------------------------------
      Pin                                Edge  Net  Cell       Delay  Arrival  Required  
                                                                      Time     Time  
      ---------------------------------------------------------------------------------
      clk                                ^     clk  -          -      0.000    0.423  
      u_burglar/delay_counter_reg[2]/CK  ^     clk  SDFFRHQX1  0.000  0.000    0.423  
      ---------------------------------------------------------------------------------
Path 24: VIOLATED Setup Check with Pin u_burglar/delay_counter_reg[8]/CK 
Endpoint:   u_burglar/delay_counter_reg[8]/SE (v) checked with  leading edge of 'clk'
Beginpoint: scan_en                           (v) triggered by  leading edge of 'clk'
Path Groups: {clk}
Other End Arrival Time          0.000
- Setup                         0.293
+ Phase Shift                   1.800
- Uncertainty                   0.150
= Required Time                 1.357
- Arrival Time                  1.780
= Slack Time                   -0.423
     Clock Rise Edge                      0.000
     + Input Delay                        1.780
     = Beginpoint Arrival Time            1.780
     Timing Path:
      -------------------------------------------------------------------------------------
      Pin                                Edge  Net      Cell       Delay  Arrival  Required  
                                                                          Time     Time  
      -------------------------------------------------------------------------------------
      scan_en                            v     scan_en  -          -      1.780    1.357  
      u_burglar/delay_counter_reg[8]/SE  v     scan_en  SDFFRHQX1  0.000  1.780    1.357  
      -------------------------------------------------------------------------------------
     Clock Rise Edge                      0.000
     = Beginpoint Arrival Time            0.000
     Other End Path:
      ---------------------------------------------------------------------------------
      Pin                                Edge  Net  Cell       Delay  Arrival  Required  
                                                                      Time     Time  
      ---------------------------------------------------------------------------------
      clk                                ^     clk  -          -      0.000    0.423  
      u_burglar/delay_counter_reg[8]/CK  ^     clk  SDFFRHQX1  0.000  0.000    0.423  
      ---------------------------------------------------------------------------------
Path 25: VIOLATED Setup Check with Pin u_burglar/delay_counter_reg[4]/CK 
Endpoint:   u_burglar/delay_counter_reg[4]/SE (v) checked with  leading edge of 'clk'
Beginpoint: scan_en                           (v) triggered by  leading edge of 'clk'
Path Groups: {clk}
Other End Arrival Time          0.000
- Setup                         0.293
+ Phase Shift                   1.800
- Uncertainty                   0.150
= Required Time                 1.357
- Arrival Time                  1.780
= Slack Time                   -0.423
     Clock Rise Edge                      0.000
     + Input Delay                        1.780
     = Beginpoint Arrival Time            1.780
     Timing Path:
      -------------------------------------------------------------------------------------
      Pin                                Edge  Net      Cell       Delay  Arrival  Required  
                                                                          Time     Time  
      -------------------------------------------------------------------------------------
      scan_en                            v     scan_en  -          -      1.780    1.357  
      u_burglar/delay_counter_reg[4]/SE  v     scan_en  SDFFRHQX1  0.000  1.780    1.357  
      -------------------------------------------------------------------------------------
     Clock Rise Edge                      0.000
     = Beginpoint Arrival Time            0.000
     Other End Path:
      ---------------------------------------------------------------------------------
      Pin                                Edge  Net  Cell       Delay  Arrival  Required  
                                                                      Time     Time  
      ---------------------------------------------------------------------------------
      clk                                ^     clk  -          -      0.000    0.423  
      u_burglar/delay_counter_reg[4]/CK  ^     clk  SDFFRHQX1  0.000  0.000    0.423  
      ---------------------------------------------------------------------------------
Path 26: VIOLATED Setup Check with Pin u_burglar/delay_counter_reg[3]/CK 
Endpoint:   u_burglar/delay_counter_reg[3]/SE (v) checked with  leading edge of 'clk'
Beginpoint: scan_en                           (v) triggered by  leading edge of 'clk'
Path Groups: {clk}
Other End Arrival Time          0.000
- Setup                         0.293
+ Phase Shift                   1.800
- Uncertainty                   0.150
= Required Time                 1.357
- Arrival Time                  1.780
= Slack Time                   -0.423
     Clock Rise Edge                      0.000
     + Input Delay                        1.780
     = Beginpoint Arrival Time            1.780
     Timing Path:
      -------------------------------------------------------------------------------------
      Pin                                Edge  Net      Cell       Delay  Arrival  Required  
                                                                          Time     Time  
      -------------------------------------------------------------------------------------
      scan_en                            v     scan_en  -          -      1.780    1.357  
      u_burglar/delay_counter_reg[3]/SE  v     scan_en  SDFFRHQX1  0.000  1.780    1.357  
      -------------------------------------------------------------------------------------
     Clock Rise Edge                      0.000
     = Beginpoint Arrival Time            0.000
     Other End Path:
      ---------------------------------------------------------------------------------
      Pin                                Edge  Net  Cell       Delay  Arrival  Required  
                                                                      Time     Time  
      ---------------------------------------------------------------------------------
      clk                                ^     clk  -          -      0.000    0.423  
      u_burglar/delay_counter_reg[3]/CK  ^     clk  SDFFRHQX1  0.000  0.000    0.423  
      ---------------------------------------------------------------------------------
Path 27: VIOLATED Setup Check with Pin u_burglar/delay_counter_reg[7]/CK 
Endpoint:   u_burglar/delay_counter_reg[7]/SE (v) checked with  leading edge of 'clk'
Beginpoint: scan_en                           (v) triggered by  leading edge of 'clk'
Path Groups: {clk}
Other End Arrival Time          0.000
- Setup                         0.293
+ Phase Shift                   1.800
- Uncertainty                   0.150
= Required Time                 1.357
- Arrival Time                  1.780
= Slack Time                   -0.423
     Clock Rise Edge                      0.000
     + Input Delay                        1.780
     = Beginpoint Arrival Time            1.780
     Timing Path:
      -------------------------------------------------------------------------------------
      Pin                                Edge  Net      Cell       Delay  Arrival  Required  
                                                                          Time     Time  
      -------------------------------------------------------------------------------------
      scan_en                            v     scan_en  -          -      1.780    1.357  
      u_burglar/delay_counter_reg[7]/SE  v     scan_en  SDFFRHQX1  0.000  1.780    1.357  
      -------------------------------------------------------------------------------------
     Clock Rise Edge                      0.000
     = Beginpoint Arrival Time            0.000
     Other End Path:
      ---------------------------------------------------------------------------------
      Pin                                Edge  Net  Cell       Delay  Arrival  Required  
                                                                      Time     Time  
      ---------------------------------------------------------------------------------
      clk                                ^     clk  -          -      0.000    0.423  
      u_burglar/delay_counter_reg[7]/CK  ^     clk  SDFFRHQX1  0.000  0.000    0.423  
      ---------------------------------------------------------------------------------
Path 28: VIOLATED Setup Check with Pin u_burglar/delay_counter_reg[5]/CK 
Endpoint:   u_burglar/delay_counter_reg[5]/SE (v) checked with  leading edge of 'clk'
Beginpoint: scan_en                           (v) triggered by  leading edge of 'clk'
Path Groups: {clk}
Other End Arrival Time          0.000
- Setup                         0.293
+ Phase Shift                   1.800
- Uncertainty                   0.150
= Required Time                 1.357
- Arrival Time                  1.780
= Slack Time                   -0.423
     Clock Rise Edge                      0.000
     + Input Delay                        1.780
     = Beginpoint Arrival Time            1.780
     Timing Path:
      -------------------------------------------------------------------------------------
      Pin                                Edge  Net      Cell       Delay  Arrival  Required  
                                                                          Time     Time  
      -------------------------------------------------------------------------------------
      scan_en                            v     scan_en  -          -      1.780    1.357  
      u_burglar/delay_counter_reg[5]/SE  v     scan_en  SDFFRHQX1  0.000  1.780    1.357  
      -------------------------------------------------------------------------------------
     Clock Rise Edge                      0.000
     = Beginpoint Arrival Time            0.000
     Other End Path:
      ---------------------------------------------------------------------------------
      Pin                                Edge  Net  Cell       Delay  Arrival  Required  
                                                                      Time     Time  
      ---------------------------------------------------------------------------------
      clk                                ^     clk  -          -      0.000    0.423  
      u_burglar/delay_counter_reg[5]/CK  ^     clk  SDFFRHQX1  0.000  0.000    0.423  
      ---------------------------------------------------------------------------------
Path 29: VIOLATED Setup Check with Pin u_burglar/delay_counter_reg[6]/CK 
Endpoint:   u_burglar/delay_counter_reg[6]/SE (v) checked with  leading edge of 'clk'
Beginpoint: scan_en                           (v) triggered by  leading edge of 'clk'
Path Groups: {clk}
Other End Arrival Time          0.000
- Setup                         0.293
+ Phase Shift                   1.800
- Uncertainty                   0.150
= Required Time                 1.357
- Arrival Time                  1.780
= Slack Time                   -0.423
     Clock Rise Edge                      0.000
     + Input Delay                        1.780
     = Beginpoint Arrival Time            1.780
     Timing Path:
      -------------------------------------------------------------------------------------
      Pin                                Edge  Net      Cell       Delay  Arrival  Required  
                                                                          Time     Time  
      -------------------------------------------------------------------------------------
      scan_en                            v     scan_en  -          -      1.780    1.357  
      u_burglar/delay_counter_reg[6]/SE  v     scan_en  SDFFRHQX1  0.000  1.780    1.357  
      -------------------------------------------------------------------------------------
     Clock Rise Edge                      0.000
     = Beginpoint Arrival Time            0.000
     Other End Path:
      ---------------------------------------------------------------------------------
      Pin                                Edge  Net  Cell       Delay  Arrival  Required  
                                                                      Time     Time  
      ---------------------------------------------------------------------------------
      clk                                ^     clk  -          -      0.000    0.423  
      u_burglar/delay_counter_reg[6]/CK  ^     clk  SDFFRHQX1  0.000  0.000    0.423  
      ---------------------------------------------------------------------------------
Path 30: VIOLATED Setup Check with Pin u_appliances/lights_on_reg/CK 
Endpoint:   u_appliances/lights_on_reg/SE (v) checked with  leading edge of 'clk'
Beginpoint: scan_en                       (v) triggered by  leading edge of 'clk'
Path Groups: {clk}
Other End Arrival Time          0.000
- Setup                         0.293
+ Phase Shift                   1.800
- Uncertainty                   0.150
= Required Time                 1.357
- Arrival Time                  1.780
= Slack Time                   -0.423
     Clock Rise Edge                      0.000
     + Input Delay                        1.780
     = Beginpoint Arrival Time            1.780
     Timing Path:
      ---------------------------------------------------------------------------------
      Pin                            Edge  Net      Cell       Delay  Arrival  Required  
                                                                      Time     Time  
      ---------------------------------------------------------------------------------
      scan_en                        v     scan_en  -          -      1.780    1.357  
      u_appliances/lights_on_reg/SE  v     scan_en  SDFFRHQX1  0.000  1.780    1.357  
      ---------------------------------------------------------------------------------
     Clock Rise Edge                      0.000
     = Beginpoint Arrival Time            0.000
     Other End Path:
      -----------------------------------------------------------------------------
      Pin                            Edge  Net  Cell       Delay  Arrival  Required  
                                                                  Time     Time  
      -----------------------------------------------------------------------------
      clk                            ^     clk  -          -      0.000    0.423  
      u_appliances/lights_on_reg/CK  ^     clk  SDFFRHQX1  0.000  0.000    0.423  
      -----------------------------------------------------------------------------

