###############################################################
#  Generated by:      Cadence Tempus 20.10-p003_1
#  OS:                Linux x86_64(Host ID edatools-server2.iiitd.edu.in)
#  Generated on:      Tue Nov 18 16:56:54 2025
#  Design:            HA
#  Command:           report_timing -retime path_slew_propagation -max_paths 30 -nworst 30 -path_type full_clock > $report_dir/pba.rpt
###############################################################
Path 1: VIOLATED Setup Check with Pin u_humidity/dehumidifier_on_reg/CK 
Endpoint:   u_humidity/dehumidifier_on_reg/D (^) checked with  leading edge of 'clk'
Beginpoint: humidity_sensor_r_reg[1]/Q       (^) triggered by  leading edge of 'clk'
Path Groups: {clk}
Retime Analysis { Data Path-Slew }
Other End Arrival Time          0.000
- Setup                         0.193
+ Phase Shift                   1.800
- Uncertainty                   0.150
= Required Time                 1.457
- Arrival Time                  2.329
= Slack Time                   -0.872
= Slack Time(original)         -0.939
     Clock Rise Edge                      0.000
     = Beginpoint Arrival Time            0.000
     Timing Path:
      ---------------------------------------------------------------------------------
      Instance                        Arc          Cell       Retime  Arrival  Required  
                                                              Delay   Time     Time  
      ---------------------------------------------------------------------------------
      -                               clk ^        -          -       0.000    -0.872  
      humidity_sensor_r_reg[1]        -            SDFFRHQX4  0.000   0.000    -0.872  
      humidity_sensor_r_reg[1]        CK ^ -> Q ^  SDFFRHQX4  1.907   1.907    1.035  
      u_humidity/g206                 -            OAI211X1   0.000   1.907    1.035  
      u_humidity/g206                 A0 ^ -> Y v  OAI211X1   0.242   2.149    1.277  
      u_humidity/g202                 -            AOI21XL    0.000   2.149    1.277  
      u_humidity/g202                 A1 v -> Y ^  AOI21XL    0.180   2.329    1.457  
      u_humidity/dehumidifier_on_reg  -            SDFFRHQX1  0.000   2.329    1.457  
      ---------------------------------------------------------------------------------
     Clock Rise Edge                      0.000
     = Beginpoint Arrival Time            0.000
     Other End Path:
      ---------------------------------------------------------------------------
      Instance                        Arc    Cell       Retime  Arrival  Required  
                                                        Delay   Time     Time  
      ---------------------------------------------------------------------------
      -                               clk ^  -          -       0.000    0.872  
      u_humidity/dehumidifier_on_reg  -      SDFFRHQX1  0.000   0.000    0.872  
      ---------------------------------------------------------------------------
Path 2: VIOLATED Setup Check with Pin u_humidity/dehumidifier_on_reg/CK 
Endpoint:   u_humidity/dehumidifier_on_reg/D (v) checked with  leading edge of 'clk'
Beginpoint: humidity_sensor_r_reg[1]/Q       (v) triggered by  leading edge of 'clk'
Path Groups: {clk}
Retime Analysis { Data Path-Slew }
Other End Arrival Time          0.000
- Setup                         0.108
+ Phase Shift                   1.800
- Uncertainty                   0.150
= Required Time                 1.542
- Arrival Time                  2.065
= Slack Time                   -0.523
= Slack Time(original)         -0.590
     Clock Rise Edge                      0.000
     = Beginpoint Arrival Time            0.000
     Timing Path:
      ---------------------------------------------------------------------------------
      Instance                        Arc          Cell       Retime  Arrival  Required  
                                                              Delay   Time     Time  
      ---------------------------------------------------------------------------------
      -                               clk ^        -          -       0.000    -0.523  
      humidity_sensor_r_reg[1]        -            SDFFRHQX4  0.000   0.000    -0.523  
      humidity_sensor_r_reg[1]        CK ^ -> Q v  SDFFRHQX4  1.619   1.619    1.096  
      u_humidity/g206                 -            OAI211X1   0.000   1.619    1.096  
      u_humidity/g206                 A0 v -> Y ^  OAI211X1   0.288   1.907    1.384  
      u_humidity/g202                 -            AOI21XL    0.000   1.907    1.384  
      u_humidity/g202                 A1 ^ -> Y v  AOI21XL    0.158   2.065    1.542  
      u_humidity/dehumidifier_on_reg  -            SDFFRHQX1  0.000   2.065    1.542  
      ---------------------------------------------------------------------------------
     Clock Rise Edge                      0.000
     = Beginpoint Arrival Time            0.000
     Other End Path:
      ---------------------------------------------------------------------------
      Instance                        Arc    Cell       Retime  Arrival  Required  
                                                        Delay   Time     Time  
      ---------------------------------------------------------------------------
      -                               clk ^  -          -       0.000    0.523  
      u_humidity/dehumidifier_on_reg  -      SDFFRHQX1  0.000   0.000    0.523  
      ---------------------------------------------------------------------------
Path 3: VIOLATED Setup Check with Pin u_entertainment/tv_on_reg/CK 
Endpoint:   u_entertainment/tv_on_reg/SE (v) checked with  leading edge of 'clk'
Beginpoint: scan_en                      (v) triggered by  leading edge of 'clk'
Path Groups: {clk}
Retime Analysis { Data Path-Slew }
Other End Arrival Time          0.000
- Setup                         0.227
+ Phase Shift                   1.800
- Uncertainty                   0.150
= Required Time                 1.423
- Arrival Time                  1.780
= Slack Time                   -0.357
= Slack Time(original)         -0.423
     Clock Rise Edge                      0.000
     + Input Delay                        1.780
     = Beginpoint Arrival Time            1.780
     Timing Path:
      --------------------------------------------------------------------------
      Instance                   Arc        Cell       Retime  Arrival  Required  
                                                       Delay   Time     Time  
      --------------------------------------------------------------------------
      -                          scan_en v  -          -       1.780    1.423  
      u_entertainment/tv_on_reg  -          SDFFRHQX1  0.000   1.780    1.423  
      --------------------------------------------------------------------------
     Clock Rise Edge                      0.000
     = Beginpoint Arrival Time            0.000
     Other End Path:
      ----------------------------------------------------------------------
      Instance                   Arc    Cell       Retime  Arrival  Required  
                                                   Delay   Time     Time  
      ----------------------------------------------------------------------
      -                          clk ^  -          -       0.000    0.357  
      u_entertainment/tv_on_reg  -      SDFFRHQX1  0.000   0.000    0.357  
      ----------------------------------------------------------------------
Path 4: VIOLATED Setup Check with Pin u_door_lock/attempt_counter_reg[2]/CK 
Endpoint:   u_door_lock/attempt_counter_reg[2]/SE (v) checked with  leading edge of 'clk'
Beginpoint: scan_en                               (v) triggered by  leading edge of 'clk'
Path Groups: {clk}
Retime Analysis { Data Path-Slew }
Other End Arrival Time          0.000
- Setup                         0.227
+ Phase Shift                   1.800
- Uncertainty                   0.150
= Required Time                 1.423
- Arrival Time                  1.780
= Slack Time                   -0.357
= Slack Time(original)         -0.423
     Clock Rise Edge                      0.000
     + Input Delay                        1.780
     = Beginpoint Arrival Time            1.780
     Timing Path:
      -----------------------------------------------------------------------------------
      Instance                            Arc        Cell       Retime  Arrival  Required  
                                                                Delay   Time     Time  
      -----------------------------------------------------------------------------------
      -                                   scan_en v  -          -       1.780    1.423  
      u_door_lock/attempt_counter_reg[2]  -          SDFFRHQX1  0.000   1.780    1.423  
      -----------------------------------------------------------------------------------
     Clock Rise Edge                      0.000
     = Beginpoint Arrival Time            0.000
     Other End Path:
      -------------------------------------------------------------------------------
      Instance                            Arc    Cell       Retime  Arrival  Required  
                                                            Delay   Time     Time  
      -------------------------------------------------------------------------------
      -                                   clk ^  -          -       0.000    0.357  
      u_door_lock/attempt_counter_reg[2]  -      SDFFRHQX1  0.000   0.000    0.357  
      -------------------------------------------------------------------------------
Path 5: VIOLATED Setup Check with Pin u_door_lock/timeout_counter_reg[0]/CK 
Endpoint:   u_door_lock/timeout_counter_reg[0]/SE (v) checked with  leading edge of 'clk'
Beginpoint: scan_en                               (v) triggered by  leading edge of 'clk'
Path Groups: {clk}
Retime Analysis { Data Path-Slew }
Other End Arrival Time          0.000
- Setup                         0.227
+ Phase Shift                   1.800
- Uncertainty                   0.150
= Required Time                 1.423
- Arrival Time                  1.780
= Slack Time                   -0.357
= Slack Time(original)         -0.423
     Clock Rise Edge                      0.000
     + Input Delay                        1.780
     = Beginpoint Arrival Time            1.780
     Timing Path:
      -----------------------------------------------------------------------------------
      Instance                            Arc        Cell       Retime  Arrival  Required  
                                                                Delay   Time     Time  
      -----------------------------------------------------------------------------------
      -                                   scan_en v  -          -       1.780    1.423  
      u_door_lock/timeout_counter_reg[0]  -          SDFFRHQX1  0.000   1.780    1.423  
      -----------------------------------------------------------------------------------
     Clock Rise Edge                      0.000
     = Beginpoint Arrival Time            0.000
     Other End Path:
      -------------------------------------------------------------------------------
      Instance                            Arc    Cell       Retime  Arrival  Required  
                                                            Delay   Time     Time  
      -------------------------------------------------------------------------------
      -                                   clk ^  -          -       0.000    0.357  
      u_door_lock/timeout_counter_reg[0]  -      SDFFRHQX1  0.000   0.000    0.357  
      -------------------------------------------------------------------------------
Path 6: VIOLATED Setup Check with Pin u_door_lock/state_reg[0]/CK 
Endpoint:   u_door_lock/state_reg[0]/SE (v) checked with  leading edge of 'clk'
Beginpoint: scan_en                     (v) triggered by  leading edge of 'clk'
Path Groups: {clk}
Retime Analysis { Data Path-Slew }
Other End Arrival Time          0.000
- Setup                         0.227
+ Phase Shift                   1.800
- Uncertainty                   0.150
= Required Time                 1.423
- Arrival Time                  1.780
= Slack Time                   -0.357
= Slack Time(original)         -0.423
     Clock Rise Edge                      0.000
     + Input Delay                        1.780
     = Beginpoint Arrival Time            1.780
     Timing Path:
      -------------------------------------------------------------------------
      Instance                  Arc        Cell       Retime  Arrival  Required  
                                                      Delay   Time     Time  
      -------------------------------------------------------------------------
      -                         scan_en v  -          -       1.780    1.423  
      u_door_lock/state_reg[0]  -          SDFFRHQX1  0.000   1.780    1.423  
      -------------------------------------------------------------------------
     Clock Rise Edge                      0.000
     = Beginpoint Arrival Time            0.000
     Other End Path:
      ---------------------------------------------------------------------
      Instance                  Arc    Cell       Retime  Arrival  Required  
                                                  Delay   Time     Time  
      ---------------------------------------------------------------------
      -                         clk ^  -          -       0.000    0.357  
      u_door_lock/state_reg[0]  -      SDFFRHQX1  0.000   0.000    0.357  
      ---------------------------------------------------------------------
Path 7: VIOLATED Setup Check with Pin u_door_lock/state_reg[1]/CK 
Endpoint:   u_door_lock/state_reg[1]/SE (v) checked with  leading edge of 'clk'
Beginpoint: scan_en                     (v) triggered by  leading edge of 'clk'
Path Groups: {clk}
Retime Analysis { Data Path-Slew }
Other End Arrival Time          0.000
- Setup                         0.227
+ Phase Shift                   1.800
- Uncertainty                   0.150
= Required Time                 1.423
- Arrival Time                  1.780
= Slack Time                   -0.357
= Slack Time(original)         -0.423
     Clock Rise Edge                      0.000
     + Input Delay                        1.780
     = Beginpoint Arrival Time            1.780
     Timing Path:
      -------------------------------------------------------------------------
      Instance                  Arc        Cell       Retime  Arrival  Required  
                                                      Delay   Time     Time  
      -------------------------------------------------------------------------
      -                         scan_en v  -          -       1.780    1.423  
      u_door_lock/state_reg[1]  -          SDFFRHQX1  0.000   1.780    1.423  
      -------------------------------------------------------------------------
     Clock Rise Edge                      0.000
     = Beginpoint Arrival Time            0.000
     Other End Path:
      ---------------------------------------------------------------------
      Instance                  Arc    Cell       Retime  Arrival  Required  
                                                  Delay   Time     Time  
      ---------------------------------------------------------------------
      -                         clk ^  -          -       0.000    0.357  
      u_door_lock/state_reg[1]  -      SDFFRHQX1  0.000   0.000    0.357  
      ---------------------------------------------------------------------
Path 8: VIOLATED Setup Check with Pin u_door_lock/timeout_counter_reg[2]/CK 
Endpoint:   u_door_lock/timeout_counter_reg[2]/SE (v) checked with  leading edge of 'clk'
Beginpoint: scan_en                               (v) triggered by  leading edge of 'clk'
Path Groups: {clk}
Retime Analysis { Data Path-Slew }
Other End Arrival Time          0.000
- Setup                         0.227
+ Phase Shift                   1.800
- Uncertainty                   0.150
= Required Time                 1.423
- Arrival Time                  1.780
= Slack Time                   -0.357
= Slack Time(original)         -0.423
     Clock Rise Edge                      0.000
     + Input Delay                        1.780
     = Beginpoint Arrival Time            1.780
     Timing Path:
      -----------------------------------------------------------------------------------
      Instance                            Arc        Cell       Retime  Arrival  Required  
                                                                Delay   Time     Time  
      -----------------------------------------------------------------------------------
      -                                   scan_en v  -          -       1.780    1.423  
      u_door_lock/timeout_counter_reg[2]  -          SDFFRHQX1  0.000   1.780    1.423  
      -----------------------------------------------------------------------------------
     Clock Rise Edge                      0.000
     = Beginpoint Arrival Time            0.000
     Other End Path:
      -------------------------------------------------------------------------------
      Instance                            Arc    Cell       Retime  Arrival  Required  
                                                            Delay   Time     Time  
      -------------------------------------------------------------------------------
      -                                   clk ^  -          -       0.000    0.357  
      u_door_lock/timeout_counter_reg[2]  -      SDFFRHQX1  0.000   0.000    0.357  
      -------------------------------------------------------------------------------
Path 9: VIOLATED Setup Check with Pin u_door_lock/timeout_counter_reg[1]/CK 
Endpoint:   u_door_lock/timeout_counter_reg[1]/SE (v) checked with  leading edge of 'clk'
Beginpoint: scan_en                               (v) triggered by  leading edge of 'clk'
Path Groups: {clk}
Retime Analysis { Data Path-Slew }
Other End Arrival Time          0.000
- Setup                         0.227
+ Phase Shift                   1.800
- Uncertainty                   0.150
= Required Time                 1.423
- Arrival Time                  1.780
= Slack Time                   -0.357
= Slack Time(original)         -0.423
     Clock Rise Edge                      0.000
     + Input Delay                        1.780
     = Beginpoint Arrival Time            1.780
     Timing Path:
      -----------------------------------------------------------------------------------
      Instance                            Arc        Cell       Retime  Arrival  Required  
                                                                Delay   Time     Time  
      -----------------------------------------------------------------------------------
      -                                   scan_en v  -          -       1.780    1.423  
      u_door_lock/timeout_counter_reg[1]  -          SDFFRHQX1  0.000   1.780    1.423  
      -----------------------------------------------------------------------------------
     Clock Rise Edge                      0.000
     = Beginpoint Arrival Time            0.000
     Other End Path:
      -------------------------------------------------------------------------------
      Instance                            Arc    Cell       Retime  Arrival  Required  
                                                            Delay   Time     Time  
      -------------------------------------------------------------------------------
      -                                   clk ^  -          -       0.000    0.357  
      u_door_lock/timeout_counter_reg[1]  -      SDFFRHQX1  0.000   0.000    0.357  
      -------------------------------------------------------------------------------
Path 10: VIOLATED Setup Check with Pin u_door_lock/attempt_counter_reg[1]/CK 
Endpoint:   u_door_lock/attempt_counter_reg[1]/SE (v) checked with  leading edge of 'clk'
Beginpoint: scan_en                               (v) triggered by  leading edge of 'clk'
Path Groups: {clk}
Retime Analysis { Data Path-Slew }
Other End Arrival Time          0.000
- Setup                         0.227
+ Phase Shift                   1.800
- Uncertainty                   0.150
= Required Time                 1.423
- Arrival Time                  1.780
= Slack Time                   -0.357
= Slack Time(original)         -0.423
     Clock Rise Edge                      0.000
     + Input Delay                        1.780
     = Beginpoint Arrival Time            1.780
     Timing Path:
      -----------------------------------------------------------------------------------
      Instance                            Arc        Cell       Retime  Arrival  Required  
                                                                Delay   Time     Time  
      -----------------------------------------------------------------------------------
      -                                   scan_en v  -          -       1.780    1.423  
      u_door_lock/attempt_counter_reg[1]  -          SDFFRHQX1  0.000   1.780    1.423  
      -----------------------------------------------------------------------------------
     Clock Rise Edge                      0.000
     = Beginpoint Arrival Time            0.000
     Other End Path:
      -------------------------------------------------------------------------------
      Instance                            Arc    Cell       Retime  Arrival  Required  
                                                            Delay   Time     Time  
      -------------------------------------------------------------------------------
      -                                   clk ^  -          -       0.000    0.357  
      u_door_lock/attempt_counter_reg[1]  -      SDFFRHQX1  0.000   0.000    0.357  
      -------------------------------------------------------------------------------
Path 11: VIOLATED Setup Check with Pin u_door_lock/attempt_counter_reg[0]/CK 
Endpoint:   u_door_lock/attempt_counter_reg[0]/SE (v) checked with  leading edge of 'clk'
Beginpoint: scan_en                               (v) triggered by  leading edge of 'clk'
Path Groups: {clk}
Retime Analysis { Data Path-Slew }
Other End Arrival Time          0.000
- Setup                         0.227
+ Phase Shift                   1.800
- Uncertainty                   0.150
= Required Time                 1.423
- Arrival Time                  1.780
= Slack Time                   -0.357
= Slack Time(original)         -0.423
     Clock Rise Edge                      0.000
     + Input Delay                        1.780
     = Beginpoint Arrival Time            1.780
     Timing Path:
      -----------------------------------------------------------------------------------
      Instance                            Arc        Cell       Retime  Arrival  Required  
                                                                Delay   Time     Time  
      -----------------------------------------------------------------------------------
      -                                   scan_en v  -          -       1.780    1.423  
      u_door_lock/attempt_counter_reg[0]  -          SDFFRHQX1  0.000   1.780    1.423  
      -----------------------------------------------------------------------------------
     Clock Rise Edge                      0.000
     = Beginpoint Arrival Time            0.000
     Other End Path:
      -------------------------------------------------------------------------------
      Instance                            Arc    Cell       Retime  Arrival  Required  
                                                            Delay   Time     Time  
      -------------------------------------------------------------------------------
      -                                   clk ^  -          -       0.000    0.357  
      u_door_lock/attempt_counter_reg[0]  -      SDFFRHQX1  0.000   0.000    0.357  
      -------------------------------------------------------------------------------
Path 12: VIOLATED Setup Check with Pin u_door_lock/timeout_counter_reg[3]/CK 
Endpoint:   u_door_lock/timeout_counter_reg[3]/SE (v) checked with  leading edge of 'clk'
Beginpoint: scan_en                               (v) triggered by  leading edge of 'clk'
Path Groups: {clk}
Retime Analysis { Data Path-Slew }
Other End Arrival Time          0.000
- Setup                         0.227
+ Phase Shift                   1.800
- Uncertainty                   0.150
= Required Time                 1.423
- Arrival Time                  1.780
= Slack Time                   -0.357
= Slack Time(original)         -0.423
     Clock Rise Edge                      0.000
     + Input Delay                        1.780
     = Beginpoint Arrival Time            1.780
     Timing Path:
      -----------------------------------------------------------------------------------
      Instance                            Arc        Cell       Retime  Arrival  Required  
                                                                Delay   Time     Time  
      -----------------------------------------------------------------------------------
      -                                   scan_en v  -          -       1.780    1.423  
      u_door_lock/timeout_counter_reg[3]  -          SDFFRHQX1  0.000   1.780    1.423  
      -----------------------------------------------------------------------------------
     Clock Rise Edge                      0.000
     = Beginpoint Arrival Time            0.000
     Other End Path:
      -------------------------------------------------------------------------------
      Instance                            Arc    Cell       Retime  Arrival  Required  
                                                            Delay   Time     Time  
      -------------------------------------------------------------------------------
      -                                   clk ^  -          -       0.000    0.357  
      u_door_lock/timeout_counter_reg[3]  -      SDFFRHQX1  0.000   0.000    0.357  
      -------------------------------------------------------------------------------
Path 13: VIOLATED Setup Check with Pin u_door_lock/timeout_counter_reg[4]/CK 
Endpoint:   u_door_lock/timeout_counter_reg[4]/SE (v) checked with  leading edge of 'clk'
Beginpoint: scan_en                               (v) triggered by  leading edge of 'clk'
Path Groups: {clk}
Retime Analysis { Data Path-Slew }
Other End Arrival Time          0.000
- Setup                         0.227
+ Phase Shift                   1.800
- Uncertainty                   0.150
= Required Time                 1.423
- Arrival Time                  1.780
= Slack Time                   -0.357
= Slack Time(original)         -0.423
     Clock Rise Edge                      0.000
     + Input Delay                        1.780
     = Beginpoint Arrival Time            1.780
     Timing Path:
      -----------------------------------------------------------------------------------
      Instance                            Arc        Cell       Retime  Arrival  Required  
                                                                Delay   Time     Time  
      -----------------------------------------------------------------------------------
      -                                   scan_en v  -          -       1.780    1.423  
      u_door_lock/timeout_counter_reg[4]  -          SDFFRHQX1  0.000   1.780    1.423  
      -----------------------------------------------------------------------------------
     Clock Rise Edge                      0.000
     = Beginpoint Arrival Time            0.000
     Other End Path:
      -------------------------------------------------------------------------------
      Instance                            Arc    Cell       Retime  Arrival  Required  
                                                            Delay   Time     Time  
      -------------------------------------------------------------------------------
      -                                   clk ^  -          -       0.000    0.357  
      u_door_lock/timeout_counter_reg[4]  -      SDFFRHQX1  0.000   0.000    0.357  
      -------------------------------------------------------------------------------
Path 14: VIOLATED Setup Check with Pin u_door_lock/timeout_counter_reg[5]/CK 
Endpoint:   u_door_lock/timeout_counter_reg[5]/SE (v) checked with  leading edge of 'clk'
Beginpoint: scan_en                               (v) triggered by  leading edge of 'clk'
Path Groups: {clk}
Retime Analysis { Data Path-Slew }
Other End Arrival Time          0.000
- Setup                         0.227
+ Phase Shift                   1.800
- Uncertainty                   0.150
= Required Time                 1.423
- Arrival Time                  1.780
= Slack Time                   -0.357
= Slack Time(original)         -0.423
     Clock Rise Edge                      0.000
     + Input Delay                        1.780
     = Beginpoint Arrival Time            1.780
     Timing Path:
      -----------------------------------------------------------------------------------
      Instance                            Arc        Cell       Retime  Arrival  Required  
                                                                Delay   Time     Time  
      -----------------------------------------------------------------------------------
      -                                   scan_en v  -          -       1.780    1.423  
      u_door_lock/timeout_counter_reg[5]  -          SDFFRHQX1  0.000   1.780    1.423  
      -----------------------------------------------------------------------------------
     Clock Rise Edge                      0.000
     = Beginpoint Arrival Time            0.000
     Other End Path:
      -------------------------------------------------------------------------------
      Instance                            Arc    Cell       Retime  Arrival  Required  
                                                            Delay   Time     Time  
      -------------------------------------------------------------------------------
      -                                   clk ^  -          -       0.000    0.357  
      u_door_lock/timeout_counter_reg[5]  -      SDFFRHQX1  0.000   0.000    0.357  
      -------------------------------------------------------------------------------
Path 15: VIOLATED Setup Check with Pin u_door_lock/timeout_counter_reg[6]/CK 
Endpoint:   u_door_lock/timeout_counter_reg[6]/SE (v) checked with  leading edge of 'clk'
Beginpoint: scan_en                               (v) triggered by  leading edge of 'clk'
Path Groups: {clk}
Retime Analysis { Data Path-Slew }
Other End Arrival Time          0.000
- Setup                         0.227
+ Phase Shift                   1.800
- Uncertainty                   0.150
= Required Time                 1.423
- Arrival Time                  1.780
= Slack Time                   -0.357
= Slack Time(original)         -0.423
     Clock Rise Edge                      0.000
     + Input Delay                        1.780
     = Beginpoint Arrival Time            1.780
     Timing Path:
      -----------------------------------------------------------------------------------
      Instance                            Arc        Cell       Retime  Arrival  Required  
                                                                Delay   Time     Time  
      -----------------------------------------------------------------------------------
      -                                   scan_en v  -          -       1.780    1.423  
      u_door_lock/timeout_counter_reg[6]  -          SDFFRHQX1  0.000   1.780    1.423  
      -----------------------------------------------------------------------------------
     Clock Rise Edge                      0.000
     = Beginpoint Arrival Time            0.000
     Other End Path:
      -------------------------------------------------------------------------------
      Instance                            Arc    Cell       Retime  Arrival  Required  
                                                            Delay   Time     Time  
      -------------------------------------------------------------------------------
      -                                   clk ^  -          -       0.000    0.357  
      u_door_lock/timeout_counter_reg[6]  -      SDFFRHQX1  0.000   0.000    0.357  
      -------------------------------------------------------------------------------
Path 16: VIOLATED Setup Check with Pin u_door_lock/timeout_counter_reg[7]/CK 
Endpoint:   u_door_lock/timeout_counter_reg[7]/SE (v) checked with  leading edge of 'clk'
Beginpoint: scan_en                               (v) triggered by  leading edge of 'clk'
Path Groups: {clk}
Retime Analysis { Data Path-Slew }
Other End Arrival Time          0.000
- Setup                         0.227
+ Phase Shift                   1.800
- Uncertainty                   0.150
= Required Time                 1.423
- Arrival Time                  1.780
= Slack Time                   -0.357
= Slack Time(original)         -0.423
     Clock Rise Edge                      0.000
     + Input Delay                        1.780
     = Beginpoint Arrival Time            1.780
     Timing Path:
      -----------------------------------------------------------------------------------
      Instance                            Arc        Cell       Retime  Arrival  Required  
                                                                Delay   Time     Time  
      -----------------------------------------------------------------------------------
      -                                   scan_en v  -          -       1.780    1.423  
      u_door_lock/timeout_counter_reg[7]  -          SDFFRHQX1  0.000   1.780    1.423  
      -----------------------------------------------------------------------------------
     Clock Rise Edge                      0.000
     = Beginpoint Arrival Time            0.000
     Other End Path:
      -------------------------------------------------------------------------------
      Instance                            Arc    Cell       Retime  Arrival  Required  
                                                            Delay   Time     Time  
      -------------------------------------------------------------------------------
      -                                   clk ^  -          -       0.000    0.357  
      u_door_lock/timeout_counter_reg[7]  -      SDFFRHQX1  0.000   0.000    0.357  
      -------------------------------------------------------------------------------
Path 17: VIOLATED Setup Check with Pin u_door_lock/lock_status_reg[0]/CK 
Endpoint:   u_door_lock/lock_status_reg[0]/SE (v) checked with  leading edge of 'clk'
Beginpoint: scan_en                           (v) triggered by  leading edge of 'clk'
Path Groups: {clk}
Retime Analysis { Data Path-Slew }
Other End Arrival Time          0.000
- Setup                         0.227
+ Phase Shift                   1.800
- Uncertainty                   0.150
= Required Time                 1.423
- Arrival Time                  1.780
= Slack Time                   -0.357
= Slack Time(original)         -0.423
     Clock Rise Edge                      0.000
     + Input Delay                        1.780
     = Beginpoint Arrival Time            1.780
     Timing Path:
      -------------------------------------------------------------------------------
      Instance                        Arc        Cell       Retime  Arrival  Required  
                                                            Delay   Time     Time  
      -------------------------------------------------------------------------------
      -                               scan_en v  -          -       1.780    1.423  
      u_door_lock/lock_status_reg[0]  -          SDFFRHQX1  0.000   1.780    1.423  
      -------------------------------------------------------------------------------
     Clock Rise Edge                      0.000
     = Beginpoint Arrival Time            0.000
     Other End Path:
      ---------------------------------------------------------------------------
      Instance                        Arc    Cell       Retime  Arrival  Required  
                                                        Delay   Time     Time  
      ---------------------------------------------------------------------------
      -                               clk ^  -          -       0.000    0.357  
      u_door_lock/lock_status_reg[0]  -      SDFFRHQX1  0.000   0.000    0.357  
      ---------------------------------------------------------------------------
Path 18: VIOLATED Setup Check with Pin u_door_lock/lock_status_reg[1]/CK 
Endpoint:   u_door_lock/lock_status_reg[1]/SE (v) checked with  leading edge of 'clk'
Beginpoint: scan_en                           (v) triggered by  leading edge of 'clk'
Path Groups: {clk}
Retime Analysis { Data Path-Slew }
Other End Arrival Time          0.000
- Setup                         0.227
+ Phase Shift                   1.800
- Uncertainty                   0.150
= Required Time                 1.423
- Arrival Time                  1.780
= Slack Time                   -0.357
= Slack Time(original)         -0.423
     Clock Rise Edge                      0.000
     + Input Delay                        1.780
     = Beginpoint Arrival Time            1.780
     Timing Path:
      -------------------------------------------------------------------------------
      Instance                        Arc        Cell       Retime  Arrival  Required  
                                                            Delay   Time     Time  
      -------------------------------------------------------------------------------
      -                               scan_en v  -          -       1.780    1.423  
      u_door_lock/lock_status_reg[1]  -          SDFFRHQX1  0.000   1.780    1.423  
      -------------------------------------------------------------------------------
     Clock Rise Edge                      0.000
     = Beginpoint Arrival Time            0.000
     Other End Path:
      ---------------------------------------------------------------------------
      Instance                        Arc    Cell       Retime  Arrival  Required  
                                                        Delay   Time     Time  
      ---------------------------------------------------------------------------
      -                               clk ^  -          -       0.000    0.357  
      u_door_lock/lock_status_reg[1]  -      SDFFRHQX1  0.000   0.000    0.357  
      ---------------------------------------------------------------------------
Path 19: VIOLATED Setup Check with Pin u_door_lock/door_locked_reg/CK 
Endpoint:   u_door_lock/door_locked_reg/SE (v) checked with  leading edge of 'clk'
Beginpoint: scan_en                        (v) triggered by  leading edge of 'clk'
Path Groups: {clk}
Retime Analysis { Data Path-Slew }
Other End Arrival Time          0.000
- Setup                         0.227
+ Phase Shift                   1.800
- Uncertainty                   0.150
= Required Time                 1.423
- Arrival Time                  1.780
= Slack Time                   -0.357
= Slack Time(original)         -0.423
     Clock Rise Edge                      0.000
     + Input Delay                        1.780
     = Beginpoint Arrival Time            1.780
     Timing Path:
      ----------------------------------------------------------------------------
      Instance                     Arc        Cell       Retime  Arrival  Required  
                                                         Delay   Time     Time  
      ----------------------------------------------------------------------------
      -                            scan_en v  -          -       1.780    1.423  
      u_door_lock/door_locked_reg  -          SDFFRHQX1  0.000   1.780    1.423  
      ----------------------------------------------------------------------------
     Clock Rise Edge                      0.000
     = Beginpoint Arrival Time            0.000
     Other End Path:
      ------------------------------------------------------------------------
      Instance                     Arc    Cell       Retime  Arrival  Required  
                                                     Delay   Time     Time  
      ------------------------------------------------------------------------
      -                            clk ^  -          -       0.000    0.357  
      u_door_lock/door_locked_reg  -      SDFFRHQX1  0.000   0.000    0.357  
      ------------------------------------------------------------------------
Path 20: VIOLATED Setup Check with Pin u_burglar/delay_counter_reg[0]/CK 
Endpoint:   u_burglar/delay_counter_reg[0]/SE (v) checked with  leading edge of 'clk'
Beginpoint: scan_en                           (v) triggered by  leading edge of 'clk'
Path Groups: {clk}
Retime Analysis { Data Path-Slew }
Other End Arrival Time          0.000
- Setup                         0.227
+ Phase Shift                   1.800
- Uncertainty                   0.150
= Required Time                 1.423
- Arrival Time                  1.780
= Slack Time                   -0.357
= Slack Time(original)         -0.423
     Clock Rise Edge                      0.000
     + Input Delay                        1.780
     = Beginpoint Arrival Time            1.780
     Timing Path:
      -------------------------------------------------------------------------------
      Instance                        Arc        Cell       Retime  Arrival  Required  
                                                            Delay   Time     Time  
      -------------------------------------------------------------------------------
      -                               scan_en v  -          -       1.780    1.423  
      u_burglar/delay_counter_reg[0]  -          SDFFRHQX1  0.000   1.780    1.423  
      -------------------------------------------------------------------------------
     Clock Rise Edge                      0.000
     = Beginpoint Arrival Time            0.000
     Other End Path:
      ---------------------------------------------------------------------------
      Instance                        Arc    Cell       Retime  Arrival  Required  
                                                        Delay   Time     Time  
      ---------------------------------------------------------------------------
      -                               clk ^  -          -       0.000    0.357  
      u_burglar/delay_counter_reg[0]  -      SDFFRHQX1  0.000   0.000    0.357  
      ---------------------------------------------------------------------------
Path 21: VIOLATED Setup Check with Pin u_burglar/delay_counter_reg[1]/CK 
Endpoint:   u_burglar/delay_counter_reg[1]/SE (v) checked with  leading edge of 'clk'
Beginpoint: scan_en                           (v) triggered by  leading edge of 'clk'
Path Groups: {clk}
Retime Analysis { Data Path-Slew }
Other End Arrival Time          0.000
- Setup                         0.227
+ Phase Shift                   1.800
- Uncertainty                   0.150
= Required Time                 1.423
- Arrival Time                  1.780
= Slack Time                   -0.357
= Slack Time(original)         -0.423
     Clock Rise Edge                      0.000
     + Input Delay                        1.780
     = Beginpoint Arrival Time            1.780
     Timing Path:
      -------------------------------------------------------------------------------
      Instance                        Arc        Cell       Retime  Arrival  Required  
                                                            Delay   Time     Time  
      -------------------------------------------------------------------------------
      -                               scan_en v  -          -       1.780    1.423  
      u_burglar/delay_counter_reg[1]  -          SDFFRHQX1  0.000   1.780    1.423  
      -------------------------------------------------------------------------------
     Clock Rise Edge                      0.000
     = Beginpoint Arrival Time            0.000
     Other End Path:
      ---------------------------------------------------------------------------
      Instance                        Arc    Cell       Retime  Arrival  Required  
                                                        Delay   Time     Time  
      ---------------------------------------------------------------------------
      -                               clk ^  -          -       0.000    0.357  
      u_burglar/delay_counter_reg[1]  -      SDFFRHQX1  0.000   0.000    0.357  
      ---------------------------------------------------------------------------
Path 22: VIOLATED Setup Check with Pin u_burglar/alarm_out_reg/CK 
Endpoint:   u_burglar/alarm_out_reg/SE (v) checked with  leading edge of 'clk'
Beginpoint: scan_en                    (v) triggered by  leading edge of 'clk'
Path Groups: {clk}
Retime Analysis { Data Path-Slew }
Other End Arrival Time          0.000
- Setup                         0.227
+ Phase Shift                   1.800
- Uncertainty                   0.150
= Required Time                 1.423
- Arrival Time                  1.780
= Slack Time                   -0.357
= Slack Time(original)         -0.423
     Clock Rise Edge                      0.000
     + Input Delay                        1.780
     = Beginpoint Arrival Time            1.780
     Timing Path:
      ------------------------------------------------------------------------
      Instance                 Arc        Cell       Retime  Arrival  Required  
                                                     Delay   Time     Time  
      ------------------------------------------------------------------------
      -                        scan_en v  -          -       1.780    1.423  
      u_burglar/alarm_out_reg  -          SDFFRHQX1  0.000   1.780    1.423  
      ------------------------------------------------------------------------
     Clock Rise Edge                      0.000
     = Beginpoint Arrival Time            0.000
     Other End Path:
      --------------------------------------------------------------------
      Instance                 Arc    Cell       Retime  Arrival  Required  
                                                 Delay   Time     Time  
      --------------------------------------------------------------------
      -                        clk ^  -          -       0.000    0.357  
      u_burglar/alarm_out_reg  -      SDFFRHQX1  0.000   0.000    0.357  
      --------------------------------------------------------------------
Path 23: VIOLATED Setup Check with Pin u_burglar/delay_counter_reg[2]/CK 
Endpoint:   u_burglar/delay_counter_reg[2]/SE (v) checked with  leading edge of 'clk'
Beginpoint: scan_en                           (v) triggered by  leading edge of 'clk'
Path Groups: {clk}
Retime Analysis { Data Path-Slew }
Other End Arrival Time          0.000
- Setup                         0.227
+ Phase Shift                   1.800
- Uncertainty                   0.150
= Required Time                 1.423
- Arrival Time                  1.780
= Slack Time                   -0.357
= Slack Time(original)         -0.423
     Clock Rise Edge                      0.000
     + Input Delay                        1.780
     = Beginpoint Arrival Time            1.780
     Timing Path:
      -------------------------------------------------------------------------------
      Instance                        Arc        Cell       Retime  Arrival  Required  
                                                            Delay   Time     Time  
      -------------------------------------------------------------------------------
      -                               scan_en v  -          -       1.780    1.423  
      u_burglar/delay_counter_reg[2]  -          SDFFRHQX1  0.000   1.780    1.423  
      -------------------------------------------------------------------------------
     Clock Rise Edge                      0.000
     = Beginpoint Arrival Time            0.000
     Other End Path:
      ---------------------------------------------------------------------------
      Instance                        Arc    Cell       Retime  Arrival  Required  
                                                        Delay   Time     Time  
      ---------------------------------------------------------------------------
      -                               clk ^  -          -       0.000    0.357  
      u_burglar/delay_counter_reg[2]  -      SDFFRHQX1  0.000   0.000    0.357  
      ---------------------------------------------------------------------------
Path 24: VIOLATED Setup Check with Pin u_burglar/delay_counter_reg[8]/CK 
Endpoint:   u_burglar/delay_counter_reg[8]/SE (v) checked with  leading edge of 'clk'
Beginpoint: scan_en                           (v) triggered by  leading edge of 'clk'
Path Groups: {clk}
Retime Analysis { Data Path-Slew }
Other End Arrival Time          0.000
- Setup                         0.227
+ Phase Shift                   1.800
- Uncertainty                   0.150
= Required Time                 1.423
- Arrival Time                  1.780
= Slack Time                   -0.357
= Slack Time(original)         -0.423
     Clock Rise Edge                      0.000
     + Input Delay                        1.780
     = Beginpoint Arrival Time            1.780
     Timing Path:
      -------------------------------------------------------------------------------
      Instance                        Arc        Cell       Retime  Arrival  Required  
                                                            Delay   Time     Time  
      -------------------------------------------------------------------------------
      -                               scan_en v  -          -       1.780    1.423  
      u_burglar/delay_counter_reg[8]  -          SDFFRHQX1  0.000   1.780    1.423  
      -------------------------------------------------------------------------------
     Clock Rise Edge                      0.000
     = Beginpoint Arrival Time            0.000
     Other End Path:
      ---------------------------------------------------------------------------
      Instance                        Arc    Cell       Retime  Arrival  Required  
                                                        Delay   Time     Time  
      ---------------------------------------------------------------------------
      -                               clk ^  -          -       0.000    0.357  
      u_burglar/delay_counter_reg[8]  -      SDFFRHQX1  0.000   0.000    0.357  
      ---------------------------------------------------------------------------
Path 25: VIOLATED Setup Check with Pin u_burglar/delay_counter_reg[4]/CK 
Endpoint:   u_burglar/delay_counter_reg[4]/SE (v) checked with  leading edge of 'clk'
Beginpoint: scan_en                           (v) triggered by  leading edge of 'clk'
Path Groups: {clk}
Retime Analysis { Data Path-Slew }
Other End Arrival Time          0.000
- Setup                         0.227
+ Phase Shift                   1.800
- Uncertainty                   0.150
= Required Time                 1.423
- Arrival Time                  1.780
= Slack Time                   -0.357
= Slack Time(original)         -0.423
     Clock Rise Edge                      0.000
     + Input Delay                        1.780
     = Beginpoint Arrival Time            1.780
     Timing Path:
      -------------------------------------------------------------------------------
      Instance                        Arc        Cell       Retime  Arrival  Required  
                                                            Delay   Time     Time  
      -------------------------------------------------------------------------------
      -                               scan_en v  -          -       1.780    1.423  
      u_burglar/delay_counter_reg[4]  -          SDFFRHQX1  0.000   1.780    1.423  
      -------------------------------------------------------------------------------
     Clock Rise Edge                      0.000
     = Beginpoint Arrival Time            0.000
     Other End Path:
      ---------------------------------------------------------------------------
      Instance                        Arc    Cell       Retime  Arrival  Required  
                                                        Delay   Time     Time  
      ---------------------------------------------------------------------------
      -                               clk ^  -          -       0.000    0.357  
      u_burglar/delay_counter_reg[4]  -      SDFFRHQX1  0.000   0.000    0.357  
      ---------------------------------------------------------------------------
Path 26: VIOLATED Setup Check with Pin u_burglar/delay_counter_reg[3]/CK 
Endpoint:   u_burglar/delay_counter_reg[3]/SE (v) checked with  leading edge of 'clk'
Beginpoint: scan_en                           (v) triggered by  leading edge of 'clk'
Path Groups: {clk}
Retime Analysis { Data Path-Slew }
Other End Arrival Time          0.000
- Setup                         0.227
+ Phase Shift                   1.800
- Uncertainty                   0.150
= Required Time                 1.423
- Arrival Time                  1.780
= Slack Time                   -0.357
= Slack Time(original)         -0.423
     Clock Rise Edge                      0.000
     + Input Delay                        1.780
     = Beginpoint Arrival Time            1.780
     Timing Path:
      -------------------------------------------------------------------------------
      Instance                        Arc        Cell       Retime  Arrival  Required  
                                                            Delay   Time     Time  
      -------------------------------------------------------------------------------
      -                               scan_en v  -          -       1.780    1.423  
      u_burglar/delay_counter_reg[3]  -          SDFFRHQX1  0.000   1.780    1.423  
      -------------------------------------------------------------------------------
     Clock Rise Edge                      0.000
     = Beginpoint Arrival Time            0.000
     Other End Path:
      ---------------------------------------------------------------------------
      Instance                        Arc    Cell       Retime  Arrival  Required  
                                                        Delay   Time     Time  
      ---------------------------------------------------------------------------
      -                               clk ^  -          -       0.000    0.357  
      u_burglar/delay_counter_reg[3]  -      SDFFRHQX1  0.000   0.000    0.357  
      ---------------------------------------------------------------------------
Path 27: VIOLATED Setup Check with Pin u_burglar/delay_counter_reg[7]/CK 
Endpoint:   u_burglar/delay_counter_reg[7]/SE (v) checked with  leading edge of 'clk'
Beginpoint: scan_en                           (v) triggered by  leading edge of 'clk'
Path Groups: {clk}
Retime Analysis { Data Path-Slew }
Other End Arrival Time          0.000
- Setup                         0.227
+ Phase Shift                   1.800
- Uncertainty                   0.150
= Required Time                 1.423
- Arrival Time                  1.780
= Slack Time                   -0.357
= Slack Time(original)         -0.423
     Clock Rise Edge                      0.000
     + Input Delay                        1.780
     = Beginpoint Arrival Time            1.780
     Timing Path:
      -------------------------------------------------------------------------------
      Instance                        Arc        Cell       Retime  Arrival  Required  
                                                            Delay   Time     Time  
      -------------------------------------------------------------------------------
      -                               scan_en v  -          -       1.780    1.423  
      u_burglar/delay_counter_reg[7]  -          SDFFRHQX1  0.000   1.780    1.423  
      -------------------------------------------------------------------------------
     Clock Rise Edge                      0.000
     = Beginpoint Arrival Time            0.000
     Other End Path:
      ---------------------------------------------------------------------------
      Instance                        Arc    Cell       Retime  Arrival  Required  
                                                        Delay   Time     Time  
      ---------------------------------------------------------------------------
      -                               clk ^  -          -       0.000    0.357  
      u_burglar/delay_counter_reg[7]  -      SDFFRHQX1  0.000   0.000    0.357  
      ---------------------------------------------------------------------------
Path 28: VIOLATED Setup Check with Pin u_burglar/delay_counter_reg[5]/CK 
Endpoint:   u_burglar/delay_counter_reg[5]/SE (v) checked with  leading edge of 'clk'
Beginpoint: scan_en                           (v) triggered by  leading edge of 'clk'
Path Groups: {clk}
Retime Analysis { Data Path-Slew }
Other End Arrival Time          0.000
- Setup                         0.227
+ Phase Shift                   1.800
- Uncertainty                   0.150
= Required Time                 1.423
- Arrival Time                  1.780
= Slack Time                   -0.357
= Slack Time(original)         -0.423
     Clock Rise Edge                      0.000
     + Input Delay                        1.780
     = Beginpoint Arrival Time            1.780
     Timing Path:
      -------------------------------------------------------------------------------
      Instance                        Arc        Cell       Retime  Arrival  Required  
                                                            Delay   Time     Time  
      -------------------------------------------------------------------------------
      -                               scan_en v  -          -       1.780    1.423  
      u_burglar/delay_counter_reg[5]  -          SDFFRHQX1  0.000   1.780    1.423  
      -------------------------------------------------------------------------------
     Clock Rise Edge                      0.000
     = Beginpoint Arrival Time            0.000
     Other End Path:
      ---------------------------------------------------------------------------
      Instance                        Arc    Cell       Retime  Arrival  Required  
                                                        Delay   Time     Time  
      ---------------------------------------------------------------------------
      -                               clk ^  -          -       0.000    0.357  
      u_burglar/delay_counter_reg[5]  -      SDFFRHQX1  0.000   0.000    0.357  
      ---------------------------------------------------------------------------
Path 29: VIOLATED Setup Check with Pin u_burglar/delay_counter_reg[6]/CK 
Endpoint:   u_burglar/delay_counter_reg[6]/SE (v) checked with  leading edge of 'clk'
Beginpoint: scan_en                           (v) triggered by  leading edge of 'clk'
Path Groups: {clk}
Retime Analysis { Data Path-Slew }
Other End Arrival Time          0.000
- Setup                         0.227
+ Phase Shift                   1.800
- Uncertainty                   0.150
= Required Time                 1.423
- Arrival Time                  1.780
= Slack Time                   -0.357
= Slack Time(original)         -0.423
     Clock Rise Edge                      0.000
     + Input Delay                        1.780
     = Beginpoint Arrival Time            1.780
     Timing Path:
      -------------------------------------------------------------------------------
      Instance                        Arc        Cell       Retime  Arrival  Required  
                                                            Delay   Time     Time  
      -------------------------------------------------------------------------------
      -                               scan_en v  -          -       1.780    1.423  
      u_burglar/delay_counter_reg[6]  -          SDFFRHQX1  0.000   1.780    1.423  
      -------------------------------------------------------------------------------
     Clock Rise Edge                      0.000
     = Beginpoint Arrival Time            0.000
     Other End Path:
      ---------------------------------------------------------------------------
      Instance                        Arc    Cell       Retime  Arrival  Required  
                                                        Delay   Time     Time  
      ---------------------------------------------------------------------------
      -                               clk ^  -          -       0.000    0.357  
      u_burglar/delay_counter_reg[6]  -      SDFFRHQX1  0.000   0.000    0.357  
      ---------------------------------------------------------------------------
Path 30: VIOLATED Setup Check with Pin u_appliances/lights_on_reg/CK 
Endpoint:   u_appliances/lights_on_reg/SE (v) checked with  leading edge of 'clk'
Beginpoint: scan_en                       (v) triggered by  leading edge of 'clk'
Path Groups: {clk}
Retime Analysis { Data Path-Slew }
Other End Arrival Time          0.000
- Setup                         0.227
+ Phase Shift                   1.800
- Uncertainty                   0.150
= Required Time                 1.423
- Arrival Time                  1.780
= Slack Time                   -0.357
= Slack Time(original)         -0.423
     Clock Rise Edge                      0.000
     + Input Delay                        1.780
     = Beginpoint Arrival Time            1.780
     Timing Path:
      ---------------------------------------------------------------------------
      Instance                    Arc        Cell       Retime  Arrival  Required  
                                                        Delay   Time     Time  
      ---------------------------------------------------------------------------
      -                           scan_en v  -          -       1.780    1.423  
      u_appliances/lights_on_reg  -          SDFFRHQX1  0.000   1.780    1.423  
      ---------------------------------------------------------------------------
     Clock Rise Edge                      0.000
     = Beginpoint Arrival Time            0.000
     Other End Path:
      -----------------------------------------------------------------------
      Instance                    Arc    Cell       Retime  Arrival  Required  
                                                    Delay   Time     Time  
      -----------------------------------------------------------------------
      -                           clk ^  -          -       0.000    0.357  
      u_appliances/lights_on_reg  -      SDFFRHQX1  0.000   0.000    0.357  
      -----------------------------------------------------------------------

