###############################################################
#  Generated by:      Cadence Tempus 20.10-p003_1
#  OS:                Linux x86_64(Host ID edatools-server2.iiitd.edu.in)
#  Generated on:      Tue Nov 18 16:56:54 2025
#  Design:            HA
#  Command:           report_timing > $report_dir/timing_report.rpt
###############################################################
Path 1: VIOLATED Setup Check with Pin u_humidity/dehumidifier_on_reg/CK 
Endpoint:   u_humidity/dehumidifier_on_reg/D (^) checked with  leading edge of 'clk'
Beginpoint: humidity_sensor_r_reg[1]/Q       (^) triggered by  leading edge of 'clk'
Path Groups: {clk}
Other End Arrival Time          0.000
- Setup                         0.260
+ Phase Shift                   1.800
- Uncertainty                   0.150
= Required Time                 1.390
- Arrival Time                  2.329
= Slack Time                   -0.939
     Clock Rise Edge                 0.000
     + Clock Network Latency (Ideal) 0.000
     = Beginpoint Arrival Time       0.000
      --------------------------------------------------------------------------------
      Instance                        Arc          Cell       Delay  Arrival  Required  
                                                                     Time     Time  
      --------------------------------------------------------------------------------
      humidity_sensor_r_reg[1]        CK ^         -          -      0.000    -0.939  
      humidity_sensor_r_reg[1]        CK ^ -> Q ^  SDFFRHQX4  1.907  1.907    0.968  
      u_humidity/g206                 A0 ^ -> Y v  OAI211X1   0.242  2.149    1.210  
      u_humidity/g202                 A1 v -> Y ^  AOI21XL    0.180  2.329    1.390  
      u_humidity/dehumidifier_on_reg  D ^          SDFFRHQX1  0.000  2.329    1.390  
      --------------------------------------------------------------------------------

