Cadence Genus(TM) Synthesis Solution.
Copyright 2020 Cadence Design Systems, Inc. All rights reserved worldwide.
Cadence and the Cadence logo are registered trademarks and Genus is a trademark
of Cadence Design Systems, Inc. in the United States and other countries.

Version: 19.13-s073_1, built Fri Mar 20 01:36:16 PDT 2020
Options: -legacy_ui 
Date:    Mon Oct 27 18:49:28 2025
Host:    edatools-server2.iiitd.edu.in (x86_64 w/Linux 2.6.32-754.35.1.el6.x86_64) (18cores*72cpus*2physical cpus*Intel(R) Xeon(R) Gold 6354 CPU @ 3.00GHz 39936KB) (528955884KB)
PID:     67114
OS:      Red Hat Enterprise Linux Server release 6.10 (Santiago)

Checking out license: Genus_Synthesis

Loading tool scripts...

Finished loading tool scripts (4 seconds elapsed).

WARNING: This version of the tool is 2047 days old.
legacy_genus:/> source DFT.tcl
Sourcing './DFT.tcl' (Mon Oct 27 18:49:44 IST 2025)...
  Setting attribute of root '/': 'lib_search_path' = /home/drashi25114/Desktop/cmos65/90nm/verilog/DFT/mid/lib
Warning : This attribute will be obsolete in a next major release. [TUI-32]
        : attribute: 'hdl_search_path', object type: 'root'
        : Attribute 'hdl_search_path' is going to be obsoleted, use the new attribute 'init_hdl_search_path'.
  Setting attribute of root '/': 'hdl_search_path' = /home/drashi25114/Desktop/cmos65/90nm/verilog/DFT/mid/RTL
WARNING: RcShMem: shm create failed on main errno=28
WARNING: RcShMem not available. Only process local CPU control for multi threading. No control between different super thread server processes

Threads Configured:3
Warning : Unsupported attribute in the pin group. [LBR-510]
        : The attribute 'fanout_capacitance' defined on line 22 is not supported for 'wire_load' group. It should be defined at 'wire_load_table' level. (File /home/drashi25114/Desktop/cmos65/90nm/verilog/DFT/mid/lib/slow_wlm.lib)
Warning : Unsupported attribute in the pin group. [LBR-510]
        : The attribute 'fanout_capacitance' defined on line 23 is not supported for 'wire_load' group. It should be defined at 'wire_load_table' level. (File /home/drashi25114/Desktop/cmos65/90nm/verilog/DFT/mid/lib/slow_wlm.lib)
Warning : Unsupported attribute in the pin group. [LBR-510]
        : The attribute 'fanout_capacitance' defined on line 24 is not supported for 'wire_load' group. It should be defined at 'wire_load_table' level. (File /home/drashi25114/Desktop/cmos65/90nm/verilog/DFT/mid/lib/slow_wlm.lib)
Warning : Unsupported attribute in the pin group. [LBR-510]
        : The attribute 'fanout_capacitance' defined on line 25 is not supported for 'wire_load' group. It should be defined at 'wire_load_table' level. (File /home/drashi25114/Desktop/cmos65/90nm/verilog/DFT/mid/lib/slow_wlm.lib)
Warning : Unsupported attribute in the pin group. [LBR-510]
        : The attribute 'fanout_capacitance' defined on line 26 is not supported for 'wire_load' group. It should be defined at 'wire_load_table' level. (File /home/drashi25114/Desktop/cmos65/90nm/verilog/DFT/mid/lib/slow_wlm.lib)
Warning : Unsupported attribute in the pin group. [LBR-510]
        : The attribute 'fanout_resistance' defined on line 27 is not supported for 'wire_load' group. It should be defined at 'wire_load_table' level. (File /home/drashi25114/Desktop/cmos65/90nm/verilog/DFT/mid/lib/slow_wlm.lib)
Warning : Unsupported attribute in the pin group. [LBR-510]
        : The attribute 'fanout_resistance' defined on line 28 is not supported for 'wire_load' group. It should be defined at 'wire_load_table' level. (File /home/drashi25114/Desktop/cmos65/90nm/verilog/DFT/mid/lib/slow_wlm.lib)
Warning : Unsupported attribute in the pin group. [LBR-510]
        : The attribute 'fanout_resistance' defined on line 29 is not supported for 'wire_load' group. It should be defined at 'wire_load_table' level. (File /home/drashi25114/Desktop/cmos65/90nm/verilog/DFT/mid/lib/slow_wlm.lib)
Warning : Unsupported attribute in the pin group. [LBR-510]
        : The attribute 'fanout_resistance' defined on line 30 is not supported for 'wire_load' group. It should be defined at 'wire_load_table' level. (File /home/drashi25114/Desktop/cmos65/90nm/verilog/DFT/mid/lib/slow_wlm.lib)
Warning : Unsupported attribute in the pin group. [LBR-510]
        : The attribute 'fanout_resistance' defined on line 31 is not supported for 'wire_load' group. It should be defined at 'wire_load_table' level. (File /home/drashi25114/Desktop/cmos65/90nm/verilog/DFT/mid/lib/slow_wlm.lib)

  Message Summary for Library slow_wlm.lib:
  *****************************************
  Missing a function attribute in the output pin definition. [LBR-518]: 1
  Missing library level attribute. [LBR-516]: 1
  Unsupported attribute in the pin group. [LBR-510]: 10
  *****************************************
 
Info    : Created nominal operating condition. [LBR-412]
        : Operating condition '_nominal_' was created for the PVT values (1.000000, 0.900000, 125.000000) in library 'slow_wlm.lib'.
        : The nominal operating condition is represented, either by the nominal PVT values specified in the library source (via nom_process,nom_voltage and nom_temperature respectively), or by the default PVT values (1.0,1.0,1.0).
  Setting attribute of root '/': 'library' = slow_wlm.lib
Warning : Detected both combinational and sequential timing arcs in a library cell. This might prevent the tool from using this cell for technology mapping. The tool will treat it as unusable. [LBR-76]
        : The arc 'CK_E_Ha0' between pins 'CK' and 'E' in libcell 'TLATNCAX12' is a sequential timing arc.
        : The library cell will be treated as a timing-model. Make sure that the timing arcs and output function are defined correctly. Even if the cell intends to have dual-functionality, it cannot be unmapped or automatically inferred.
Warning : Detected both combinational and sequential timing arcs in a library cell. This might prevent the tool from using this cell for technology mapping. The tool will treat it as unusable. [LBR-76]
        : The arc 'CK_E_Ha0' between pins 'CK' and 'E' in libcell 'TLATNCAX16' is a sequential timing arc.
Warning : Detected both combinational and sequential timing arcs in a library cell. This might prevent the tool from using this cell for technology mapping. The tool will treat it as unusable. [LBR-76]
        : The arc 'CK_E_Ha0' between pins 'CK' and 'E' in libcell 'TLATNCAX2' is a sequential timing arc.
Warning : Detected both combinational and sequential timing arcs in a library cell. This might prevent the tool from using this cell for technology mapping. The tool will treat it as unusable. [LBR-76]
        : The arc 'CK_E_Ha0' between pins 'CK' and 'E' in libcell 'TLATNCAX20' is a sequential timing arc.
Warning : Detected both combinational and sequential timing arcs in a library cell. This might prevent the tool from using this cell for technology mapping. The tool will treat it as unusable. [LBR-76]
        : The arc 'CK_E_Ha0' between pins 'CK' and 'E' in libcell 'TLATNCAX3' is a sequential timing arc.
Warning : Detected both combinational and sequential timing arcs in a library cell. This might prevent the tool from using this cell for technology mapping. The tool will treat it as unusable. [LBR-76]
        : The arc 'CK_E_Ha0' between pins 'CK' and 'E' in libcell 'TLATNCAX4' is a sequential timing arc.
Warning : Detected both combinational and sequential timing arcs in a library cell. This might prevent the tool from using this cell for technology mapping. The tool will treat it as unusable. [LBR-76]
        : The arc 'CK_E_Ha0' between pins 'CK' and 'E' in libcell 'TLATNCAX6' is a sequential timing arc.
Warning : Detected both combinational and sequential timing arcs in a library cell. This might prevent the tool from using this cell for technology mapping. The tool will treat it as unusable. [LBR-76]
        : The arc 'CK_E_Ha0' between pins 'CK' and 'E' in libcell 'TLATNCAX8' is a sequential timing arc.
Warning : Detected both combinational and sequential timing arcs in a library cell. This might prevent the tool from using this cell for technology mapping. The tool will treat it as unusable. [LBR-76]
        : The arc 'CK_SE_Ha3' between pins 'CK' and 'SE' in libcell 'TLATNTSCAX12' is a sequential timing arc.
Warning : Detected both combinational and sequential timing arcs in a library cell. This might prevent the tool from using this cell for technology mapping. The tool will treat it as unusable. [LBR-76]
        : The arc 'CK_SE_Ha3' between pins 'CK' and 'SE' in libcell 'TLATNTSCAX16' is a sequential timing arc.
Warning : Detected both combinational and sequential timing arcs in a library cell. This might prevent the tool from using this cell for technology mapping. The tool will treat it as unusable. [LBR-76]
        : The arc 'CK_SE_Ha3' between pins 'CK' and 'SE' in libcell 'TLATNTSCAX2' is a sequential timing arc.
Warning : Detected both combinational and sequential timing arcs in a library cell. This might prevent the tool from using this cell for technology mapping. The tool will treat it as unusable. [LBR-76]
        : The arc 'CK_SE_Ha3' between pins 'CK' and 'SE' in libcell 'TLATNTSCAX20' is a sequential timing arc.
Warning : Detected both combinational and sequential timing arcs in a library cell. This might prevent the tool from using this cell for technology mapping. The tool will treat it as unusable. [LBR-76]
        : The arc 'CK_SE_Ha3' between pins 'CK' and 'SE' in libcell 'TLATNTSCAX3' is a sequential timing arc.
Warning : Detected both combinational and sequential timing arcs in a library cell. This might prevent the tool from using this cell for technology mapping. The tool will treat it as unusable. [LBR-76]
        : The arc 'CK_SE_Ha3' between pins 'CK' and 'SE' in libcell 'TLATNTSCAX4' is a sequential timing arc.
Warning : Detected both combinational and sequential timing arcs in a library cell. This might prevent the tool from using this cell for technology mapping. The tool will treat it as unusable. [LBR-76]
        : The arc 'CK_SE_Ha3' between pins 'CK' and 'SE' in libcell 'TLATNTSCAX6' is a sequential timing arc.
Warning : Detected both combinational and sequential timing arcs in a library cell. This might prevent the tool from using this cell for technology mapping. The tool will treat it as unusable. [LBR-76]
        : The arc 'CK_SE_Ha3' between pins 'CK' and 'SE' in libcell 'TLATNTSCAX8' is a sequential timing arc.
  Library has 324 usable logic and 128 usable sequential lib-cells.
Info    : Elaborating Design. [ELAB-1]
        : Elaborating top-level block 'HA' from file '/home/drashi25114/Desktop/cmos65/90nm/verilog/DFT/mid/RTL/HA.v'.
Warning : Unreachable statements for case item. [CDFG-472]
        : Case item 'default' in module 'door_lock_controller' in file '/home/drashi25114/Desktop/cmos65/90nm/verilog/DFT/mid/RTL/HA.v' on line 692.
Info    : Done Elaborating Design. [ELAB-3]
        : Done elaborating 'HA'.
Checking for analog nets...
Check completed for analog nets.
Checking for source RTL...
Check completed for source RTL.
Warning : Unsupported SDC command option. [SDC-201] [set_input_delay]
        : The 'set_input_delay' command on line '11' in the SDC file '/home/drashi25114/Desktop/cmos65/90nm/verilog/DFT/mid/mid.sdc' is not supported on ports which have a clock already defined '/designs/HA/ports_in/clk'.
        : The current version does not support this SDC command option.  However, future versions may be enhanced to support this option.
Statistics for commands executed by read_sdc:
 "all_inputs"               - successful      1 , failed      0 (runtime  0.00)
 "all_outputs"              - successful      1 , failed      0 (runtime  0.00)
 "create_clock"             - successful      1 , failed      0 (runtime  0.00)
 "get_clocks"               - successful      7 , failed      0 (runtime  0.00)
 "get_ports"                - successful      1 , failed      0 (runtime  0.00)
 "set_clock_transition"     - successful      4 , failed      0 (runtime  0.00)
 "set_clock_uncertainty"    - successful      1 , failed      0 (runtime  0.00)
 "set_input_delay"          - successful      1 , failed      0 (runtime  0.00)
 "set_output_delay"         - successful      1 , failed      0 (runtime  0.00)
Total runtime 0.0
============================================================
  Generated by:           Genus(TM) Synthesis Solution 19.13-s073_1
  Generated on:           Oct 27 2025  06:49:45 pm
  Module:                 HA
  Technology library:     slow 
  Operating conditions:   slow (balanced_tree)
  Wireload mode:          enclosed
  Area mode:              timing library
============================================================

-------------------------------------------------------------------------------
Inputs without external driver/transition

The following primary inputs have no external driver or input transition set.   
As a result the transition on the ports will be assumed as zero. The            
'external_driver' attribute is used to add and external driver or the           
'fixed_slew' attribute to add an external transition.                           

/designs/HA/ports_in/ac_cmd
/designs/HA/ports_in/alarm_arm
/designs/HA/ports_in/door_lock_cmd
  ... 58 other warnings in this category.
 Use the -verbose option for more details.
-------------------------------------------------------------------------------

-------------------------------------------------------------------------------
Outputs without external load

The following primary outputs have no external load set. As a result the load   
on the ports will be assumed as zero. The 'external_pin_cap' attribute is used  
to add and external pin cap.                                                    

/designs/HA/ports_out/ac_on
/designs/HA/ports_out/burglar_alarm_out
/designs/HA/ports_out/cooler_on
  ... 42 other warnings in this category.
 Use the -verbose option for more details.
-------------------------------------------------------------------------------


Lint summary
 Unconnected/logic driven clocks                                  0
 Sequential data pins driven by a clock signal                    0
 Sequential clock pins without clock waveform                     0
 Sequential clock pins with multiple clock waveforms              0
 Generated clocks without clock waveform                          0
 Generated clocks with incompatible options                       0
 Generated clocks with multi-master clock                         0
 Paths constrained with different clocks                          0
 Loop-breaking cells for combinational feedback                   0
 Nets with multiple drivers                                       0
 Timing exceptions with no effect                                 0
 Suspicious multi_cycle exceptions                                0
 Pins/ports with conflicting case constants                       0
 Inputs without clocked external delays                           0
 Outputs without clocked external delays                          0
 Inputs without external driver/transition                       61
 Outputs without external load                                   45
 Exceptions with invalid timing start-/endpoints                  0

                                                  Total:        106

  Setting attribute of root '/': 'dft_scan_style' = muxed_scan

Design Name
===========
    HA

Scan Style
==========
    muxed_scan
DFT rule check status is not available. Need to (re)run check_dft_rules

Global Constraints
==================
    Minimum number of scan chains: no_value
    Maximum length of scan chains: no_value
    Lock-up element type: preferred_level_sensitive
    Mix clock edges in scan chain: false
    Prefix for unnamed scan objects: DFT_

Test signal objects
===================
    shift_enable: 
          object name: scan_en 
          pin name: scan_en 
          hookup_pin: scan_en 
          hookup_polarity: non_inverted 
          function: shift_enable 
          active: high 
          ideal: false 
          user defined: true

    test_mode: 
          object name: test_mode 
          pin name: test_mode 
          hookup_pin: test_mode 
          hookup_polarity: non_inverted 
          function: test_mode 
          active: high 
          ideal: false 
          user defined: true


Test clock objects
==================
Reporting all test clocks as TDRC status is not available

DFT controllable objects
========================

DFT don't scan objects
======================

DFT abstract don't scan objects
===============================

DFT scan segment constraints
============================

DFT scan chain constraints
==========================

DFT actual scan chains
======================
  Checking DFT rules for 'HA' module under 'muxed_scan' style

Detected 0 DFT rule violation(s)
    ... see the log file for more details
  Number of user specified non-Scan registers:   0
      Number of registers that fail DFT rules:   0
      Number of registers that pass DFT rules: 158
  Percentage of total registers that are scannable: 100%
Warning : Cannot fix violation. [DFT-313]
        : Did not find any clock or asynchronous violations to fix.
        : The current version of the tool cannot fix violations reported for shift registers or potential race condition violations or violations reported for the test mode signal, clock or other clock of abstract segments.
Warning : This command will be obsolete in a next major release. [TUI-37]
        : command: 'synthesize'
        : The synthesize command is obsolete. Use the syn_gen, syn_map or syn_opt commands instead.
Info    : Synthesizing. [SYNTH-1]
        : Synthesizing 'HA' to generic gates using 'medium' effort.
Info    : Deleting instances not driving any primary outputs. [GLO-34]
        : Deleting 74 hierarchical instances.
        : Optimizations such as constant propagation or redundancy removal could change the connections so a hierarchical instance does not drive any primary outputs anymore. To see the list of deleted hierarchical instances, set the 'information_level' attribute to 2 or above. If the message is truncated set the message attribute 'truncate' to false to see the complete list. To prevent this optimization, set the 'delete_unloaded_insts' root/subdesign attribute to 'false' or 'preserve' instance attribute to 'true'.
Starting reconvergence optimization [v1.0] (stage: pre_rtlopt, startdef: HA, recur: true)
Completed reconvergence optimization (accepts: 0, rejects: 0, runtime: 0.001s)
Starting logic restructure optimization [v1.0] (stage: pre_rtlopt, startdef: HA, recur: true)
Completed logic restructure optimization (accepts: 0, rejects: 0, runtime: 0.002s)
Info    : Pre-processed datapath logic. [DPOPT-6]
        : No pre-processing optimizations applied to datapath logic in 'HA'.
Info    : Optimizing datapath logic. [DPOPT-1]
        : Optimizing datapath logic in 'HA'.
Info    : Implementing datapath configurations. [DPOPT-3]
        : Implementing datapath configurations for 'CDN_DP_region_170'
Info    : Done implementing datapath configurations. [DPOPT-4]
        : Selected 'very_fast' configuration 5 for module 'CDN_DP_region_170'.
          Optimizations applied to 'very_fast' configuration:
            rewriting(0), factoring(0), sharing(0), cmultcse(0), downsizing(0), speculation(0)
Info    : Implementing datapath configurations. [DPOPT-3]
        : Implementing datapath configurations for 'CDN_DP_region'
Info    : Done implementing datapath configurations. [DPOPT-4]
        : Selected 'very_fast' configuration 5 for module 'CDN_DP_region'.
          Optimizations applied to 'very_fast' configuration:
            rewriting(0), factoring(0), sharing(0), cmultcse(0), downsizing(0), speculation(0)
Info    : Implementing datapath configurations. [DPOPT-3]
        : Implementing datapath configurations for 'CDN_DP_region_174'
Info    : Done implementing datapath configurations. [DPOPT-4]
        : Selected 'very_fast' configuration 5 for module 'CDN_DP_region_174'.
          Optimizations applied to 'very_fast' configuration:
            rewriting(0), factoring(0), sharing(0), cmultcse(0), downsizing(0), speculation(0)
Info    : Implementing datapath configurations. [DPOPT-3]
        : Implementing datapath configurations for 'CDN_DP_region_176'
Info    : Done implementing datapath configurations. [DPOPT-4]
        : Selected 'very_fast' configuration 5 for module 'CDN_DP_region_176'.
          Optimizations applied to 'very_fast' configuration:
            rewriting(0), factoring(0), sharing(0), cmultcse(0), downsizing(0), speculation(0)
Info    : Implementing datapath configurations. [DPOPT-3]
        : Implementing datapath configurations for 'CDN_DP_region_173'
Info    : Truncated carry-save logic. [RTLOPT-22]
        : Truncated carry-save logic using instance csTrunc_gt_412_38.
Info    : Truncated carry-save logic. [RTLOPT-22]
        : Truncated carry-save logic using instance csTrunc_gt_412_38.
Info    : Done implementing datapath configurations. [DPOPT-4]
        : Selected 'very_fast' configuration 5 for module 'CDN_DP_region_173'.
          Optimizations applied to 'very_fast' configuration:
            rewriting(0), factoring(0), sharing(0), cmultcse(0), downsizing(0), speculation(0)
Info    : Implementing datapath configurations. [DPOPT-3]
        : Implementing datapath configurations for 'CDN_DP_region_171'
Info    : Done implementing datapath configurations. [DPOPT-4]
        : Selected 'very_fast' configuration 5 for module 'CDN_DP_region_171'.
          Optimizations applied to 'very_fast' configuration:
            rewriting(0), factoring(0), sharing(0), cmultcse(0), downsizing(0), speculation(0)
Info    : Implementing datapath configurations. [DPOPT-3]
        : Implementing datapath configurations for 'CDN_DP_region_172'
Info    : Done implementing datapath configurations. [DPOPT-4]
        : Selected 'very_fast' configuration 5 for module 'CDN_DP_region_172'.
          Optimizations applied to 'very_fast' configuration:
            rewriting(0), factoring(0), sharing(0), cmultcse(0), downsizing(0), speculation(0)
Info    : Implementing datapath configurations. [DPOPT-3]
        : Implementing datapath configurations for 'CDN_DP_region_175'
Info    : Done implementing datapath configurations. [DPOPT-4]
        : Selected 'very_fast' configuration 5 for module 'CDN_DP_region_175'.
          Optimizations applied to 'very_fast' configuration:
            rewriting(0), factoring(0), sharing(0), cmultcse(0), downsizing(0), speculation(0)
Info    : Done optimizing datapath logic. [DPOPT-2]
        : Done optimizing datapath logic in 'HA'.
Starting mux data reorder optimization [v1.0] (stage: post_rtlopt, startdef: HA, recur: true)
Completed mux data reorder optimization (accepts: 0, rejects: 0, runtime: 0.001s)
Starting mux speculation [v1.0] (stage: post_muxopt, startdef: HA, recur: true)
Starting speculation optimization
Completed speculation optimization (accepts:0)
Completed mux speculation (accepts: 0, rejects: 0, runtime: 0.051s)
==================================
Stage : to_generic 
==================================
  =================
   Message Summary
  =================
--------------------------------------------------------------------------------
|    Id     |  Sev   |Count |                  Message Text                    |
--------------------------------------------------------------------------------
| CDFG-472  |Warning |    1 |Unreachable statements for case item.             |
| CDFG-738  |Info    |    4 |Common subexpression eliminated.                  |
| CDFG-739  |Info    |    4 |Common subexpression kept.                        |
| CWD-19    |Info    |   70 |An implementation was inferred.                   |
| DFT-100   |Info    |    5 |Added DFT object.                                 |
| DFT-130   |Info    |    2 |Created DFT port.                                 |
|           |        |      |A port for DFT purposes was created.              |
| DFT-303   |Info    |    1 |Auto detection of Async control signal. By        |
|           |        |      | default, all Async set and reset control signals |
|           |        |      | of flops are identified automatically and an     |
|           |        |      | automatically generated test signal is added to  |
|           |        |      | the DFT setup, if no test signal is defined for  |
|           |        |      | them, yet.                                       |
|           |        |      |If you do not want Async set and reset signals to |
|           |        |      | be defined as test signals automatically, set    |
|           |        |      | the attribute dft_identify_test_signals to       |
|           |        |      | false.                                           |
| DFT-313   |Warning |    1 |Cannot fix violation.                             |
|           |        |      |The current version of the tool cannot fix        |
|           |        |      | violations reported for shift registers or       |
|           |        |      | potential race condition violations or           |
|           |        |      | violations reported for the test mode signal,    |
|           |        |      | clock or other clock of abstract segments.       |
| DPOPT-1   |Info    |    1 |Optimizing datapath logic.                        |
| DPOPT-2   |Info    |    1 |Done optimizing datapath logic.                   |
| DPOPT-3   |Info    |    8 |Implementing datapath configurations.             |
| DPOPT-4   |Info    |    8 |Done implementing datapath configurations.        |
| DPOPT-6   |Info    |    1 |Pre-processed datapath logic.                     |
| DPOPT-10  |Info    |    8 |Optimized a mux chain.                            |
| ELAB-1    |Info    |    1 |Elaborating Design.                               |
| ELAB-2    |Info    |   10 |Elaborating Subdesign.                            |
| ELAB-3    |Info    |    1 |Done Elaborating Design.                          |
| GB-6      |Info    |   15 |A datapath component has been ungrouped.          |
| GLO-34    |Info    |    1 |Deleting instances not driving any primary        |
|           |        |      | outputs.                                         |
|           |        |      |Optimizations such as constant propagation or     |
|           |        |      | redundancy removal could change the connections  |
|           |        |      | so a hierarchical instance does not drive any    |
|           |        |      | primary outputs anymore. To see the list of      |
|           |        |      | deleted hierarchical instances, set the          |
|           |        |      | 'information_level' attribute to 2 or above. If  |
|           |        |      | the message is truncated set the message         |
|           |        |      | attribute 'truncate' to false to see the         |
|           |        |      | complete list. To prevent this optimization, set |
|           |        |      | the 'delete_unloaded_insts' root/subdesign       |
|           |        |      | attribute to 'false' or 'preserve' instance      |
|           |        |      | attribute to 'true'.                             |
| LBR-41    |Info    |    1 |An output library pin lacks a function attribute. |
|           |        |      |If the remainder of this library cell's semantic  |
|           |        |      | checks are successful, it will be considered as  |
|           |        |      | a timing-model                                   |
|           |        |      | (because one of its outputs does not have a vali |
|           |        |      | d function.                                      |
| LBR-76    |Warning |   16 |Detected both combinational and sequential timing |
|           |        |      | arcs in a library cell. This might prevent the   |
|           |        |      | tool from using this cell for technology         |
|           |        |      | mapping. The tool will treat it as unusable.     |
|           |        |      |The library cell will be treated as a             |
|           |        |      | timing-model. Make sure that the timing arcs and |
|           |        |      | output function are defined correctly. Even if   |
|           |        |      | the cell intends to have dual-functionality, it  |
|           |        |      | cannot be unmapped or automatically inferred.    |
| LBR-155   |Info    |  372 |Mismatch in unateness between 'timing_sense'      |
|           |        |      | attribute and the function.                      |
|           |        |      |The 'timing_sense' attribute will be respected.   |
| LBR-161   |Info    |    1 |Setting the maximum print count of this message   |
|           |        |      | to 10 if information_level is less than 9.       |
| LBR-162   |Info    |  124 |Both 'pos_unate' and 'neg_unate' timing_sense     |
|           |        |      | arcs have been processed.                        |
|           |        |      |Setting the 'timing_sense' to non_unate.          |
| LBR-170   |Info    |   32 |Ignoring specified timing sense.                  |
|           |        |      |Timing sense should never be set with             |
|           |        |      | 'rising_edge' or 'falling_edge' timing type.     |
| LBR-412   |Info    |    1 |Created nominal operating condition.              |
|           |        |      |The nominal operating condition is represented,   |
|           |        |      | either by the nominal PVT values specified in    |
|           |        |      | the library source                               |
|           |        |      | (via nom_process,nom_voltage and nom_temperature |
|           |        |      | respectively)                                    |
|           |        |      | , or by the default PVT values (1.0,1.0,1.0).    |
| LBR-510   |Warning |   10 |Unsupported attribute in the pin group.           |
| LBR-516   |Info    |    1 |Missing library level attribute.                  |
| LBR-518   |Info    |    1 |Missing a function attribute in the output pin    |
|           |        |      | definition.                                      |
| RTLOPT-22 |Info    |    2 |Truncated carry-save logic.                       |
| SDC-201   |Warning |    1 |Unsupported SDC command option.                   |
|           |        |      |The current version does not support this SDC     |
|           |        |      | command option.  However, future versions may be |
|           |        |      | enhanced to support this option.                 |
| SYNTH-1   |Info    |    1 |Synthesizing.                                     |
| TUI-31    |Warning |    2 |Obsolete command.                                 |
|           |        |      |This command is no longer supported.              |
| TUI-32    |Warning |    1 |This attribute will be obsolete in a next major   |
|           |        |      | release.                                         |
| TUI-37    |Warning |    1 |This command will be obsolete in a next major     |
|           |        |      | release.                                         |
|           |        |      |The synthesize command is obsolete. Use the       |
|           |        |      | syn_gen, syn_map or syn_opt commands instead.    |
--------------------------------------------------------------------------------
Info    : Done synthesizing. [SYNTH-2]
        : Done synthesizing 'HA' to generic gates.
Info    : Mapping. [SYNTH-4]
        : Mapping 'HA' using 'medium' effort.
Mapper: Libraries have:
	domain _default_: 324 combo usable cells and 128 sequential usable cells
Multi-threaded constant propagation [1|0] ...
Multi-threaded Virtual Mapping    (8 threads per ST process, 8 of 72 CPUs usable)
==================================
Stage : first_condense 
==================================
  =================
   Message Summary
  =================
------------------------------------------------------------------
|   Id    |Sev  |Count |              Message Text               |
------------------------------------------------------------------
| GB-6    |Info |   25 |A datapath component has been ungrouped. |
| SYNTH-2 |Info |    1 |Done synthesizing.                       |
| SYNTH-4 |Info |    1 |Mapping.                                 |
------------------------------------------------------------------
 
Global mapping target info
==========================
Cost Group 'clk' target slack:   140 ps
Target path end-point (Pin: u_visitor/count_reg[6]/d)

Multi-threaded Technology Mapping (8 threads per ST process, 8 of 72 CPUs usable)
 
Global mapping status
=====================
                                   Group   
                                  Tot Wrst 
                           Total  Weighted 
Operation                   Area   Slacks  
 global_map                 5159        0 

    Cost Group            Target    Slack    Diff.  Constr.
-----------------------------------------------------------
           clk               140     2035              5000 

 
Global incremental target info
==============================
Cost Group 'clk' target slack:    93 ps
Target path end-point (Pin: u_visitor/count_reg[6]/D (SDFFRHQX1/D))

==================================
Stage : global_incr_map 
==================================
  =================
   Message Summary
  =================
---------------------------------------------------------------------
|  Id  |Sev  |Count |                 Message Text                  |
---------------------------------------------------------------------
| PA-7 |Info |   26 |Resetting power analysis results.              |
|      |     |      |All computed switching activities are removed. |
---------------------------------------------------------------------
 
Global incremental optimization status
======================================
                                   Group   
                                  Tot Wrst 
                           Total  Weighted 
Operation                   Area   Slacks  
 global_incr                5098        0 

    Cost Group            Target    Slack    Diff.  Constr.
-----------------------------------------------------------
           clk                93     2191              5000 

 
Scan synthesis status
=====================
                                   Group   
                                  Tot Wrst 
                           Total  Weighted 
Operation                   Area   Slacks  
 scan_map                   5098        0 

State Retention Synthesis Status
================================

Category                        Flops   Percentage
--------------------------------------------------
Total instances                   158        100.0
Excluded from State Retention     158        100.0
    - Will not convert            158        100.0
      - Preserved                   0          0.0
      - Power intent excluded     158        100.0
    - Could not convert             0          0.0
      - Scan type                   0          0.0
      - No suitable cell            0          0.0
State Retention instances           0          0.0
--------------------------------------------------

Info    : Done mapping. [SYNTH-5]
        : Done mapping 'HA'.
Info    : Incrementally optimizing. [SYNTH-7]
        : Incrementally optimizing 'HA' using 'medium' effort.
 
Incremental optimization status
===============================
                                   Group   
                                  Tot Wrst     Total DRC Total
                           Total  Weighted      Neg       Max 
Operation                   Area   Slacks      Slack      Cap 
 init_iopt                  5098        0         0         0
-------------------------------------------------------------------------------
 const_prop                 5044        0         0         0
 simp_cc_inputs             5044        0         0         0
 
Incremental optimization status
===============================
                                   Group   
                                  Tot Wrst     Total DRC Total
                           Total  Weighted      Neg       Max 
Operation                   Area   Slacks      Slack      Cap 
 init_delay                 5044        0         0         0

           Trick     Calls     Accepts   Attempts    Time(secs) 
-----------------------------------------------------------
       crit_upsz         0  (        0 /        0 )  0.00
    plc_bal_star         0  (        0 /        0 )  0.00
     drc_buftimb         0  (        0 /        0 )  0.00
          plc_st         0  (        0 /        0 )  0.00
    plc_st_fence         0  (        0 /        0 )  0.00
        plc_star         0  (        0 /        0 )  0.00
      plc_laf_st         0  (        0 /        0 )  0.00
 plc_laf_st_fence         0  (        0 /        0 )  0.00
     drc_buftims         0  (        0 /        0 )  0.00
   plc_laf_lo_st         0  (        0 /        0 )  0.00
       plc_lo_st         0  (        0 /        0 )  0.00
            fopt         0  (        0 /        0 )  0.00
       crit_dnsz         0  (        0 /        0 )  0.00
             dup         0  (        0 /        0 )  0.00
            fopt         0  (        0 /        0 )  0.00
        setup_dn         0  (        0 /        0 )  0.00
         buf2inv         0  (        0 /        0 )  0.00
        mb_split         0  (        0 /        0 )  0.00
             exp         0  (        0 /        0 )  0.00
       gate_deco         0  (        0 /        0 )  0.00
       gcomp_tim         0  (        0 /        0 )  0.00
  inv_pair_2_buf         0  (        0 /        0 )  0.00

 init_drc                   5044        0         0         0

           Trick     Calls     Accepts   Attempts    Time(secs) 
-----------------------------------------------------------
          plc_st         0  (        0 /        0 )  0.00
        plc_star         0  (        0 /        0 )  0.00
        drc_bufs         0  (        0 /        0 )  0.00
        drc_fopt         0  (        0 /        0 )  0.00
        drc_bufb         0  (        0 /        0 )  0.00
      simple_buf         0  (        0 /        0 )  0.00
             dup         0  (        0 /        0 )  0.00
       crit_dnsz         0  (        0 /        0 )  0.00
       crit_upsz         0  (        0 /        0 )  0.00


           Trick     Calls     Accepts   Attempts    Time(secs) 
-----------------------------------------------------------
          plc_st         0  (        0 /        0 )  0.00
        plc_star         0  (        0 /        0 )  0.00
      drc_buf_sp         0  (        0 /        0 )  0.00
        drc_bufs         0  (        0 /        0 )  0.00
        drc_fopt         0  (        0 /        0 )  0.00
        drc_bufb         0  (        0 /        0 )  0.00
      simple_buf         0  (        0 /        0 )  0.00
             dup         0  (        0 /        0 )  0.00
       crit_dnsz         0  (        0 /        0 )  0.00
       crit_upsz         0  (        0 /        0 )  0.00


           Trick     Calls     Accepts   Attempts    Time(secs) 
-----------------------------------------------------------
          plc_st         0  (        0 /        0 )  0.00
        plc_star         0  (        0 /        0 )  0.00
      drc_buf_sp         0  (        0 /        0 )  0.00
        drc_bufs         0  (        0 /        0 )  0.00
        drc_fopt         0  (        0 /        0 )  0.00
        drc_bufb         0  (        0 /        0 )  0.00
             dup         0  (        0 /        0 )  0.00
       crit_dnsz         0  (        0 /        0 )  0.00
       crit_upsz         0  (        0 /        0 )  0.00

 init_tns                   5044        0         0         0

           Trick     Calls     Accepts   Attempts    Time(secs) 
-----------------------------------------------------------
    plc_bal_star         0  (        0 /        0 )  0.00
     drc_buftimb         0  (        0 /        0 )  0.00
     drc_buftims         0  (        0 /        0 )  0.00
       crit_upsz         0  (        0 /        0 )  0.00
   plc_laf_lo_st         0  (        0 /        0 )  0.00
       plc_lo_st         0  (        0 /        0 )  0.00
            fopt         0  (        0 /        0 )  0.00
       crit_dnsz         0  (        0 /        0 )  0.00
             dup         0  (        0 /        0 )  0.00
        setup_dn         0  (        0 /        0 )  0.00
         buf2inv         0  (        0 /        0 )  0.00
        mb_split         0  (        0 /        0 )  0.00

 init_area                  5044        0         0         0
 rem_buf                    5039        0         0         0
 io_phase                   5034        0         0         0
 gate_comp                  5033        0         0         0
 glob_area                  5033        0         0         0

           Trick     Calls     Accepts   Attempts    Time(secs) 
-----------------------------------------------------------
           undup         0  (        0 /        0 )  0.00
         rem_buf         1  (        1 /        1 )  0.00
         rem_inv         0  (        0 /        0 )  0.00
        merge_bi         0  (        0 /        0 )  0.00
      rem_inv_qb         0  (        0 /        0 )  0.00
        io_phase         2  (        1 /        1 )  0.00
       gate_comp        12  (        1 /        1 )  0.03
       gcomp_mog         3  (        0 /        0 )  0.01
       glob_area        15  (        2 /       15 )  0.00
       area_down         0  (        0 /        0 )  0.00
      size_n_buf         0  (        0 /        0 )  0.00
  gate_deco_area         0  (        0 /        0 )  0.00
         rem_buf         0  (        0 /        0 )  0.00
         rem_inv         0  (        0 /        0 )  0.00
        merge_bi         0  (        0 /        0 )  0.00
      rem_inv_qb         0  (        0 /        0 )  0.00

 
Incremental optimization status
===============================
                                   Group   
                                  Tot Wrst     Total DRC Total
                           Total  Weighted      Neg       Max 
Operation                   Area   Slacks      Slack      Cap 
 init_delay                 5033        0         0         0

           Trick     Calls     Accepts   Attempts    Time(secs) 
-----------------------------------------------------------
       crit_upsz         0  (        0 /        0 )  0.00
    plc_bal_star         0  (        0 /        0 )  0.00
     drc_buftimb         0  (        0 /        0 )  0.00
          plc_st         0  (        0 /        0 )  0.00
    plc_st_fence         0  (        0 /        0 )  0.00
        plc_star         0  (        0 /        0 )  0.00
      plc_laf_st         0  (        0 /        0 )  0.00
 plc_laf_st_fence         0  (        0 /        0 )  0.00
     drc_buftims         0  (        0 /        0 )  0.00
   plc_laf_lo_st         0  (        0 /        0 )  0.00
       plc_lo_st         0  (        0 /        0 )  0.00
            fopt         0  (        0 /        0 )  0.00
       crit_dnsz         0  (        0 /        0 )  0.00
             dup         0  (        0 /        0 )  0.00
            fopt         0  (        0 /        0 )  0.00
        setup_dn         0  (        0 /        0 )  0.00
         buf2inv         0  (        0 /        0 )  0.00
        mb_split         0  (        0 /        0 )  0.00
             exp         0  (        0 /        0 )  0.00
       gate_deco         0  (        0 /        0 )  0.00
       gcomp_tim         0  (        0 /        0 )  0.00
  inv_pair_2_buf         0  (        0 /        0 )  0.00

 init_drc                   5033        0         0         0

           Trick     Calls     Accepts   Attempts    Time(secs) 
-----------------------------------------------------------
          plc_st         0  (        0 /        0 )  0.00
        plc_star         0  (        0 /        0 )  0.00
        drc_bufs         0  (        0 /        0 )  0.00
        drc_fopt         0  (        0 /        0 )  0.00
        drc_bufb         0  (        0 /        0 )  0.00
      simple_buf         0  (        0 /        0 )  0.00
             dup         0  (        0 /        0 )  0.00
       crit_dnsz         0  (        0 /        0 )  0.00
       crit_upsz         0  (        0 /        0 )  0.00


           Trick     Calls     Accepts   Attempts    Time(secs) 
-----------------------------------------------------------
          plc_st         0  (        0 /        0 )  0.00
        plc_star         0  (        0 /        0 )  0.00
        drc_bufs         0  (        0 /        0 )  0.00
        drc_fopt         0  (        0 /        0 )  0.00
        drc_bufb         0  (        0 /        0 )  0.00
      simple_buf         0  (        0 /        0 )  0.00
             dup         0  (        0 /        0 )  0.00
       crit_dnsz         0  (        0 /        0 )  0.00
       crit_upsz         0  (        0 /        0 )  0.00


           Trick     Calls     Accepts   Attempts    Time(secs) 
-----------------------------------------------------------
          plc_st         0  (        0 /        0 )  0.00
        plc_star         0  (        0 /        0 )  0.00
        drc_bufs         0  (        0 /        0 )  0.00
        drc_fopt         0  (        0 /        0 )  0.00
        drc_bufb         0  (        0 /        0 )  0.00
             dup         0  (        0 /        0 )  0.00
       crit_dnsz         0  (        0 /        0 )  0.00
       crit_upsz         0  (        0 /        0 )  0.00

 init_area                  5033        0         0         0

           Trick     Calls     Accepts   Attempts    Time(secs) 
-----------------------------------------------------------
           undup         0  (        0 /        0 )  0.00
         rem_buf         0  (        0 /        0 )  0.00
         rem_inv         0  (        0 /        0 )  0.00
        merge_bi         0  (        0 /        0 )  0.00
      rem_inv_qb         0  (        0 /        0 )  0.00
        io_phase         1  (        0 /        0 )  0.00
       gate_comp        11  (        0 /        0 )  0.02
       gcomp_mog         3  (        0 /        0 )  0.01
       glob_area        14  (        0 /       14 )  0.00
       area_down         0  (        0 /        0 )  0.00
      size_n_buf         0  (        0 /        0 )  0.00
  gate_deco_area         0  (        0 /        0 )  0.00

==================================
Stage : incr_opt 
==================================
  =================
   Message Summary
  =================
------------------------------------------------------------------------
|   Id    |Sev  |Count |                 Message Text                  |
------------------------------------------------------------------------
| PA-7    |Info |    2 |Resetting power analysis results.              |
|         |     |      |All computed switching activities are removed. |
| SYNTH-5 |Info |    1 |Done mapping.                                  |
| SYNTH-7 |Info |    1 |Incrementally optimizing.                      |
------------------------------------------------------------------------
Info    : Done incrementally optimizing. [SYNTH-8]
        : Done incrementally optimizing 'HA'.
  Setting attribute of design 'HA': 'dft_min_number_of_scan_chains' = 2
  Setting attribute of design 'HA': 'dft_mix_clock_edges_in_scan_chains' = true
  Starting DFT Scan Configuration for module 'HA' in 'normal' mode, with physical flow OFF 
  Configuring 2 chains for 158 scan f/f 
  Configured 2 chains for Domain: 'clk', edge: 'mixed'
  	 AutoChain_1 (DFT_sdi_1 -> DFT_sdo_1) has 79 registers; Domain:clk, edge: mixed
  	 AutoChain_2 (DFT_sdi_2 -> DFT_sdo_2) has 79 registers; Domain:clk, edge: mixed
Processing 2 scan chains in 'muxed_scan' style.
Default shift enable signal is 'scan_en': '/designs/HA/ports_in/scan_en' active high.
  Starting DFT Scan Configuration for module 'HA' in 'normal' mode, with physical flow OFF 
  Configuring 2 chains for 158 scan f/f 
  Configured 2 chains for Domain: 'clk', edge: 'mixed'
  	 AutoChain_1 (DFT_sdi_1 -> DFT_sdo_1) has 79 registers; Domain:clk, edge: mixed
  	 AutoChain_2 (DFT_sdi_2 -> DFT_sdo_2) has 79 registers; Domain:clk, edge: mixed
  Processing 2 scan chains in 'muxed_scan' style.
  Default shift enable signal is 'scan_en': '/designs/HA/ports_in/scan_en' active high.
Mapping DFT logic introduced by scan chain connection...

Mapping DFT logic done.
============================================================
  Generated by:           Genus(TM) Synthesis Solution 19.13-s073_1
  Generated on:           Oct 27 2025  06:49:50 pm
  Module:                 HA
  Technology library:     slow 
  Operating conditions:   slow (balanced_tree)
  Wireload mode:          enclosed
  Area mode:              timing library
============================================================

Timing
--------

Clock Period 
-------------
clk   5000.0 


  Cost    Critical         Violating 
 Group   Path Slack  TNS     Paths   
-------------------------------------
clk          2171.5   0.0          0 
default    No paths   0.0            
-------------------------------------
Total                 0.0          0 

Instance Count
--------------
Leaf Instance Count             405 
Physical Instance count           0 
Sequential Instance Count       158 
Combinational Instance Count    247 
Hierarchical Instance Count      10 

Area
----
Cell Area                          5032.628
Physical Cell Area                 0.000
Total Cell Area (Cell+Physical)    5032.628
Net Area                           0.000
Total Area (Cell+Physical+Net)     5032.628

Max Fanout                         158 (clk)
Min Fanout                         0 (rst_n)
Average Fanout                     2.8
Terms to net ratio                 3.8726
Terms to instance ratio            4.5037
Runtime                            10.903413 seconds
Elapsed Runtime                    22 seconds
Genus peak memory usage            1076.29 
Innovus peak memory usage          no_value 
Hostname                           localhost
Cadence Design Systems RC file: Cadence ATPG file(s) created successfully.
           Cadence Design Systems RC file: STIL output file created successfully.
Warning : Default value for an option has changed in this release. [WSDF-104]
        : Default value for -setuphold has changed from split to merge_always. Specify '-setuphold split' to preserve the behavior of the previous release.
        : Specify the option explicitly.
Finished SDC export (command execution time mm:ss (real) = 00:00).
Warning : Timing problems have been detected in this design. [TIM-11]
        : The design is 'HA'.
        : Use 'check_timing_intent' or 'report timing -lint' to report more information.
Info    : Joules engine is used. [RPT-16]
        : Joules engine is being used for the command report_power.
Info   : ACTP-0001 [ACTPInfo] Activity propagation started for stim#0 netlist HA
Info   : ACTP-0009 [ACTPInfo] Activity Propagation Progress Report :   0%   1%   2%   3%   4%   5%   6%   7%   8%   9%  10%  11%  12%  13%  14%  15%  16%  17%  18%  19%  20%  21%  22%  23%  24%  25%  26%  27%  28%  29%  30%  31%  32%  33%  34%  35%  36%  37%  38%  39%  40%  41%  42%  43%  44%  45%  46%  47%  48%  49%  50%  51%  52%  53%  54%  55%  56%  57%  58%  59%  60%  61%  62%  63%  64%  65%  66%  67%  68%  69%  70%  71%  72%  73%  74%  75%  76%  77%  78%  79%  80%  81%  82%  83%  84%  85%  86%  87%  88%  89%  90%  91%  92%  93%  94%  95%  96%  97%  98%  99% 100%
Info   : ACTP-0001 Activity propagation ended for stim#0
Info   : PWRA-0001 [PwrInfo] compute_power effective options 
       : -mode : vectorless
       : -skip_propagation : 1
       : -frequency_scaling_factor : 1.0
       : -use_clock_freq : stim
       : -compat : voltus
       : -stim :/stim#0
       : -fromGenus : 1
Info   : ACTP-0001 Timing initialization started
Info   : ACTP-0001 Timing initialization ended
Info   : PWRA-0002 [PwrInfo] Skipping activity propagation due to -skip_ap
       : option....
Warning: PWRA-0302 [PwrWarn] Frequency scaling is not applicable for vectorless
       : flow. Ignoring frequency scaling.
Info   : PWRA-0002 Voltus compat mode is set for power analysis.
Warning: PWRA-0304 [PwrWarn] -stim option is not applicable with vectorless mode
       : of power analysis, ignored this option.
Info   : PWRA-0002 Started 'vectorless' power computation.
Info   : PWRA-0009 [PwrInfo] Power Computation Progress Report :   0%   1%   2%   3%   4%   5%   6%   7%   8%   9%  10%  11%  12%  13%  14%  15%  16%  17%  18%  19%  20%  21%  22%  23%  24%  25%  26%  27%  28%  29%  30%  31%  32%  33%  34%  35%  36%  37%  38%  39%  40%  41%  42%  43%  44%  45%  46%  47%  48%  49%  50%  51%  52%  53%  54%  55%  56%  57%  58%  59%  60%  61%  62%  63%  64%  65%  66%  67%  68%  69%  70%  71%  72%  73%  74%  75%  76%  77%  78%  79%  80%  81%  82%  83%  84%  85%  86%  87%  88%  89%  90%  91%  92%  93%  94%  95%  96%  97%  98%  99% 100%
Info   : PWRA-0002 Finished power computation.
Info   : PWRA-0007 [PwrInfo] Completed successfully.
       : Info=9, Warn=2, Error=0, Fatal=0
Output file: /home/drashi25114/Desktop/cmos65/90nm/verilog/DFT/mid/dft_report/synthesis_power_report_time.rep
