###############################################################
#  Generated by:      Cadence Tempus 20.10-p003_1
#  OS:                Linux x86_64(Host ID edatools-server2.iiitd.edu.in)
#  Generated on:      Mon Oct 27 17:53:57 2025
#  Design:            HA
#  Command:           report_analysis_coverage > $report_dir/analysis_coverage.rpt
###############################################################
    -------------------------------------------------------------------------------------------  
                                   TIMING CHECK COVERAGE SUMMARY                                  
    -------------------------------------------------------------------------------------------  
     Check Type                      No. of   Met              Violated         Untested         
                                     Checks                                                      
    -------------------------------------------------------------------------------------------  
    ExternalDelay (Early)          45        45 (100%)        0 (0%)           0 (0%)
    ExternalDelay (Late)           45        45 (100%)        0 (0%)           0 (0%)
    Hold                           176       176 (100%)       0 (0%)           0 (0%)
    PulseWidth                     474       316 (66%)        0 (0%)           158 (33%)
    Recovery                       158       158 (100%)       0 (0%)           0 (0%)
    Removal                        158       158 (100%)       0 (0%)           0 (0%)
    Setup                          176       176 (100%)       0 (0%)           0 (0%)
    -------------------------------------------------------------------------------------------
