###############################################################
#  Generated by:      Cadence Tempus 20.10-p003_1
#  OS:                Linux x86_64(Host ID edatools-server2.iiitd.edu.in)
#  Generated on:      Mon Oct 27 17:53:57 2025
#  Design:            HA
#  Command:           report_timing -early -max_paths 30 -nworst 30 -path_type full_clock -net > $report_dir/gba_hold.rpt
###############################################################
Path 1: MET Hold Check with Pin fan_on_r_reg/CK 
Endpoint:   fan_on_r_reg/D            (v) checked with  leading edge of 'clk'
Beginpoint: u_appliances/fan_on_reg/Q (v) triggered by  leading edge of 'clk'
Path Groups: {clk}
Other End Arrival Time          0.000
+ Hold                          0.114
+ Phase Shift                   0.000
+ Uncertainty                   0.100
= Required Time                 0.214
  Arrival Time                  0.339
  Slack Time                    0.125
     Clock Rise Edge                      0.000
     = Beginpoint Arrival Time            0.000
     Timing Path:
      --------------------------------------------------------------------------------
      Pin                         Edge  Net         Cell      Delay  Arrival  Required  
                                                                     Time     Time  
      --------------------------------------------------------------------------------
      clk                         ^     clk         -         -      0.000    -0.125  
      u_appliances/fan_on_reg/CK  ^     clk         DFFRHQX1  0.000  0.000    -0.125  
      u_appliances/fan_on_reg/Q   v     fan_on_int  DFFRHQX1  0.339  0.339    0.214  
      fan_on_r_reg/D              v     fan_on_int  DFFRHQX1  0.000  0.339    0.214  
      --------------------------------------------------------------------------------
     Clock Rise Edge                      0.000
     = Beginpoint Arrival Time            0.000
     Other End Path:
      --------------------------------------------------------------
      Pin              Edge  Net  Cell      Delay  Arrival  Required  
                                                   Time     Time  
      --------------------------------------------------------------
      clk              ^     clk  -         -      0.000    0.125  
      fan_on_r_reg/CK  ^     clk  DFFRHQX1  0.000  0.000    0.125  
      --------------------------------------------------------------
Path 2: MET Hold Check with Pin ac_on_r_reg/CK 
Endpoint:   ac_on_r_reg/D            (v) checked with  leading edge of 'clk'
Beginpoint: u_appliances/ac_on_reg/Q (v) triggered by  leading edge of 'clk'
Path Groups: {clk}
Other End Arrival Time          0.000
+ Hold                          0.114
+ Phase Shift                   0.000
+ Uncertainty                   0.100
= Required Time                 0.214
  Arrival Time                  0.339
  Slack Time                    0.125
     Clock Rise Edge                      0.000
     = Beginpoint Arrival Time            0.000
     Timing Path:
      ------------------------------------------------------------------------------
      Pin                        Edge  Net        Cell      Delay  Arrival  Required  
                                                                   Time     Time  
      ------------------------------------------------------------------------------
      clk                        ^     clk        -         -      0.000    -0.125  
      u_appliances/ac_on_reg/CK  ^     clk        DFFRHQX1  0.000  0.000    -0.125  
      u_appliances/ac_on_reg/Q   v     ac_on_int  DFFRHQX1  0.339  0.339    0.214  
      ac_on_r_reg/D              v     ac_on_int  DFFRHQX1  0.000  0.339    0.214  
      ------------------------------------------------------------------------------
     Clock Rise Edge                      0.000
     = Beginpoint Arrival Time            0.000
     Other End Path:
      -------------------------------------------------------------
      Pin             Edge  Net  Cell      Delay  Arrival  Required  
                                                  Time     Time  
      -------------------------------------------------------------
      clk             ^     clk  -         -      0.000    0.125  
      ac_on_r_reg/CK  ^     clk  DFFRHQX1  0.000  0.000    0.125  
      -------------------------------------------------------------
Path 3: MET Hold Check with Pin door_locked_r_reg/CK 
Endpoint:   door_locked_r_reg/D           (v) checked with  leading edge of 'clk'
Beginpoint: u_door_lock/door_locked_reg/Q (v) triggered by  leading edge of 'clk'
Path Groups: {clk}
Other End Arrival Time          0.000
+ Hold                          0.114
+ Phase Shift                   0.000
+ Uncertainty                   0.100
= Required Time                 0.214
  Arrival Time                  0.339
  Slack Time                    0.125
     Clock Rise Edge                      0.000
     = Beginpoint Arrival Time            0.000
     Timing Path:
      -----------------------------------------------------------------------------------------
      Pin                             Edge  Net              Cell      Delay  Arrival  Required  
                                                                              Time     Time  
      -----------------------------------------------------------------------------------------
      clk                             ^     clk              -         -      0.000    -0.125  
      u_door_lock/door_locked_reg/CK  ^     clk              DFFRHQX1  0.000  0.000    -0.125  
      u_door_lock/door_locked_reg/Q   v     door_locked_int  DFFRHQX1  0.339  0.339    0.214  
      door_locked_r_reg/D             v     door_locked_int  DFFRHQX1  0.000  0.339    0.214  
      -----------------------------------------------------------------------------------------
     Clock Rise Edge                      0.000
     = Beginpoint Arrival Time            0.000
     Other End Path:
      -------------------------------------------------------------------
      Pin                   Edge  Net  Cell      Delay  Arrival  Required  
                                                        Time     Time  
      -------------------------------------------------------------------
      clk                   ^     clk  -         -      0.000    0.125  
      door_locked_r_reg/CK  ^     clk  DFFRHQX1  0.000  0.000    0.125  
      -------------------------------------------------------------------
Path 4: MET Hold Check with Pin lights_on_r_reg/CK 
Endpoint:   lights_on_r_reg/D            (v) checked with  leading edge of 'clk'
Beginpoint: u_appliances/lights_on_reg/Q (v) triggered by  leading edge of 'clk'
Path Groups: {clk}
Other End Arrival Time          0.000
+ Hold                          0.114
+ Phase Shift                   0.000
+ Uncertainty                   0.100
= Required Time                 0.214
  Arrival Time                  0.339
  Slack Time                    0.125
     Clock Rise Edge                      0.000
     = Beginpoint Arrival Time            0.000
     Timing Path:
      --------------------------------------------------------------------------------------
      Pin                            Edge  Net            Cell      Delay  Arrival  Required  
                                                                           Time     Time  
      --------------------------------------------------------------------------------------
      clk                            ^     clk            -         -      0.000    -0.125  
      u_appliances/lights_on_reg/CK  ^     clk            DFFRHQX1  0.000  0.000    -0.125  
      u_appliances/lights_on_reg/Q   v     lights_on_int  DFFRHQX1  0.339  0.339    0.214  
      lights_on_r_reg/D              v     lights_on_int  DFFRHQX1  0.000  0.339    0.214  
      --------------------------------------------------------------------------------------
     Clock Rise Edge                      0.000
     = Beginpoint Arrival Time            0.000
     Other End Path:
      -----------------------------------------------------------------
      Pin                 Edge  Net  Cell      Delay  Arrival  Required  
                                                      Time     Time  
      -----------------------------------------------------------------
      clk                 ^     clk  -         -      0.000    0.125  
      lights_on_r_reg/CK  ^     clk  DFFRHQX1  0.000  0.000    0.125  
      -----------------------------------------------------------------
Path 5: MET Hold Check with Pin led_brightness_r_reg[5]/CK 
Endpoint:   led_brightness_r_reg[5]/D          (v) checked with  leading edge of 'clk'
Beginpoint: u_lum_ctrl/led_brightness_reg[5]/Q (v) triggered by  leading edge of 'clk'
Path Groups: {clk}
Other End Arrival Time          0.000
+ Hold                          0.114
+ Phase Shift                   0.000
+ Uncertainty                   0.100
= Required Time                 0.214
  Arrival Time                  0.339
  Slack Time                    0.125
     Clock Rise Edge                      0.000
     = Beginpoint Arrival Time            0.000
     Timing Path:
      ----------------------------------------------------------------------------------------------------
      Pin                                  Edge  Net                    Cell      Delay  Arrival  Required  
                                                                                         Time     Time  
      ----------------------------------------------------------------------------------------------------
      clk                                  ^     clk                    -         -      0.000    -0.125  
      u_lum_ctrl/led_brightness_reg[5]/CK  ^     clk                    DFFRHQX1  0.000  0.000    -0.125  
      u_lum_ctrl/led_brightness_reg[5]/Q   v     led_brightness_int[5]  DFFRHQX1  0.339  0.339    0.214  
      led_brightness_r_reg[5]/D            v     led_brightness_int[5]  DFFRHQX1  0.000  0.339    0.214  
      ----------------------------------------------------------------------------------------------------
     Clock Rise Edge                      0.000
     = Beginpoint Arrival Time            0.000
     Other End Path:
      -------------------------------------------------------------------------
      Pin                         Edge  Net  Cell      Delay  Arrival  Required  
                                                              Time     Time  
      -------------------------------------------------------------------------
      clk                         ^     clk  -         -      0.000    0.125  
      led_brightness_r_reg[5]/CK  ^     clk  DFFRHQX1  0.000  0.000    0.125  
      -------------------------------------------------------------------------
Path 6: MET Hold Check with Pin led_brightness_r_reg[1]/CK 
Endpoint:   led_brightness_r_reg[1]/D          (v) checked with  leading edge of 'clk'
Beginpoint: u_lum_ctrl/led_brightness_reg[1]/Q (v) triggered by  leading edge of 'clk'
Path Groups: {clk}
Other End Arrival Time          0.000
+ Hold                          0.114
+ Phase Shift                   0.000
+ Uncertainty                   0.100
= Required Time                 0.214
  Arrival Time                  0.339
  Slack Time                    0.125
     Clock Rise Edge                      0.000
     = Beginpoint Arrival Time            0.000
     Timing Path:
      ----------------------------------------------------------------------------------------------------
      Pin                                  Edge  Net                    Cell      Delay  Arrival  Required  
                                                                                         Time     Time  
      ----------------------------------------------------------------------------------------------------
      clk                                  ^     clk                    -         -      0.000    -0.125  
      u_lum_ctrl/led_brightness_reg[1]/CK  ^     clk                    DFFRHQX1  0.000  0.000    -0.125  
      u_lum_ctrl/led_brightness_reg[1]/Q   v     led_brightness_int[1]  DFFRHQX1  0.339  0.339    0.214  
      led_brightness_r_reg[1]/D            v     led_brightness_int[1]  DFFRHQX1  0.000  0.339    0.214  
      ----------------------------------------------------------------------------------------------------
     Clock Rise Edge                      0.000
     = Beginpoint Arrival Time            0.000
     Other End Path:
      -------------------------------------------------------------------------
      Pin                         Edge  Net  Cell      Delay  Arrival  Required  
                                                              Time     Time  
      -------------------------------------------------------------------------
      clk                         ^     clk  -         -      0.000    0.125  
      led_brightness_r_reg[1]/CK  ^     clk  DFFRHQX1  0.000  0.000    0.125  
      -------------------------------------------------------------------------
Path 7: MET Hold Check with Pin led_brightness_r_reg[0]/CK 
Endpoint:   led_brightness_r_reg[0]/D          (v) checked with  leading edge of 'clk'
Beginpoint: u_lum_ctrl/led_brightness_reg[0]/Q (v) triggered by  leading edge of 'clk'
Path Groups: {clk}
Other End Arrival Time          0.000
+ Hold                          0.114
+ Phase Shift                   0.000
+ Uncertainty                   0.100
= Required Time                 0.214
  Arrival Time                  0.339
  Slack Time                    0.125
     Clock Rise Edge                      0.000
     = Beginpoint Arrival Time            0.000
     Timing Path:
      ----------------------------------------------------------------------------------------------------
      Pin                                  Edge  Net                    Cell      Delay  Arrival  Required  
                                                                                         Time     Time  
      ----------------------------------------------------------------------------------------------------
      clk                                  ^     clk                    -         -      0.000    -0.125  
      u_lum_ctrl/led_brightness_reg[0]/CK  ^     clk                    DFFRHQX1  0.000  0.000    -0.125  
      u_lum_ctrl/led_brightness_reg[0]/Q   v     led_brightness_int[0]  DFFRHQX1  0.339  0.339    0.214  
      led_brightness_r_reg[0]/D            v     led_brightness_int[0]  DFFRHQX1  0.000  0.339    0.214  
      ----------------------------------------------------------------------------------------------------
     Clock Rise Edge                      0.000
     = Beginpoint Arrival Time            0.000
     Other End Path:
      -------------------------------------------------------------------------
      Pin                         Edge  Net  Cell      Delay  Arrival  Required  
                                                              Time     Time  
      -------------------------------------------------------------------------
      clk                         ^     clk  -         -      0.000    0.125  
      led_brightness_r_reg[0]/CK  ^     clk  DFFRHQX1  0.000  0.000    0.125  
      -------------------------------------------------------------------------
Path 8: MET Hold Check with Pin led_brightness_r_reg[6]/CK 
Endpoint:   led_brightness_r_reg[6]/D          (v) checked with  leading edge of 'clk'
Beginpoint: u_lum_ctrl/led_brightness_reg[6]/Q (v) triggered by  leading edge of 'clk'
Path Groups: {clk}
Other End Arrival Time          0.000
+ Hold                          0.114
+ Phase Shift                   0.000
+ Uncertainty                   0.100
= Required Time                 0.214
  Arrival Time                  0.339
  Slack Time                    0.125
     Clock Rise Edge                      0.000
     = Beginpoint Arrival Time            0.000
     Timing Path:
      ----------------------------------------------------------------------------------------------------
      Pin                                  Edge  Net                    Cell      Delay  Arrival  Required  
                                                                                         Time     Time  
      ----------------------------------------------------------------------------------------------------
      clk                                  ^     clk                    -         -      0.000    -0.125  
      u_lum_ctrl/led_brightness_reg[6]/CK  ^     clk                    DFFRHQX1  0.000  0.000    -0.125  
      u_lum_ctrl/led_brightness_reg[6]/Q   v     led_brightness_int[6]  DFFRHQX1  0.339  0.339    0.214  
      led_brightness_r_reg[6]/D            v     led_brightness_int[6]  DFFRHQX1  0.000  0.339    0.214  
      ----------------------------------------------------------------------------------------------------
     Clock Rise Edge                      0.000
     = Beginpoint Arrival Time            0.000
     Other End Path:
      -------------------------------------------------------------------------
      Pin                         Edge  Net  Cell      Delay  Arrival  Required  
                                                              Time     Time  
      -------------------------------------------------------------------------
      clk                         ^     clk  -         -      0.000    0.125  
      led_brightness_r_reg[6]/CK  ^     clk  DFFRHQX1  0.000  0.000    0.125  
      -------------------------------------------------------------------------
Path 9: MET Hold Check with Pin led_brightness_r_reg[3]/CK 
Endpoint:   led_brightness_r_reg[3]/D          (v) checked with  leading edge of 'clk'
Beginpoint: u_lum_ctrl/led_brightness_reg[3]/Q (v) triggered by  leading edge of 'clk'
Path Groups: {clk}
Other End Arrival Time          0.000
+ Hold                          0.114
+ Phase Shift                   0.000
+ Uncertainty                   0.100
= Required Time                 0.214
  Arrival Time                  0.339
  Slack Time                    0.125
     Clock Rise Edge                      0.000
     = Beginpoint Arrival Time            0.000
     Timing Path:
      ----------------------------------------------------------------------------------------------------
      Pin                                  Edge  Net                    Cell      Delay  Arrival  Required  
                                                                                         Time     Time  
      ----------------------------------------------------------------------------------------------------
      clk                                  ^     clk                    -         -      0.000    -0.125  
      u_lum_ctrl/led_brightness_reg[3]/CK  ^     clk                    DFFRHQX1  0.000  0.000    -0.125  
      u_lum_ctrl/led_brightness_reg[3]/Q   v     led_brightness_int[3]  DFFRHQX1  0.339  0.339    0.214  
      led_brightness_r_reg[3]/D            v     led_brightness_int[3]  DFFRHQX1  0.000  0.339    0.214  
      ----------------------------------------------------------------------------------------------------
     Clock Rise Edge                      0.000
     = Beginpoint Arrival Time            0.000
     Other End Path:
      -------------------------------------------------------------------------
      Pin                         Edge  Net  Cell      Delay  Arrival  Required  
                                                              Time     Time  
      -------------------------------------------------------------------------
      clk                         ^     clk  -         -      0.000    0.125  
      led_brightness_r_reg[3]/CK  ^     clk  DFFRHQX1  0.000  0.000    0.125  
      -------------------------------------------------------------------------
Path 10: MET Hold Check with Pin led_brightness_r_reg[4]/CK 
Endpoint:   led_brightness_r_reg[4]/D          (v) checked with  leading edge of 'clk'
Beginpoint: u_lum_ctrl/led_brightness_reg[4]/Q (v) triggered by  leading edge of 'clk'
Path Groups: {clk}
Other End Arrival Time          0.000
+ Hold                          0.114
+ Phase Shift                   0.000
+ Uncertainty                   0.100
= Required Time                 0.214
  Arrival Time                  0.339
  Slack Time                    0.125
     Clock Rise Edge                      0.000
     = Beginpoint Arrival Time            0.000
     Timing Path:
      ----------------------------------------------------------------------------------------------------
      Pin                                  Edge  Net                    Cell      Delay  Arrival  Required  
                                                                                         Time     Time  
      ----------------------------------------------------------------------------------------------------
      clk                                  ^     clk                    -         -      0.000    -0.125  
      u_lum_ctrl/led_brightness_reg[4]/CK  ^     clk                    DFFRHQX1  0.000  0.000    -0.125  
      u_lum_ctrl/led_brightness_reg[4]/Q   v     led_brightness_int[4]  DFFRHQX1  0.339  0.339    0.214  
      led_brightness_r_reg[4]/D            v     led_brightness_int[4]  DFFRHQX1  0.000  0.339    0.214  
      ----------------------------------------------------------------------------------------------------
     Clock Rise Edge                      0.000
     = Beginpoint Arrival Time            0.000
     Other End Path:
      -------------------------------------------------------------------------
      Pin                         Edge  Net  Cell      Delay  Arrival  Required  
                                                              Time     Time  
      -------------------------------------------------------------------------
      clk                         ^     clk  -         -      0.000    0.125  
      led_brightness_r_reg[4]/CK  ^     clk  DFFRHQX1  0.000  0.000    0.125  
      -------------------------------------------------------------------------
Path 11: MET Hold Check with Pin humidifier_on_r_reg/CK 
Endpoint:   humidifier_on_r_reg/D          (v) checked with  leading edge of 'clk'
Beginpoint: u_humidity/humidifier_on_reg/Q (v) triggered by  leading edge of 'clk'
Path Groups: {clk}
Other End Arrival Time          0.000
+ Hold                          0.114
+ Phase Shift                   0.000
+ Uncertainty                   0.100
= Required Time                 0.214
  Arrival Time                  0.339
  Slack Time                    0.125
     Clock Rise Edge                      0.000
     = Beginpoint Arrival Time            0.000
     Timing Path:
      --------------------------------------------------------------------------------------------
      Pin                              Edge  Net                Cell      Delay  Arrival  Required  
                                                                                 Time     Time  
      --------------------------------------------------------------------------------------------
      clk                              ^     clk                -         -      0.000    -0.125  
      u_humidity/humidifier_on_reg/CK  ^     clk                DFFRHQX1  0.000  0.000    -0.125  
      u_humidity/humidifier_on_reg/Q   v     humidifier_on_int  DFFRHQX1  0.339  0.339    0.214  
      humidifier_on_r_reg/D            v     humidifier_on_int  DFFRHQX1  0.000  0.339    0.214  
      --------------------------------------------------------------------------------------------
     Clock Rise Edge                      0.000
     = Beginpoint Arrival Time            0.000
     Other End Path:
      ---------------------------------------------------------------------
      Pin                     Edge  Net  Cell      Delay  Arrival  Required  
                                                          Time     Time  
      ---------------------------------------------------------------------
      clk                     ^     clk  -         -      0.000    0.125  
      humidifier_on_r_reg/CK  ^     clk  DFFRHQX1  0.000  0.000    0.125  
      ---------------------------------------------------------------------
Path 12: MET Hold Check with Pin lock_status_r_reg[0]/CK 
Endpoint:   lock_status_r_reg[0]/D           (v) checked with  leading edge of 'clk'
Beginpoint: u_door_lock/lock_status_reg[0]/Q (v) triggered by  leading edge of 'clk'
Path Groups: {clk}
Other End Arrival Time          0.000
+ Hold                          0.114
+ Phase Shift                   0.000
+ Uncertainty                   0.100
= Required Time                 0.214
  Arrival Time                  0.339
  Slack Time                    0.125
     Clock Rise Edge                      0.000
     = Beginpoint Arrival Time            0.000
     Timing Path:
      -----------------------------------------------------------------------------------------------
      Pin                                Edge  Net                 Cell      Delay  Arrival  Required  
                                                                                    Time     Time  
      -----------------------------------------------------------------------------------------------
      clk                                ^     clk                 -         -      0.000    -0.125  
      u_door_lock/lock_status_reg[0]/CK  ^     clk                 DFFRHQX1  0.000  0.000    -0.125  
      u_door_lock/lock_status_reg[0]/Q   v     lock_status_int[0]  DFFRHQX1  0.339  0.339    0.214  
      lock_status_r_reg[0]/D             v     lock_status_int[0]  DFFRHQX1  0.000  0.339    0.214  
      -----------------------------------------------------------------------------------------------
     Clock Rise Edge                      0.000
     = Beginpoint Arrival Time            0.000
     Other End Path:
      ----------------------------------------------------------------------
      Pin                      Edge  Net  Cell      Delay  Arrival  Required  
                                                           Time     Time  
      ----------------------------------------------------------------------
      clk                      ^     clk  -         -      0.000    0.125  
      lock_status_r_reg[0]/CK  ^     clk  DFFRHQX1  0.000  0.000    0.125  
      ----------------------------------------------------------------------
Path 13: MET Hold Check with Pin lock_status_r_reg[1]/CK 
Endpoint:   lock_status_r_reg[1]/D           (v) checked with  leading edge of 'clk'
Beginpoint: u_door_lock/lock_status_reg[1]/Q (v) triggered by  leading edge of 'clk'
Path Groups: {clk}
Other End Arrival Time          0.000
+ Hold                          0.114
+ Phase Shift                   0.000
+ Uncertainty                   0.100
= Required Time                 0.214
  Arrival Time                  0.339
  Slack Time                    0.125
     Clock Rise Edge                      0.000
     = Beginpoint Arrival Time            0.000
     Timing Path:
      -----------------------------------------------------------------------------------------------
      Pin                                Edge  Net                 Cell      Delay  Arrival  Required  
                                                                                    Time     Time  
      -----------------------------------------------------------------------------------------------
      clk                                ^     clk                 -         -      0.000    -0.125  
      u_door_lock/lock_status_reg[1]/CK  ^     clk                 DFFRHQX1  0.000  0.000    -0.125  
      u_door_lock/lock_status_reg[1]/Q   v     lock_status_int[1]  DFFRHQX1  0.339  0.339    0.214  
      lock_status_r_reg[1]/D             v     lock_status_int[1]  DFFRHQX1  0.000  0.339    0.214  
      -----------------------------------------------------------------------------------------------
     Clock Rise Edge                      0.000
     = Beginpoint Arrival Time            0.000
     Other End Path:
      ----------------------------------------------------------------------
      Pin                      Edge  Net  Cell      Delay  Arrival  Required  
                                                           Time     Time  
      ----------------------------------------------------------------------
      clk                      ^     clk  -         -      0.000    0.125  
      lock_status_r_reg[1]/CK  ^     clk  DFFRHQX1  0.000  0.000    0.125  
      ----------------------------------------------------------------------
Path 14: MET Hold Check with Pin led_brightness_r_reg[7]/CK 
Endpoint:   led_brightness_r_reg[7]/D          (v) checked with  leading edge of 'clk'
Beginpoint: u_lum_ctrl/led_brightness_reg[7]/Q (v) triggered by  leading edge of 'clk'
Path Groups: {clk}
Other End Arrival Time          0.000
+ Hold                          0.114
+ Phase Shift                   0.000
+ Uncertainty                   0.100
= Required Time                 0.214
  Arrival Time                  0.339
  Slack Time                    0.125
     Clock Rise Edge                      0.000
     = Beginpoint Arrival Time            0.000
     Timing Path:
      ----------------------------------------------------------------------------------------------------
      Pin                                  Edge  Net                    Cell      Delay  Arrival  Required  
                                                                                         Time     Time  
      ----------------------------------------------------------------------------------------------------
      clk                                  ^     clk                    -         -      0.000    -0.125  
      u_lum_ctrl/led_brightness_reg[7]/CK  ^     clk                    DFFRHQX1  0.000  0.000    -0.125  
      u_lum_ctrl/led_brightness_reg[7]/Q   v     led_brightness_int[7]  DFFRHQX1  0.339  0.339    0.214  
      led_brightness_r_reg[7]/D            v     led_brightness_int[7]  DFFRHQX1  0.000  0.339    0.214  
      ----------------------------------------------------------------------------------------------------
     Clock Rise Edge                      0.000
     = Beginpoint Arrival Time            0.000
     Other End Path:
      -------------------------------------------------------------------------
      Pin                         Edge  Net  Cell      Delay  Arrival  Required  
                                                              Time     Time  
      -------------------------------------------------------------------------
      clk                         ^     clk  -         -      0.000    0.125  
      led_brightness_r_reg[7]/CK  ^     clk  DFFRHQX1  0.000  0.000    0.125  
      -------------------------------------------------------------------------
Path 15: MET Hold Check with Pin led_brightness_r_reg[2]/CK 
Endpoint:   led_brightness_r_reg[2]/D          (v) checked with  leading edge of 'clk'
Beginpoint: u_lum_ctrl/led_brightness_reg[2]/Q (v) triggered by  leading edge of 'clk'
Path Groups: {clk}
Other End Arrival Time          0.000
+ Hold                          0.114
+ Phase Shift                   0.000
+ Uncertainty                   0.100
= Required Time                 0.214
  Arrival Time                  0.339
  Slack Time                    0.125
     Clock Rise Edge                      0.000
     = Beginpoint Arrival Time            0.000
     Timing Path:
      ----------------------------------------------------------------------------------------------------
      Pin                                  Edge  Net                    Cell      Delay  Arrival  Required  
                                                                                         Time     Time  
      ----------------------------------------------------------------------------------------------------
      clk                                  ^     clk                    -         -      0.000    -0.125  
      u_lum_ctrl/led_brightness_reg[2]/CK  ^     clk                    DFFRHQX1  0.000  0.000    -0.125  
      u_lum_ctrl/led_brightness_reg[2]/Q   v     led_brightness_int[2]  DFFRHQX1  0.339  0.339    0.214  
      led_brightness_r_reg[2]/D            v     led_brightness_int[2]  DFFRHQX1  0.000  0.339    0.214  
      ----------------------------------------------------------------------------------------------------
     Clock Rise Edge                      0.000
     = Beginpoint Arrival Time            0.000
     Other End Path:
      -------------------------------------------------------------------------
      Pin                         Edge  Net  Cell      Delay  Arrival  Required  
                                                              Time     Time  
      -------------------------------------------------------------------------
      clk                         ^     clk  -         -      0.000    0.125  
      led_brightness_r_reg[2]/CK  ^     clk  DFFRHQX1  0.000  0.000    0.125  
      -------------------------------------------------------------------------
Path 16: MET Hold Check with Pin dehumidifier_on_r_reg/CK 
Endpoint:   dehumidifier_on_r_reg/D          (v) checked with  leading edge of 'clk'
Beginpoint: u_humidity/dehumidifier_on_reg/Q (v) triggered by  leading edge of 'clk'
Path Groups: {clk}
Other End Arrival Time          0.000
+ Hold                          0.114
+ Phase Shift                   0.000
+ Uncertainty                   0.100
= Required Time                 0.214
  Arrival Time                  0.339
  Slack Time                    0.125
     Clock Rise Edge                      0.000
     = Beginpoint Arrival Time            0.000
     Timing Path:
      ------------------------------------------------------------------------------------------------
      Pin                                Edge  Net                  Cell      Delay  Arrival  Required  
                                                                                     Time     Time  
      ------------------------------------------------------------------------------------------------
      clk                                ^     clk                  -         -      0.000    -0.125  
      u_humidity/dehumidifier_on_reg/CK  ^     clk                  DFFRHQX1  0.000  0.000    -0.125  
      u_humidity/dehumidifier_on_reg/Q   v     dehumidifier_on_int  DFFRHQX1  0.339  0.339    0.214  
      dehumidifier_on_r_reg/D            v     dehumidifier_on_int  DFFRHQX1  0.000  0.339    0.214  
      ------------------------------------------------------------------------------------------------
     Clock Rise Edge                      0.000
     = Beginpoint Arrival Time            0.000
     Other End Path:
      -----------------------------------------------------------------------
      Pin                       Edge  Net  Cell      Delay  Arrival  Required  
                                                            Time     Time  
      -----------------------------------------------------------------------
      clk                       ^     clk  -         -      0.000    0.125  
      dehumidifier_on_r_reg/CK  ^     clk  DFFRHQX1  0.000  0.000    0.125  
      -----------------------------------------------------------------------
Path 17: MET Hold Check with Pin music_on_r_reg/CK 
Endpoint:   music_on_r_reg/D               (v) checked with  leading edge of 'clk'
Beginpoint: u_entertainment/music_on_reg/Q (v) triggered by  leading edge of 'clk'
Path Groups: {clk}
Other End Arrival Time          0.000
+ Hold                          0.114
+ Phase Shift                   0.000
+ Uncertainty                   0.100
= Required Time                 0.214
  Arrival Time                  0.339
  Slack Time                    0.125
     Clock Rise Edge                      0.000
     = Beginpoint Arrival Time            0.000
     Timing Path:
      ---------------------------------------------------------------------------------------
      Pin                              Edge  Net           Cell      Delay  Arrival  Required  
                                                                            Time     Time  
      ---------------------------------------------------------------------------------------
      clk                              ^     clk           -         -      0.000    -0.125  
      u_entertainment/music_on_reg/CK  ^     clk           DFFRHQX1  0.000  0.000    -0.125  
      u_entertainment/music_on_reg/Q   v     music_on_int  DFFRHQX1  0.339  0.339    0.214  
      music_on_r_reg/D                 v     music_on_int  DFFRHQX1  0.000  0.339    0.214  
      ---------------------------------------------------------------------------------------
     Clock Rise Edge                      0.000
     = Beginpoint Arrival Time            0.000
     Other End Path:
      ----------------------------------------------------------------
      Pin                Edge  Net  Cell      Delay  Arrival  Required  
                                                     Time     Time  
      ----------------------------------------------------------------
      clk                ^     clk  -         -      0.000    0.125  
      music_on_r_reg/CK  ^     clk  DFFRHQX1  0.000  0.000    0.125  
      ----------------------------------------------------------------
Path 18: MET Hold Check with Pin tv_on_r_reg/CK 
Endpoint:   tv_on_r_reg/D               (v) checked with  leading edge of 'clk'
Beginpoint: u_entertainment/tv_on_reg/Q (v) triggered by  leading edge of 'clk'
Path Groups: {clk}
Other End Arrival Time          0.000
+ Hold                          0.114
+ Phase Shift                   0.000
+ Uncertainty                   0.100
= Required Time                 0.214
  Arrival Time                  0.339
  Slack Time                    0.125
     Clock Rise Edge                      0.000
     = Beginpoint Arrival Time            0.000
     Timing Path:
      ---------------------------------------------------------------------------------
      Pin                           Edge  Net        Cell      Delay  Arrival  Required  
                                                                      Time     Time  
      ---------------------------------------------------------------------------------
      clk                           ^     clk        -         -      0.000    -0.125  
      u_entertainment/tv_on_reg/CK  ^     clk        DFFRHQX1  0.000  0.000    -0.125  
      u_entertainment/tv_on_reg/Q   v     tv_on_int  DFFRHQX1  0.339  0.339    0.214  
      tv_on_r_reg/D                 v     tv_on_int  DFFRHQX1  0.000  0.339    0.214  
      ---------------------------------------------------------------------------------
     Clock Rise Edge                      0.000
     = Beginpoint Arrival Time            0.000
     Other End Path:
      -------------------------------------------------------------
      Pin             Edge  Net  Cell      Delay  Arrival  Required  
                                                  Time     Time  
      -------------------------------------------------------------
      clk             ^     clk  -         -      0.000    0.125  
      tv_on_r_reg/CK  ^     clk  DFFRHQX1  0.000  0.000    0.125  
      -------------------------------------------------------------
Path 19: MET Hold Check with Pin water_valve_close_r_reg/CK 
Endpoint:   water_valve_close_r_reg/D      (v) checked with  leading edge of 'clk'
Beginpoint: u_water_ctrl/valve_close_reg/Q (v) triggered by  leading edge of 'clk'
Path Groups: {clk}
Other End Arrival Time          0.000
+ Hold                          0.114
+ Phase Shift                   0.000
+ Uncertainty                   0.100
= Required Time                 0.214
  Arrival Time                  0.339
  Slack Time                    0.125
     Clock Rise Edge                      0.000
     = Beginpoint Arrival Time            0.000
     Timing Path:
      ------------------------------------------------------------------------------------------------
      Pin                              Edge  Net                    Cell      Delay  Arrival  Required  
                                                                                     Time     Time  
      ------------------------------------------------------------------------------------------------
      clk                              ^     clk                    -         -      0.000    -0.125  
      u_water_ctrl/valve_close_reg/CK  ^     clk                    DFFRHQX1  0.000  0.000    -0.125  
      u_water_ctrl/valve_close_reg/Q   v     water_valve_close_int  DFFRHQX1  0.339  0.339    0.214  
      water_valve_close_r_reg/D        v     water_valve_close_int  DFFRHQX1  0.000  0.339    0.214  
      ------------------------------------------------------------------------------------------------
     Clock Rise Edge                      0.000
     = Beginpoint Arrival Time            0.000
     Other End Path:
      -------------------------------------------------------------------------
      Pin                         Edge  Net  Cell      Delay  Arrival  Required  
                                                              Time     Time  
      -------------------------------------------------------------------------
      clk                         ^     clk  -         -      0.000    0.125  
      water_valve_close_r_reg/CK  ^     clk  DFFRHQX1  0.000  0.000    0.125  
      -------------------------------------------------------------------------
Path 20: MET Hold Check with Pin u_entertainment/music_on_reg/CK 
Endpoint:   u_entertainment/music_on_reg/D (v) checked with  leading edge of 'clk'
Beginpoint: music_on_cmd_r_reg/Q           (v) triggered by  leading edge of 'clk'
Path Groups: {clk}
Other End Arrival Time          0.000
+ Hold                          0.114
+ Phase Shift                   0.000
+ Uncertainty                   0.100
= Required Time                 0.214
  Arrival Time                  0.339
  Slack Time                    0.125
     Clock Rise Edge                      0.000
     = Beginpoint Arrival Time            0.000
     Timing Path:
      ----------------------------------------------------------------------------------------
      Pin                             Edge  Net             Cell      Delay  Arrival  Required  
                                                                             Time     Time  
      ----------------------------------------------------------------------------------------
      clk                             ^     clk             -         -      0.000    -0.125  
      music_on_cmd_r_reg/CK           ^     clk             DFFRHQX1  0.000  0.000    -0.125  
      music_on_cmd_r_reg/Q            v     music_on_cmd_r  DFFRHQX1  0.339  0.339    0.214  
      u_entertainment/music_on_reg/D  v     music_on_cmd_r  DFFRHQX1  0.000  0.339    0.214  
      ----------------------------------------------------------------------------------------
     Clock Rise Edge                      0.000
     = Beginpoint Arrival Time            0.000
     Other End Path:
      ------------------------------------------------------------------------------
      Pin                              Edge  Net  Cell      Delay  Arrival  Required  
                                                                   Time     Time  
      ------------------------------------------------------------------------------
      clk                              ^     clk  -         -      0.000    0.125  
      u_entertainment/music_on_reg/CK  ^     clk  DFFRHQX1  0.000  0.000    0.125  
      ------------------------------------------------------------------------------
Path 21: MET Hold Check with Pin u_entertainment/tv_on_reg/CK 
Endpoint:   u_entertainment/tv_on_reg/D (v) checked with  leading edge of 'clk'
Beginpoint: tv_on_cmd_r_reg/Q           (v) triggered by  leading edge of 'clk'
Path Groups: {clk}
Other End Arrival Time          0.000
+ Hold                          0.114
+ Phase Shift                   0.000
+ Uncertainty                   0.100
= Required Time                 0.214
  Arrival Time                  0.339
  Slack Time                    0.125
     Clock Rise Edge                      0.000
     = Beginpoint Arrival Time            0.000
     Timing Path:
      ----------------------------------------------------------------------------------
      Pin                          Edge  Net          Cell      Delay  Arrival  Required  
                                                                       Time     Time  
      ----------------------------------------------------------------------------------
      clk                          ^     clk          -         -      0.000    -0.125  
      tv_on_cmd_r_reg/CK           ^     clk          DFFRHQX1  0.000  0.000    -0.125  
      tv_on_cmd_r_reg/Q            v     tv_on_cmd_r  DFFRHQX1  0.339  0.339    0.214  
      u_entertainment/tv_on_reg/D  v     tv_on_cmd_r  DFFRHQX1  0.000  0.339    0.214  
      ----------------------------------------------------------------------------------
     Clock Rise Edge                      0.000
     = Beginpoint Arrival Time            0.000
     Other End Path:
      ---------------------------------------------------------------------------
      Pin                           Edge  Net  Cell      Delay  Arrival  Required  
                                                                Time     Time  
      ---------------------------------------------------------------------------
      clk                           ^     clk  -         -      0.000    0.125  
      u_entertainment/tv_on_reg/CK  ^     clk  DFFRHQX1  0.000  0.000    0.125  
      ---------------------------------------------------------------------------
Path 22: MET Hold Check with Pin u_appliances/lights_on_reg/CK 
Endpoint:   u_appliances/lights_on_reg/D (v) checked with  leading edge of 'clk'
Beginpoint: light_cmd_r_reg/Q            (v) triggered by  leading edge of 'clk'
Path Groups: {clk}
Other End Arrival Time          0.000
+ Hold                          0.114
+ Phase Shift                   0.000
+ Uncertainty                   0.100
= Required Time                 0.214
  Arrival Time                  0.339
  Slack Time                    0.125
     Clock Rise Edge                      0.000
     = Beginpoint Arrival Time            0.000
     Timing Path:
      -----------------------------------------------------------------------------------
      Pin                           Edge  Net          Cell      Delay  Arrival  Required  
                                                                        Time     Time  
      -----------------------------------------------------------------------------------
      clk                           ^     clk          -         -      0.000    -0.125  
      light_cmd_r_reg/CK            ^     clk          DFFRHQX1  0.000  0.000    -0.125  
      light_cmd_r_reg/Q             v     light_cmd_r  DFFRHQX1  0.339  0.339    0.214  
      u_appliances/lights_on_reg/D  v     light_cmd_r  DFFRHQX1  0.000  0.339    0.214  
      -----------------------------------------------------------------------------------
     Clock Rise Edge                      0.000
     = Beginpoint Arrival Time            0.000
     Other End Path:
      ----------------------------------------------------------------------------
      Pin                            Edge  Net  Cell      Delay  Arrival  Required  
                                                                 Time     Time  
      ----------------------------------------------------------------------------
      clk                            ^     clk  -         -      0.000    0.125  
      u_appliances/lights_on_reg/CK  ^     clk  DFFRHQX1  0.000  0.000    0.125  
      ----------------------------------------------------------------------------
Path 23: MET Hold Check with Pin u_appliances/fan_on_reg/CK 
Endpoint:   u_appliances/fan_on_reg/D (v) checked with  leading edge of 'clk'
Beginpoint: fan_cmd_r_reg/Q           (v) triggered by  leading edge of 'clk'
Path Groups: {clk}
Other End Arrival Time          0.000
+ Hold                          0.114
+ Phase Shift                   0.000
+ Uncertainty                   0.100
= Required Time                 0.214
  Arrival Time                  0.339
  Slack Time                    0.125
     Clock Rise Edge                      0.000
     = Beginpoint Arrival Time            0.000
     Timing Path:
      ------------------------------------------------------------------------------
      Pin                        Edge  Net        Cell      Delay  Arrival  Required  
                                                                   Time     Time  
      ------------------------------------------------------------------------------
      clk                        ^     clk        -         -      0.000    -0.125  
      fan_cmd_r_reg/CK           ^     clk        DFFRHQX1  0.000  0.000    -0.125  
      fan_cmd_r_reg/Q            v     fan_cmd_r  DFFRHQX1  0.339  0.339    0.214  
      u_appliances/fan_on_reg/D  v     fan_cmd_r  DFFRHQX1  0.000  0.339    0.214  
      ------------------------------------------------------------------------------
     Clock Rise Edge                      0.000
     = Beginpoint Arrival Time            0.000
     Other End Path:
      -------------------------------------------------------------------------
      Pin                         Edge  Net  Cell      Delay  Arrival  Required  
                                                              Time     Time  
      -------------------------------------------------------------------------
      clk                         ^     clk  -         -      0.000    0.125  
      u_appliances/fan_on_reg/CK  ^     clk  DFFRHQX1  0.000  0.000    0.125  
      -------------------------------------------------------------------------
Path 24: MET Hold Check with Pin u_appliances/ac_on_reg/CK 
Endpoint:   u_appliances/ac_on_reg/D (v) checked with  leading edge of 'clk'
Beginpoint: ac_cmd_r_reg/Q           (v) triggered by  leading edge of 'clk'
Path Groups: {clk}
Other End Arrival Time          0.000
+ Hold                          0.114
+ Phase Shift                   0.000
+ Uncertainty                   0.100
= Required Time                 0.214
  Arrival Time                  0.339
  Slack Time                    0.125
     Clock Rise Edge                      0.000
     = Beginpoint Arrival Time            0.000
     Timing Path:
      ----------------------------------------------------------------------------
      Pin                       Edge  Net       Cell      Delay  Arrival  Required  
                                                                 Time     Time  
      ----------------------------------------------------------------------------
      clk                       ^     clk       -         -      0.000    -0.125  
      ac_cmd_r_reg/CK           ^     clk       DFFRHQX1  0.000  0.000    -0.125  
      ac_cmd_r_reg/Q            v     ac_cmd_r  DFFRHQX1  0.339  0.339    0.214  
      u_appliances/ac_on_reg/D  v     ac_cmd_r  DFFRHQX1  0.000  0.339    0.214  
      ----------------------------------------------------------------------------
     Clock Rise Edge                      0.000
     = Beginpoint Arrival Time            0.000
     Other End Path:
      ------------------------------------------------------------------------
      Pin                        Edge  Net  Cell      Delay  Arrival  Required  
                                                             Time     Time  
      ------------------------------------------------------------------------
      clk                        ^     clk  -         -      0.000    0.125  
      u_appliances/ac_on_reg/CK  ^     clk  DFFRHQX1  0.000  0.000    0.125  
      ------------------------------------------------------------------------
Path 25: MET Hold Check with Pin cooler_on_r_reg/CK 
Endpoint:   cooler_on_r_reg/D           (v) checked with  leading edge of 'clk'
Beginpoint: u_temp_ctrl/cooler_on_reg/Q (v) triggered by  leading edge of 'clk'
Path Groups: {clk}
Other End Arrival Time          0.000
+ Hold                          0.106
+ Phase Shift                   0.000
+ Uncertainty                   0.100
= Required Time                 0.206
  Arrival Time                  0.338
  Slack Time                    0.133
     Clock Rise Edge                      0.000
     = Beginpoint Arrival Time            0.000
     Timing Path:
      --------------------------------------------------------------------------------------
      Pin                           Edge  Net            Cell       Delay  Arrival  Required  
                                                                           Time     Time  
      --------------------------------------------------------------------------------------
      clk                           ^     clk            -          -      0.000    -0.133  
      u_temp_ctrl/cooler_on_reg/CK  ^     clk            SDFFRHQX1  0.000  0.000    -0.133  
      u_temp_ctrl/cooler_on_reg/Q   v     cooler_on_int  SDFFRHQX1  0.338  0.338    0.206  
      cooler_on_r_reg/D             v     cooler_on_int  DFFRHQX1   0.000  0.338    0.206  
      --------------------------------------------------------------------------------------
     Clock Rise Edge                      0.000
     = Beginpoint Arrival Time            0.000
     Other End Path:
      -----------------------------------------------------------------
      Pin                 Edge  Net  Cell      Delay  Arrival  Required  
                                                      Time     Time  
      -----------------------------------------------------------------
      clk                 ^     clk  -         -      0.000    0.133  
      cooler_on_r_reg/CK  ^     clk  DFFRHQX1  0.000  0.000    0.133  
      -----------------------------------------------------------------
Path 26: MET Hold Check with Pin heater_on_r_reg/CK 
Endpoint:   heater_on_r_reg/D           (v) checked with  leading edge of 'clk'
Beginpoint: u_temp_ctrl/heater_on_reg/Q (v) triggered by  leading edge of 'clk'
Path Groups: {clk}
Other End Arrival Time          0.000
+ Hold                          0.106
+ Phase Shift                   0.000
+ Uncertainty                   0.100
= Required Time                 0.206
  Arrival Time                  0.350
  Slack Time                    0.144
     Clock Rise Edge                      0.000
     = Beginpoint Arrival Time            0.000
     Timing Path:
      -------------------------------------------------------------------------------------
      Pin                           Edge  Net            Cell      Delay  Arrival  Required  
                                                                          Time     Time  
      -------------------------------------------------------------------------------------
      clk                           ^     clk            -         -      0.000    -0.144  
      u_temp_ctrl/heater_on_reg/CK  ^     clk            DFFRHQX1  0.000  0.000    -0.144  
      u_temp_ctrl/heater_on_reg/Q   v     heater_on_int  DFFRHQX1  0.350  0.350    0.206  
      heater_on_r_reg/D             v     heater_on_int  DFFRHQX1  0.000  0.350    0.206  
      -------------------------------------------------------------------------------------
     Clock Rise Edge                      0.000
     = Beginpoint Arrival Time            0.000
     Other End Path:
      -----------------------------------------------------------------
      Pin                 Edge  Net  Cell      Delay  Arrival  Required  
                                                      Time     Time  
      -----------------------------------------------------------------
      clk                 ^     clk  -         -      0.000    0.144  
      heater_on_r_reg/CK  ^     clk  DFFRHQX1  0.000  0.000    0.144  
      -----------------------------------------------------------------
Path 27: MET Hold Check with Pin burglar_alarm_out_r_reg/CK 
Endpoint:   burglar_alarm_out_r_reg/D (v) checked with  leading edge of 'clk'
Beginpoint: u_burglar/alarm_out_reg/Q (v) triggered by  leading edge of 'clk'
Path Groups: {clk}
Other End Arrival Time          0.000
+ Hold                          0.106
+ Phase Shift                   0.000
+ Uncertainty                   0.100
= Required Time                 0.206
  Arrival Time                  0.350
  Slack Time                    0.144
     Clock Rise Edge                      0.000
     = Beginpoint Arrival Time            0.000
     Timing Path:
      -------------------------------------------------------------------------------------------
      Pin                         Edge  Net                    Cell      Delay  Arrival  Required  
                                                                                Time     Time  
      -------------------------------------------------------------------------------------------
      clk                         ^     clk                    -         -      0.000    -0.144  
      u_burglar/alarm_out_reg/CK  ^     clk                    DFFRHQX1  0.000  0.000    -0.144  
      u_burglar/alarm_out_reg/Q   v     burglar_alarm_out_int  DFFRHQX1  0.350  0.350    0.206  
      burglar_alarm_out_r_reg/D   v     burglar_alarm_out_int  DFFRHQX1  0.000  0.350    0.206  
      -------------------------------------------------------------------------------------------
     Clock Rise Edge                      0.000
     = Beginpoint Arrival Time            0.000
     Other End Path:
      -------------------------------------------------------------------------
      Pin                         Edge  Net  Cell      Delay  Arrival  Required  
                                                              Time     Time  
      -------------------------------------------------------------------------
      clk                         ^     clk  -         -      0.000    0.144  
      burglar_alarm_out_r_reg/CK  ^     clk  DFFRHQX1  0.000  0.000    0.144  
      -------------------------------------------------------------------------
Path 28: MET Hold Check with Pin window_state_r_reg[0]/CK 
Endpoint:   window_state_r_reg[0]/D        (v) checked with  leading edge of 'clk'
Beginpoint: u_window/window_state_reg[0]/Q (v) triggered by  leading edge of 'clk'
Path Groups: {clk}
Other End Arrival Time          0.000
+ Hold                          0.105
+ Phase Shift                   0.000
+ Uncertainty                   0.100
= Required Time                 0.205
  Arrival Time                  0.350
  Slack Time                    0.145
     Clock Rise Edge                      0.000
     = Beginpoint Arrival Time            0.000
     Timing Path:
      ----------------------------------------------------------------------------------------------
      Pin                              Edge  Net                  Cell      Delay  Arrival  Required  
                                                                                   Time     Time  
      ----------------------------------------------------------------------------------------------
      clk                              ^     clk                  -         -      0.000    -0.145  
      u_window/window_state_reg[0]/CK  ^     clk                  DFFRHQX1  0.000  0.000    -0.145  
      u_window/window_state_reg[0]/Q   v     window_state_int[0]  DFFRHQX1  0.350  0.350    0.205  
      window_state_r_reg[0]/D          v     window_state_int[0]  DFFRHQX1  0.000  0.350    0.205  
      ----------------------------------------------------------------------------------------------
     Clock Rise Edge                      0.000
     = Beginpoint Arrival Time            0.000
     Other End Path:
      -----------------------------------------------------------------------
      Pin                       Edge  Net  Cell      Delay  Arrival  Required  
                                                            Time     Time  
      -----------------------------------------------------------------------
      clk                       ^     clk  -         -      0.000    0.145  
      window_state_r_reg[0]/CK  ^     clk  DFFRHQX1  0.000  0.000    0.145  
      -----------------------------------------------------------------------
Path 29: MET Hold Check with Pin volume_level_r_reg[1]/CK 
Endpoint:   volume_level_r_reg[1]/D               (v) checked with  leading edge of 'clk'
Beginpoint: u_entertainment/volume_level_reg[1]/Q (v) triggered by  leading edge of 'clk'
Path Groups: {clk}
Other End Arrival Time          0.000
+ Hold                          0.095
+ Phase Shift                   0.000
+ Uncertainty                   0.100
= Required Time                 0.195
  Arrival Time                  0.344
  Slack Time                    0.150
     Clock Rise Edge                      0.000
     = Beginpoint Arrival Time            0.000
     Timing Path:
      ------------------------------------------------------------------------------------------------------
      Pin                                     Edge  Net                  Cell       Delay  Arrival  Required  
                                                                                           Time     Time  
      ------------------------------------------------------------------------------------------------------
      clk                                     ^     clk                  -          -      0.000    -0.150  
      u_entertainment/volume_level_reg[1]/CK  ^     clk                  SDFFRHQX1  0.000  0.000    -0.150  
      u_entertainment/volume_level_reg[1]/Q   v     volume_level_int[1]  SDFFRHQX1  0.344  0.344    0.195  
      volume_level_r_reg[1]/D                 v     volume_level_int[1]  DFFRHQX1   0.000  0.344    0.195  
      ------------------------------------------------------------------------------------------------------
     Clock Rise Edge                      0.000
     = Beginpoint Arrival Time            0.000
     Other End Path:
      -----------------------------------------------------------------------
      Pin                       Edge  Net  Cell      Delay  Arrival  Required  
                                                            Time     Time  
      -----------------------------------------------------------------------
      clk                       ^     clk  -         -      0.000    0.150  
      volume_level_r_reg[1]/CK  ^     clk  DFFRHQX1  0.000  0.000    0.150  
      -----------------------------------------------------------------------
Path 30: MET Hold Check with Pin volume_level_r_reg[3]/CK 
Endpoint:   volume_level_r_reg[3]/D               (v) checked with  leading edge of 'clk'
Beginpoint: u_entertainment/volume_level_reg[3]/Q (v) triggered by  leading edge of 'clk'
Path Groups: {clk}
Other End Arrival Time          0.000
+ Hold                          0.095
+ Phase Shift                   0.000
+ Uncertainty                   0.100
= Required Time                 0.195
  Arrival Time                  0.344
  Slack Time                    0.150
     Clock Rise Edge                      0.000
     = Beginpoint Arrival Time            0.000
     Timing Path:
      ------------------------------------------------------------------------------------------------------
      Pin                                     Edge  Net                  Cell       Delay  Arrival  Required  
                                                                                           Time     Time  
      ------------------------------------------------------------------------------------------------------
      clk                                     ^     clk                  -          -      0.000    -0.150  
      u_entertainment/volume_level_reg[3]/CK  ^     clk                  SDFFRHQX1  0.000  0.000    -0.150  
      u_entertainment/volume_level_reg[3]/Q   v     volume_level_int[3]  SDFFRHQX1  0.344  0.344    0.195  
      volume_level_r_reg[3]/D                 v     volume_level_int[3]  DFFRHQX1   0.000  0.344    0.195  
      ------------------------------------------------------------------------------------------------------
     Clock Rise Edge                      0.000
     = Beginpoint Arrival Time            0.000
     Other End Path:
      -----------------------------------------------------------------------
      Pin                       Edge  Net  Cell      Delay  Arrival  Required  
                                                            Time     Time  
      -----------------------------------------------------------------------
      clk                       ^     clk  -         -      0.000    0.150  
      volume_level_r_reg[3]/CK  ^     clk  DFFRHQX1  0.000  0.000    0.150  
      -----------------------------------------------------------------------

