###############################################################
#  Generated by:      Cadence Tempus 20.10-p003_1
#  OS:                Linux x86_64(Host ID edatools-server2.iiitd.edu.in)
#  Generated on:      Mon Oct 27 17:53:57 2025
#  Design:            HA
#  Command:           report_timing -early -max_paths 30 -nworst 30 -retime path_slew_propagation > $report_dir/pba_hold.rpt
###############################################################
Path 1: MET Hold Check with Pin fan_on_r_reg/CK 
Endpoint:   fan_on_r_reg/D            (v) checked with  leading edge of 'clk'
Beginpoint: u_appliances/fan_on_reg/Q (v) triggered by  leading edge of 'clk'
Path Groups: {clk}
Retime Analysis { Data Path-Slew }
Other End Arrival Time          0.000
+ Hold                          0.119
+ Phase Shift                   0.000
+ Uncertainty                   0.100
= Required Time                 0.219
  Arrival Time                  0.339
  Slack Time                    0.120
= Slack Time(original)          0.125
     Clock Rise Edge                 0.000
     + Clock Network Latency (Ideal) 0.000
     = Beginpoint Arrival Time       0.000
      -------------------------------------------------------------------------
      Instance                 Arc          Cell      Retime  Arrival  Required  
                                                      Delay   Time     Time  
      -------------------------------------------------------------------------
      u_appliances/fan_on_reg  CK ^         -         -       0.000    -0.120  
      u_appliances/fan_on_reg  CK ^ -> Q v  DFFRHQX1  0.339   0.339    0.219  
      fan_on_r_reg             -            DFFRHQX1  0.000   0.339    0.219  
      -------------------------------------------------------------------------
Path 2: MET Hold Check with Pin ac_on_r_reg/CK 
Endpoint:   ac_on_r_reg/D            (v) checked with  leading edge of 'clk'
Beginpoint: u_appliances/ac_on_reg/Q (v) triggered by  leading edge of 'clk'
Path Groups: {clk}
Retime Analysis { Data Path-Slew }
Other End Arrival Time          0.000
+ Hold                          0.119
+ Phase Shift                   0.000
+ Uncertainty                   0.100
= Required Time                 0.219
  Arrival Time                  0.339
  Slack Time                    0.120
= Slack Time(original)          0.125
     Clock Rise Edge                 0.000
     + Clock Network Latency (Ideal) 0.000
     = Beginpoint Arrival Time       0.000
      ------------------------------------------------------------------------
      Instance                Arc          Cell      Retime  Arrival  Required  
                                                     Delay   Time     Time  
      ------------------------------------------------------------------------
      u_appliances/ac_on_reg  CK ^         -         -       0.000    -0.120  
      u_appliances/ac_on_reg  CK ^ -> Q v  DFFRHQX1  0.339   0.339    0.219  
      ac_on_r_reg             -            DFFRHQX1  0.000   0.339    0.219  
      ------------------------------------------------------------------------
Path 3: MET Hold Check with Pin door_locked_r_reg/CK 
Endpoint:   door_locked_r_reg/D           (v) checked with  leading edge of 'clk'
Beginpoint: u_door_lock/door_locked_reg/Q (v) triggered by  leading edge of 'clk'
Path Groups: {clk}
Retime Analysis { Data Path-Slew }
Other End Arrival Time          0.000
+ Hold                          0.119
+ Phase Shift                   0.000
+ Uncertainty                   0.100
= Required Time                 0.219
  Arrival Time                  0.339
  Slack Time                    0.120
= Slack Time(original)          0.125
     Clock Rise Edge                 0.000
     + Clock Network Latency (Ideal) 0.000
     = Beginpoint Arrival Time       0.000
      -----------------------------------------------------------------------------
      Instance                     Arc          Cell      Retime  Arrival  Required  
                                                          Delay   Time     Time  
      -----------------------------------------------------------------------------
      u_door_lock/door_locked_reg  CK ^         -         -       0.000    -0.120  
      u_door_lock/door_locked_reg  CK ^ -> Q v  DFFRHQX1  0.339   0.339    0.219  
      door_locked_r_reg            -            DFFRHQX1  0.000   0.339    0.219  
      -----------------------------------------------------------------------------
Path 4: MET Hold Check with Pin lights_on_r_reg/CK 
Endpoint:   lights_on_r_reg/D            (v) checked with  leading edge of 'clk'
Beginpoint: u_appliances/lights_on_reg/Q (v) triggered by  leading edge of 'clk'
Path Groups: {clk}
Retime Analysis { Data Path-Slew }
Other End Arrival Time          0.000
+ Hold                          0.119
+ Phase Shift                   0.000
+ Uncertainty                   0.100
= Required Time                 0.219
  Arrival Time                  0.339
  Slack Time                    0.120
= Slack Time(original)          0.125
     Clock Rise Edge                 0.000
     + Clock Network Latency (Ideal) 0.000
     = Beginpoint Arrival Time       0.000
      ----------------------------------------------------------------------------
      Instance                    Arc          Cell      Retime  Arrival  Required  
                                                         Delay   Time     Time  
      ----------------------------------------------------------------------------
      u_appliances/lights_on_reg  CK ^         -         -       0.000    -0.120  
      u_appliances/lights_on_reg  CK ^ -> Q v  DFFRHQX1  0.339   0.339    0.219  
      lights_on_r_reg             -            DFFRHQX1  0.000   0.339    0.219  
      ----------------------------------------------------------------------------
Path 5: MET Hold Check with Pin led_brightness_r_reg[5]/CK 
Endpoint:   led_brightness_r_reg[5]/D          (v) checked with  leading edge of 'clk'
Beginpoint: u_lum_ctrl/led_brightness_reg[5]/Q (v) triggered by  leading edge of 'clk'
Path Groups: {clk}
Retime Analysis { Data Path-Slew }
Other End Arrival Time          0.000
+ Hold                          0.119
+ Phase Shift                   0.000
+ Uncertainty                   0.100
= Required Time                 0.219
  Arrival Time                  0.339
  Slack Time                    0.120
= Slack Time(original)          0.125
     Clock Rise Edge                 0.000
     + Clock Network Latency (Ideal) 0.000
     = Beginpoint Arrival Time       0.000
      ----------------------------------------------------------------------------------
      Instance                          Arc          Cell      Retime  Arrival  Required  
                                                               Delay   Time     Time  
      ----------------------------------------------------------------------------------
      u_lum_ctrl/led_brightness_reg[5]  CK ^         -         -       0.000    -0.120  
      u_lum_ctrl/led_brightness_reg[5]  CK ^ -> Q v  DFFRHQX1  0.339   0.339    0.219  
      led_brightness_r_reg[5]           -            DFFRHQX1  0.000   0.339    0.219  
      ----------------------------------------------------------------------------------
Path 6: MET Hold Check with Pin led_brightness_r_reg[1]/CK 
Endpoint:   led_brightness_r_reg[1]/D          (v) checked with  leading edge of 'clk'
Beginpoint: u_lum_ctrl/led_brightness_reg[1]/Q (v) triggered by  leading edge of 'clk'
Path Groups: {clk}
Retime Analysis { Data Path-Slew }
Other End Arrival Time          0.000
+ Hold                          0.119
+ Phase Shift                   0.000
+ Uncertainty                   0.100
= Required Time                 0.219
  Arrival Time                  0.339
  Slack Time                    0.120
= Slack Time(original)          0.125
     Clock Rise Edge                 0.000
     + Clock Network Latency (Ideal) 0.000
     = Beginpoint Arrival Time       0.000
      ----------------------------------------------------------------------------------
      Instance                          Arc          Cell      Retime  Arrival  Required  
                                                               Delay   Time     Time  
      ----------------------------------------------------------------------------------
      u_lum_ctrl/led_brightness_reg[1]  CK ^         -         -       0.000    -0.120  
      u_lum_ctrl/led_brightness_reg[1]  CK ^ -> Q v  DFFRHQX1  0.339   0.339    0.219  
      led_brightness_r_reg[1]           -            DFFRHQX1  0.000   0.339    0.219  
      ----------------------------------------------------------------------------------
Path 7: MET Hold Check with Pin led_brightness_r_reg[0]/CK 
Endpoint:   led_brightness_r_reg[0]/D          (v) checked with  leading edge of 'clk'
Beginpoint: u_lum_ctrl/led_brightness_reg[0]/Q (v) triggered by  leading edge of 'clk'
Path Groups: {clk}
Retime Analysis { Data Path-Slew }
Other End Arrival Time          0.000
+ Hold                          0.119
+ Phase Shift                   0.000
+ Uncertainty                   0.100
= Required Time                 0.219
  Arrival Time                  0.339
  Slack Time                    0.120
= Slack Time(original)          0.125
     Clock Rise Edge                 0.000
     + Clock Network Latency (Ideal) 0.000
     = Beginpoint Arrival Time       0.000
      ----------------------------------------------------------------------------------
      Instance                          Arc          Cell      Retime  Arrival  Required  
                                                               Delay   Time     Time  
      ----------------------------------------------------------------------------------
      u_lum_ctrl/led_brightness_reg[0]  CK ^         -         -       0.000    -0.120  
      u_lum_ctrl/led_brightness_reg[0]  CK ^ -> Q v  DFFRHQX1  0.339   0.339    0.219  
      led_brightness_r_reg[0]           -            DFFRHQX1  0.000   0.339    0.219  
      ----------------------------------------------------------------------------------
Path 8: MET Hold Check with Pin led_brightness_r_reg[6]/CK 
Endpoint:   led_brightness_r_reg[6]/D          (v) checked with  leading edge of 'clk'
Beginpoint: u_lum_ctrl/led_brightness_reg[6]/Q (v) triggered by  leading edge of 'clk'
Path Groups: {clk}
Retime Analysis { Data Path-Slew }
Other End Arrival Time          0.000
+ Hold                          0.119
+ Phase Shift                   0.000
+ Uncertainty                   0.100
= Required Time                 0.219
  Arrival Time                  0.339
  Slack Time                    0.120
= Slack Time(original)          0.125
     Clock Rise Edge                 0.000
     + Clock Network Latency (Ideal) 0.000
     = Beginpoint Arrival Time       0.000
      ----------------------------------------------------------------------------------
      Instance                          Arc          Cell      Retime  Arrival  Required  
                                                               Delay   Time     Time  
      ----------------------------------------------------------------------------------
      u_lum_ctrl/led_brightness_reg[6]  CK ^         -         -       0.000    -0.120  
      u_lum_ctrl/led_brightness_reg[6]  CK ^ -> Q v  DFFRHQX1  0.339   0.339    0.219  
      led_brightness_r_reg[6]           -            DFFRHQX1  0.000   0.339    0.219  
      ----------------------------------------------------------------------------------
Path 9: MET Hold Check with Pin led_brightness_r_reg[3]/CK 
Endpoint:   led_brightness_r_reg[3]/D          (v) checked with  leading edge of 'clk'
Beginpoint: u_lum_ctrl/led_brightness_reg[3]/Q (v) triggered by  leading edge of 'clk'
Path Groups: {clk}
Retime Analysis { Data Path-Slew }
Other End Arrival Time          0.000
+ Hold                          0.119
+ Phase Shift                   0.000
+ Uncertainty                   0.100
= Required Time                 0.219
  Arrival Time                  0.339
  Slack Time                    0.120
= Slack Time(original)          0.125
     Clock Rise Edge                 0.000
     + Clock Network Latency (Ideal) 0.000
     = Beginpoint Arrival Time       0.000
      ----------------------------------------------------------------------------------
      Instance                          Arc          Cell      Retime  Arrival  Required  
                                                               Delay   Time     Time  
      ----------------------------------------------------------------------------------
      u_lum_ctrl/led_brightness_reg[3]  CK ^         -         -       0.000    -0.120  
      u_lum_ctrl/led_brightness_reg[3]  CK ^ -> Q v  DFFRHQX1  0.339   0.339    0.219  
      led_brightness_r_reg[3]           -            DFFRHQX1  0.000   0.339    0.219  
      ----------------------------------------------------------------------------------
Path 10: MET Hold Check with Pin led_brightness_r_reg[4]/CK 
Endpoint:   led_brightness_r_reg[4]/D          (v) checked with  leading edge of 'clk'
Beginpoint: u_lum_ctrl/led_brightness_reg[4]/Q (v) triggered by  leading edge of 'clk'
Path Groups: {clk}
Retime Analysis { Data Path-Slew }
Other End Arrival Time          0.000
+ Hold                          0.119
+ Phase Shift                   0.000
+ Uncertainty                   0.100
= Required Time                 0.219
  Arrival Time                  0.339
  Slack Time                    0.120
= Slack Time(original)          0.125
     Clock Rise Edge                 0.000
     + Clock Network Latency (Ideal) 0.000
     = Beginpoint Arrival Time       0.000
      ----------------------------------------------------------------------------------
      Instance                          Arc          Cell      Retime  Arrival  Required  
                                                               Delay   Time     Time  
      ----------------------------------------------------------------------------------
      u_lum_ctrl/led_brightness_reg[4]  CK ^         -         -       0.000    -0.120  
      u_lum_ctrl/led_brightness_reg[4]  CK ^ -> Q v  DFFRHQX1  0.339   0.339    0.219  
      led_brightness_r_reg[4]           -            DFFRHQX1  0.000   0.339    0.219  
      ----------------------------------------------------------------------------------
Path 11: MET Hold Check with Pin humidifier_on_r_reg/CK 
Endpoint:   humidifier_on_r_reg/D          (v) checked with  leading edge of 'clk'
Beginpoint: u_humidity/humidifier_on_reg/Q (v) triggered by  leading edge of 'clk'
Path Groups: {clk}
Retime Analysis { Data Path-Slew }
Other End Arrival Time          0.000
+ Hold                          0.119
+ Phase Shift                   0.000
+ Uncertainty                   0.100
= Required Time                 0.219
  Arrival Time                  0.339
  Slack Time                    0.120
= Slack Time(original)          0.125
     Clock Rise Edge                 0.000
     + Clock Network Latency (Ideal) 0.000
     = Beginpoint Arrival Time       0.000
      ------------------------------------------------------------------------------
      Instance                      Arc          Cell      Retime  Arrival  Required  
                                                           Delay   Time     Time  
      ------------------------------------------------------------------------------
      u_humidity/humidifier_on_reg  CK ^         -         -       0.000    -0.120  
      u_humidity/humidifier_on_reg  CK ^ -> Q v  DFFRHQX1  0.339   0.339    0.219  
      humidifier_on_r_reg           -            DFFRHQX1  0.000   0.339    0.219  
      ------------------------------------------------------------------------------
Path 12: MET Hold Check with Pin lock_status_r_reg[0]/CK 
Endpoint:   lock_status_r_reg[0]/D           (v) checked with  leading edge of 'clk'
Beginpoint: u_door_lock/lock_status_reg[0]/Q (v) triggered by  leading edge of 'clk'
Path Groups: {clk}
Retime Analysis { Data Path-Slew }
Other End Arrival Time          0.000
+ Hold                          0.119
+ Phase Shift                   0.000
+ Uncertainty                   0.100
= Required Time                 0.219
  Arrival Time                  0.339
  Slack Time                    0.120
= Slack Time(original)          0.125
     Clock Rise Edge                 0.000
     + Clock Network Latency (Ideal) 0.000
     = Beginpoint Arrival Time       0.000
      --------------------------------------------------------------------------------
      Instance                        Arc          Cell      Retime  Arrival  Required  
                                                             Delay   Time     Time  
      --------------------------------------------------------------------------------
      u_door_lock/lock_status_reg[0]  CK ^         -         -       0.000    -0.120  
      u_door_lock/lock_status_reg[0]  CK ^ -> Q v  DFFRHQX1  0.339   0.339    0.219  
      lock_status_r_reg[0]            -            DFFRHQX1  0.000   0.339    0.219  
      --------------------------------------------------------------------------------
Path 13: MET Hold Check with Pin lock_status_r_reg[1]/CK 
Endpoint:   lock_status_r_reg[1]/D           (v) checked with  leading edge of 'clk'
Beginpoint: u_door_lock/lock_status_reg[1]/Q (v) triggered by  leading edge of 'clk'
Path Groups: {clk}
Retime Analysis { Data Path-Slew }
Other End Arrival Time          0.000
+ Hold                          0.119
+ Phase Shift                   0.000
+ Uncertainty                   0.100
= Required Time                 0.219
  Arrival Time                  0.339
  Slack Time                    0.120
= Slack Time(original)          0.125
     Clock Rise Edge                 0.000
     + Clock Network Latency (Ideal) 0.000
     = Beginpoint Arrival Time       0.000
      --------------------------------------------------------------------------------
      Instance                        Arc          Cell      Retime  Arrival  Required  
                                                             Delay   Time     Time  
      --------------------------------------------------------------------------------
      u_door_lock/lock_status_reg[1]  CK ^         -         -       0.000    -0.120  
      u_door_lock/lock_status_reg[1]  CK ^ -> Q v  DFFRHQX1  0.339   0.339    0.219  
      lock_status_r_reg[1]            -            DFFRHQX1  0.000   0.339    0.219  
      --------------------------------------------------------------------------------
Path 14: MET Hold Check with Pin led_brightness_r_reg[7]/CK 
Endpoint:   led_brightness_r_reg[7]/D          (v) checked with  leading edge of 'clk'
Beginpoint: u_lum_ctrl/led_brightness_reg[7]/Q (v) triggered by  leading edge of 'clk'
Path Groups: {clk}
Retime Analysis { Data Path-Slew }
Other End Arrival Time          0.000
+ Hold                          0.119
+ Phase Shift                   0.000
+ Uncertainty                   0.100
= Required Time                 0.219
  Arrival Time                  0.339
  Slack Time                    0.120
= Slack Time(original)          0.125
     Clock Rise Edge                 0.000
     + Clock Network Latency (Ideal) 0.000
     = Beginpoint Arrival Time       0.000
      ----------------------------------------------------------------------------------
      Instance                          Arc          Cell      Retime  Arrival  Required  
                                                               Delay   Time     Time  
      ----------------------------------------------------------------------------------
      u_lum_ctrl/led_brightness_reg[7]  CK ^         -         -       0.000    -0.120  
      u_lum_ctrl/led_brightness_reg[7]  CK ^ -> Q v  DFFRHQX1  0.339   0.339    0.219  
      led_brightness_r_reg[7]           -            DFFRHQX1  0.000   0.339    0.219  
      ----------------------------------------------------------------------------------
Path 15: MET Hold Check with Pin led_brightness_r_reg[2]/CK 
Endpoint:   led_brightness_r_reg[2]/D          (v) checked with  leading edge of 'clk'
Beginpoint: u_lum_ctrl/led_brightness_reg[2]/Q (v) triggered by  leading edge of 'clk'
Path Groups: {clk}
Retime Analysis { Data Path-Slew }
Other End Arrival Time          0.000
+ Hold                          0.119
+ Phase Shift                   0.000
+ Uncertainty                   0.100
= Required Time                 0.219
  Arrival Time                  0.339
  Slack Time                    0.120
= Slack Time(original)          0.125
     Clock Rise Edge                 0.000
     + Clock Network Latency (Ideal) 0.000
     = Beginpoint Arrival Time       0.000
      ----------------------------------------------------------------------------------
      Instance                          Arc          Cell      Retime  Arrival  Required  
                                                               Delay   Time     Time  
      ----------------------------------------------------------------------------------
      u_lum_ctrl/led_brightness_reg[2]  CK ^         -         -       0.000    -0.120  
      u_lum_ctrl/led_brightness_reg[2]  CK ^ -> Q v  DFFRHQX1  0.339   0.339    0.219  
      led_brightness_r_reg[2]           -            DFFRHQX1  0.000   0.339    0.219  
      ----------------------------------------------------------------------------------
Path 16: MET Hold Check with Pin dehumidifier_on_r_reg/CK 
Endpoint:   dehumidifier_on_r_reg/D          (v) checked with  leading edge of 'clk'
Beginpoint: u_humidity/dehumidifier_on_reg/Q (v) triggered by  leading edge of 'clk'
Path Groups: {clk}
Retime Analysis { Data Path-Slew }
Other End Arrival Time          0.000
+ Hold                          0.119
+ Phase Shift                   0.000
+ Uncertainty                   0.100
= Required Time                 0.219
  Arrival Time                  0.339
  Slack Time                    0.120
= Slack Time(original)          0.125
     Clock Rise Edge                 0.000
     + Clock Network Latency (Ideal) 0.000
     = Beginpoint Arrival Time       0.000
      --------------------------------------------------------------------------------
      Instance                        Arc          Cell      Retime  Arrival  Required  
                                                             Delay   Time     Time  
      --------------------------------------------------------------------------------
      u_humidity/dehumidifier_on_reg  CK ^         -         -       0.000    -0.120  
      u_humidity/dehumidifier_on_reg  CK ^ -> Q v  DFFRHQX1  0.339   0.339    0.219  
      dehumidifier_on_r_reg           -            DFFRHQX1  0.000   0.339    0.219  
      --------------------------------------------------------------------------------
Path 17: MET Hold Check with Pin music_on_r_reg/CK 
Endpoint:   music_on_r_reg/D               (v) checked with  leading edge of 'clk'
Beginpoint: u_entertainment/music_on_reg/Q (v) triggered by  leading edge of 'clk'
Path Groups: {clk}
Retime Analysis { Data Path-Slew }
Other End Arrival Time          0.000
+ Hold                          0.119
+ Phase Shift                   0.000
+ Uncertainty                   0.100
= Required Time                 0.219
  Arrival Time                  0.339
  Slack Time                    0.120
= Slack Time(original)          0.125
     Clock Rise Edge                 0.000
     + Clock Network Latency (Ideal) 0.000
     = Beginpoint Arrival Time       0.000
      ------------------------------------------------------------------------------
      Instance                      Arc          Cell      Retime  Arrival  Required  
                                                           Delay   Time     Time  
      ------------------------------------------------------------------------------
      u_entertainment/music_on_reg  CK ^         -         -       0.000    -0.120  
      u_entertainment/music_on_reg  CK ^ -> Q v  DFFRHQX1  0.339   0.339    0.219  
      music_on_r_reg                -            DFFRHQX1  0.000   0.339    0.219  
      ------------------------------------------------------------------------------
Path 18: MET Hold Check with Pin tv_on_r_reg/CK 
Endpoint:   tv_on_r_reg/D               (v) checked with  leading edge of 'clk'
Beginpoint: u_entertainment/tv_on_reg/Q (v) triggered by  leading edge of 'clk'
Path Groups: {clk}
Retime Analysis { Data Path-Slew }
Other End Arrival Time          0.000
+ Hold                          0.119
+ Phase Shift                   0.000
+ Uncertainty                   0.100
= Required Time                 0.219
  Arrival Time                  0.339
  Slack Time                    0.120
= Slack Time(original)          0.125
     Clock Rise Edge                 0.000
     + Clock Network Latency (Ideal) 0.000
     = Beginpoint Arrival Time       0.000
      ---------------------------------------------------------------------------
      Instance                   Arc          Cell      Retime  Arrival  Required  
                                                        Delay   Time     Time  
      ---------------------------------------------------------------------------
      u_entertainment/tv_on_reg  CK ^         -         -       0.000    -0.120  
      u_entertainment/tv_on_reg  CK ^ -> Q v  DFFRHQX1  0.339   0.339    0.219  
      tv_on_r_reg                -            DFFRHQX1  0.000   0.339    0.219  
      ---------------------------------------------------------------------------
Path 19: MET Hold Check with Pin water_valve_close_r_reg/CK 
Endpoint:   water_valve_close_r_reg/D      (v) checked with  leading edge of 'clk'
Beginpoint: u_water_ctrl/valve_close_reg/Q (v) triggered by  leading edge of 'clk'
Path Groups: {clk}
Retime Analysis { Data Path-Slew }
Other End Arrival Time          0.000
+ Hold                          0.119
+ Phase Shift                   0.000
+ Uncertainty                   0.100
= Required Time                 0.219
  Arrival Time                  0.339
  Slack Time                    0.120
= Slack Time(original)          0.125
     Clock Rise Edge                 0.000
     + Clock Network Latency (Ideal) 0.000
     = Beginpoint Arrival Time       0.000
      ------------------------------------------------------------------------------
      Instance                      Arc          Cell      Retime  Arrival  Required  
                                                           Delay   Time     Time  
      ------------------------------------------------------------------------------
      u_water_ctrl/valve_close_reg  CK ^         -         -       0.000    -0.120  
      u_water_ctrl/valve_close_reg  CK ^ -> Q v  DFFRHQX1  0.339   0.339    0.219  
      water_valve_close_r_reg       -            DFFRHQX1  0.000   0.339    0.219  
      ------------------------------------------------------------------------------
Path 20: MET Hold Check with Pin u_entertainment/music_on_reg/CK 
Endpoint:   u_entertainment/music_on_reg/D (v) checked with  leading edge of 'clk'
Beginpoint: music_on_cmd_r_reg/Q           (v) triggered by  leading edge of 'clk'
Path Groups: {clk}
Retime Analysis { Data Path-Slew }
Other End Arrival Time          0.000
+ Hold                          0.119
+ Phase Shift                   0.000
+ Uncertainty                   0.100
= Required Time                 0.219
  Arrival Time                  0.339
  Slack Time                    0.120
= Slack Time(original)          0.125
     Clock Rise Edge                 0.000
     + Clock Network Latency (Ideal) 0.000
     = Beginpoint Arrival Time       0.000
      ------------------------------------------------------------------------------
      Instance                      Arc          Cell      Retime  Arrival  Required  
                                                           Delay   Time     Time  
      ------------------------------------------------------------------------------
      music_on_cmd_r_reg            CK ^         -         -       0.000    -0.120  
      music_on_cmd_r_reg            CK ^ -> Q v  DFFRHQX1  0.339   0.339    0.219  
      u_entertainment/music_on_reg  -            DFFRHQX1  0.000   0.339    0.219  
      ------------------------------------------------------------------------------
Path 21: MET Hold Check with Pin u_entertainment/tv_on_reg/CK 
Endpoint:   u_entertainment/tv_on_reg/D (v) checked with  leading edge of 'clk'
Beginpoint: tv_on_cmd_r_reg/Q           (v) triggered by  leading edge of 'clk'
Path Groups: {clk}
Retime Analysis { Data Path-Slew }
Other End Arrival Time          0.000
+ Hold                          0.119
+ Phase Shift                   0.000
+ Uncertainty                   0.100
= Required Time                 0.219
  Arrival Time                  0.339
  Slack Time                    0.120
= Slack Time(original)          0.125
     Clock Rise Edge                 0.000
     + Clock Network Latency (Ideal) 0.000
     = Beginpoint Arrival Time       0.000
      ---------------------------------------------------------------------------
      Instance                   Arc          Cell      Retime  Arrival  Required  
                                                        Delay   Time     Time  
      ---------------------------------------------------------------------------
      tv_on_cmd_r_reg            CK ^         -         -       0.000    -0.120  
      tv_on_cmd_r_reg            CK ^ -> Q v  DFFRHQX1  0.339   0.339    0.219  
      u_entertainment/tv_on_reg  -            DFFRHQX1  0.000   0.339    0.219  
      ---------------------------------------------------------------------------
Path 22: MET Hold Check with Pin u_appliances/lights_on_reg/CK 
Endpoint:   u_appliances/lights_on_reg/D (v) checked with  leading edge of 'clk'
Beginpoint: light_cmd_r_reg/Q            (v) triggered by  leading edge of 'clk'
Path Groups: {clk}
Retime Analysis { Data Path-Slew }
Other End Arrival Time          0.000
+ Hold                          0.119
+ Phase Shift                   0.000
+ Uncertainty                   0.100
= Required Time                 0.219
  Arrival Time                  0.339
  Slack Time                    0.120
= Slack Time(original)          0.125
     Clock Rise Edge                 0.000
     + Clock Network Latency (Ideal) 0.000
     = Beginpoint Arrival Time       0.000
      ----------------------------------------------------------------------------
      Instance                    Arc          Cell      Retime  Arrival  Required  
                                                         Delay   Time     Time  
      ----------------------------------------------------------------------------
      light_cmd_r_reg             CK ^         -         -       0.000    -0.120  
      light_cmd_r_reg             CK ^ -> Q v  DFFRHQX1  0.339   0.339    0.219  
      u_appliances/lights_on_reg  -            DFFRHQX1  0.000   0.339    0.219  
      ----------------------------------------------------------------------------
Path 23: MET Hold Check with Pin u_appliances/fan_on_reg/CK 
Endpoint:   u_appliances/fan_on_reg/D (v) checked with  leading edge of 'clk'
Beginpoint: fan_cmd_r_reg/Q           (v) triggered by  leading edge of 'clk'
Path Groups: {clk}
Retime Analysis { Data Path-Slew }
Other End Arrival Time          0.000
+ Hold                          0.119
+ Phase Shift                   0.000
+ Uncertainty                   0.100
= Required Time                 0.219
  Arrival Time                  0.339
  Slack Time                    0.120
= Slack Time(original)          0.125
     Clock Rise Edge                 0.000
     + Clock Network Latency (Ideal) 0.000
     = Beginpoint Arrival Time       0.000
      -------------------------------------------------------------------------
      Instance                 Arc          Cell      Retime  Arrival  Required  
                                                      Delay   Time     Time  
      -------------------------------------------------------------------------
      fan_cmd_r_reg            CK ^         -         -       0.000    -0.120  
      fan_cmd_r_reg            CK ^ -> Q v  DFFRHQX1  0.339   0.339    0.219  
      u_appliances/fan_on_reg  -            DFFRHQX1  0.000   0.339    0.219  
      -------------------------------------------------------------------------
Path 24: MET Hold Check with Pin u_appliances/ac_on_reg/CK 
Endpoint:   u_appliances/ac_on_reg/D (v) checked with  leading edge of 'clk'
Beginpoint: ac_cmd_r_reg/Q           (v) triggered by  leading edge of 'clk'
Path Groups: {clk}
Retime Analysis { Data Path-Slew }
Other End Arrival Time          0.000
+ Hold                          0.119
+ Phase Shift                   0.000
+ Uncertainty                   0.100
= Required Time                 0.219
  Arrival Time                  0.339
  Slack Time                    0.120
= Slack Time(original)          0.125
     Clock Rise Edge                 0.000
     + Clock Network Latency (Ideal) 0.000
     = Beginpoint Arrival Time       0.000
      ------------------------------------------------------------------------
      Instance                Arc          Cell      Retime  Arrival  Required  
                                                     Delay   Time     Time  
      ------------------------------------------------------------------------
      ac_cmd_r_reg            CK ^         -         -       0.000    -0.120  
      ac_cmd_r_reg            CK ^ -> Q v  DFFRHQX1  0.339   0.339    0.219  
      u_appliances/ac_on_reg  -            DFFRHQX1  0.000   0.339    0.219  
      ------------------------------------------------------------------------
Path 25: MET Hold Check with Pin cooler_on_r_reg/CK 
Endpoint:   cooler_on_r_reg/D           (v) checked with  leading edge of 'clk'
Beginpoint: u_temp_ctrl/cooler_on_reg/Q (v) triggered by  leading edge of 'clk'
Path Groups: {clk}
Retime Analysis { Data Path-Slew }
Other End Arrival Time          0.000
+ Hold                          0.112
+ Phase Shift                   0.000
+ Uncertainty                   0.100
= Required Time                 0.212
  Arrival Time                  0.338
  Slack Time                    0.126
= Slack Time(original)          0.133
     Clock Rise Edge                 0.000
     + Clock Network Latency (Ideal) 0.000
     = Beginpoint Arrival Time       0.000
      ----------------------------------------------------------------------------
      Instance                   Arc          Cell       Retime  Arrival  Required  
                                                         Delay   Time     Time  
      ----------------------------------------------------------------------------
      u_temp_ctrl/cooler_on_reg  CK ^         -          -       0.000    -0.126  
      u_temp_ctrl/cooler_on_reg  CK ^ -> Q v  SDFFRHQX1  0.338   0.338    0.212  
      cooler_on_r_reg            -            DFFRHQX1   0.000   0.338    0.212  
      ----------------------------------------------------------------------------
Path 26: MET Hold Check with Pin heater_on_r_reg/CK 
Endpoint:   heater_on_r_reg/D           (v) checked with  leading edge of 'clk'
Beginpoint: u_temp_ctrl/heater_on_reg/Q (v) triggered by  leading edge of 'clk'
Path Groups: {clk}
Retime Analysis { Data Path-Slew }
Other End Arrival Time          0.000
+ Hold                          0.112
+ Phase Shift                   0.000
+ Uncertainty                   0.100
= Required Time                 0.212
  Arrival Time                  0.350
  Slack Time                    0.138
= Slack Time(original)          0.144
     Clock Rise Edge                 0.000
     + Clock Network Latency (Ideal) 0.000
     = Beginpoint Arrival Time       0.000
      ---------------------------------------------------------------------------
      Instance                   Arc          Cell      Retime  Arrival  Required  
                                                        Delay   Time     Time  
      ---------------------------------------------------------------------------
      u_temp_ctrl/heater_on_reg  CK ^         -         -       0.000    -0.138  
      u_temp_ctrl/heater_on_reg  CK ^ -> Q v  DFFRHQX1  0.350   0.350    0.212  
      heater_on_r_reg            -            DFFRHQX1  0.000   0.350    0.212  
      ---------------------------------------------------------------------------
Path 27: MET Hold Check with Pin burglar_alarm_out_r_reg/CK 
Endpoint:   burglar_alarm_out_r_reg/D (v) checked with  leading edge of 'clk'
Beginpoint: u_burglar/alarm_out_reg/Q (v) triggered by  leading edge of 'clk'
Path Groups: {clk}
Retime Analysis { Data Path-Slew }
Other End Arrival Time          0.000
+ Hold                          0.112
+ Phase Shift                   0.000
+ Uncertainty                   0.100
= Required Time                 0.212
  Arrival Time                  0.350
  Slack Time                    0.138
= Slack Time(original)          0.144
     Clock Rise Edge                 0.000
     + Clock Network Latency (Ideal) 0.000
     = Beginpoint Arrival Time       0.000
      -------------------------------------------------------------------------
      Instance                 Arc          Cell      Retime  Arrival  Required  
                                                      Delay   Time     Time  
      -------------------------------------------------------------------------
      u_burglar/alarm_out_reg  CK ^         -         -       0.000    -0.138  
      u_burglar/alarm_out_reg  CK ^ -> Q v  DFFRHQX1  0.350   0.350    0.212  
      burglar_alarm_out_r_reg  -            DFFRHQX1  0.000   0.350    0.212  
      -------------------------------------------------------------------------
Path 28: MET Hold Check with Pin window_state_r_reg[0]/CK 
Endpoint:   window_state_r_reg[0]/D        (v) checked with  leading edge of 'clk'
Beginpoint: u_window/window_state_reg[0]/Q (v) triggered by  leading edge of 'clk'
Path Groups: {clk}
Retime Analysis { Data Path-Slew }
Other End Arrival Time          0.000
+ Hold                          0.112
+ Phase Shift                   0.000
+ Uncertainty                   0.100
= Required Time                 0.212
  Arrival Time                  0.350
  Slack Time                    0.138
= Slack Time(original)          0.145
     Clock Rise Edge                 0.000
     + Clock Network Latency (Ideal) 0.000
     = Beginpoint Arrival Time       0.000
      ------------------------------------------------------------------------------
      Instance                      Arc          Cell      Retime  Arrival  Required  
                                                           Delay   Time     Time  
      ------------------------------------------------------------------------------
      u_window/window_state_reg[0]  CK ^         -         -       0.000    -0.138  
      u_window/window_state_reg[0]  CK ^ -> Q v  DFFRHQX1  0.350   0.350    0.212  
      window_state_r_reg[0]         -            DFFRHQX1  0.000   0.350    0.212  
      ------------------------------------------------------------------------------
Path 29: MET Hold Check with Pin volume_level_r_reg[1]/CK 
Endpoint:   volume_level_r_reg[1]/D               (v) checked with  leading edge of 'clk'
Beginpoint: u_entertainment/volume_level_reg[1]/Q (v) triggered by  leading edge of 'clk'
Path Groups: {clk}
Retime Analysis { Data Path-Slew }
Other End Arrival Time          0.000
+ Hold                          0.103
+ Phase Shift                   0.000
+ Uncertainty                   0.100
= Required Time                 0.203
  Arrival Time                  0.344
  Slack Time                    0.141
= Slack Time(original)          0.150
     Clock Rise Edge                 0.000
     + Clock Network Latency (Ideal) 0.000
     = Beginpoint Arrival Time       0.000
      --------------------------------------------------------------------------------------
      Instance                             Arc          Cell       Retime  Arrival  Required  
                                                                   Delay   Time     Time  
      --------------------------------------------------------------------------------------
      u_entertainment/volume_level_reg[1]  CK ^         -          -       0.000    -0.141  
      u_entertainment/volume_level_reg[1]  CK ^ -> Q v  SDFFRHQX1  0.344   0.344    0.203  
      volume_level_r_reg[1]                -            DFFRHQX1   0.000   0.344    0.203  
      --------------------------------------------------------------------------------------
Path 30: MET Hold Check with Pin volume_level_r_reg[3]/CK 
Endpoint:   volume_level_r_reg[3]/D               (v) checked with  leading edge of 'clk'
Beginpoint: u_entertainment/volume_level_reg[3]/Q (v) triggered by  leading edge of 'clk'
Path Groups: {clk}
Retime Analysis { Data Path-Slew }
Other End Arrival Time          0.000
+ Hold                          0.103
+ Phase Shift                   0.000
+ Uncertainty                   0.100
= Required Time                 0.203
  Arrival Time                  0.344
  Slack Time                    0.141
= Slack Time(original)          0.150
     Clock Rise Edge                 0.000
     + Clock Network Latency (Ideal) 0.000
     = Beginpoint Arrival Time       0.000
      --------------------------------------------------------------------------------------
      Instance                             Arc          Cell       Retime  Arrival  Required  
                                                                   Delay   Time     Time  
      --------------------------------------------------------------------------------------
      u_entertainment/volume_level_reg[3]  CK ^         -          -       0.000    -0.141  
      u_entertainment/volume_level_reg[3]  CK ^ -> Q v  SDFFRHQX1  0.344   0.344    0.203  
      volume_level_r_reg[3]                -            DFFRHQX1   0.000   0.344    0.203  
      --------------------------------------------------------------------------------------

