###############################################################
#  Generated by:      Cadence Tempus 20.10-p003_1
#  OS:                Linux x86_64(Host ID edatools-server2.iiitd.edu.in)
#  Generated on:      Mon Oct 27 17:53:57 2025
#  Design:            HA
#  Command:           report_timing -max_paths 30 -nworst 30 -retime path_slew_propagation > $report_dir/pba_setup.rpt
###############################################################
Path 1: MET Setup Check with Pin u_visitor/count_reg[6]/CK 
Endpoint:   u_visitor/count_reg[6]/D (^) checked with  leading edge of 'clk'
Beginpoint: u_visitor/count_reg[0]/Q (^) triggered by  leading edge of 'clk'
Path Groups: {clk}
Retime Analysis { Data Path-Slew }
Other End Arrival Time          0.000
- Setup                         0.176
+ Phase Shift                   5.000
- Uncertainty                   0.100
= Required Time                 4.724
- Arrival Time                  2.276
= Slack Time                    2.447
= Slack Time(original)          2.379
     Clock Rise Edge                 0.000
     + Clock Network Latency (Ideal) 0.000
     = Beginpoint Arrival Time       0.000
      -------------------------------------------------------------------------
      Instance                Arc          Cell       Retime  Arrival  Required  
                                                      Delay   Time     Time  
      -------------------------------------------------------------------------
      u_visitor/count_reg[0]  CK ^         -          -       0.000    2.447  
      u_visitor/count_reg[0]  CK ^ -> Q ^  SDFFRHQX1  0.378   0.378    2.825  
      u_visitor/g847          -            NAND2XL    0.000   0.378    2.825  
      u_visitor/g847          A ^ -> Y v   NAND2XL    0.177   0.555    3.002  
      u_visitor/g864          -            NOR2BX1    0.000   0.555    3.002  
      u_visitor/g864          B v -> Y ^   NOR2BX1    0.140   0.694    3.142  
      u_visitor/g839          -            NAND2XL    0.000   0.694    3.142  
      u_visitor/g839          B ^ -> Y v   NAND2XL    0.155   0.849    3.296  
      u_visitor/g2            -            NOR2BX1    0.000   0.849    3.296  
      u_visitor/g2            B v -> Y ^   NOR2BX1    0.131   0.980    3.427  
      u_visitor/g833          -            NAND2XL    0.000   0.980    3.427  
      u_visitor/g833          B ^ -> Y v   NAND2XL    0.135   1.115    3.562  
      u_visitor/g829          -            NOR2XL     0.000   1.115    3.562  
      u_visitor/g829          B v -> Y ^   NOR2XL     0.158   1.273    3.721  
      u_visitor/g827          -            AOI211X1   0.000   1.273    3.721  
      u_visitor/g827          A1 ^ -> Y v  AOI211X1   0.314   1.587    4.035  
      u_visitor/g826          -            INVX1      0.000   1.587    4.035  
      u_visitor/g826          A v -> Y ^   INVX1      0.125   1.712    4.159  
      u_visitor/g825          -            NAND2XL    0.000   1.712    4.159  
      u_visitor/g825          B ^ -> Y v   NAND2XL    0.284   1.996    4.443  
      u_visitor/g817          -            OAI211XL   0.000   1.996    4.443  
      u_visitor/g817          C0 v -> Y ^  OAI211XL   0.115   2.111    4.558  
      u_visitor/g804          -            AOI222XL   0.000   2.111    4.558  
      u_visitor/g804          C0 ^ -> Y v  AOI222XL   0.101   2.213    4.660  
      u_visitor/g801          -            INVXL      0.000   2.213    4.660  
      u_visitor/g801          A v -> Y ^   INVXL      0.064   2.276    4.724  
      u_visitor/count_reg[6]  -            DFFRX1     0.000   2.276    4.724  
      -------------------------------------------------------------------------
Path 2: MET Setup Check with Pin u_visitor/count_reg[6]/CK 
Endpoint:   u_visitor/count_reg[6]/D (^) checked with  leading edge of 'clk'
Beginpoint: u_visitor/count_reg[1]/Q (^) triggered by  leading edge of 'clk'
Path Groups: {clk}
Retime Analysis { Data Path-Slew }
Other End Arrival Time          0.000
- Setup                         0.176
+ Phase Shift                   5.000
- Uncertainty                   0.100
= Required Time                 4.724
- Arrival Time                  2.267
= Slack Time                    2.457
= Slack Time(original)          2.388
     Clock Rise Edge                 0.000
     + Clock Network Latency (Ideal) 0.000
     = Beginpoint Arrival Time       0.000
      ------------------------------------------------------------------------
      Instance                Arc          Cell      Retime  Arrival  Required  
                                                     Delay   Time     Time  
      ------------------------------------------------------------------------
      u_visitor/count_reg[1]  CK ^         -         -       0.000    2.457  
      u_visitor/count_reg[1]  CK ^ -> Q ^  DFFRHQX1  0.372   0.372    2.829  
      u_visitor/g847          -            NAND2XL   0.000   0.372    2.829  
      u_visitor/g847          B ^ -> Y v   NAND2XL   0.174   0.546    3.003  
      u_visitor/g864          -            NOR2BX1   0.000   0.546    3.003  
      u_visitor/g864          B v -> Y ^   NOR2BX1   0.139   0.685    3.142  
      u_visitor/g839          -            NAND2XL   0.000   0.685    3.142  
      u_visitor/g839          B ^ -> Y v   NAND2XL   0.154   0.839    3.296  
      u_visitor/g2            -            NOR2BX1   0.000   0.839    3.296  
      u_visitor/g2            B v -> Y ^   NOR2BX1   0.131   0.970    3.427  
      u_visitor/g833          -            NAND2XL   0.000   0.970    3.427  
      u_visitor/g833          B ^ -> Y v   NAND2XL   0.135   1.105    3.562  
      u_visitor/g829          -            NOR2XL    0.000   1.105    3.562  
      u_visitor/g829          B v -> Y ^   NOR2XL    0.158   1.264    3.721  
      u_visitor/g827          -            AOI211X1  0.000   1.264    3.721  
      u_visitor/g827          A1 ^ -> Y v  AOI211X1  0.314   1.578    4.035  
      u_visitor/g826          -            INVX1     0.000   1.578    4.035  
      u_visitor/g826          A v -> Y ^   INVX1     0.125   1.702    4.159  
      u_visitor/g825          -            NAND2XL   0.000   1.702    4.159  
      u_visitor/g825          B ^ -> Y v   NAND2XL   0.284   1.986    4.443  
      u_visitor/g817          -            OAI211XL  0.000   1.986    4.443  
      u_visitor/g817          C0 v -> Y ^  OAI211XL  0.115   2.101    4.558  
      u_visitor/g804          -            AOI222XL  0.000   2.101    4.558  
      u_visitor/g804          C0 ^ -> Y v  AOI222XL  0.101   2.203    4.660  
      u_visitor/g801          -            INVXL     0.000   2.203    4.660  
      u_visitor/g801          A v -> Y ^   INVXL     0.064   2.267    4.724  
      u_visitor/count_reg[6]  -            DFFRX1    0.000   2.267    4.724  
      ------------------------------------------------------------------------
Path 3: MET Setup Check with Pin u_visitor/count_reg[5]/CK 
Endpoint:   u_visitor/count_reg[5]/D (^) checked with  leading edge of 'clk'
Beginpoint: u_visitor/count_reg[0]/Q (^) triggered by  leading edge of 'clk'
Path Groups: {clk}
Retime Analysis { Data Path-Slew }
Other End Arrival Time          0.000
- Setup                         0.181
+ Phase Shift                   5.000
- Uncertainty                   0.100
= Required Time                 4.719
- Arrival Time                  2.269
= Slack Time                    2.450
= Slack Time(original)          2.415
     Clock Rise Edge                 0.000
     + Clock Network Latency (Ideal) 0.000
     = Beginpoint Arrival Time       0.000
      --------------------------------------------------------------------------
      Instance                Arc           Cell       Retime  Arrival  Required  
                                                       Delay   Time     Time  
      --------------------------------------------------------------------------
      u_visitor/count_reg[0]  CK ^          -          -       0.000    2.450  
      u_visitor/count_reg[0]  CK ^ -> Q ^   SDFFRHQX1  0.378   0.378    2.828  
      u_visitor/g847          -             NAND2XL    0.000   0.378    2.828  
      u_visitor/g847          A ^ -> Y v    NAND2XL    0.177   0.555    3.005  
      u_visitor/g864          -             NOR2BX1    0.000   0.555    3.005  
      u_visitor/g864          B v -> Y ^    NOR2BX1    0.140   0.694    3.145  
      u_visitor/g839          -             NAND2XL    0.000   0.694    3.145  
      u_visitor/g839          B ^ -> Y v    NAND2XL    0.155   0.849    3.299  
      u_visitor/g2            -             NOR2BX1    0.000   0.849    3.299  
      u_visitor/g2            B v -> Y ^    NOR2BX1    0.131   0.979    3.430  
      u_visitor/g833          -             NAND2XL    0.000   0.979    3.430  
      u_visitor/g833          B ^ -> Y v    NAND2XL    0.135   1.115    3.565  
      u_visitor/g829          -             NOR2XL     0.000   1.115    3.565  
      u_visitor/g829          B v -> Y ^    NOR2XL     0.158   1.273    3.724  
      u_visitor/g827          -             AOI211X1   0.000   1.273    3.724  
      u_visitor/g827          A1 ^ -> Y v   AOI211X1   0.314   1.587    4.038  
      u_visitor/g826          -             INVX1      0.000   1.587    4.038  
      u_visitor/g826          A v -> Y ^    INVX1      0.125   1.712    4.162  
      u_visitor/g825          -             NAND2XL    0.000   1.712    4.162  
      u_visitor/g825          B ^ -> Y v    NAND2XL    0.284   1.996    4.446  
      u_visitor/g814          -             OAI221XL   0.000   1.996    4.446  
      u_visitor/g814          C0 v -> Y ^   OAI221XL   0.128   2.124    4.574  
      u_visitor/g803          -             OAI2BB1XL  0.000   2.124    4.574  
      u_visitor/g803          A1N ^ -> Y ^  OAI2BB1XL  0.145   2.269    4.719  
      u_visitor/count_reg[5]  -             DFFRX1     0.000   2.269    4.719  
      --------------------------------------------------------------------------
Path 4: MET Setup Check with Pin u_visitor/count_reg[3]/CK 
Endpoint:   u_visitor/count_reg[3]/D (^) checked with  leading edge of 'clk'
Beginpoint: u_visitor/count_reg[0]/Q (^) triggered by  leading edge of 'clk'
Path Groups: {clk}
Retime Analysis { Data Path-Slew }
Other End Arrival Time          0.000
- Setup                         0.181
+ Phase Shift                   5.000
- Uncertainty                   0.100
= Required Time                 4.719
- Arrival Time                  2.269
= Slack Time                    2.450
= Slack Time(original)          2.415
     Clock Rise Edge                 0.000
     + Clock Network Latency (Ideal) 0.000
     = Beginpoint Arrival Time       0.000
      --------------------------------------------------------------------------
      Instance                Arc           Cell       Retime  Arrival  Required  
                                                       Delay   Time     Time  
      --------------------------------------------------------------------------
      u_visitor/count_reg[0]  CK ^          -          -       0.000    2.450  
      u_visitor/count_reg[0]  CK ^ -> Q ^   SDFFRHQX1  0.378   0.378    2.828  
      u_visitor/g847          -             NAND2XL    0.000   0.378    2.828  
      u_visitor/g847          A ^ -> Y v    NAND2XL    0.177   0.555    3.005  
      u_visitor/g864          -             NOR2BX1    0.000   0.555    3.005  
      u_visitor/g864          B v -> Y ^    NOR2BX1    0.140   0.694    3.145  
      u_visitor/g839          -             NAND2XL    0.000   0.694    3.145  
      u_visitor/g839          B ^ -> Y v    NAND2XL    0.155   0.849    3.299  
      u_visitor/g2            -             NOR2BX1    0.000   0.849    3.299  
      u_visitor/g2            B v -> Y ^    NOR2BX1    0.131   0.979    3.430  
      u_visitor/g833          -             NAND2XL    0.000   0.979    3.430  
      u_visitor/g833          B ^ -> Y v    NAND2XL    0.135   1.115    3.565  
      u_visitor/g829          -             NOR2XL     0.000   1.115    3.565  
      u_visitor/g829          B v -> Y ^    NOR2XL     0.158   1.273    3.724  
      u_visitor/g827          -             AOI211X1   0.000   1.273    3.724  
      u_visitor/g827          A1 ^ -> Y v   AOI211X1   0.314   1.587    4.038  
      u_visitor/g826          -             INVX1      0.000   1.587    4.038  
      u_visitor/g826          A v -> Y ^    INVX1      0.125   1.712    4.162  
      u_visitor/g825          -             NAND2XL    0.000   1.712    4.162  
      u_visitor/g825          B ^ -> Y v    NAND2XL    0.284   1.996    4.446  
      u_visitor/g816          -             OAI221XL   0.000   1.996    4.446  
      u_visitor/g816          C0 v -> Y ^   OAI221XL   0.128   2.124    4.574  
      u_visitor/g806          -             OAI2BB1XL  0.000   2.124    4.574  
      u_visitor/g806          A1N ^ -> Y ^  OAI2BB1XL  0.145   2.269    4.719  
      u_visitor/count_reg[3]  -             DFFRX1     0.000   2.269    4.719  
      --------------------------------------------------------------------------
Path 5: MET Setup Check with Pin u_visitor/count_reg[5]/CK 
Endpoint:   u_visitor/count_reg[5]/D (^) checked with  leading edge of 'clk'
Beginpoint: u_visitor/count_reg[1]/Q (^) triggered by  leading edge of 'clk'
Path Groups: {clk}
Retime Analysis { Data Path-Slew }
Other End Arrival Time          0.000
- Setup                         0.181
+ Phase Shift                   5.000
- Uncertainty                   0.100
= Required Time                 4.719
- Arrival Time                  2.259
= Slack Time                    2.460
= Slack Time(original)          2.424
     Clock Rise Edge                 0.000
     + Clock Network Latency (Ideal) 0.000
     = Beginpoint Arrival Time       0.000
      --------------------------------------------------------------------------
      Instance                Arc           Cell       Retime  Arrival  Required  
                                                       Delay   Time     Time  
      --------------------------------------------------------------------------
      u_visitor/count_reg[1]  CK ^          -          -       0.000    2.460  
      u_visitor/count_reg[1]  CK ^ -> Q ^   DFFRHQX1   0.372   0.372    2.832  
      u_visitor/g847          -             NAND2XL    0.000   0.372    2.832  
      u_visitor/g847          B ^ -> Y v    NAND2XL    0.174   0.545    3.005  
      u_visitor/g864          -             NOR2BX1    0.000   0.545    3.005  
      u_visitor/g864          B v -> Y ^    NOR2BX1    0.139   0.685    3.145  
      u_visitor/g839          -             NAND2XL    0.000   0.685    3.145  
      u_visitor/g839          B ^ -> Y v    NAND2XL    0.154   0.839    3.299  
      u_visitor/g2            -             NOR2BX1    0.000   0.839    3.299  
      u_visitor/g2            B v -> Y ^    NOR2BX1    0.131   0.970    3.430  
      u_visitor/g833          -             NAND2XL    0.000   0.970    3.430  
      u_visitor/g833          B ^ -> Y v    NAND2XL    0.135   1.105    3.565  
      u_visitor/g829          -             NOR2XL     0.000   1.105    3.565  
      u_visitor/g829          B v -> Y ^    NOR2XL     0.158   1.264    3.724  
      u_visitor/g827          -             AOI211X1   0.000   1.264    3.724  
      u_visitor/g827          A1 ^ -> Y v   AOI211X1   0.314   1.578    4.038  
      u_visitor/g826          -             INVX1      0.000   1.578    4.038  
      u_visitor/g826          A v -> Y ^    INVX1      0.125   1.702    4.162  
      u_visitor/g825          -             NAND2XL    0.000   1.702    4.162  
      u_visitor/g825          B ^ -> Y v    NAND2XL    0.284   1.986    4.446  
      u_visitor/g814          -             OAI221XL   0.000   1.986    4.446  
      u_visitor/g814          C0 v -> Y ^   OAI221XL   0.128   2.114    4.574  
      u_visitor/g803          -             OAI2BB1XL  0.000   2.114    4.574  
      u_visitor/g803          A1N ^ -> Y ^  OAI2BB1XL  0.145   2.259    4.719  
      u_visitor/count_reg[5]  -             DFFRX1     0.000   2.259    4.719  
      --------------------------------------------------------------------------
Path 6: MET Setup Check with Pin u_visitor/count_reg[3]/CK 
Endpoint:   u_visitor/count_reg[3]/D (^) checked with  leading edge of 'clk'
Beginpoint: u_visitor/count_reg[1]/Q (^) triggered by  leading edge of 'clk'
Path Groups: {clk}
Retime Analysis { Data Path-Slew }
Other End Arrival Time          0.000
- Setup                         0.181
+ Phase Shift                   5.000
- Uncertainty                   0.100
= Required Time                 4.719
- Arrival Time                  2.259
= Slack Time                    2.460
= Slack Time(original)          2.424
     Clock Rise Edge                 0.000
     + Clock Network Latency (Ideal) 0.000
     = Beginpoint Arrival Time       0.000
      --------------------------------------------------------------------------
      Instance                Arc           Cell       Retime  Arrival  Required  
                                                       Delay   Time     Time  
      --------------------------------------------------------------------------
      u_visitor/count_reg[1]  CK ^          -          -       0.000    2.460  
      u_visitor/count_reg[1]  CK ^ -> Q ^   DFFRHQX1   0.372   0.372    2.832  
      u_visitor/g847          -             NAND2XL    0.000   0.372    2.832  
      u_visitor/g847          B ^ -> Y v    NAND2XL    0.174   0.545    3.005  
      u_visitor/g864          -             NOR2BX1    0.000   0.545    3.005  
      u_visitor/g864          B v -> Y ^    NOR2BX1    0.139   0.685    3.145  
      u_visitor/g839          -             NAND2XL    0.000   0.685    3.145  
      u_visitor/g839          B ^ -> Y v    NAND2XL    0.154   0.839    3.299  
      u_visitor/g2            -             NOR2BX1    0.000   0.839    3.299  
      u_visitor/g2            B v -> Y ^    NOR2BX1    0.131   0.970    3.430  
      u_visitor/g833          -             NAND2XL    0.000   0.970    3.430  
      u_visitor/g833          B ^ -> Y v    NAND2XL    0.135   1.105    3.565  
      u_visitor/g829          -             NOR2XL     0.000   1.105    3.565  
      u_visitor/g829          B v -> Y ^    NOR2XL     0.158   1.264    3.724  
      u_visitor/g827          -             AOI211X1   0.000   1.264    3.724  
      u_visitor/g827          A1 ^ -> Y v   AOI211X1   0.314   1.578    4.038  
      u_visitor/g826          -             INVX1      0.000   1.578    4.038  
      u_visitor/g826          A v -> Y ^    INVX1      0.125   1.702    4.162  
      u_visitor/g825          -             NAND2XL    0.000   1.702    4.162  
      u_visitor/g825          B ^ -> Y v    NAND2XL    0.284   1.986    4.446  
      u_visitor/g816          -             OAI221XL   0.000   1.986    4.446  
      u_visitor/g816          C0 v -> Y ^   OAI221XL   0.128   2.114    4.574  
      u_visitor/g806          -             OAI2BB1XL  0.000   2.114    4.574  
      u_visitor/g806          A1N ^ -> Y ^  OAI2BB1XL  0.145   2.259    4.719  
      u_visitor/count_reg[3]  -             DFFRX1     0.000   2.259    4.719  
      --------------------------------------------------------------------------
Path 7: MET Setup Check with Pin u_visitor/count_reg[7]/CK 
Endpoint:   u_visitor/count_reg[7]/D (^) checked with  leading edge of 'clk'
Beginpoint: u_visitor/count_reg[0]/Q (^) triggered by  leading edge of 'clk'
Path Groups: {clk}
Retime Analysis { Data Path-Slew }
Other End Arrival Time          0.000
- Setup                         0.146
+ Phase Shift                   5.000
- Uncertainty                   0.100
= Required Time                 4.754
- Arrival Time                  2.305
= Slack Time                    2.449
= Slack Time(original)          2.425
     Clock Rise Edge                 0.000
     + Clock Network Latency (Ideal) 0.000
     = Beginpoint Arrival Time       0.000
      -------------------------------------------------------------------------
      Instance                Arc          Cell       Retime  Arrival  Required  
                                                      Delay   Time     Time  
      -------------------------------------------------------------------------
      u_visitor/count_reg[0]  CK ^         -          -       0.000    2.449  
      u_visitor/count_reg[0]  CK ^ -> Q ^  SDFFRHQX1  0.378   0.378    2.827  
      u_visitor/g847          -            NAND2XL    0.000   0.378    2.827  
      u_visitor/g847          A ^ -> Y v   NAND2XL    0.177   0.555    3.003  
      u_visitor/g864          -            NOR2BX1    0.000   0.555    3.003  
      u_visitor/g864          B v -> Y ^   NOR2BX1    0.140   0.694    3.143  
      u_visitor/g839          -            NAND2XL    0.000   0.694    3.143  
      u_visitor/g839          B ^ -> Y v   NAND2XL    0.155   0.849    3.298  
      u_visitor/g2            -            NOR2BX1    0.000   0.849    3.298  
      u_visitor/g2            B v -> Y ^   NOR2BX1    0.131   0.979    3.428  
      u_visitor/g833          -            NAND2XL    0.000   0.979    3.428  
      u_visitor/g833          B ^ -> Y v   NAND2XL    0.135   1.115    3.563  
      u_visitor/g829          -            NOR2XL     0.000   1.115    3.563  
      u_visitor/g829          B v -> Y ^   NOR2XL     0.158   1.273    3.722  
      u_visitor/g827          -            AOI211X1   0.000   1.273    3.722  
      u_visitor/g827          A1 ^ -> Y v  AOI211X1   0.314   1.587    4.036  
      u_visitor/g826          -            INVX1      0.000   1.587    4.036  
      u_visitor/g826          A v -> Y ^   INVX1      0.125   1.712    4.161  
      u_visitor/g825          -            NAND2XL    0.000   1.712    4.161  
      u_visitor/g825          B ^ -> Y v   NAND2XL    0.284   1.996    4.444  
      u_visitor/g822          -            CLKINVX1   0.000   1.996    4.444  
      u_visitor/g822          A v -> Y ^   CLKINVX1   0.145   2.141    4.589  
      u_visitor/g812          -            OAI31XL    0.000   2.141    4.589  
      u_visitor/g812          A2 ^ -> Y v  OAI31XL    0.093   2.234    4.682  
      u_visitor/g808          -            OAI2BB1XL  0.000   2.234    4.682  
      u_visitor/g808          B0 v -> Y ^  OAI2BB1XL  0.071   2.305    4.754  
      u_visitor/count_reg[7]  -            DFFRHQX1   0.000   2.305    4.754  
      -------------------------------------------------------------------------
Path 8: MET Setup Check with Pin u_visitor/count_reg[1]/CK 
Endpoint:   u_visitor/count_reg[1]/D (^) checked with  leading edge of 'clk'
Beginpoint: u_visitor/count_reg[0]/Q (^) triggered by  leading edge of 'clk'
Path Groups: {clk}
Retime Analysis { Data Path-Slew }
Other End Arrival Time          0.000
- Setup                         0.144
+ Phase Shift                   5.000
- Uncertainty                   0.100
= Required Time                 4.756
- Arrival Time                  2.319
= Slack Time                    2.437
= Slack Time(original)          2.425
     Clock Rise Edge                 0.000
     + Clock Network Latency (Ideal) 0.000
     = Beginpoint Arrival Time       0.000
      -------------------------------------------------------------------------
      Instance                Arc          Cell       Retime  Arrival  Required  
                                                      Delay   Time     Time  
      -------------------------------------------------------------------------
      u_visitor/count_reg[0]  CK ^         -          -       0.000    2.437  
      u_visitor/count_reg[0]  CK ^ -> Q ^  SDFFRHQX1  0.378   0.378    2.815  
      u_visitor/g847          -            NAND2XL    0.000   0.378    2.815  
      u_visitor/g847          A ^ -> Y v   NAND2XL    0.177   0.555    2.992  
      u_visitor/g864          -            NOR2BX1    0.000   0.555    2.992  
      u_visitor/g864          B v -> Y ^   NOR2BX1    0.140   0.694    3.132  
      u_visitor/g839          -            NAND2XL    0.000   0.694    3.132  
      u_visitor/g839          B ^ -> Y v   NAND2XL    0.155   0.849    3.286  
      u_visitor/g2            -            NOR2BX1    0.000   0.849    3.286  
      u_visitor/g2            B v -> Y ^   NOR2BX1    0.131   0.979    3.417  
      u_visitor/g833          -            NAND2XL    0.000   0.979    3.417  
      u_visitor/g833          B ^ -> Y v   NAND2XL    0.135   1.115    3.552  
      u_visitor/g829          -            NOR2XL     0.000   1.115    3.552  
      u_visitor/g829          B v -> Y ^   NOR2XL     0.158   1.273    3.711  
      u_visitor/g827          -            AOI211X1   0.000   1.273    3.711  
      u_visitor/g827          A1 ^ -> Y v  AOI211X1   0.314   1.587    4.025  
      u_visitor/g826          -            INVX1      0.000   1.587    4.025  
      u_visitor/g826          A v -> Y ^   INVX1      0.125   1.712    4.149  
      u_visitor/g825          -            NAND2XL    0.000   1.712    4.149  
      u_visitor/g825          B ^ -> Y v   NAND2XL    0.284   1.996    4.433  
      u_visitor/g822          -            CLKINVX1   0.000   1.996    4.433  
      u_visitor/g822          A v -> Y ^   CLKINVX1   0.145   2.141    4.578  
      u_visitor/g811          -            AOI22X1    0.000   2.141    4.578  
      u_visitor/g811          A1 ^ -> Y v  AOI22X1    0.114   2.254    4.692  
      u_visitor/g809          -            OAI21X1    0.000   2.254    4.692  
      u_visitor/g809          B0 v -> Y ^  OAI21X1    0.064   2.319    4.756  
      u_visitor/count_reg[1]  -            DFFRHQX1   0.000   2.319    4.756  
      -------------------------------------------------------------------------
Path 9: MET Setup Check with Pin u_visitor/count_reg[7]/CK 
Endpoint:   u_visitor/count_reg[7]/D (^) checked with  leading edge of 'clk'
Beginpoint: u_visitor/count_reg[1]/Q (^) triggered by  leading edge of 'clk'
Path Groups: {clk}
Retime Analysis { Data Path-Slew }
Other End Arrival Time          0.000
- Setup                         0.146
+ Phase Shift                   5.000
- Uncertainty                   0.100
= Required Time                 4.754
- Arrival Time                  2.295
= Slack Time                    2.458
= Slack Time(original)          2.434
     Clock Rise Edge                 0.000
     + Clock Network Latency (Ideal) 0.000
     = Beginpoint Arrival Time       0.000
      -------------------------------------------------------------------------
      Instance                Arc          Cell       Retime  Arrival  Required  
                                                      Delay   Time     Time  
      -------------------------------------------------------------------------
      u_visitor/count_reg[1]  CK ^         -          -       0.000    2.458  
      u_visitor/count_reg[1]  CK ^ -> Q ^  DFFRHQX1   0.372   0.372    2.830  
      u_visitor/g847          -            NAND2XL    0.000   0.372    2.830  
      u_visitor/g847          B ^ -> Y v   NAND2XL    0.174   0.545    3.004  
      u_visitor/g864          -            NOR2BX1    0.000   0.545    3.004  
      u_visitor/g864          B v -> Y ^   NOR2BX1    0.139   0.685    3.143  
      u_visitor/g839          -            NAND2XL    0.000   0.685    3.143  
      u_visitor/g839          B ^ -> Y v   NAND2XL    0.154   0.839    3.298  
      u_visitor/g2            -            NOR2BX1    0.000   0.839    3.298  
      u_visitor/g2            B v -> Y ^   NOR2BX1    0.131   0.970    3.428  
      u_visitor/g833          -            NAND2XL    0.000   0.970    3.428  
      u_visitor/g833          B ^ -> Y v   NAND2XL    0.135   1.105    3.563  
      u_visitor/g829          -            NOR2XL     0.000   1.105    3.563  
      u_visitor/g829          B v -> Y ^   NOR2XL     0.158   1.264    3.722  
      u_visitor/g827          -            AOI211X1   0.000   1.264    3.722  
      u_visitor/g827          A1 ^ -> Y v  AOI211X1   0.314   1.578    4.036  
      u_visitor/g826          -            INVX1      0.000   1.578    4.036  
      u_visitor/g826          A v -> Y ^   INVX1      0.125   1.702    4.161  
      u_visitor/g825          -            NAND2XL    0.000   1.702    4.161  
      u_visitor/g825          B ^ -> Y v   NAND2XL    0.284   1.986    4.445  
      u_visitor/g822          -            CLKINVX1   0.000   1.986    4.445  
      u_visitor/g822          A v -> Y ^   CLKINVX1   0.145   2.131    4.589  
      u_visitor/g812          -            OAI31XL    0.000   2.131    4.589  
      u_visitor/g812          A2 ^ -> Y v  OAI31XL    0.093   2.224    4.682  
      u_visitor/g808          -            OAI2BB1XL  0.000   2.224    4.682  
      u_visitor/g808          B0 v -> Y ^  OAI2BB1XL  0.071   2.295    4.754  
      u_visitor/count_reg[7]  -            DFFRHQX1   0.000   2.295    4.754  
      -------------------------------------------------------------------------
Path 10: MET Setup Check with Pin u_visitor/count_reg[1]/CK 
Endpoint:   u_visitor/count_reg[1]/D (^) checked with  leading edge of 'clk'
Beginpoint: u_visitor/count_reg[1]/Q (^) triggered by  leading edge of 'clk'
Path Groups: {clk}
Retime Analysis { Data Path-Slew }
Other End Arrival Time          0.000
- Setup                         0.144
+ Phase Shift                   5.000
- Uncertainty                   0.100
= Required Time                 4.756
- Arrival Time                  2.309
= Slack Time                    2.447
= Slack Time(original)          2.434
     Clock Rise Edge                 0.000
     + Clock Network Latency (Ideal) 0.000
     = Beginpoint Arrival Time       0.000
      ------------------------------------------------------------------------
      Instance                Arc          Cell      Retime  Arrival  Required  
                                                     Delay   Time     Time  
      ------------------------------------------------------------------------
      u_visitor/count_reg[1]  CK ^         -         -       0.000    2.447  
      u_visitor/count_reg[1]  CK ^ -> Q ^  DFFRHQX1  0.372   0.372    2.819  
      u_visitor/g847          -            NAND2XL   0.000   0.372    2.819  
      u_visitor/g847          B ^ -> Y v   NAND2XL   0.174   0.545    2.992  
      u_visitor/g864          -            NOR2BX1   0.000   0.545    2.992  
      u_visitor/g864          B v -> Y ^   NOR2BX1   0.139   0.685    3.132  
      u_visitor/g839          -            NAND2XL   0.000   0.685    3.132  
      u_visitor/g839          B ^ -> Y v   NAND2XL   0.154   0.839    3.286  
      u_visitor/g2            -            NOR2BX1   0.000   0.839    3.286  
      u_visitor/g2            B v -> Y ^   NOR2BX1   0.131   0.970    3.417  
      u_visitor/g833          -            NAND2XL   0.000   0.970    3.417  
      u_visitor/g833          B ^ -> Y v   NAND2XL   0.135   1.105    3.552  
      u_visitor/g829          -            NOR2XL    0.000   1.105    3.552  
      u_visitor/g829          B v -> Y ^   NOR2XL    0.158   1.264    3.711  
      u_visitor/g827          -            AOI211X1  0.000   1.264    3.711  
      u_visitor/g827          A1 ^ -> Y v  AOI211X1  0.314   1.578    4.025  
      u_visitor/g826          -            INVX1     0.000   1.578    4.025  
      u_visitor/g826          A v -> Y ^   INVX1     0.125   1.702    4.149  
      u_visitor/g825          -            NAND2XL   0.000   1.702    4.149  
      u_visitor/g825          B ^ -> Y v   NAND2XL   0.284   1.986    4.433  
      u_visitor/g822          -            CLKINVX1  0.000   1.986    4.433  
      u_visitor/g822          A v -> Y ^   CLKINVX1  0.145   2.131    4.578  
      u_visitor/g811          -            AOI22X1   0.000   2.131    4.578  
      u_visitor/g811          A1 ^ -> Y v  AOI22X1   0.114   2.245    4.692  
      u_visitor/g809          -            OAI21X1   0.000   2.245    4.692  
      u_visitor/g809          B0 v -> Y ^  OAI21X1   0.064   2.309    4.756  
      u_visitor/count_reg[1]  -            DFFRHQX1  0.000   2.309    4.756  
      ------------------------------------------------------------------------
Path 11: MET Setup Check with Pin u_visitor/count_reg[4]/CK 
Endpoint:   u_visitor/count_reg[4]/D (^) checked with  leading edge of 'clk'
Beginpoint: u_visitor/count_reg[0]/Q (^) triggered by  leading edge of 'clk'
Path Groups: {clk}
Retime Analysis { Data Path-Slew }
Other End Arrival Time          0.000
- Setup                         0.145
+ Phase Shift                   5.000
- Uncertainty                   0.100
= Required Time                 4.755
- Arrival Time                  2.285
= Slack Time                    2.469
= Slack Time(original)          2.440
     Clock Rise Edge                 0.000
     + Clock Network Latency (Ideal) 0.000
     = Beginpoint Arrival Time       0.000
      -------------------------------------------------------------------------
      Instance                Arc          Cell       Retime  Arrival  Required  
                                                      Delay   Time     Time  
      -------------------------------------------------------------------------
      u_visitor/count_reg[0]  CK ^         -          -       0.000    2.469  
      u_visitor/count_reg[0]  CK ^ -> Q ^  SDFFRHQX1  0.378   0.378    2.847  
      u_visitor/g847          -            NAND2XL    0.000   0.378    2.847  
      u_visitor/g847          A ^ -> Y v   NAND2XL    0.177   0.555    3.024  
      u_visitor/g864          -            NOR2BX1    0.000   0.555    3.024  
      u_visitor/g864          B v -> Y ^   NOR2BX1    0.140   0.694    3.164  
      u_visitor/g839          -            NAND2XL    0.000   0.694    3.164  
      u_visitor/g839          B ^ -> Y v   NAND2XL    0.155   0.849    3.318  
      u_visitor/g2            -            NOR2BX1    0.000   0.849    3.318  
      u_visitor/g2            B v -> Y ^   NOR2BX1    0.131   0.979    3.449  
      u_visitor/g833          -            NAND2XL    0.000   0.979    3.449  
      u_visitor/g833          B ^ -> Y v   NAND2XL    0.135   1.115    3.584  
      u_visitor/g829          -            NOR2XL     0.000   1.115    3.584  
      u_visitor/g829          B v -> Y ^   NOR2XL     0.158   1.273    3.743  
      u_visitor/g827          -            AOI211X1   0.000   1.273    3.743  
      u_visitor/g827          A1 ^ -> Y v  AOI211X1   0.314   1.587    4.057  
      u_visitor/g826          -            INVX1      0.000   1.587    4.057  
      u_visitor/g826          A v -> Y ^   INVX1      0.125   1.712    4.181  
      u_visitor/g825          -            NAND2XL    0.000   1.712    4.181  
      u_visitor/g825          B ^ -> Y v   NAND2XL    0.284   1.996    4.465  
      u_visitor/g815          -            OAI211XL   0.000   1.996    4.465  
      u_visitor/g815          C0 v -> Y ^  OAI211XL   0.115   2.111    4.581  
      u_visitor/g798          -            AOI222XL   0.000   2.111    4.581  
      u_visitor/g798          C0 ^ -> Y v  AOI222XL   0.101   2.213    4.682  
      u_visitor/g797          -            INVXL      0.000   2.213    4.682  
      u_visitor/g797          A v -> Y ^   INVXL      0.073   2.285    4.755  
      u_visitor/count_reg[4]  -            DFFRHQX1   0.000   2.285    4.755  
      -------------------------------------------------------------------------
Path 12: MET Setup Check with Pin u_visitor/count_reg[2]/CK 
Endpoint:   u_visitor/count_reg[2]/D (^) checked with  leading edge of 'clk'
Beginpoint: u_visitor/count_reg[0]/Q (^) triggered by  leading edge of 'clk'
Path Groups: {clk}
Retime Analysis { Data Path-Slew }
Other End Arrival Time          0.000
- Setup                         0.145
+ Phase Shift                   5.000
- Uncertainty                   0.100
= Required Time                 4.755
- Arrival Time                  2.285
= Slack Time                    2.469
= Slack Time(original)          2.440
     Clock Rise Edge                 0.000
     + Clock Network Latency (Ideal) 0.000
     = Beginpoint Arrival Time       0.000
      -------------------------------------------------------------------------
      Instance                Arc          Cell       Retime  Arrival  Required  
                                                      Delay   Time     Time  
      -------------------------------------------------------------------------
      u_visitor/count_reg[0]  CK ^         -          -       0.000    2.469  
      u_visitor/count_reg[0]  CK ^ -> Q ^  SDFFRHQX1  0.378   0.378    2.847  
      u_visitor/g847          -            NAND2XL    0.000   0.378    2.847  
      u_visitor/g847          A ^ -> Y v   NAND2XL    0.177   0.555    3.024  
      u_visitor/g864          -            NOR2BX1    0.000   0.555    3.024  
      u_visitor/g864          B v -> Y ^   NOR2BX1    0.140   0.694    3.164  
      u_visitor/g839          -            NAND2XL    0.000   0.694    3.164  
      u_visitor/g839          B ^ -> Y v   NAND2XL    0.155   0.849    3.318  
      u_visitor/g2            -            NOR2BX1    0.000   0.849    3.318  
      u_visitor/g2            B v -> Y ^   NOR2BX1    0.131   0.979    3.449  
      u_visitor/g833          -            NAND2XL    0.000   0.979    3.449  
      u_visitor/g833          B ^ -> Y v   NAND2XL    0.135   1.115    3.584  
      u_visitor/g829          -            NOR2XL     0.000   1.115    3.584  
      u_visitor/g829          B v -> Y ^   NOR2XL     0.158   1.273    3.743  
      u_visitor/g827          -            AOI211X1   0.000   1.273    3.743  
      u_visitor/g827          A1 ^ -> Y v  AOI211X1   0.314   1.587    4.057  
      u_visitor/g826          -            INVX1      0.000   1.587    4.057  
      u_visitor/g826          A v -> Y ^   INVX1      0.125   1.712    4.181  
      u_visitor/g825          -            NAND2XL    0.000   1.712    4.181  
      u_visitor/g825          B ^ -> Y v   NAND2XL    0.284   1.996    4.465  
      u_visitor/g818          -            OAI211XL   0.000   1.996    4.465  
      u_visitor/g818          C0 v -> Y ^  OAI211XL   0.115   2.111    4.581  
      u_visitor/g805          -            AOI222XL   0.000   2.111    4.581  
      u_visitor/g805          C0 ^ -> Y v  AOI222XL   0.101   2.213    4.682  
      u_visitor/g802          -            INVXL      0.000   2.213    4.682  
      u_visitor/g802          A v -> Y ^   INVXL      0.073   2.285    4.755  
      u_visitor/count_reg[2]  -            DFFRHQX1   0.000   2.285    4.755  
      -------------------------------------------------------------------------
Path 13: MET Setup Check with Pin u_visitor/count_reg[4]/CK 
Endpoint:   u_visitor/count_reg[4]/D (^) checked with  leading edge of 'clk'
Beginpoint: u_visitor/count_reg[1]/Q (^) triggered by  leading edge of 'clk'
Path Groups: {clk}
Retime Analysis { Data Path-Slew }
Other End Arrival Time          0.000
- Setup                         0.145
+ Phase Shift                   5.000
- Uncertainty                   0.100
= Required Time                 4.755
- Arrival Time                  2.276
= Slack Time                    2.479
= Slack Time(original)          2.449
     Clock Rise Edge                 0.000
     + Clock Network Latency (Ideal) 0.000
     = Beginpoint Arrival Time       0.000
      ------------------------------------------------------------------------
      Instance                Arc          Cell      Retime  Arrival  Required  
                                                     Delay   Time     Time  
      ------------------------------------------------------------------------
      u_visitor/count_reg[1]  CK ^         -         -       0.000    2.479  
      u_visitor/count_reg[1]  CK ^ -> Q ^  DFFRHQX1  0.372   0.372    2.851  
      u_visitor/g847          -            NAND2XL   0.000   0.372    2.851  
      u_visitor/g847          B ^ -> Y v   NAND2XL   0.174   0.545    3.025  
      u_visitor/g864          -            NOR2BX1   0.000   0.545    3.025  
      u_visitor/g864          B v -> Y ^   NOR2BX1   0.139   0.685    3.164  
      u_visitor/g839          -            NAND2XL   0.000   0.685    3.164  
      u_visitor/g839          B ^ -> Y v   NAND2XL   0.154   0.839    3.318  
      u_visitor/g2            -            NOR2BX1   0.000   0.839    3.318  
      u_visitor/g2            B v -> Y ^   NOR2BX1   0.131   0.970    3.449  
      u_visitor/g833          -            NAND2XL   0.000   0.970    3.449  
      u_visitor/g833          B ^ -> Y v   NAND2XL   0.135   1.105    3.584  
      u_visitor/g829          -            NOR2XL    0.000   1.105    3.584  
      u_visitor/g829          B v -> Y ^   NOR2XL    0.158   1.264    3.743  
      u_visitor/g827          -            AOI211X1  0.000   1.264    3.743  
      u_visitor/g827          A1 ^ -> Y v  AOI211X1  0.314   1.578    4.057  
      u_visitor/g826          -            INVX1     0.000   1.578    4.057  
      u_visitor/g826          A v -> Y ^   INVX1     0.125   1.702    4.181  
      u_visitor/g825          -            NAND2XL   0.000   1.702    4.181  
      u_visitor/g825          B ^ -> Y v   NAND2XL   0.284   1.986    4.465  
      u_visitor/g815          -            OAI211XL  0.000   1.986    4.465  
      u_visitor/g815          C0 v -> Y ^  OAI211XL  0.115   2.101    4.580  
      u_visitor/g798          -            AOI222XL  0.000   2.101    4.580  
      u_visitor/g798          C0 ^ -> Y v  AOI222XL  0.101   2.203    4.682  
      u_visitor/g797          -            INVXL     0.000   2.203    4.682  
      u_visitor/g797          A v -> Y ^   INVXL     0.073   2.276    4.755  
      u_visitor/count_reg[4]  -            DFFRHQX1  0.000   2.276    4.755  
      ------------------------------------------------------------------------
Path 14: MET Setup Check with Pin u_visitor/count_reg[2]/CK 
Endpoint:   u_visitor/count_reg[2]/D (^) checked with  leading edge of 'clk'
Beginpoint: u_visitor/count_reg[1]/Q (^) triggered by  leading edge of 'clk'
Path Groups: {clk}
Retime Analysis { Data Path-Slew }
Other End Arrival Time          0.000
- Setup                         0.145
+ Phase Shift                   5.000
- Uncertainty                   0.100
= Required Time                 4.755
- Arrival Time                  2.276
= Slack Time                    2.479
= Slack Time(original)          2.449
     Clock Rise Edge                 0.000
     + Clock Network Latency (Ideal) 0.000
     = Beginpoint Arrival Time       0.000
      ------------------------------------------------------------------------
      Instance                Arc          Cell      Retime  Arrival  Required  
                                                     Delay   Time     Time  
      ------------------------------------------------------------------------
      u_visitor/count_reg[1]  CK ^         -         -       0.000    2.479  
      u_visitor/count_reg[1]  CK ^ -> Q ^  DFFRHQX1  0.372   0.372    2.851  
      u_visitor/g847          -            NAND2XL   0.000   0.372    2.851  
      u_visitor/g847          B ^ -> Y v   NAND2XL   0.174   0.545    3.025  
      u_visitor/g864          -            NOR2BX1   0.000   0.545    3.025  
      u_visitor/g864          B v -> Y ^   NOR2BX1   0.139   0.685    3.164  
      u_visitor/g839          -            NAND2XL   0.000   0.685    3.164  
      u_visitor/g839          B ^ -> Y v   NAND2XL   0.154   0.839    3.318  
      u_visitor/g2            -            NOR2BX1   0.000   0.839    3.318  
      u_visitor/g2            B v -> Y ^   NOR2BX1   0.131   0.970    3.449  
      u_visitor/g833          -            NAND2XL   0.000   0.970    3.449  
      u_visitor/g833          B ^ -> Y v   NAND2XL   0.135   1.105    3.584  
      u_visitor/g829          -            NOR2XL    0.000   1.105    3.584  
      u_visitor/g829          B v -> Y ^   NOR2XL    0.158   1.264    3.743  
      u_visitor/g827          -            AOI211X1  0.000   1.264    3.743  
      u_visitor/g827          A1 ^ -> Y v  AOI211X1  0.314   1.578    4.057  
      u_visitor/g826          -            INVX1     0.000   1.578    4.057  
      u_visitor/g826          A v -> Y ^   INVX1     0.125   1.702    4.181  
      u_visitor/g825          -            NAND2XL   0.000   1.702    4.181  
      u_visitor/g825          B ^ -> Y v   NAND2XL   0.284   1.986    4.465  
      u_visitor/g818          -            OAI211XL  0.000   1.986    4.465  
      u_visitor/g818          C0 v -> Y ^  OAI211XL  0.115   2.101    4.580  
      u_visitor/g805          -            AOI222XL  0.000   2.101    4.580  
      u_visitor/g805          C0 ^ -> Y v  AOI222XL  0.101   2.203    4.682  
      u_visitor/g802          -            INVXL     0.000   2.203    4.682  
      u_visitor/g802          A v -> Y ^   INVXL     0.073   2.276    4.755  
      u_visitor/count_reg[2]  -            DFFRHQX1  0.000   2.276    4.755  
      ------------------------------------------------------------------------
Path 15: MET Setup Check with Pin u_temp_ctrl/cooler_on_reg/CK 
Endpoint:   u_temp_ctrl/cooler_on_reg/SE (v) checked with  leading edge of 'clk'
Beginpoint: temp_setpoint_r_reg[2]/Q     (v) triggered by  leading edge of 'clk'
Path Groups: {clk}
Retime Analysis { Data Path-Slew }
Other End Arrival Time          0.000
- Setup                         0.315
+ Phase Shift                   5.000
- Uncertainty                   0.100
= Required Time                 4.585
- Arrival Time                  2.121
= Slack Time                    2.464
= Slack Time(original)          2.453
     Clock Rise Edge                 0.000
     + Clock Network Latency (Ideal) 0.000
     = Beginpoint Arrival Time       0.000
      ----------------------------------------------------------------------------
      Instance                   Arc          Cell       Retime  Arrival  Required  
                                                         Delay   Time     Time  
      ----------------------------------------------------------------------------
      temp_setpoint_r_reg[2]     CK ^         -          -       0.000    2.464  
      temp_setpoint_r_reg[2]     CK ^ -> Q v  DFFRHQX1   0.366   0.366    2.830  
      u_temp_ctrl/g2418          -            NOR2XL     0.000   0.366    2.830  
      u_temp_ctrl/g2418          A v -> Y ^   NOR2XL     0.175   0.542    3.006  
      u_temp_ctrl/g2408          -            NAND2XL    0.000   0.542    3.006  
      u_temp_ctrl/g2408          B ^ -> Y v   NAND2XL    0.192   0.734    3.198  
      u_temp_ctrl/g2393          -            NOR2XL     0.000   0.734    3.198  
      u_temp_ctrl/g2393          B v -> Y ^   NOR2XL     0.209   0.942    3.406  
      u_temp_ctrl/g2382          -            NAND2XL    0.000   0.942    3.406  
      u_temp_ctrl/g2382          B ^ -> Y v   NAND2XL    0.176   1.118    3.582  
      u_temp_ctrl/g2377          -            NOR2XL     0.000   1.118    3.582  
      u_temp_ctrl/g2377          B v -> Y ^   NOR2XL     0.206   1.324    3.788  
      u_temp_ctrl/g2372          -            XNOR2X1    0.000   1.324    3.788  
      u_temp_ctrl/g2372          B ^ -> Y v   XNOR2X1    0.195   1.520    3.983  
      u_temp_ctrl/g2366          -            NOR2XL     0.000   1.520    3.983  
      u_temp_ctrl/g2366          B v -> Y ^   NOR2XL     0.157   1.676    4.140  
      u_temp_ctrl/g2365          -            INVX1      0.000   1.676    4.140  
      u_temp_ctrl/g2365          A ^ -> Y v   INVX1      0.054   1.731    4.195  
      u_temp_ctrl/g2363          -            AOI32X1    0.000   1.731    4.195  
      u_temp_ctrl/g2363          A2 v -> Y ^  AOI32X1    0.113   1.844    4.307  
      u_temp_ctrl/g2360          -            OAI31X1    0.000   1.844    4.307  
      u_temp_ctrl/g2360          B0 ^ -> Y v  OAI31X1    0.121   1.965    4.429  
      u_temp_ctrl/g2358          -            NOR2BX1    0.000   1.965    4.429  
      u_temp_ctrl/g2358          AN v -> Y v  NOR2BX1    0.157   2.121    4.585  
      u_temp_ctrl/cooler_on_reg  -            SDFFRHQX1  0.000   2.121    4.585  
      ----------------------------------------------------------------------------
Path 16: MET Setup Check with Pin u_temp_ctrl/cooler_on_reg/CK 
Endpoint:   u_temp_ctrl/cooler_on_reg/SE (v) checked with  leading edge of 'clk'
Beginpoint: temp_setpoint_r_reg[1]/Q     (v) triggered by  leading edge of 'clk'
Path Groups: {clk}
Retime Analysis { Data Path-Slew }
Other End Arrival Time          0.000
- Setup                         0.315
+ Phase Shift                   5.000
- Uncertainty                   0.100
= Required Time                 4.585
- Arrival Time                  2.116
= Slack Time                    2.469
= Slack Time(original)          2.459
     Clock Rise Edge                 0.000
     + Clock Network Latency (Ideal) 0.000
     = Beginpoint Arrival Time       0.000
      ----------------------------------------------------------------------------
      Instance                   Arc          Cell       Retime  Arrival  Required  
                                                         Delay   Time     Time  
      ----------------------------------------------------------------------------
      temp_setpoint_r_reg[1]     CK ^         -          -       0.000    2.469  
      temp_setpoint_r_reg[1]     CK ^ -> Q v  DFFRHQX1   0.366   0.366    2.835  
      u_temp_ctrl/g2418          -            NOR2XL     0.000   0.366    2.835  
      u_temp_ctrl/g2418          B v -> Y ^   NOR2XL     0.170   0.536    3.005  
      u_temp_ctrl/g2408          -            NAND2XL    0.000   0.536    3.005  
      u_temp_ctrl/g2408          B ^ -> Y v   NAND2XL    0.192   0.728    3.197  
      u_temp_ctrl/g2393          -            NOR2XL     0.000   0.728    3.197  
      u_temp_ctrl/g2393          B v -> Y ^   NOR2XL     0.209   0.937    3.406  
      u_temp_ctrl/g2382          -            NAND2XL    0.000   0.937    3.406  
      u_temp_ctrl/g2382          B ^ -> Y v   NAND2XL    0.176   1.113    3.582  
      u_temp_ctrl/g2377          -            NOR2XL     0.000   1.113    3.582  
      u_temp_ctrl/g2377          B v -> Y ^   NOR2XL     0.206   1.319    3.788  
      u_temp_ctrl/g2372          -            XNOR2X1    0.000   1.319    3.788  
      u_temp_ctrl/g2372          B ^ -> Y v   XNOR2X1    0.195   1.514    3.983  
      u_temp_ctrl/g2366          -            NOR2XL     0.000   1.514    3.983  
      u_temp_ctrl/g2366          B v -> Y ^   NOR2XL     0.157   1.671    4.140  
      u_temp_ctrl/g2365          -            INVX1      0.000   1.671    4.140  
      u_temp_ctrl/g2365          A ^ -> Y v   INVX1      0.054   1.726    4.195  
      u_temp_ctrl/g2363          -            AOI32X1    0.000   1.726    4.195  
      u_temp_ctrl/g2363          A2 v -> Y ^  AOI32X1    0.113   1.838    4.307  
      u_temp_ctrl/g2360          -            OAI31X1    0.000   1.838    4.307  
      u_temp_ctrl/g2360          B0 ^ -> Y v  OAI31X1    0.121   1.959    4.429  
      u_temp_ctrl/g2358          -            NOR2BX1    0.000   1.959    4.429  
      u_temp_ctrl/g2358          AN v -> Y v  NOR2BX1    0.157   2.116    4.585  
      u_temp_ctrl/cooler_on_reg  -            SDFFRHQX1  0.000   2.116    4.585  
      ----------------------------------------------------------------------------
Path 17: MET Setup Check with Pin u_visitor/count_reg[6]/CK 
Endpoint:   u_visitor/count_reg[6]/D (^) checked with  leading edge of 'clk'
Beginpoint: u_visitor/count_reg[0]/Q (^) triggered by  leading edge of 'clk'
Path Groups: {clk}
Retime Analysis { Data Path-Slew }
Other End Arrival Time          0.000
- Setup                         0.175
+ Phase Shift                   5.000
- Uncertainty                   0.100
= Required Time                 4.725
- Arrival Time                  2.174
= Slack Time                    2.551
= Slack Time(original)          2.477
     Clock Rise Edge                 0.000
     + Clock Network Latency (Ideal) 0.000
     = Beginpoint Arrival Time       0.000
      -------------------------------------------------------------------------
      Instance                Arc          Cell       Retime  Arrival  Required  
                                                      Delay   Time     Time  
      -------------------------------------------------------------------------
      u_visitor/count_reg[0]  CK ^         -          -       0.000    2.551  
      u_visitor/count_reg[0]  CK ^ -> Q ^  SDFFRHQX1  0.378   0.378    2.929  
      u_visitor/g847          -            NAND2XL    0.000   0.378    2.929  
      u_visitor/g847          A ^ -> Y v   NAND2XL    0.177   0.555    3.106  
      u_visitor/g864          -            NOR2BX1    0.000   0.555    3.106  
      u_visitor/g864          B v -> Y ^   NOR2BX1    0.140   0.694    3.245  
      u_visitor/g839          -            NAND2XL    0.000   0.694    3.245  
      u_visitor/g839          B ^ -> Y v   NAND2XL    0.155   0.849    3.400  
      u_visitor/g2            -            NOR2BX1    0.000   0.849    3.400  
      u_visitor/g2            B v -> Y ^   NOR2BX1    0.131   0.980    3.530  
      u_visitor/g833          -            NAND2XL    0.000   0.980    3.530  
      u_visitor/g833          B ^ -> Y v   NAND2XL    0.135   1.115    3.666  
      u_visitor/g829          -            NOR2XL     0.000   1.115    3.666  
      u_visitor/g829          B v -> Y ^   NOR2XL     0.158   1.273    3.824  
      u_visitor/g827          -            AOI211X1   0.000   1.273    3.824  
      u_visitor/g827          A1 ^ -> Y v  AOI211X1   0.314   1.587    4.138  
      u_visitor/g821          -            OR2X1      0.000   1.587    4.138  
      u_visitor/g821          B v -> Y v   OR2X1      0.293   1.881    4.431  
      u_visitor/g817          -            OAI211XL   0.000   1.881    4.431  
      u_visitor/g817          A0 v -> Y ^  OAI211XL   0.133   2.013    4.564  
      u_visitor/g804          -            AOI222XL   0.000   2.013    4.564  
      u_visitor/g804          C0 ^ -> Y v  AOI222XL   0.098   2.111    4.662  
      u_visitor/g801          -            INVXL      0.000   2.111    4.662  
      u_visitor/g801          A v -> Y ^   INVXL      0.063   2.174    4.725  
      u_visitor/count_reg[6]  -            DFFRX1     0.000   2.174    4.725  
      -------------------------------------------------------------------------
Path 18: MET Setup Check with Pin u_visitor/count_reg[6]/CK 
Endpoint:   u_visitor/count_reg[6]/D (^) checked with  leading edge of 'clk'
Beginpoint: u_visitor/count_reg[0]/Q (^) triggered by  leading edge of 'clk'
Path Groups: {clk}
Retime Analysis { Data Path-Slew }
Other End Arrival Time          0.000
- Setup                         0.193
+ Phase Shift                   5.000
- Uncertainty                   0.100
= Required Time                 4.707
- Arrival Time                  2.184
= Slack Time                    2.523
= Slack Time(original)          2.479
     Clock Rise Edge                 0.000
     + Clock Network Latency (Ideal) 0.000
     = Beginpoint Arrival Time       0.000
      -------------------------------------------------------------------------
      Instance                Arc          Cell       Retime  Arrival  Required  
                                                      Delay   Time     Time  
      -------------------------------------------------------------------------
      u_visitor/count_reg[0]  CK ^         -          -       0.000    2.523  
      u_visitor/count_reg[0]  CK ^ -> Q ^  SDFFRHQX1  0.378   0.378    2.901  
      u_visitor/g847          -            NAND2XL    0.000   0.378    2.901  
      u_visitor/g847          A ^ -> Y v   NAND2XL    0.177   0.555    3.078  
      u_visitor/g864          -            NOR2BX1    0.000   0.555    3.078  
      u_visitor/g864          B v -> Y ^   NOR2BX1    0.140   0.694    3.218  
      u_visitor/g839          -            NAND2XL    0.000   0.694    3.218  
      u_visitor/g839          B ^ -> Y v   NAND2XL    0.155   0.849    3.372  
      u_visitor/g2            -            NOR2BX1    0.000   0.849    3.372  
      u_visitor/g2            B v -> Y ^   NOR2BX1    0.131   0.980    3.503  
      u_visitor/g833          -            NAND2XL    0.000   0.980    3.503  
      u_visitor/g833          B ^ -> Y v   NAND2XL    0.135   1.115    3.638  
      u_visitor/g829          -            NOR2XL     0.000   1.115    3.638  
      u_visitor/g829          B v -> Y ^   NOR2XL     0.158   1.273    3.797  
      u_visitor/g827          -            AOI211X1   0.000   1.273    3.797  
      u_visitor/g827          A1 ^ -> Y v  AOI211X1   0.314   1.587    4.111  
      u_visitor/g821          -            OR2X1      0.000   1.587    4.111  
      u_visitor/g821          B v -> Y v   OR2X1      0.293   1.881    4.404  
      u_visitor/g819          -            CLKINVX1   0.000   1.881    4.404  
      u_visitor/g819          A v -> Y ^   CLKINVX1   0.104   1.985    4.508  
      u_visitor/g804          -            AOI222XL   0.000   1.985    4.508  
      u_visitor/g804          A1 ^ -> Y v  AOI222XL   0.128   2.113    4.636  
      u_visitor/g801          -            INVXL      0.000   2.113    4.636  
      u_visitor/g801          A v -> Y ^   INVXL      0.071   2.184    4.707  
      u_visitor/count_reg[6]  -            DFFRX1     0.000   2.184    4.707  
      -------------------------------------------------------------------------
Path 19: MET Setup Check with Pin u_visitor/count_reg[6]/CK 
Endpoint:   u_visitor/count_reg[6]/D (^) checked with  leading edge of 'clk'
Beginpoint: u_visitor/count_reg[1]/Q (^) triggered by  leading edge of 'clk'
Path Groups: {clk}
Retime Analysis { Data Path-Slew }
Other End Arrival Time          0.000
- Setup                         0.175
+ Phase Shift                   5.000
- Uncertainty                   0.100
= Required Time                 4.725
- Arrival Time                  2.164
= Slack Time                    2.561
= Slack Time(original)          2.486
     Clock Rise Edge                 0.000
     + Clock Network Latency (Ideal) 0.000
     = Beginpoint Arrival Time       0.000
      ------------------------------------------------------------------------
      Instance                Arc          Cell      Retime  Arrival  Required  
                                                     Delay   Time     Time  
      ------------------------------------------------------------------------
      u_visitor/count_reg[1]  CK ^         -         -       0.000    2.561  
      u_visitor/count_reg[1]  CK ^ -> Q ^  DFFRHQX1  0.372   0.372    2.933  
      u_visitor/g847          -            NAND2XL   0.000   0.372    2.933  
      u_visitor/g847          B ^ -> Y v   NAND2XL   0.174   0.546    3.106  
      u_visitor/g864          -            NOR2BX1   0.000   0.546    3.106  
      u_visitor/g864          B v -> Y ^   NOR2BX1   0.139   0.685    3.246  
      u_visitor/g839          -            NAND2XL   0.000   0.685    3.246  
      u_visitor/g839          B ^ -> Y v   NAND2XL   0.154   0.839    3.400  
      u_visitor/g2            -            NOR2BX1   0.000   0.839    3.400  
      u_visitor/g2            B v -> Y ^   NOR2BX1   0.131   0.970    3.530  
      u_visitor/g833          -            NAND2XL   0.000   0.970    3.530  
      u_visitor/g833          B ^ -> Y v   NAND2XL   0.135   1.105    3.666  
      u_visitor/g829          -            NOR2XL    0.000   1.105    3.666  
      u_visitor/g829          B v -> Y ^   NOR2XL    0.158   1.264    3.824  
      u_visitor/g827          -            AOI211X1  0.000   1.264    3.824  
      u_visitor/g827          A1 ^ -> Y v  AOI211X1  0.314   1.578    4.138  
      u_visitor/g821          -            OR2X1     0.000   1.578    4.138  
      u_visitor/g821          B v -> Y v   OR2X1     0.293   1.871    4.431  
      u_visitor/g817          -            OAI211XL  0.000   1.871    4.431  
      u_visitor/g817          A0 v -> Y ^  OAI211XL  0.133   2.003    4.564  
      u_visitor/g804          -            AOI222XL  0.000   2.003    4.564  
      u_visitor/g804          C0 ^ -> Y v  AOI222XL  0.098   2.101    4.662  
      u_visitor/g801          -            INVXL     0.000   2.101    4.662  
      u_visitor/g801          A v -> Y ^   INVXL     0.063   2.164    4.725  
      u_visitor/count_reg[6]  -            DFFRX1    0.000   2.164    4.725  
      ------------------------------------------------------------------------
Path 20: MET Setup Check with Pin u_visitor/count_reg[6]/CK 
Endpoint:   u_visitor/count_reg[6]/D (^) checked with  leading edge of 'clk'
Beginpoint: u_visitor/count_reg[1]/Q (^) triggered by  leading edge of 'clk'
Path Groups: {clk}
Retime Analysis { Data Path-Slew }
Other End Arrival Time          0.000
- Setup                         0.193
+ Phase Shift                   5.000
- Uncertainty                   0.100
= Required Time                 4.707
- Arrival Time                  2.174
= Slack Time                    2.533
= Slack Time(original)          2.488
     Clock Rise Edge                 0.000
     + Clock Network Latency (Ideal) 0.000
     = Beginpoint Arrival Time       0.000
      ------------------------------------------------------------------------
      Instance                Arc          Cell      Retime  Arrival  Required  
                                                     Delay   Time     Time  
      ------------------------------------------------------------------------
      u_visitor/count_reg[1]  CK ^         -         -       0.000    2.533  
      u_visitor/count_reg[1]  CK ^ -> Q ^  DFFRHQX1  0.372   0.372    2.905  
      u_visitor/g847          -            NAND2XL   0.000   0.372    2.905  
      u_visitor/g847          B ^ -> Y v   NAND2XL   0.174   0.546    3.078  
      u_visitor/g864          -            NOR2BX1   0.000   0.546    3.078  
      u_visitor/g864          B v -> Y ^   NOR2BX1   0.139   0.685    3.218  
      u_visitor/g839          -            NAND2XL   0.000   0.685    3.218  
      u_visitor/g839          B ^ -> Y v   NAND2XL   0.154   0.839    3.372  
      u_visitor/g2            -            NOR2BX1   0.000   0.839    3.372  
      u_visitor/g2            B v -> Y ^   NOR2BX1   0.131   0.970    3.503  
      u_visitor/g833          -            NAND2XL   0.000   0.970    3.503  
      u_visitor/g833          B ^ -> Y v   NAND2XL   0.135   1.105    3.638  
      u_visitor/g829          -            NOR2XL    0.000   1.105    3.638  
      u_visitor/g829          B v -> Y ^   NOR2XL    0.158   1.264    3.797  
      u_visitor/g827          -            AOI211X1  0.000   1.264    3.797  
      u_visitor/g827          A1 ^ -> Y v  AOI211X1  0.314   1.578    4.111  
      u_visitor/g821          -            OR2X1     0.000   1.578    4.111  
      u_visitor/g821          B v -> Y v   OR2X1     0.293   1.871    4.404  
      u_visitor/g819          -            CLKINVX1  0.000   1.871    4.404  
      u_visitor/g819          A v -> Y ^   CLKINVX1  0.104   1.975    4.508  
      u_visitor/g804          -            AOI222XL  0.000   1.975    4.508  
      u_visitor/g804          A1 ^ -> Y v  AOI222XL  0.128   2.103    4.636  
      u_visitor/g801          -            INVXL     0.000   2.103    4.636  
      u_visitor/g801          A v -> Y ^   INVXL     0.071   2.174    4.707  
      u_visitor/count_reg[6]  -            DFFRX1    0.000   2.174    4.707  
      ------------------------------------------------------------------------
Path 21: MET Setup Check with Pin u_temp_ctrl/heater_on_reg/CK 
Endpoint:   u_temp_ctrl/heater_on_reg/D (^) checked with  leading edge of 'clk'
Beginpoint: temp_setpoint_r_reg[2]/Q    (v) triggered by  leading edge of 'clk'
Path Groups: {clk}
Retime Analysis { Data Path-Slew }
Other End Arrival Time          0.000
- Setup                         0.143
+ Phase Shift                   5.000
- Uncertainty                   0.100
= Required Time                 4.757
- Arrival Time                  2.225
= Slack Time                    2.533
= Slack Time(original)          2.497
     Clock Rise Edge                 0.000
     + Clock Network Latency (Ideal) 0.000
     = Beginpoint Arrival Time       0.000
      ---------------------------------------------------------------------------
      Instance                   Arc          Cell      Retime  Arrival  Required  
                                                        Delay   Time     Time  
      ---------------------------------------------------------------------------
      temp_setpoint_r_reg[2]     CK ^         -         -       0.000    2.533  
      temp_setpoint_r_reg[2]     CK ^ -> Q v  DFFRHQX1  0.366   0.366    2.899  
      u_temp_ctrl/g2418          -            NOR2XL    0.000   0.366    2.899  
      u_temp_ctrl/g2418          A v -> Y ^   NOR2XL    0.175   0.542    3.074  
      u_temp_ctrl/g2408          -            NAND2XL   0.000   0.542    3.074  
      u_temp_ctrl/g2408          B ^ -> Y v   NAND2XL   0.192   0.734    3.266  
      u_temp_ctrl/g2393          -            NOR2XL    0.000   0.734    3.266  
      u_temp_ctrl/g2393          B v -> Y ^   NOR2XL    0.209   0.942    3.475  
      u_temp_ctrl/g2382          -            NAND2XL   0.000   0.942    3.475  
      u_temp_ctrl/g2382          B ^ -> Y v   NAND2XL   0.176   1.118    3.651  
      u_temp_ctrl/g2377          -            NOR2XL    0.000   1.118    3.651  
      u_temp_ctrl/g2377          B v -> Y ^   NOR2XL    0.206   1.324    3.857  
      u_temp_ctrl/g2372          -            XNOR2X1   0.000   1.324    3.857  
      u_temp_ctrl/g2372          B ^ -> Y ^   XNOR2X1   0.168   1.492    4.025  
      u_temp_ctrl/g2366          -            NOR2XL    0.000   1.492    4.025  
      u_temp_ctrl/g2366          B ^ -> Y v   NOR2XL    0.081   1.573    4.106  
      u_temp_ctrl/g2365          -            INVX1     0.000   1.573    4.106  
      u_temp_ctrl/g2365          A v -> Y ^   INVX1     0.054   1.627    4.160  
      u_temp_ctrl/g2363          -            AOI32X1   0.000   1.627    4.160  
      u_temp_ctrl/g2363          A2 ^ -> Y v  AOI32X1   0.131   1.758    4.290  
      u_temp_ctrl/g2360          -            OAI31X1   0.000   1.758    4.290  
      u_temp_ctrl/g2360          B0 v -> Y ^  OAI31X1   0.103   1.861    4.394  
      u_temp_ctrl/g2358          -            NOR2BX1   0.000   1.861    4.394  
      u_temp_ctrl/g2358          AN ^ -> Y ^  NOR2BX1   0.200   2.061    4.594  
      u_temp_ctrl/g2357          -            MXI2XL    0.000   2.061    4.594  
      u_temp_ctrl/g2357          S0 ^ -> Y ^  MXI2XL    0.164   2.225    4.757  
      u_temp_ctrl/heater_on_reg  -            DFFRHQX1  0.000   2.225    4.757  
      ---------------------------------------------------------------------------
Path 22: MET Setup Check with Pin u_temp_ctrl/heater_on_reg/CK 
Endpoint:   u_temp_ctrl/heater_on_reg/D (^) checked with  leading edge of 'clk'
Beginpoint: temp_setpoint_r_reg[1]/Q    (v) triggered by  leading edge of 'clk'
Path Groups: {clk}
Retime Analysis { Data Path-Slew }
Other End Arrival Time          0.000
- Setup                         0.143
+ Phase Shift                   5.000
- Uncertainty                   0.100
= Required Time                 4.757
- Arrival Time                  2.219
= Slack Time                    2.538
= Slack Time(original)          2.503
     Clock Rise Edge                 0.000
     + Clock Network Latency (Ideal) 0.000
     = Beginpoint Arrival Time       0.000
      ---------------------------------------------------------------------------
      Instance                   Arc          Cell      Retime  Arrival  Required  
                                                        Delay   Time     Time  
      ---------------------------------------------------------------------------
      temp_setpoint_r_reg[1]     CK ^         -         -       0.000    2.538  
      temp_setpoint_r_reg[1]     CK ^ -> Q v  DFFRHQX1  0.366   0.366    2.904  
      u_temp_ctrl/g2418          -            NOR2XL    0.000   0.366    2.904  
      u_temp_ctrl/g2418          B v -> Y ^   NOR2XL    0.170   0.536    3.074  
      u_temp_ctrl/g2408          -            NAND2XL   0.000   0.536    3.074  
      u_temp_ctrl/g2408          B ^ -> Y v   NAND2XL   0.192   0.728    3.266  
      u_temp_ctrl/g2393          -            NOR2XL    0.000   0.728    3.266  
      u_temp_ctrl/g2393          B v -> Y ^   NOR2XL    0.209   0.937    3.475  
      u_temp_ctrl/g2382          -            NAND2XL   0.000   0.937    3.475  
      u_temp_ctrl/g2382          B ^ -> Y v   NAND2XL   0.176   1.113    3.651  
      u_temp_ctrl/g2377          -            NOR2XL    0.000   1.113    3.651  
      u_temp_ctrl/g2377          B v -> Y ^   NOR2XL    0.206   1.319    3.857  
      u_temp_ctrl/g2372          -            XNOR2X1   0.000   1.319    3.857  
      u_temp_ctrl/g2372          B ^ -> Y ^   XNOR2X1   0.168   1.487    4.025  
      u_temp_ctrl/g2366          -            NOR2XL    0.000   1.487    4.025  
      u_temp_ctrl/g2366          B ^ -> Y v   NOR2XL    0.081   1.568    4.106  
      u_temp_ctrl/g2365          -            INVX1     0.000   1.568    4.106  
      u_temp_ctrl/g2365          A v -> Y ^   INVX1     0.054   1.622    4.160  
      u_temp_ctrl/g2363          -            AOI32X1   0.000   1.622    4.160  
      u_temp_ctrl/g2363          A2 ^ -> Y v  AOI32X1   0.131   1.752    4.290  
      u_temp_ctrl/g2360          -            OAI31X1   0.000   1.752    4.290  
      u_temp_ctrl/g2360          B0 v -> Y ^  OAI31X1   0.103   1.856    4.394  
      u_temp_ctrl/g2358          -            NOR2BX1   0.000   1.856    4.394  
      u_temp_ctrl/g2358          AN ^ -> Y ^  NOR2BX1   0.200   2.056    4.594  
      u_temp_ctrl/g2357          -            MXI2XL    0.000   2.056    4.594  
      u_temp_ctrl/g2357          S0 ^ -> Y ^  MXI2XL    0.164   2.219    4.757  
      u_temp_ctrl/heater_on_reg  -            DFFRHQX1  0.000   2.219    4.757  
      ---------------------------------------------------------------------------
Path 23: MET Setup Check with Pin u_visitor/count_reg[0]/CK 
Endpoint:   u_visitor/count_reg[0]/SI (^) checked with  leading edge of 'clk'
Beginpoint: u_visitor/count_reg[0]/Q  (^) triggered by  leading edge of 'clk'
Path Groups: {clk}
Retime Analysis { Data Path-Slew }
Other End Arrival Time          0.000
- Setup                         0.248
+ Phase Shift                   5.000
- Uncertainty                   0.100
= Required Time                 4.652
- Arrival Time                  2.141
= Slack Time                    2.511
= Slack Time(original)          2.505
     Clock Rise Edge                 0.000
     + Clock Network Latency (Ideal) 0.000
     = Beginpoint Arrival Time       0.000
      -------------------------------------------------------------------------
      Instance                Arc          Cell       Retime  Arrival  Required  
                                                      Delay   Time     Time  
      -------------------------------------------------------------------------
      u_visitor/count_reg[0]  CK ^         -          -       0.000    2.511  
      u_visitor/count_reg[0]  CK ^ -> Q ^  SDFFRHQX1  0.378   0.378    2.889  
      u_visitor/g847          -            NAND2XL    0.000   0.378    2.889  
      u_visitor/g847          A ^ -> Y v   NAND2XL    0.177   0.555    3.066  
      u_visitor/g864          -            NOR2BX1    0.000   0.555    3.066  
      u_visitor/g864          B v -> Y ^   NOR2BX1    0.140   0.694    3.206  
      u_visitor/g839          -            NAND2XL    0.000   0.694    3.206  
      u_visitor/g839          B ^ -> Y v   NAND2XL    0.155   0.849    3.360  
      u_visitor/g2            -            NOR2BX1    0.000   0.849    3.360  
      u_visitor/g2            B v -> Y ^   NOR2BX1    0.131   0.979    3.491  
      u_visitor/g833          -            NAND2XL    0.000   0.979    3.491  
      u_visitor/g833          B ^ -> Y v   NAND2XL    0.135   1.115    3.626  
      u_visitor/g829          -            NOR2XL     0.000   1.115    3.626  
      u_visitor/g829          B v -> Y ^   NOR2XL     0.158   1.273    3.785  
      u_visitor/g827          -            AOI211X1   0.000   1.273    3.785  
      u_visitor/g827          A1 ^ -> Y v  AOI211X1   0.314   1.587    4.099  
      u_visitor/g826          -            INVX1      0.000   1.587    4.099  
      u_visitor/g826          A v -> Y ^   INVX1      0.125   1.712    4.223  
      u_visitor/g825          -            NAND2XL    0.000   1.712    4.223  
      u_visitor/g825          B ^ -> Y v   NAND2XL    0.284   1.996    4.507  
      u_visitor/g822          -            CLKINVX1   0.000   1.996    4.507  
      u_visitor/g822          A v -> Y ^   CLKINVX1   0.145   2.141    4.652  
      u_visitor/count_reg[0]  -            SDFFRHQX1  0.000   2.141    4.652  
      -------------------------------------------------------------------------
Path 24: MET Setup Check with Pin u_visitor/count_reg[5]/CK 
Endpoint:   u_visitor/count_reg[5]/D (^) checked with  leading edge of 'clk'
Beginpoint: u_visitor/count_reg[0]/Q (^) triggered by  leading edge of 'clk'
Path Groups: {clk}
Retime Analysis { Data Path-Slew }
Other End Arrival Time          0.000
- Setup                         0.181
+ Phase Shift                   5.000
- Uncertainty                   0.100
= Required Time                 4.720
- Arrival Time                  2.173
= Slack Time                    2.547
= Slack Time(original)          2.511
     Clock Rise Edge                 0.000
     + Clock Network Latency (Ideal) 0.000
     = Beginpoint Arrival Time       0.000
      --------------------------------------------------------------------------
      Instance                Arc           Cell       Retime  Arrival  Required  
                                                       Delay   Time     Time  
      --------------------------------------------------------------------------
      u_visitor/count_reg[0]  CK ^          -          -       0.000    2.547  
      u_visitor/count_reg[0]  CK ^ -> Q ^   SDFFRHQX1  0.378   0.378    2.925  
      u_visitor/g847          -             NAND2XL    0.000   0.378    2.925  
      u_visitor/g847          A ^ -> Y v    NAND2XL    0.177   0.555    3.102  
      u_visitor/g864          -             NOR2BX1    0.000   0.555    3.102  
      u_visitor/g864          B v -> Y ^    NOR2BX1    0.140   0.694    3.241  
      u_visitor/g839          -             NAND2XL    0.000   0.694    3.241  
      u_visitor/g839          B ^ -> Y v    NAND2XL    0.155   0.849    3.396  
      u_visitor/g2            -             NOR2BX1    0.000   0.849    3.396  
      u_visitor/g2            B v -> Y ^    NOR2BX1    0.131   0.979    3.526  
      u_visitor/g833          -             NAND2XL    0.000   0.979    3.526  
      u_visitor/g833          B ^ -> Y v    NAND2XL    0.135   1.115    3.662  
      u_visitor/g829          -             NOR2XL     0.000   1.115    3.662  
      u_visitor/g829          B v -> Y ^    NOR2XL     0.158   1.273    3.820  
      u_visitor/g827          -             AOI211X1   0.000   1.273    3.820  
      u_visitor/g827          A1 ^ -> Y v   AOI211X1   0.314   1.587    4.134  
      u_visitor/g821          -             OR2X1      0.000   1.587    4.134  
      u_visitor/g821          B v -> Y v    OR2X1      0.293   1.880    4.427  
      u_visitor/g814          -             OAI221XL   0.000   1.880    4.427  
      u_visitor/g814          A1 v -> Y ^   OAI221XL   0.147   2.028    4.575  
      u_visitor/g803          -             OAI2BB1XL  0.000   2.028    4.575  
      u_visitor/g803          A1N ^ -> Y ^  OAI2BB1XL  0.145   2.172    4.720  
      u_visitor/count_reg[5]  -             DFFRX1     0.000   2.172    4.720  
      --------------------------------------------------------------------------
Path 25: MET Setup Check with Pin u_visitor/count_reg[3]/CK 
Endpoint:   u_visitor/count_reg[3]/D (^) checked with  leading edge of 'clk'
Beginpoint: u_visitor/count_reg[0]/Q (^) triggered by  leading edge of 'clk'
Path Groups: {clk}
Retime Analysis { Data Path-Slew }
Other End Arrival Time          0.000
- Setup                         0.181
+ Phase Shift                   5.000
- Uncertainty                   0.100
= Required Time                 4.720
- Arrival Time                  2.173
= Slack Time                    2.547
= Slack Time(original)          2.511
     Clock Rise Edge                 0.000
     + Clock Network Latency (Ideal) 0.000
     = Beginpoint Arrival Time       0.000
      --------------------------------------------------------------------------
      Instance                Arc           Cell       Retime  Arrival  Required  
                                                       Delay   Time     Time  
      --------------------------------------------------------------------------
      u_visitor/count_reg[0]  CK ^          -          -       0.000    2.547  
      u_visitor/count_reg[0]  CK ^ -> Q ^   SDFFRHQX1  0.378   0.378    2.925  
      u_visitor/g847          -             NAND2XL    0.000   0.378    2.925  
      u_visitor/g847          A ^ -> Y v    NAND2XL    0.177   0.555    3.102  
      u_visitor/g864          -             NOR2BX1    0.000   0.555    3.102  
      u_visitor/g864          B v -> Y ^    NOR2BX1    0.140   0.694    3.241  
      u_visitor/g839          -             NAND2XL    0.000   0.694    3.241  
      u_visitor/g839          B ^ -> Y v    NAND2XL    0.155   0.849    3.396  
      u_visitor/g2            -             NOR2BX1    0.000   0.849    3.396  
      u_visitor/g2            B v -> Y ^    NOR2BX1    0.131   0.979    3.526  
      u_visitor/g833          -             NAND2XL    0.000   0.979    3.526  
      u_visitor/g833          B ^ -> Y v    NAND2XL    0.135   1.115    3.662  
      u_visitor/g829          -             NOR2XL     0.000   1.115    3.662  
      u_visitor/g829          B v -> Y ^    NOR2XL     0.158   1.273    3.820  
      u_visitor/g827          -             AOI211X1   0.000   1.273    3.820  
      u_visitor/g827          A1 ^ -> Y v   AOI211X1   0.314   1.587    4.134  
      u_visitor/g821          -             OR2X1      0.000   1.587    4.134  
      u_visitor/g821          B v -> Y v    OR2X1      0.293   1.880    4.427  
      u_visitor/g816          -             OAI221XL   0.000   1.880    4.427  
      u_visitor/g816          A1 v -> Y ^   OAI221XL   0.147   2.028    4.575  
      u_visitor/g806          -             OAI2BB1XL  0.000   2.028    4.575  
      u_visitor/g806          A1N ^ -> Y ^  OAI2BB1XL  0.145   2.172    4.720  
      u_visitor/count_reg[3]  -             DFFRX1     0.000   2.172    4.720  
      --------------------------------------------------------------------------
Path 26: MET Setup Check with Pin u_visitor/count_reg[0]/CK 
Endpoint:   u_visitor/count_reg[0]/SI (^) checked with  leading edge of 'clk'
Beginpoint: u_visitor/count_reg[1]/Q  (^) triggered by  leading edge of 'clk'
Path Groups: {clk}
Retime Analysis { Data Path-Slew }
Other End Arrival Time          0.000
- Setup                         0.248
+ Phase Shift                   5.000
- Uncertainty                   0.100
= Required Time                 4.652
- Arrival Time                  2.131
= Slack Time                    2.521
= Slack Time(original)          2.514
     Clock Rise Edge                 0.000
     + Clock Network Latency (Ideal) 0.000
     = Beginpoint Arrival Time       0.000
      -------------------------------------------------------------------------
      Instance                Arc          Cell       Retime  Arrival  Required  
                                                      Delay   Time     Time  
      -------------------------------------------------------------------------
      u_visitor/count_reg[1]  CK ^         -          -       0.000    2.521  
      u_visitor/count_reg[1]  CK ^ -> Q ^  DFFRHQX1   0.372   0.372    2.893  
      u_visitor/g847          -            NAND2XL    0.000   0.372    2.893  
      u_visitor/g847          B ^ -> Y v   NAND2XL    0.174   0.546    3.067  
      u_visitor/g864          -            NOR2BX1    0.000   0.546    3.067  
      u_visitor/g864          B v -> Y ^   NOR2BX1    0.139   0.685    3.206  
      u_visitor/g839          -            NAND2XL    0.000   0.685    3.206  
      u_visitor/g839          B ^ -> Y v   NAND2XL    0.154   0.839    3.360  
      u_visitor/g2            -            NOR2BX1    0.000   0.839    3.360  
      u_visitor/g2            B v -> Y ^   NOR2BX1    0.131   0.970    3.491  
      u_visitor/g833          -            NAND2XL    0.000   0.970    3.491  
      u_visitor/g833          B ^ -> Y v   NAND2XL    0.135   1.105    3.626  
      u_visitor/g829          -            NOR2XL     0.000   1.105    3.626  
      u_visitor/g829          B v -> Y ^   NOR2XL     0.158   1.264    3.785  
      u_visitor/g827          -            AOI211X1   0.000   1.264    3.785  
      u_visitor/g827          A1 ^ -> Y v  AOI211X1   0.314   1.578    4.099  
      u_visitor/g826          -            INVX1      0.000   1.578    4.099  
      u_visitor/g826          A v -> Y ^   INVX1      0.125   1.702    4.223  
      u_visitor/g825          -            NAND2XL    0.000   1.702    4.223  
      u_visitor/g825          B ^ -> Y v   NAND2XL    0.284   1.986    4.507  
      u_visitor/g822          -            CLKINVX1   0.000   1.986    4.507  
      u_visitor/g822          A v -> Y ^   CLKINVX1   0.145   2.131    4.652  
      u_visitor/count_reg[0]  -            SDFFRHQX1  0.000   2.131    4.652  
      -------------------------------------------------------------------------
Path 27: MET Setup Check with Pin u_visitor/count_reg[5]/CK 
Endpoint:   u_visitor/count_reg[5]/D (^) checked with  leading edge of 'clk'
Beginpoint: u_visitor/count_reg[0]/Q (^) triggered by  leading edge of 'clk'
Path Groups: {clk}
Retime Analysis { Data Path-Slew }
Other End Arrival Time          0.000
- Setup                         0.182
+ Phase Shift                   5.000
- Uncertainty                   0.100
= Required Time                 4.719
- Arrival Time                  2.138
= Slack Time                    2.580
= Slack Time(original)          2.517
     Clock Rise Edge                 0.000
     + Clock Network Latency (Ideal) 0.000
     = Beginpoint Arrival Time       0.000
      -------------------------------------------------------------------------
      Instance                Arc          Cell       Retime  Arrival  Required  
                                                      Delay   Time     Time  
      -------------------------------------------------------------------------
      u_visitor/count_reg[0]  CK ^         -          -       0.000    2.580  
      u_visitor/count_reg[0]  CK ^ -> Q ^  SDFFRHQX1  0.378   0.378    2.958  
      u_visitor/g847          -            NAND2XL    0.000   0.378    2.958  
      u_visitor/g847          A ^ -> Y v   NAND2XL    0.177   0.555    3.135  
      u_visitor/g864          -            NOR2BX1    0.000   0.555    3.135  
      u_visitor/g864          B v -> Y ^   NOR2BX1    0.140   0.694    3.274  
      u_visitor/g839          -            NAND2XL    0.000   0.694    3.274  
      u_visitor/g839          B ^ -> Y v   NAND2XL    0.155   0.849    3.429  
      u_visitor/g2            -            NOR2BX1    0.000   0.849    3.429  
      u_visitor/g2            B v -> Y ^   NOR2BX1    0.131   0.979    3.560  
      u_visitor/g833          -            NAND2XL    0.000   0.979    3.560  
      u_visitor/g833          B ^ -> Y v   NAND2XL    0.135   1.115    3.695  
      u_visitor/g829          -            NOR2XL     0.000   1.115    3.695  
      u_visitor/g829          B v -> Y ^   NOR2XL     0.158   1.273    3.853  
      u_visitor/g827          -            AOI211X1   0.000   1.273    3.853  
      u_visitor/g827          A1 ^ -> Y v  AOI211X1   0.314   1.587    4.167  
      u_visitor/g821          -            OR2X1      0.000   1.587    4.167  
      u_visitor/g821          B v -> Y v   OR2X1      0.293   1.880    4.461  
      u_visitor/g819          -            CLKINVX1   0.000   1.880    4.461  
      u_visitor/g819          A v -> Y ^   CLKINVX1   0.104   1.984    4.565  
      u_visitor/g810          -            AOI32XL    0.000   1.984    4.565  
      u_visitor/g810          B0 ^ -> Y v  AOI32XL    0.084   2.068    4.648  
      u_visitor/g803          -            OAI2BB1XL  0.000   2.068    4.648  
      u_visitor/g803          B0 v -> Y ^  OAI2BB1XL  0.070   2.138    4.719  
      u_visitor/count_reg[5]  -            DFFRX1     0.000   2.138    4.719  
      -------------------------------------------------------------------------
Path 28: MET Setup Check with Pin u_visitor/count_reg[3]/CK 
Endpoint:   u_visitor/count_reg[3]/D (^) checked with  leading edge of 'clk'
Beginpoint: u_visitor/count_reg[0]/Q (^) triggered by  leading edge of 'clk'
Path Groups: {clk}
Retime Analysis { Data Path-Slew }
Other End Arrival Time          0.000
- Setup                         0.182
+ Phase Shift                   5.000
- Uncertainty                   0.100
= Required Time                 4.719
- Arrival Time                  2.138
= Slack Time                    2.580
= Slack Time(original)          2.517
     Clock Rise Edge                 0.000
     + Clock Network Latency (Ideal) 0.000
     = Beginpoint Arrival Time       0.000
      -------------------------------------------------------------------------
      Instance                Arc          Cell       Retime  Arrival  Required  
                                                      Delay   Time     Time  
      -------------------------------------------------------------------------
      u_visitor/count_reg[0]  CK ^         -          -       0.000    2.580  
      u_visitor/count_reg[0]  CK ^ -> Q ^  SDFFRHQX1  0.378   0.378    2.958  
      u_visitor/g847          -            NAND2XL    0.000   0.378    2.958  
      u_visitor/g847          A ^ -> Y v   NAND2XL    0.177   0.555    3.135  
      u_visitor/g864          -            NOR2BX1    0.000   0.555    3.135  
      u_visitor/g864          B v -> Y ^   NOR2BX1    0.140   0.694    3.274  
      u_visitor/g839          -            NAND2XL    0.000   0.694    3.274  
      u_visitor/g839          B ^ -> Y v   NAND2XL    0.155   0.849    3.429  
      u_visitor/g2            -            NOR2BX1    0.000   0.849    3.429  
      u_visitor/g2            B v -> Y ^   NOR2BX1    0.131   0.979    3.560  
      u_visitor/g833          -            NAND2XL    0.000   0.979    3.560  
      u_visitor/g833          B ^ -> Y v   NAND2XL    0.135   1.115    3.695  
      u_visitor/g829          -            NOR2XL     0.000   1.115    3.695  
      u_visitor/g829          B v -> Y ^   NOR2XL     0.158   1.273    3.853  
      u_visitor/g827          -            AOI211X1   0.000   1.273    3.853  
      u_visitor/g827          A1 ^ -> Y v  AOI211X1   0.314   1.587    4.167  
      u_visitor/g821          -            OR2X1      0.000   1.587    4.167  
      u_visitor/g821          B v -> Y v   OR2X1      0.293   1.880    4.461  
      u_visitor/g819          -            CLKINVX1   0.000   1.880    4.461  
      u_visitor/g819          A v -> Y ^   CLKINVX1   0.104   1.984    4.565  
      u_visitor/g813          -            AOI32XL    0.000   1.984    4.565  
      u_visitor/g813          B0 ^ -> Y v  AOI32XL    0.084   2.068    4.648  
      u_visitor/g806          -            OAI2BB1XL  0.000   2.068    4.648  
      u_visitor/g806          B0 v -> Y ^  OAI2BB1XL  0.070   2.138    4.719  
      u_visitor/count_reg[3]  -            DFFRX1     0.000   2.138    4.719  
      -------------------------------------------------------------------------
Path 29: MET Setup Check with Pin u_temp_ctrl/heater_on_reg/CK 
Endpoint:   u_temp_ctrl/heater_on_reg/D (v) checked with  leading edge of 'clk'
Beginpoint: temp_setpoint_r_reg[2]/Q    (v) triggered by  leading edge of 'clk'
Path Groups: {clk}
Retime Analysis { Data Path-Slew }
Other End Arrival Time          0.000
- Setup                         0.104
+ Phase Shift                   5.000
- Uncertainty                   0.100
= Required Time                 4.796
- Arrival Time                  2.269
= Slack Time                    2.526
= Slack Time(original)          2.517
     Clock Rise Edge                 0.000
     + Clock Network Latency (Ideal) 0.000
     = Beginpoint Arrival Time       0.000
      ---------------------------------------------------------------------------
      Instance                   Arc          Cell      Retime  Arrival  Required  
                                                        Delay   Time     Time  
      ---------------------------------------------------------------------------
      temp_setpoint_r_reg[2]     CK ^         -         -       0.000    2.527  
      temp_setpoint_r_reg[2]     CK ^ -> Q v  DFFRHQX1  0.366   0.366    2.893  
      u_temp_ctrl/g2418          -            NOR2XL    0.000   0.366    2.893  
      u_temp_ctrl/g2418          A v -> Y ^   NOR2XL    0.175   0.542    3.068  
      u_temp_ctrl/g2408          -            NAND2XL   0.000   0.542    3.068  
      u_temp_ctrl/g2408          B ^ -> Y v   NAND2XL   0.192   0.734    3.260  
      u_temp_ctrl/g2393          -            NOR2XL    0.000   0.734    3.260  
      u_temp_ctrl/g2393          B v -> Y ^   NOR2XL    0.209   0.942    3.469  
      u_temp_ctrl/g2382          -            NAND2XL   0.000   0.942    3.469  
      u_temp_ctrl/g2382          B ^ -> Y v   NAND2XL   0.176   1.118    3.645  
      u_temp_ctrl/g2377          -            NOR2XL    0.000   1.118    3.645  
      u_temp_ctrl/g2377          B v -> Y ^   NOR2XL    0.206   1.324    3.851  
      u_temp_ctrl/g2372          -            XNOR2X1   0.000   1.324    3.851  
      u_temp_ctrl/g2372          B ^ -> Y v   XNOR2X1   0.195   1.520    4.046  
      u_temp_ctrl/g2366          -            NOR2XL    0.000   1.520    4.046  
      u_temp_ctrl/g2366          B v -> Y ^   NOR2XL    0.157   1.676    4.203  
      u_temp_ctrl/g2365          -            INVX1     0.000   1.676    4.203  
      u_temp_ctrl/g2365          A ^ -> Y v   INVX1     0.054   1.731    4.257  
      u_temp_ctrl/g2363          -            AOI32X1   0.000   1.731    4.257  
      u_temp_ctrl/g2363          A2 v -> Y ^  AOI32X1   0.113   1.844    4.370  
      u_temp_ctrl/g2360          -            OAI31X1   0.000   1.844    4.370  
      u_temp_ctrl/g2360          B0 ^ -> Y v  OAI31X1   0.121   1.965    4.491  
      u_temp_ctrl/g2358          -            NOR2BX1   0.000   1.965    4.491  
      u_temp_ctrl/g2358          AN v -> Y v  NOR2BX1   0.157   2.121    4.648  
      u_temp_ctrl/g2357          -            MXI2XL    0.000   2.121    4.648  
      u_temp_ctrl/g2357          S0 v -> Y v  MXI2XL    0.148   2.269    4.796  
      u_temp_ctrl/heater_on_reg  -            DFFRHQX1  0.000   2.269    4.796  
      ---------------------------------------------------------------------------
Path 30: MET Setup Check with Pin u_visitor/count_reg[5]/CK 
Endpoint:   u_visitor/count_reg[5]/D (^) checked with  leading edge of 'clk'
Beginpoint: u_visitor/count_reg[1]/Q (^) triggered by  leading edge of 'clk'
Path Groups: {clk}
Retime Analysis { Data Path-Slew }
Other End Arrival Time          0.000
- Setup                         0.181
+ Phase Shift                   5.000
- Uncertainty                   0.100
= Required Time                 4.720
- Arrival Time                  2.163
= Slack Time                    2.557
= Slack Time(original)          2.520
     Clock Rise Edge                 0.000
     + Clock Network Latency (Ideal) 0.000
     = Beginpoint Arrival Time       0.000
      --------------------------------------------------------------------------
      Instance                Arc           Cell       Retime  Arrival  Required  
                                                       Delay   Time     Time  
      --------------------------------------------------------------------------
      u_visitor/count_reg[1]  CK ^          -          -       0.000    2.557  
      u_visitor/count_reg[1]  CK ^ -> Q ^   DFFRHQX1   0.372   0.372    2.929  
      u_visitor/g847          -             NAND2XL    0.000   0.372    2.929  
      u_visitor/g847          B ^ -> Y v    NAND2XL    0.174   0.545    3.102  
      u_visitor/g864          -             NOR2BX1    0.000   0.545    3.102  
      u_visitor/g864          B v -> Y ^    NOR2BX1    0.139   0.685    3.241  
      u_visitor/g839          -             NAND2XL    0.000   0.685    3.241  
      u_visitor/g839          B ^ -> Y v    NAND2XL    0.154   0.839    3.396  
      u_visitor/g2            -             NOR2BX1    0.000   0.839    3.396  
      u_visitor/g2            B v -> Y ^    NOR2BX1    0.131   0.970    3.526  
      u_visitor/g833          -             NAND2XL    0.000   0.970    3.526  
      u_visitor/g833          B ^ -> Y v    NAND2XL    0.135   1.105    3.662  
      u_visitor/g829          -             NOR2XL     0.000   1.105    3.662  
      u_visitor/g829          B v -> Y ^    NOR2XL     0.158   1.264    3.820  
      u_visitor/g827          -             AOI211X1   0.000   1.264    3.820  
      u_visitor/g827          A1 ^ -> Y v   AOI211X1   0.314   1.578    4.134  
      u_visitor/g821          -             OR2X1      0.000   1.578    4.134  
      u_visitor/g821          B v -> Y v    OR2X1      0.293   1.871    4.427  
      u_visitor/g814          -             OAI221XL   0.000   1.871    4.427  
      u_visitor/g814          A1 v -> Y ^   OAI221XL   0.147   2.018    4.575  
      u_visitor/g803          -             OAI2BB1XL  0.000   2.018    4.575  
      u_visitor/g803          A1N ^ -> Y ^  OAI2BB1XL  0.145   2.163    4.720  
      u_visitor/count_reg[5]  -             DFFRX1     0.000   2.163    4.720  
      --------------------------------------------------------------------------

