###############################################################
#  Generated by:      Cadence Tempus 20.10-p003_1
#  OS:                Linux x86_64(Host ID edatools-server2.iiitd.edu.in)
#  Generated on:      Mon Oct 27 17:53:57 2025
#  Design:            HA
#  Command:           report_timing > $report_dir/timing_report.rpt
###############################################################
Path 1: MET Setup Check with Pin u_visitor/count_reg[6]/CK 
Endpoint:   u_visitor/count_reg[6]/D (^) checked with  leading edge of 'clk'
Beginpoint: u_visitor/count_reg[0]/Q (^) triggered by  leading edge of 'clk'
Path Groups: {clk}
Other End Arrival Time          0.000
- Setup                         0.218
+ Phase Shift                   5.000
- Uncertainty                   0.100
= Required Time                 4.682
- Arrival Time                  2.303
= Slack Time                    2.379
     Clock Rise Edge                 0.000
     + Clock Network Latency (Ideal) 0.000
     = Beginpoint Arrival Time       0.000
      ------------------------------------------------------------------------
      Instance                Arc          Cell       Delay  Arrival  Required  
                                                             Time     Time  
      ------------------------------------------------------------------------
      u_visitor/count_reg[0]  CK ^         -          -      0.000    2.379  
      u_visitor/count_reg[0]  CK ^ -> Q ^  SDFFRHQX1  0.378  0.378    2.757  
      u_visitor/g847          A ^ -> Y v   NAND2XL    0.177  0.555    2.934  
      u_visitor/g864          B v -> Y ^   NOR2BX1    0.140  0.694    3.073  
      u_visitor/g839          B ^ -> Y v   NAND2XL    0.155  0.849    3.228  
      u_visitor/g2            B v -> Y ^   NOR2BX1    0.131  0.980    3.358  
      u_visitor/g833          B ^ -> Y v   NAND2XL    0.135  1.115    3.494  
      u_visitor/g829          B v -> Y ^   NOR2XL     0.158  1.273    3.652  
      u_visitor/g827          A1 ^ -> Y v  AOI211X1   0.314  1.587    3.966  
      u_visitor/g826          A v -> Y ^   INVX1      0.125  1.712    4.091  
      u_visitor/g825          B ^ -> Y v   NAND2XL    0.284  1.996    4.375  
      u_visitor/g817          C0 v -> Y ^  OAI211XL   0.115  2.111    4.490  
      u_visitor/g804          C0 ^ -> Y v  AOI222XL   0.102  2.213    4.592  
      u_visitor/g801          A v -> Y ^   INVXL      0.090  2.303    4.682  
      u_visitor/count_reg[6]  D ^          DFFRX1     0.000  2.303    4.682  
      ------------------------------------------------------------------------

