###############################################################
#  Generated by:      Cadence Tempus 20.10-p003_1
#  OS:                Linux x86_64(Host ID edatools-server2.iiitd.edu.in)
#  Generated on:      Mon Oct 27 17:53:57 2025
#  Design:            HA
#  Command:           report_wire_load > $report_dir/wireload.rpt
###############################################################
      ------------------------------------------------------------------------------------  
       Design Name     HA                       
        Wire Load Mode   segmented                
                                                
          Instance               Module           WireLoadModel   Library    SelctionType   
      ------------------------------------------------------------------------------------  
       -                 HA                       wlm             slow      user-asserted   
       u_appliances      appliances_controller    wlm             slow      user-asserted   
       u_burglar         burglar_alarm            wlm             slow      user-asserted   
       u_door_lock       door_lock_controller     wlm             slow      user-asserted   
       u_entertainment   entertainment_system     wlm             slow      user-asserted   
       u_humidity        humidity_controller      wlm             slow      user-asserted   
       u_lum_ctrl        luminosity_controller    wlm             slow      user-asserted   
       u_temp_ctrl       temperature_controller   wlm             slow      user-asserted   
       u_visitor         visitor_counter          wlm             slow      user-asserted   
       u_water_ctrl      water_level_controller   wlm             slow      user-asserted   
       u_window          window_treatment         wlm             slow      user-asserted   
      ------------------------------------------------------------------------------------  
