###############################################################
#  Generated by:      Cadence Tempus 20.10-p003_1
#  OS:                Linux x86_64(Host ID edatools-server2.iiitd.edu.in)
#  Generated on:      Tue Nov 18 14:00:56 2025
#  Design:            HA
#  Command:           report_analysis_coverage > $report_dir/analysis_coverage.rpt
###############################################################
    -------------------------------------------------------------------------------------------  
                                   TIMING CHECK COVERAGE SUMMARY                                  
    -------------------------------------------------------------------------------------------  
     Check Type                      No. of   Met              Violated         Untested         
                                     Checks                                                      
    -------------------------------------------------------------------------------------------  
    ExternalDelay (Early)          45        45 (100%)        0 (0%)           0 (0%)
    ExternalDelay (Late)           45        45 (100%)        0 (0%)           0 (0%)
    Hold                           180       176 (97%)        0 (0%)           4 (2%)
    PulseWidth                     531       316 (59%)        0 (0%)           215 (40%)
    Recovery                       272       23 (8%)          135 (49%)        114 (41%)
    Removal                        215       158 (73%)        0 (0%)           57 (26%)
    Setup                          180       107 (59%)        69 (38%)         4 (2%)
    -------------------------------------------------------------------------------------------
