###############################################################
#  Generated by:      Cadence Tempus 20.10-p003_1
#  OS:                Linux x86_64(Host ID edatools-server2.iiitd.edu.in)
#  Generated on:      Tue Nov 18 14:00:56 2025
#  Design:            HA
#  Command:           report_timing -early -max_paths 30 -nworst 30 -path_type full_clock -net > $report_dir/gba_hold.rpt
###############################################################
Path 1: MET Hold Check with Pin door_locked_r_reg/CK 
Endpoint:   door_locked_r_reg/D           (v) checked with  leading edge of 'clk'
Beginpoint: u_door_lock/door_locked_reg/Q (v) triggered by  leading edge of 'clk'
Path Groups: {clk}
Other End Arrival Time          0.000
+ Hold                          0.140
+ Phase Shift                   0.000
+ Uncertainty                   0.150
= Required Time                 0.290
  Arrival Time                  0.334
  Slack Time                    0.044
     Clock Rise Edge                      0.000
     = Beginpoint Arrival Time            0.000
     Timing Path:
      -----------------------------------------------------------------------------------------
      Pin                             Edge  Net              Cell      Delay  Arrival  Required  
                                                                              Time     Time  
      -----------------------------------------------------------------------------------------
      clk                             ^     clk              -         -      0.000    -0.044  
      u_door_lock/door_locked_reg/CK  ^     clk              DFFRHQX1  0.000  0.000    -0.044  
      u_door_lock/door_locked_reg/Q   v     door_locked_int  DFFRHQX1  0.334  0.334    0.290  
      door_locked_r_reg/D             v     door_locked_int  DFFRX1    0.000  0.334    0.290  
      -----------------------------------------------------------------------------------------
     Clock Rise Edge                      0.000
     = Beginpoint Arrival Time            0.000
     Other End Path:
      -----------------------------------------------------------------
      Pin                   Edge  Net  Cell    Delay  Arrival  Required  
                                                      Time     Time  
      -----------------------------------------------------------------
      clk                   ^     clk  -       -      0.000    0.044  
      door_locked_r_reg/CK  ^     clk  DFFRX1  0.000  0.000    0.044  
      -----------------------------------------------------------------
Path 2: MET Hold Check with Pin fan_on_r_reg/CK 
Endpoint:   fan_on_r_reg/D            (v) checked with  leading edge of 'clk'
Beginpoint: u_appliances/fan_on_reg/Q (v) triggered by  leading edge of 'clk'
Path Groups: {clk}
Other End Arrival Time          0.000
+ Hold                          0.140
+ Phase Shift                   0.000
+ Uncertainty                   0.150
= Required Time                 0.290
  Arrival Time                  0.334
  Slack Time                    0.044
     Clock Rise Edge                      0.000
     = Beginpoint Arrival Time            0.000
     Timing Path:
      --------------------------------------------------------------------------------
      Pin                         Edge  Net         Cell      Delay  Arrival  Required  
                                                                     Time     Time  
      --------------------------------------------------------------------------------
      clk                         ^     clk         -         -      0.000    -0.044  
      u_appliances/fan_on_reg/CK  ^     clk         DFFRHQX1  0.000  0.000    -0.044  
      u_appliances/fan_on_reg/Q   v     fan_on_int  DFFRHQX1  0.334  0.334    0.290  
      fan_on_r_reg/D              v     fan_on_int  DFFRX1    0.000  0.334    0.290  
      --------------------------------------------------------------------------------
     Clock Rise Edge                      0.000
     = Beginpoint Arrival Time            0.000
     Other End Path:
      ------------------------------------------------------------
      Pin              Edge  Net  Cell    Delay  Arrival  Required  
                                                 Time     Time  
      ------------------------------------------------------------
      clk              ^     clk  -       -      0.000    0.044  
      fan_on_r_reg/CK  ^     clk  DFFRX1  0.000  0.000    0.044  
      ------------------------------------------------------------
Path 3: MET Hold Check with Pin ac_on_r_reg/CK 
Endpoint:   ac_on_r_reg/D            (v) checked with  leading edge of 'clk'
Beginpoint: u_appliances/ac_on_reg/Q (v) triggered by  leading edge of 'clk'
Path Groups: {clk}
Other End Arrival Time          0.000
+ Hold                          0.140
+ Phase Shift                   0.000
+ Uncertainty                   0.150
= Required Time                 0.290
  Arrival Time                  0.334
  Slack Time                    0.044
     Clock Rise Edge                      0.000
     = Beginpoint Arrival Time            0.000
     Timing Path:
      ------------------------------------------------------------------------------
      Pin                        Edge  Net        Cell      Delay  Arrival  Required  
                                                                   Time     Time  
      ------------------------------------------------------------------------------
      clk                        ^     clk        -         -      0.000    -0.044  
      u_appliances/ac_on_reg/CK  ^     clk        DFFRHQX1  0.000  0.000    -0.044  
      u_appliances/ac_on_reg/Q   v     ac_on_int  DFFRHQX1  0.334  0.334    0.290  
      ac_on_r_reg/D              v     ac_on_int  DFFRX1    0.000  0.334    0.290  
      ------------------------------------------------------------------------------
     Clock Rise Edge                      0.000
     = Beginpoint Arrival Time            0.000
     Other End Path:
      -----------------------------------------------------------
      Pin             Edge  Net  Cell    Delay  Arrival  Required  
                                                Time     Time  
      -----------------------------------------------------------
      clk             ^     clk  -       -      0.000    0.044  
      ac_on_r_reg/CK  ^     clk  DFFRX1  0.000  0.000    0.044  
      -----------------------------------------------------------
Path 4: MET Hold Check with Pin lights_on_r_reg/CK 
Endpoint:   lights_on_r_reg/D            (v) checked with  leading edge of 'clk'
Beginpoint: u_appliances/lights_on_reg/Q (v) triggered by  leading edge of 'clk'
Path Groups: {clk}
Other End Arrival Time          0.000
+ Hold                          0.140
+ Phase Shift                   0.000
+ Uncertainty                   0.150
= Required Time                 0.290
  Arrival Time                  0.334
  Slack Time                    0.044
     Clock Rise Edge                      0.000
     = Beginpoint Arrival Time            0.000
     Timing Path:
      --------------------------------------------------------------------------------------
      Pin                            Edge  Net            Cell      Delay  Arrival  Required  
                                                                           Time     Time  
      --------------------------------------------------------------------------------------
      clk                            ^     clk            -         -      0.000    -0.044  
      u_appliances/lights_on_reg/CK  ^     clk            DFFRHQX1  0.000  0.000    -0.044  
      u_appliances/lights_on_reg/Q   v     lights_on_int  DFFRHQX1  0.334  0.334    0.290  
      lights_on_r_reg/D              v     lights_on_int  DFFRX1    0.000  0.334    0.290  
      --------------------------------------------------------------------------------------
     Clock Rise Edge                      0.000
     = Beginpoint Arrival Time            0.000
     Other End Path:
      ---------------------------------------------------------------
      Pin                 Edge  Net  Cell    Delay  Arrival  Required  
                                                    Time     Time  
      ---------------------------------------------------------------
      clk                 ^     clk  -       -      0.000    0.044  
      lights_on_r_reg/CK  ^     clk  DFFRX1  0.000  0.000    0.044  
      ---------------------------------------------------------------
Path 5: MET Hold Check with Pin lock_status_r_reg[1]/CK 
Endpoint:   lock_status_r_reg[1]/D           (v) checked with  leading edge of 'clk'
Beginpoint: u_door_lock/lock_status_reg[1]/Q (v) triggered by  leading edge of 'clk'
Path Groups: {clk}
Other End Arrival Time          0.000
+ Hold                          0.143
+ Phase Shift                   0.000
+ Uncertainty                   0.150
= Required Time                 0.293
  Arrival Time                  0.338
  Slack Time                    0.045
     Clock Rise Edge                      0.000
     = Beginpoint Arrival Time            0.000
     Timing Path:
      -----------------------------------------------------------------------------------------------
      Pin                                Edge  Net                 Cell      Delay  Arrival  Required  
                                                                                    Time     Time  
      -----------------------------------------------------------------------------------------------
      clk                                ^     clk                 -         -      0.000    -0.045  
      u_door_lock/lock_status_reg[1]/CK  ^     clk                 DFFRHQX1  0.000  0.000    -0.045  
      u_door_lock/lock_status_reg[1]/Q   v     lock_status_int[1]  DFFRHQX1  0.338  0.338    0.293  
      lock_status_r_reg[1]/D             v     lock_status_int[1]  DFFRHQX8  0.000  0.338    0.293  
      -----------------------------------------------------------------------------------------------
     Clock Rise Edge                      0.000
     = Beginpoint Arrival Time            0.000
     Other End Path:
      ----------------------------------------------------------------------
      Pin                      Edge  Net  Cell      Delay  Arrival  Required  
                                                           Time     Time  
      ----------------------------------------------------------------------
      clk                      ^     clk  -         -      0.000    0.045  
      lock_status_r_reg[1]/CK  ^     clk  DFFRHQX8  0.000  0.000    0.045  
      ----------------------------------------------------------------------
Path 6: MET Hold Check with Pin lock_status_r_reg[0]/CK 
Endpoint:   lock_status_r_reg[0]/D           (v) checked with  leading edge of 'clk'
Beginpoint: u_door_lock/lock_status_reg[0]/Q (v) triggered by  leading edge of 'clk'
Path Groups: {clk}
Other End Arrival Time          0.000
+ Hold                          0.143
+ Phase Shift                   0.000
+ Uncertainty                   0.150
= Required Time                 0.293
  Arrival Time                  0.338
  Slack Time                    0.045
     Clock Rise Edge                      0.000
     = Beginpoint Arrival Time            0.000
     Timing Path:
      -----------------------------------------------------------------------------------------------
      Pin                                Edge  Net                 Cell      Delay  Arrival  Required  
                                                                                    Time     Time  
      -----------------------------------------------------------------------------------------------
      clk                                ^     clk                 -         -      0.000    -0.045  
      u_door_lock/lock_status_reg[0]/CK  ^     clk                 DFFRHQX1  0.000  0.000    -0.045  
      u_door_lock/lock_status_reg[0]/Q   v     lock_status_int[0]  DFFRHQX1  0.338  0.338    0.293  
      lock_status_r_reg[0]/D             v     lock_status_int[0]  DFFRHQX8  0.000  0.338    0.293  
      -----------------------------------------------------------------------------------------------
     Clock Rise Edge                      0.000
     = Beginpoint Arrival Time            0.000
     Other End Path:
      ----------------------------------------------------------------------
      Pin                      Edge  Net  Cell      Delay  Arrival  Required  
                                                           Time     Time  
      ----------------------------------------------------------------------
      clk                      ^     clk  -         -      0.000    0.045  
      lock_status_r_reg[0]/CK  ^     clk  DFFRHQX8  0.000  0.000    0.045  
      ----------------------------------------------------------------------
Path 7: MET Hold Check with Pin led_brightness_r_reg[5]/CK 
Endpoint:   led_brightness_r_reg[5]/D          (v) checked with  leading edge of 'clk'
Beginpoint: u_lum_ctrl/led_brightness_reg[5]/Q (v) triggered by  leading edge of 'clk'
Path Groups: {clk}
Other End Arrival Time          0.000
+ Hold                          0.143
+ Phase Shift                   0.000
+ Uncertainty                   0.150
= Required Time                 0.293
  Arrival Time                  0.338
  Slack Time                    0.045
     Clock Rise Edge                      0.000
     = Beginpoint Arrival Time            0.000
     Timing Path:
      ----------------------------------------------------------------------------------------------------
      Pin                                  Edge  Net                    Cell      Delay  Arrival  Required  
                                                                                         Time     Time  
      ----------------------------------------------------------------------------------------------------
      clk                                  ^     clk                    -         -      0.000    -0.045  
      u_lum_ctrl/led_brightness_reg[5]/CK  ^     clk                    DFFRHQX1  0.000  0.000    -0.045  
      u_lum_ctrl/led_brightness_reg[5]/Q   v     led_brightness_int[5]  DFFRHQX1  0.338  0.338    0.293  
      led_brightness_r_reg[5]/D            v     led_brightness_int[5]  DFFRHQX8  0.000  0.338    0.293  
      ----------------------------------------------------------------------------------------------------
     Clock Rise Edge                      0.000
     = Beginpoint Arrival Time            0.000
     Other End Path:
      -------------------------------------------------------------------------
      Pin                         Edge  Net  Cell      Delay  Arrival  Required  
                                                              Time     Time  
      -------------------------------------------------------------------------
      clk                         ^     clk  -         -      0.000    0.045  
      led_brightness_r_reg[5]/CK  ^     clk  DFFRHQX8  0.000  0.000    0.045  
      -------------------------------------------------------------------------
Path 8: MET Hold Check with Pin led_brightness_r_reg[1]/CK 
Endpoint:   led_brightness_r_reg[1]/D          (v) checked with  leading edge of 'clk'
Beginpoint: u_lum_ctrl/led_brightness_reg[1]/Q (v) triggered by  leading edge of 'clk'
Path Groups: {clk}
Other End Arrival Time          0.000
+ Hold                          0.143
+ Phase Shift                   0.000
+ Uncertainty                   0.150
= Required Time                 0.293
  Arrival Time                  0.338
  Slack Time                    0.045
     Clock Rise Edge                      0.000
     = Beginpoint Arrival Time            0.000
     Timing Path:
      ----------------------------------------------------------------------------------------------------
      Pin                                  Edge  Net                    Cell      Delay  Arrival  Required  
                                                                                         Time     Time  
      ----------------------------------------------------------------------------------------------------
      clk                                  ^     clk                    -         -      0.000    -0.045  
      u_lum_ctrl/led_brightness_reg[1]/CK  ^     clk                    DFFRHQX1  0.000  0.000    -0.045  
      u_lum_ctrl/led_brightness_reg[1]/Q   v     led_brightness_int[1]  DFFRHQX1  0.338  0.338    0.293  
      led_brightness_r_reg[1]/D            v     led_brightness_int[1]  DFFRHQX8  0.000  0.338    0.293  
      ----------------------------------------------------------------------------------------------------
     Clock Rise Edge                      0.000
     = Beginpoint Arrival Time            0.000
     Other End Path:
      -------------------------------------------------------------------------
      Pin                         Edge  Net  Cell      Delay  Arrival  Required  
                                                              Time     Time  
      -------------------------------------------------------------------------
      clk                         ^     clk  -         -      0.000    0.045  
      led_brightness_r_reg[1]/CK  ^     clk  DFFRHQX8  0.000  0.000    0.045  
      -------------------------------------------------------------------------
Path 9: MET Hold Check with Pin led_brightness_r_reg[6]/CK 
Endpoint:   led_brightness_r_reg[6]/D          (v) checked with  leading edge of 'clk'
Beginpoint: u_lum_ctrl/led_brightness_reg[6]/Q (v) triggered by  leading edge of 'clk'
Path Groups: {clk}
Other End Arrival Time          0.000
+ Hold                          0.143
+ Phase Shift                   0.000
+ Uncertainty                   0.150
= Required Time                 0.293
  Arrival Time                  0.338
  Slack Time                    0.045
     Clock Rise Edge                      0.000
     = Beginpoint Arrival Time            0.000
     Timing Path:
      ----------------------------------------------------------------------------------------------------
      Pin                                  Edge  Net                    Cell      Delay  Arrival  Required  
                                                                                         Time     Time  
      ----------------------------------------------------------------------------------------------------
      clk                                  ^     clk                    -         -      0.000    -0.045  
      u_lum_ctrl/led_brightness_reg[6]/CK  ^     clk                    DFFRHQX1  0.000  0.000    -0.045  
      u_lum_ctrl/led_brightness_reg[6]/Q   v     led_brightness_int[6]  DFFRHQX1  0.338  0.338    0.293  
      led_brightness_r_reg[6]/D            v     led_brightness_int[6]  DFFRHQX8  0.000  0.338    0.293  
      ----------------------------------------------------------------------------------------------------
     Clock Rise Edge                      0.000
     = Beginpoint Arrival Time            0.000
     Other End Path:
      -------------------------------------------------------------------------
      Pin                         Edge  Net  Cell      Delay  Arrival  Required  
                                                              Time     Time  
      -------------------------------------------------------------------------
      clk                         ^     clk  -         -      0.000    0.045  
      led_brightness_r_reg[6]/CK  ^     clk  DFFRHQX8  0.000  0.000    0.045  
      -------------------------------------------------------------------------
Path 10: MET Hold Check with Pin humidifier_on_r_reg/CK 
Endpoint:   humidifier_on_r_reg/D          (v) checked with  leading edge of 'clk'
Beginpoint: u_humidity/humidifier_on_reg/Q (v) triggered by  leading edge of 'clk'
Path Groups: {clk}
Other End Arrival Time          0.000
+ Hold                          0.143
+ Phase Shift                   0.000
+ Uncertainty                   0.150
= Required Time                 0.293
  Arrival Time                  0.338
  Slack Time                    0.045
     Clock Rise Edge                      0.000
     = Beginpoint Arrival Time            0.000
     Timing Path:
      --------------------------------------------------------------------------------------------
      Pin                              Edge  Net                Cell      Delay  Arrival  Required  
                                                                                 Time     Time  
      --------------------------------------------------------------------------------------------
      clk                              ^     clk                -         -      0.000    -0.045  
      u_humidity/humidifier_on_reg/CK  ^     clk                DFFRHQX1  0.000  0.000    -0.045  
      u_humidity/humidifier_on_reg/Q   v     humidifier_on_int  DFFRHQX1  0.338  0.338    0.293  
      humidifier_on_r_reg/D            v     humidifier_on_int  DFFRHQX8  0.000  0.338    0.293  
      --------------------------------------------------------------------------------------------
     Clock Rise Edge                      0.000
     = Beginpoint Arrival Time            0.000
     Other End Path:
      ---------------------------------------------------------------------
      Pin                     Edge  Net  Cell      Delay  Arrival  Required  
                                                          Time     Time  
      ---------------------------------------------------------------------
      clk                     ^     clk  -         -      0.000    0.045  
      humidifier_on_r_reg/CK  ^     clk  DFFRHQX8  0.000  0.000    0.045  
      ---------------------------------------------------------------------
Path 11: MET Hold Check with Pin led_brightness_r_reg[0]/CK 
Endpoint:   led_brightness_r_reg[0]/D          (v) checked with  leading edge of 'clk'
Beginpoint: u_lum_ctrl/led_brightness_reg[0]/Q (v) triggered by  leading edge of 'clk'
Path Groups: {clk}
Other End Arrival Time          0.000
+ Hold                          0.143
+ Phase Shift                   0.000
+ Uncertainty                   0.150
= Required Time                 0.293
  Arrival Time                  0.338
  Slack Time                    0.045
     Clock Rise Edge                      0.000
     = Beginpoint Arrival Time            0.000
     Timing Path:
      ----------------------------------------------------------------------------------------------------
      Pin                                  Edge  Net                    Cell      Delay  Arrival  Required  
                                                                                         Time     Time  
      ----------------------------------------------------------------------------------------------------
      clk                                  ^     clk                    -         -      0.000    -0.045  
      u_lum_ctrl/led_brightness_reg[0]/CK  ^     clk                    DFFRHQX1  0.000  0.000    -0.045  
      u_lum_ctrl/led_brightness_reg[0]/Q   v     led_brightness_int[0]  DFFRHQX1  0.338  0.338    0.293  
      led_brightness_r_reg[0]/D            v     led_brightness_int[0]  DFFRHQX8  0.000  0.338    0.293  
      ----------------------------------------------------------------------------------------------------
     Clock Rise Edge                      0.000
     = Beginpoint Arrival Time            0.000
     Other End Path:
      -------------------------------------------------------------------------
      Pin                         Edge  Net  Cell      Delay  Arrival  Required  
                                                              Time     Time  
      -------------------------------------------------------------------------
      clk                         ^     clk  -         -      0.000    0.045  
      led_brightness_r_reg[0]/CK  ^     clk  DFFRHQX8  0.000  0.000    0.045  
      -------------------------------------------------------------------------
Path 12: MET Hold Check with Pin led_brightness_r_reg[3]/CK 
Endpoint:   led_brightness_r_reg[3]/D          (v) checked with  leading edge of 'clk'
Beginpoint: u_lum_ctrl/led_brightness_reg[3]/Q (v) triggered by  leading edge of 'clk'
Path Groups: {clk}
Other End Arrival Time          0.000
+ Hold                          0.143
+ Phase Shift                   0.000
+ Uncertainty                   0.150
= Required Time                 0.293
  Arrival Time                  0.338
  Slack Time                    0.045
     Clock Rise Edge                      0.000
     = Beginpoint Arrival Time            0.000
     Timing Path:
      ----------------------------------------------------------------------------------------------------
      Pin                                  Edge  Net                    Cell      Delay  Arrival  Required  
                                                                                         Time     Time  
      ----------------------------------------------------------------------------------------------------
      clk                                  ^     clk                    -         -      0.000    -0.045  
      u_lum_ctrl/led_brightness_reg[3]/CK  ^     clk                    DFFRHQX1  0.000  0.000    -0.045  
      u_lum_ctrl/led_brightness_reg[3]/Q   v     led_brightness_int[3]  DFFRHQX1  0.338  0.338    0.293  
      led_brightness_r_reg[3]/D            v     led_brightness_int[3]  DFFRHQX8  0.000  0.338    0.293  
      ----------------------------------------------------------------------------------------------------
     Clock Rise Edge                      0.000
     = Beginpoint Arrival Time            0.000
     Other End Path:
      -------------------------------------------------------------------------
      Pin                         Edge  Net  Cell      Delay  Arrival  Required  
                                                              Time     Time  
      -------------------------------------------------------------------------
      clk                         ^     clk  -         -      0.000    0.045  
      led_brightness_r_reg[3]/CK  ^     clk  DFFRHQX8  0.000  0.000    0.045  
      -------------------------------------------------------------------------
Path 13: MET Hold Check with Pin dehumidifier_on_r_reg/CK 
Endpoint:   dehumidifier_on_r_reg/D          (v) checked with  leading edge of 'clk'
Beginpoint: u_humidity/dehumidifier_on_reg/Q (v) triggered by  leading edge of 'clk'
Path Groups: {clk}
Other End Arrival Time          0.000
+ Hold                          0.143
+ Phase Shift                   0.000
+ Uncertainty                   0.150
= Required Time                 0.293
  Arrival Time                  0.338
  Slack Time                    0.045
     Clock Rise Edge                      0.000
     = Beginpoint Arrival Time            0.000
     Timing Path:
      ------------------------------------------------------------------------------------------------
      Pin                                Edge  Net                  Cell      Delay  Arrival  Required  
                                                                                     Time     Time  
      ------------------------------------------------------------------------------------------------
      clk                                ^     clk                  -         -      0.000    -0.045  
      u_humidity/dehumidifier_on_reg/CK  ^     clk                  DFFRHQX1  0.000  0.000    -0.045  
      u_humidity/dehumidifier_on_reg/Q   v     dehumidifier_on_int  DFFRHQX1  0.338  0.338    0.293  
      dehumidifier_on_r_reg/D            v     dehumidifier_on_int  DFFRHQX8  0.000  0.338    0.293  
      ------------------------------------------------------------------------------------------------
     Clock Rise Edge                      0.000
     = Beginpoint Arrival Time            0.000
     Other End Path:
      -----------------------------------------------------------------------
      Pin                       Edge  Net  Cell      Delay  Arrival  Required  
                                                            Time     Time  
      -----------------------------------------------------------------------
      clk                       ^     clk  -         -      0.000    0.045  
      dehumidifier_on_r_reg/CK  ^     clk  DFFRHQX8  0.000  0.000    0.045  
      -----------------------------------------------------------------------
Path 14: MET Hold Check with Pin led_brightness_r_reg[7]/CK 
Endpoint:   led_brightness_r_reg[7]/D          (v) checked with  leading edge of 'clk'
Beginpoint: u_lum_ctrl/led_brightness_reg[7]/Q (v) triggered by  leading edge of 'clk'
Path Groups: {clk}
Other End Arrival Time          0.000
+ Hold                          0.143
+ Phase Shift                   0.000
+ Uncertainty                   0.150
= Required Time                 0.293
  Arrival Time                  0.338
  Slack Time                    0.045
     Clock Rise Edge                      0.000
     = Beginpoint Arrival Time            0.000
     Timing Path:
      ----------------------------------------------------------------------------------------------------
      Pin                                  Edge  Net                    Cell      Delay  Arrival  Required  
                                                                                         Time     Time  
      ----------------------------------------------------------------------------------------------------
      clk                                  ^     clk                    -         -      0.000    -0.045  
      u_lum_ctrl/led_brightness_reg[7]/CK  ^     clk                    DFFRHQX1  0.000  0.000    -0.045  
      u_lum_ctrl/led_brightness_reg[7]/Q   v     led_brightness_int[7]  DFFRHQX1  0.338  0.338    0.293  
      led_brightness_r_reg[7]/D            v     led_brightness_int[7]  DFFRHQX8  0.000  0.338    0.293  
      ----------------------------------------------------------------------------------------------------
     Clock Rise Edge                      0.000
     = Beginpoint Arrival Time            0.000
     Other End Path:
      -------------------------------------------------------------------------
      Pin                         Edge  Net  Cell      Delay  Arrival  Required  
                                                              Time     Time  
      -------------------------------------------------------------------------
      clk                         ^     clk  -         -      0.000    0.045  
      led_brightness_r_reg[7]/CK  ^     clk  DFFRHQX8  0.000  0.000    0.045  
      -------------------------------------------------------------------------
Path 15: MET Hold Check with Pin led_brightness_r_reg[2]/CK 
Endpoint:   led_brightness_r_reg[2]/D          (v) checked with  leading edge of 'clk'
Beginpoint: u_lum_ctrl/led_brightness_reg[2]/Q (v) triggered by  leading edge of 'clk'
Path Groups: {clk}
Other End Arrival Time          0.000
+ Hold                          0.143
+ Phase Shift                   0.000
+ Uncertainty                   0.150
= Required Time                 0.293
  Arrival Time                  0.338
  Slack Time                    0.045
     Clock Rise Edge                      0.000
     = Beginpoint Arrival Time            0.000
     Timing Path:
      ----------------------------------------------------------------------------------------------------
      Pin                                  Edge  Net                    Cell      Delay  Arrival  Required  
                                                                                         Time     Time  
      ----------------------------------------------------------------------------------------------------
      clk                                  ^     clk                    -         -      0.000    -0.045  
      u_lum_ctrl/led_brightness_reg[2]/CK  ^     clk                    DFFRHQX1  0.000  0.000    -0.045  
      u_lum_ctrl/led_brightness_reg[2]/Q   v     led_brightness_int[2]  DFFRHQX1  0.338  0.338    0.293  
      led_brightness_r_reg[2]/D            v     led_brightness_int[2]  DFFRHQX8  0.000  0.338    0.293  
      ----------------------------------------------------------------------------------------------------
     Clock Rise Edge                      0.000
     = Beginpoint Arrival Time            0.000
     Other End Path:
      -------------------------------------------------------------------------
      Pin                         Edge  Net  Cell      Delay  Arrival  Required  
                                                              Time     Time  
      -------------------------------------------------------------------------
      clk                         ^     clk  -         -      0.000    0.045  
      led_brightness_r_reg[2]/CK  ^     clk  DFFRHQX8  0.000  0.000    0.045  
      -------------------------------------------------------------------------
Path 16: MET Hold Check with Pin led_brightness_r_reg[4]/CK 
Endpoint:   led_brightness_r_reg[4]/D          (v) checked with  leading edge of 'clk'
Beginpoint: u_lum_ctrl/led_brightness_reg[4]/Q (v) triggered by  leading edge of 'clk'
Path Groups: {clk}
Other End Arrival Time          0.000
+ Hold                          0.143
+ Phase Shift                   0.000
+ Uncertainty                   0.150
= Required Time                 0.293
  Arrival Time                  0.338
  Slack Time                    0.045
     Clock Rise Edge                      0.000
     = Beginpoint Arrival Time            0.000
     Timing Path:
      ----------------------------------------------------------------------------------------------------
      Pin                                  Edge  Net                    Cell      Delay  Arrival  Required  
                                                                                         Time     Time  
      ----------------------------------------------------------------------------------------------------
      clk                                  ^     clk                    -         -      0.000    -0.045  
      u_lum_ctrl/led_brightness_reg[4]/CK  ^     clk                    DFFRHQX1  0.000  0.000    -0.045  
      u_lum_ctrl/led_brightness_reg[4]/Q   v     led_brightness_int[4]  DFFRHQX1  0.338  0.338    0.293  
      led_brightness_r_reg[4]/D            v     led_brightness_int[4]  DFFRHQX8  0.000  0.338    0.293  
      ----------------------------------------------------------------------------------------------------
     Clock Rise Edge                      0.000
     = Beginpoint Arrival Time            0.000
     Other End Path:
      -------------------------------------------------------------------------
      Pin                         Edge  Net  Cell      Delay  Arrival  Required  
                                                              Time     Time  
      -------------------------------------------------------------------------
      clk                         ^     clk  -         -      0.000    0.045  
      led_brightness_r_reg[4]/CK  ^     clk  DFFRHQX8  0.000  0.000    0.045  
      -------------------------------------------------------------------------
Path 17: MET Hold Check with Pin music_on_r_reg/CK 
Endpoint:   music_on_r_reg/D               (v) checked with  leading edge of 'clk'
Beginpoint: u_entertainment/music_on_reg/Q (v) triggered by  leading edge of 'clk'
Path Groups: {clk}
Other End Arrival Time          0.000
+ Hold                          0.143
+ Phase Shift                   0.000
+ Uncertainty                   0.150
= Required Time                 0.293
  Arrival Time                  0.338
  Slack Time                    0.045
     Clock Rise Edge                      0.000
     = Beginpoint Arrival Time            0.000
     Timing Path:
      ---------------------------------------------------------------------------------------
      Pin                              Edge  Net           Cell      Delay  Arrival  Required  
                                                                            Time     Time  
      ---------------------------------------------------------------------------------------
      clk                              ^     clk           -         -      0.000    -0.045  
      u_entertainment/music_on_reg/CK  ^     clk           DFFRHQX1  0.000  0.000    -0.045  
      u_entertainment/music_on_reg/Q   v     music_on_int  DFFRHQX1  0.338  0.338    0.293  
      music_on_r_reg/D                 v     music_on_int  DFFRHQX8  0.000  0.338    0.293  
      ---------------------------------------------------------------------------------------
     Clock Rise Edge                      0.000
     = Beginpoint Arrival Time            0.000
     Other End Path:
      ----------------------------------------------------------------
      Pin                Edge  Net  Cell      Delay  Arrival  Required  
                                                     Time     Time  
      ----------------------------------------------------------------
      clk                ^     clk  -         -      0.000    0.045  
      music_on_r_reg/CK  ^     clk  DFFRHQX8  0.000  0.000    0.045  
      ----------------------------------------------------------------
Path 18: MET Hold Check with Pin tv_on_r_reg/CK 
Endpoint:   tv_on_r_reg/D               (v) checked with  leading edge of 'clk'
Beginpoint: u_entertainment/tv_on_reg/Q (v) triggered by  leading edge of 'clk'
Path Groups: {clk}
Other End Arrival Time          0.000
+ Hold                          0.143
+ Phase Shift                   0.000
+ Uncertainty                   0.150
= Required Time                 0.293
  Arrival Time                  0.338
  Slack Time                    0.045
     Clock Rise Edge                      0.000
     = Beginpoint Arrival Time            0.000
     Timing Path:
      ---------------------------------------------------------------------------------
      Pin                           Edge  Net        Cell      Delay  Arrival  Required  
                                                                      Time     Time  
      ---------------------------------------------------------------------------------
      clk                           ^     clk        -         -      0.000    -0.045  
      u_entertainment/tv_on_reg/CK  ^     clk        DFFRHQX1  0.000  0.000    -0.045  
      u_entertainment/tv_on_reg/Q   v     tv_on_int  DFFRHQX1  0.338  0.338    0.293  
      tv_on_r_reg/D                 v     tv_on_int  DFFRHQX8  0.000  0.338    0.293  
      ---------------------------------------------------------------------------------
     Clock Rise Edge                      0.000
     = Beginpoint Arrival Time            0.000
     Other End Path:
      -------------------------------------------------------------
      Pin             Edge  Net  Cell      Delay  Arrival  Required  
                                                  Time     Time  
      -------------------------------------------------------------
      clk             ^     clk  -         -      0.000    0.045  
      tv_on_r_reg/CK  ^     clk  DFFRHQX8  0.000  0.000    0.045  
      -------------------------------------------------------------
Path 19: MET Hold Check with Pin water_valve_close_r_reg/CK 
Endpoint:   water_valve_close_r_reg/D      (v) checked with  leading edge of 'clk'
Beginpoint: u_water_ctrl/valve_close_reg/Q (v) triggered by  leading edge of 'clk'
Path Groups: {clk}
Other End Arrival Time          0.000
+ Hold                          0.143
+ Phase Shift                   0.000
+ Uncertainty                   0.150
= Required Time                 0.293
  Arrival Time                  0.338
  Slack Time                    0.045
     Clock Rise Edge                      0.000
     = Beginpoint Arrival Time            0.000
     Timing Path:
      ------------------------------------------------------------------------------------------------
      Pin                              Edge  Net                    Cell      Delay  Arrival  Required  
                                                                                     Time     Time  
      ------------------------------------------------------------------------------------------------
      clk                              ^     clk                    -         -      0.000    -0.045  
      u_water_ctrl/valve_close_reg/CK  ^     clk                    DFFRHQX1  0.000  0.000    -0.045  
      u_water_ctrl/valve_close_reg/Q   v     water_valve_close_int  DFFRHQX1  0.338  0.338    0.293  
      water_valve_close_r_reg/D        v     water_valve_close_int  DFFRHQX8  0.000  0.338    0.293  
      ------------------------------------------------------------------------------------------------
     Clock Rise Edge                      0.000
     = Beginpoint Arrival Time            0.000
     Other End Path:
      -------------------------------------------------------------------------
      Pin                         Edge  Net  Cell      Delay  Arrival  Required  
                                                              Time     Time  
      -------------------------------------------------------------------------
      clk                         ^     clk  -         -      0.000    0.045  
      water_valve_close_r_reg/CK  ^     clk  DFFRHQX8  0.000  0.000    0.045  
      -------------------------------------------------------------------------
Path 20: MET Hold Check with Pin volume_level_r_reg[1]/CK 
Endpoint:   volume_level_r_reg[1]/D               (v) checked with  leading edge of 'clk'
Beginpoint: u_entertainment/volume_level_reg[1]/Q (v) triggered by  leading edge of 'clk'
Path Groups: {clk}
Other End Arrival Time          0.000
+ Hold                          0.146
+ Phase Shift                   0.000
+ Uncertainty                   0.150
= Required Time                 0.296
  Arrival Time                  0.344
  Slack Time                    0.048
     Clock Rise Edge                      0.000
     = Beginpoint Arrival Time            0.000
     Timing Path:
      ------------------------------------------------------------------------------------------------------
      Pin                                     Edge  Net                  Cell       Delay  Arrival  Required  
                                                                                           Time     Time  
      ------------------------------------------------------------------------------------------------------
      clk                                     ^     clk                  -          -      0.000    -0.048  
      u_entertainment/volume_level_reg[1]/CK  ^     clk                  SDFFRHQX1  0.000  0.000    -0.048  
      u_entertainment/volume_level_reg[1]/Q   v     volume_level_int[1]  SDFFRHQX1  0.344  0.344    0.296  
      volume_level_r_reg[1]/D                 v     volume_level_int[1]  DFFRHQX8   0.000  0.344    0.296  
      ------------------------------------------------------------------------------------------------------
     Clock Rise Edge                      0.000
     = Beginpoint Arrival Time            0.000
     Other End Path:
      -----------------------------------------------------------------------
      Pin                       Edge  Net  Cell      Delay  Arrival  Required  
                                                            Time     Time  
      -----------------------------------------------------------------------
      clk                       ^     clk  -         -      0.000    0.048  
      volume_level_r_reg[1]/CK  ^     clk  DFFRHQX8  0.000  0.000    0.048  
      -----------------------------------------------------------------------
Path 21: MET Hold Check with Pin volume_level_r_reg[3]/CK 
Endpoint:   volume_level_r_reg[3]/D               (v) checked with  leading edge of 'clk'
Beginpoint: u_entertainment/volume_level_reg[3]/Q (v) triggered by  leading edge of 'clk'
Path Groups: {clk}
Other End Arrival Time          0.000
+ Hold                          0.146
+ Phase Shift                   0.000
+ Uncertainty                   0.150
= Required Time                 0.296
  Arrival Time                  0.344
  Slack Time                    0.048
     Clock Rise Edge                      0.000
     = Beginpoint Arrival Time            0.000
     Timing Path:
      ------------------------------------------------------------------------------------------------------
      Pin                                     Edge  Net                  Cell       Delay  Arrival  Required  
                                                                                           Time     Time  
      ------------------------------------------------------------------------------------------------------
      clk                                     ^     clk                  -          -      0.000    -0.048  
      u_entertainment/volume_level_reg[3]/CK  ^     clk                  SDFFRHQX1  0.000  0.000    -0.048  
      u_entertainment/volume_level_reg[3]/Q   v     volume_level_int[3]  SDFFRHQX1  0.344  0.344    0.296  
      volume_level_r_reg[3]/D                 v     volume_level_int[3]  DFFRHQX8   0.000  0.344    0.296  
      ------------------------------------------------------------------------------------------------------
     Clock Rise Edge                      0.000
     = Beginpoint Arrival Time            0.000
     Other End Path:
      -----------------------------------------------------------------------
      Pin                       Edge  Net  Cell      Delay  Arrival  Required  
                                                            Time     Time  
      -----------------------------------------------------------------------
      clk                       ^     clk  -         -      0.000    0.048  
      volume_level_r_reg[3]/CK  ^     clk  DFFRHQX8  0.000  0.000    0.048  
      -----------------------------------------------------------------------
Path 22: MET Hold Check with Pin window_state_r_reg[0]/CK 
Endpoint:   window_state_r_reg[0]/D        (v) checked with  leading edge of 'clk'
Beginpoint: u_window/window_state_reg[0]/Q (v) triggered by  leading edge of 'clk'
Path Groups: {clk}
Other End Arrival Time          0.000
+ Hold                          0.146
+ Phase Shift                   0.000
+ Uncertainty                   0.150
= Required Time                 0.296
  Arrival Time                  0.349
  Slack Time                    0.053
     Clock Rise Edge                      0.000
     = Beginpoint Arrival Time            0.000
     Timing Path:
      ----------------------------------------------------------------------------------------------
      Pin                              Edge  Net                  Cell      Delay  Arrival  Required  
                                                                                   Time     Time  
      ----------------------------------------------------------------------------------------------
      clk                              ^     clk                  -         -      0.000    -0.053  
      u_window/window_state_reg[0]/CK  ^     clk                  DFFRHQX1  0.000  0.000    -0.053  
      u_window/window_state_reg[0]/Q   v     window_state_int[0]  DFFRHQX1  0.349  0.349    0.296  
      window_state_r_reg[0]/D          v     window_state_int[0]  DFFRHQX8  0.000  0.349    0.296  
      ----------------------------------------------------------------------------------------------
     Clock Rise Edge                      0.000
     = Beginpoint Arrival Time            0.000
     Other End Path:
      -----------------------------------------------------------------------
      Pin                       Edge  Net  Cell      Delay  Arrival  Required  
                                                            Time     Time  
      -----------------------------------------------------------------------
      clk                       ^     clk  -         -      0.000    0.053  
      window_state_r_reg[0]/CK  ^     clk  DFFRHQX8  0.000  0.000    0.053  
      -----------------------------------------------------------------------
Path 23: MET Hold Check with Pin cooler_on_r_reg/CK 
Endpoint:   cooler_on_r_reg/D           (v) checked with  leading edge of 'clk'
Beginpoint: u_temp_ctrl/cooler_on_reg/Q (v) triggered by  leading edge of 'clk'
Path Groups: {clk}
Other End Arrival Time          0.000
+ Hold                          0.142
+ Phase Shift                   0.000
+ Uncertainty                   0.150
= Required Time                 0.292
  Arrival Time                  0.346
  Slack Time                    0.053
     Clock Rise Edge                      0.000
     = Beginpoint Arrival Time            0.000
     Timing Path:
      -------------------------------------------------------------------------------------
      Pin                           Edge  Net            Cell      Delay  Arrival  Required  
                                                                          Time     Time  
      -------------------------------------------------------------------------------------
      clk                           ^     clk            -         -      0.000    -0.053  
      u_temp_ctrl/cooler_on_reg/CK  ^     clk            DFFRHQX1  0.000  0.000    -0.053  
      u_temp_ctrl/cooler_on_reg/Q   v     cooler_on_int  DFFRHQX1  0.346  0.346    0.292  
      cooler_on_r_reg/D             v     cooler_on_int  DFFRX1    0.000  0.346    0.292  
      -------------------------------------------------------------------------------------
     Clock Rise Edge                      0.000
     = Beginpoint Arrival Time            0.000
     Other End Path:
      ---------------------------------------------------------------
      Pin                 Edge  Net  Cell    Delay  Arrival  Required  
                                                    Time     Time  
      ---------------------------------------------------------------
      clk                 ^     clk  -       -      0.000    0.053  
      cooler_on_r_reg/CK  ^     clk  DFFRX1  0.000  0.000    0.053  
      ---------------------------------------------------------------
Path 24: MET Hold Check with Pin heater_on_r_reg/CK 
Endpoint:   heater_on_r_reg/D           (v) checked with  leading edge of 'clk'
Beginpoint: u_temp_ctrl/heater_on_reg/Q (v) triggered by  leading edge of 'clk'
Path Groups: {clk}
Other End Arrival Time          0.000
+ Hold                          0.142
+ Phase Shift                   0.000
+ Uncertainty                   0.150
= Required Time                 0.292
  Arrival Time                  0.346
  Slack Time                    0.053
     Clock Rise Edge                      0.000
     = Beginpoint Arrival Time            0.000
     Timing Path:
      -------------------------------------------------------------------------------------
      Pin                           Edge  Net            Cell      Delay  Arrival  Required  
                                                                          Time     Time  
      -------------------------------------------------------------------------------------
      clk                           ^     clk            -         -      0.000    -0.053  
      u_temp_ctrl/heater_on_reg/CK  ^     clk            DFFRHQX1  0.000  0.000    -0.053  
      u_temp_ctrl/heater_on_reg/Q   v     heater_on_int  DFFRHQX1  0.346  0.346    0.292  
      heater_on_r_reg/D             v     heater_on_int  DFFRX1    0.000  0.346    0.292  
      -------------------------------------------------------------------------------------
     Clock Rise Edge                      0.000
     = Beginpoint Arrival Time            0.000
     Other End Path:
      ---------------------------------------------------------------
      Pin                 Edge  Net  Cell    Delay  Arrival  Required  
                                                    Time     Time  
      ---------------------------------------------------------------
      clk                 ^     clk  -       -      0.000    0.053  
      heater_on_r_reg/CK  ^     clk  DFFRX1  0.000  0.000    0.053  
      ---------------------------------------------------------------
Path 25: MET Hold Check with Pin burglar_alarm_out_r_reg/CK 
Endpoint:   burglar_alarm_out_r_reg/D (v) checked with  leading edge of 'clk'
Beginpoint: u_burglar/alarm_out_reg/Q (v) triggered by  leading edge of 'clk'
Path Groups: {clk}
Other End Arrival Time          0.000
+ Hold                          0.142
+ Phase Shift                   0.000
+ Uncertainty                   0.150
= Required Time                 0.292
  Arrival Time                  0.346
  Slack Time                    0.054
     Clock Rise Edge                      0.000
     = Beginpoint Arrival Time            0.000
     Timing Path:
      -------------------------------------------------------------------------------------------
      Pin                         Edge  Net                    Cell      Delay  Arrival  Required  
                                                                                Time     Time  
      -------------------------------------------------------------------------------------------
      clk                         ^     clk                    -         -      0.000    -0.054  
      u_burglar/alarm_out_reg/CK  ^     clk                    DFFRHQX1  0.000  0.000    -0.054  
      u_burglar/alarm_out_reg/Q   v     burglar_alarm_out_int  DFFRHQX1  0.346  0.346    0.292  
      burglar_alarm_out_r_reg/D   v     burglar_alarm_out_int  DFFRX1    0.000  0.346    0.292  
      -------------------------------------------------------------------------------------------
     Clock Rise Edge                      0.000
     = Beginpoint Arrival Time            0.000
     Other End Path:
      -----------------------------------------------------------------------
      Pin                         Edge  Net  Cell    Delay  Arrival  Required  
                                                            Time     Time  
      -----------------------------------------------------------------------
      clk                         ^     clk  -       -      0.000    0.054  
      burglar_alarm_out_r_reg/CK  ^     clk  DFFRX1  0.000  0.000    0.054  
      -----------------------------------------------------------------------
Path 26: MET Hold Check with Pin volume_level_r_reg[0]/CK 
Endpoint:   volume_level_r_reg[0]/D               (v) checked with  leading edge of 'clk'
Beginpoint: u_entertainment/volume_level_reg[0]/Q (v) triggered by  leading edge of 'clk'
Path Groups: {clk}
Other End Arrival Time          0.000
+ Hold                          0.146
+ Phase Shift                   0.000
+ Uncertainty                   0.150
= Required Time                 0.296
  Arrival Time                  0.356
  Slack Time                    0.060
     Clock Rise Edge                      0.000
     = Beginpoint Arrival Time            0.000
     Timing Path:
      ------------------------------------------------------------------------------------------------------
      Pin                                     Edge  Net                  Cell       Delay  Arrival  Required  
                                                                                           Time     Time  
      ------------------------------------------------------------------------------------------------------
      clk                                     ^     clk                  -          -      0.000    -0.060  
      u_entertainment/volume_level_reg[0]/CK  ^     clk                  SDFFSHQX1  0.000  0.000    -0.060  
      u_entertainment/volume_level_reg[0]/Q   v     volume_level_int[0]  SDFFSHQX1  0.356  0.356    0.296  
      volume_level_r_reg[0]/D                 v     volume_level_int[0]  DFFRHQX8   0.000  0.356    0.296  
      ------------------------------------------------------------------------------------------------------
     Clock Rise Edge                      0.000
     = Beginpoint Arrival Time            0.000
     Other End Path:
      -----------------------------------------------------------------------
      Pin                       Edge  Net  Cell      Delay  Arrival  Required  
                                                            Time     Time  
      -----------------------------------------------------------------------
      clk                       ^     clk  -         -      0.000    0.060  
      volume_level_r_reg[0]/CK  ^     clk  DFFRHQX8  0.000  0.000    0.060  
      -----------------------------------------------------------------------
Path 27: MET Hold Check with Pin volume_level_r_reg[2]/CK 
Endpoint:   volume_level_r_reg[2]/D               (v) checked with  leading edge of 'clk'
Beginpoint: u_entertainment/volume_level_reg[2]/Q (v) triggered by  leading edge of 'clk'
Path Groups: {clk}
Other End Arrival Time          0.000
+ Hold                          0.146
+ Phase Shift                   0.000
+ Uncertainty                   0.150
= Required Time                 0.296
  Arrival Time                  0.356
  Slack Time                    0.060
     Clock Rise Edge                      0.000
     = Beginpoint Arrival Time            0.000
     Timing Path:
      ------------------------------------------------------------------------------------------------------
      Pin                                     Edge  Net                  Cell       Delay  Arrival  Required  
                                                                                           Time     Time  
      ------------------------------------------------------------------------------------------------------
      clk                                     ^     clk                  -          -      0.000    -0.060  
      u_entertainment/volume_level_reg[2]/CK  ^     clk                  SDFFSHQX1  0.000  0.000    -0.060  
      u_entertainment/volume_level_reg[2]/Q   v     volume_level_int[2]  SDFFSHQX1  0.356  0.356    0.296  
      volume_level_r_reg[2]/D                 v     volume_level_int[2]  DFFRHQX8   0.000  0.356    0.296  
      ------------------------------------------------------------------------------------------------------
     Clock Rise Edge                      0.000
     = Beginpoint Arrival Time            0.000
     Other End Path:
      -----------------------------------------------------------------------
      Pin                       Edge  Net  Cell      Delay  Arrival  Required  
                                                            Time     Time  
      -----------------------------------------------------------------------
      clk                       ^     clk  -         -      0.000    0.060  
      volume_level_r_reg[2]/CK  ^     clk  DFFRHQX8  0.000  0.000    0.060  
      -----------------------------------------------------------------------
Path 28: MET Hold Check with Pin window_state_r_reg[1]/CK 
Endpoint:   window_state_r_reg[1]/D        (v) checked with  leading edge of 'clk'
Beginpoint: u_window/window_state_reg[1]/Q (v) triggered by  leading edge of 'clk'
Path Groups: {clk}
Other End Arrival Time          0.000
+ Hold                          0.146
+ Phase Shift                   0.000
+ Uncertainty                   0.150
= Required Time                 0.296
  Arrival Time                  0.356
  Slack Time                    0.060
     Clock Rise Edge                      0.000
     = Beginpoint Arrival Time            0.000
     Timing Path:
      ----------------------------------------------------------------------------------------------
      Pin                              Edge  Net                  Cell      Delay  Arrival  Required  
                                                                                   Time     Time  
      ----------------------------------------------------------------------------------------------
      clk                              ^     clk                  -         -      0.000    -0.060  
      u_window/window_state_reg[1]/CK  ^     clk                  DFFRHQX1  0.000  0.000    -0.060  
      u_window/window_state_reg[1]/Q   v     window_state_int[1]  DFFRHQX1  0.356  0.356    0.296  
      window_state_r_reg[1]/D          v     window_state_int[1]  DFFRHQX8  0.000  0.356    0.296  
      ----------------------------------------------------------------------------------------------
     Clock Rise Edge                      0.000
     = Beginpoint Arrival Time            0.000
     Other End Path:
      -----------------------------------------------------------------------
      Pin                       Edge  Net  Cell      Delay  Arrival  Required  
                                                            Time     Time  
      -----------------------------------------------------------------------
      clk                       ^     clk  -         -      0.000    0.060  
      window_state_r_reg[1]/CK  ^     clk  DFFRHQX8  0.000  0.000    0.060  
      -----------------------------------------------------------------------
Path 29: MET Hold Check with Pin water_pump_on_r_reg/CK 
Endpoint:   water_pump_on_r_reg/D      (v) checked with  leading edge of 'clk'
Beginpoint: u_water_ctrl/pump_on_reg/Q (v) triggered by  leading edge of 'clk'
Path Groups: {clk}
Other End Arrival Time          0.000
+ Hold                          0.131
+ Phase Shift                   0.000
+ Uncertainty                   0.150
= Required Time                 0.281
  Arrival Time                  0.341
  Slack Time                    0.060
     Clock Rise Edge                      0.000
     = Beginpoint Arrival Time            0.000
     Timing Path:
      -----------------------------------------------------------------------------------------
      Pin                          Edge  Net                Cell       Delay  Arrival  Required  
                                                                              Time     Time  
      -----------------------------------------------------------------------------------------
      clk                          ^     clk                -          -      0.000    -0.060  
      u_water_ctrl/pump_on_reg/CK  ^     clk                SDFFRHQX1  0.000  0.000    -0.060  
      u_water_ctrl/pump_on_reg/Q   v     water_pump_on_int  SDFFRHQX1  0.341  0.341    0.281  
      water_pump_on_r_reg/D        v     water_pump_on_int  DFFRX1     0.000  0.341    0.281  
      -----------------------------------------------------------------------------------------
     Clock Rise Edge                      0.000
     = Beginpoint Arrival Time            0.000
     Other End Path:
      -------------------------------------------------------------------
      Pin                     Edge  Net  Cell    Delay  Arrival  Required  
                                                        Time     Time  
      -------------------------------------------------------------------
      clk                     ^     clk  -       -      0.000    0.060  
      water_pump_on_r_reg/CK  ^     clk  DFFRX1  0.000  0.000    0.060  
      -------------------------------------------------------------------
Path 30: MET Hold Check with Pin visitor_count_r_reg[2]/CK 
Endpoint:   visitor_count_r_reg[2]/D (v) checked with  leading edge of 'clk'
Beginpoint: u_visitor/count_reg[2]/Q (v) triggered by  leading edge of 'clk'
Path Groups: {clk}
Other End Arrival Time          0.000
+ Hold                          0.145
+ Phase Shift                   0.000
+ Uncertainty                   0.150
= Required Time                 0.295
  Arrival Time                  0.361
  Slack Time                    0.067
     Clock Rise Edge                      0.000
     = Beginpoint Arrival Time            0.000
     Timing Path:
      ------------------------------------------------------------------------------------------
      Pin                        Edge  Net                   Cell       Delay  Arrival  Required  
                                                                               Time     Time  
      ------------------------------------------------------------------------------------------
      clk                        ^     clk                   -          -      0.000    -0.067  
      u_visitor/count_reg[2]/CK  ^     clk                   SDFFRHQX1  0.000  0.000    -0.067  
      u_visitor/count_reg[2]/Q   v     visitor_count_int[2]  SDFFRHQX1  0.361  0.361    0.295  
      visitor_count_r_reg[2]/D   v     visitor_count_int[2]  DFFRHQX8   0.000  0.361    0.295  
      ------------------------------------------------------------------------------------------
     Clock Rise Edge                      0.000
     = Beginpoint Arrival Time            0.000
     Other End Path:
      ------------------------------------------------------------------------
      Pin                        Edge  Net  Cell      Delay  Arrival  Required  
                                                             Time     Time  
      ------------------------------------------------------------------------
      clk                        ^     clk  -         -      0.000    0.067  
      visitor_count_r_reg[2]/CK  ^     clk  DFFRHQX8  0.000  0.000    0.067  
      ------------------------------------------------------------------------

