###############################################################
#  Generated by:      Cadence Tempus 20.10-p003_1
#  OS:                Linux x86_64(Host ID edatools-server2.iiitd.edu.in)
#  Generated on:      Tue Nov 18 14:00:56 2025
#  Design:            HA
#  Command:           report_timing -retime path_slew_propagation -max_paths 30 -nworst 30 -path_type full_clock > $report_dir/pba.rpt
###############################################################
Path 1: VIOLATED Recovery Check with Pin light_sensor_r_reg[2]/CK 
Endpoint:   light_sensor_r_reg[2]/RN (^) checked with  leading edge of 'clk'
Beginpoint: rst_n                    (^) triggered by  leading edge of 'clk'
Path Groups: {async_default}
Retime Analysis { Data Path-Slew }
Other End Arrival Time          0.000
- Recovery                      0.227
+ Phase Shift                   1.800
- Uncertainty                   0.150
= Required Time                 1.423
- Arrival Time                  1.780
= Slack Time                   -0.357
= Slack Time(original)         -0.423
     Clock Rise Edge                      0.000
     + Input Delay                        1.780
     = Beginpoint Arrival Time            1.780
     Timing Path:
      --------------------------------------------------------------------
      Instance               Arc      Cell       Retime  Arrival  Required  
                                                 Delay   Time     Time  
      --------------------------------------------------------------------
      -                      rst_n ^  -          -       1.780    1.423  
      light_sensor_r_reg[2]  -        DFFSRHQX4  0.000   1.780    1.423  
      --------------------------------------------------------------------
     Clock Rise Edge                      0.000
     = Beginpoint Arrival Time            0.000
     Other End Path:
      ------------------------------------------------------------------
      Instance               Arc    Cell       Retime  Arrival  Required  
                                               Delay   Time     Time  
      ------------------------------------------------------------------
      -                      clk ^  -          -       0.000    0.357  
      light_sensor_r_reg[2]  -      DFFSRHQX4  0.000   0.000    0.357  
      ------------------------------------------------------------------
Path 2: VIOLATED Recovery Check with Pin humidity_sensor_r_reg[3]/CK 
Endpoint:   humidity_sensor_r_reg[3]/RN (^) checked with  leading edge of 'clk'
Beginpoint: rst_n                       (^) triggered by  leading edge of 'clk'
Path Groups: {async_default}
Retime Analysis { Data Path-Slew }
Other End Arrival Time          0.000
- Recovery                      0.227
+ Phase Shift                   1.800
- Uncertainty                   0.150
= Required Time                 1.423
- Arrival Time                  1.780
= Slack Time                   -0.357
= Slack Time(original)         -0.423
     Clock Rise Edge                      0.000
     + Input Delay                        1.780
     = Beginpoint Arrival Time            1.780
     Timing Path:
      -----------------------------------------------------------------------
      Instance                  Arc      Cell       Retime  Arrival  Required  
                                                    Delay   Time     Time  
      -----------------------------------------------------------------------
      -                         rst_n ^  -          -       1.780    1.423  
      humidity_sensor_r_reg[3]  -        DFFSRHQX4  0.000   1.780    1.423  
      -----------------------------------------------------------------------
     Clock Rise Edge                      0.000
     = Beginpoint Arrival Time            0.000
     Other End Path:
      ---------------------------------------------------------------------
      Instance                  Arc    Cell       Retime  Arrival  Required  
                                                  Delay   Time     Time  
      ---------------------------------------------------------------------
      -                         clk ^  -          -       0.000    0.357  
      humidity_sensor_r_reg[3]  -      DFFSRHQX4  0.000   0.000    0.357  
      ---------------------------------------------------------------------
Path 3: VIOLATED Recovery Check with Pin fan_cmd_r_reg/CK 
Endpoint:   fan_cmd_r_reg/RN (^) checked with  leading edge of 'clk'
Beginpoint: rst_n            (^) triggered by  leading edge of 'clk'
Path Groups: {async_default}
Retime Analysis { Data Path-Slew }
Other End Arrival Time          0.000
- Recovery                      0.227
+ Phase Shift                   1.800
- Uncertainty                   0.150
= Required Time                 1.423
- Arrival Time                  1.780
= Slack Time                   -0.357
= Slack Time(original)         -0.423
     Clock Rise Edge                      0.000
     + Input Delay                        1.780
     = Beginpoint Arrival Time            1.780
     Timing Path:
      ------------------------------------------------------------
      Instance       Arc      Cell       Retime  Arrival  Required  
                                         Delay   Time     Time  
      ------------------------------------------------------------
      -              rst_n ^  -          -       1.780    1.423  
      fan_cmd_r_reg  -        DFFSRHQX4  0.000   1.780    1.423  
      ------------------------------------------------------------
     Clock Rise Edge                      0.000
     = Beginpoint Arrival Time            0.000
     Other End Path:
      ----------------------------------------------------------
      Instance       Arc    Cell       Retime  Arrival  Required  
                                       Delay   Time     Time  
      ----------------------------------------------------------
      -              clk ^  -          -       0.000    0.357  
      fan_cmd_r_reg  -      DFFSRHQX4  0.000   0.000    0.357  
      ----------------------------------------------------------
Path 4: VIOLATED Recovery Check with Pin humidity_sensor_r_reg[1]/CK 
Endpoint:   humidity_sensor_r_reg[1]/RN (^) checked with  leading edge of 'clk'
Beginpoint: rst_n                       (^) triggered by  leading edge of 'clk'
Path Groups: {async_default}
Retime Analysis { Data Path-Slew }
Other End Arrival Time          0.000
- Recovery                      0.227
+ Phase Shift                   1.800
- Uncertainty                   0.150
= Required Time                 1.423
- Arrival Time                  1.780
= Slack Time                   -0.357
= Slack Time(original)         -0.423
     Clock Rise Edge                      0.000
     + Input Delay                        1.780
     = Beginpoint Arrival Time            1.780
     Timing Path:
      -----------------------------------------------------------------------
      Instance                  Arc      Cell       Retime  Arrival  Required  
                                                    Delay   Time     Time  
      -----------------------------------------------------------------------
      -                         rst_n ^  -          -       1.780    1.423  
      humidity_sensor_r_reg[1]  -        DFFSRHQX4  0.000   1.780    1.423  
      -----------------------------------------------------------------------
     Clock Rise Edge                      0.000
     = Beginpoint Arrival Time            0.000
     Other End Path:
      ---------------------------------------------------------------------
      Instance                  Arc    Cell       Retime  Arrival  Required  
                                                  Delay   Time     Time  
      ---------------------------------------------------------------------
      -                         clk ^  -          -       0.000    0.357  
      humidity_sensor_r_reg[1]  -      DFFSRHQX4  0.000   0.000    0.357  
      ---------------------------------------------------------------------
Path 5: VIOLATED Recovery Check with Pin humidity_sensor_r_reg[2]/CK 
Endpoint:   humidity_sensor_r_reg[2]/RN (^) checked with  leading edge of 'clk'
Beginpoint: rst_n                       (^) triggered by  leading edge of 'clk'
Path Groups: {async_default}
Retime Analysis { Data Path-Slew }
Other End Arrival Time          0.000
- Recovery                      0.227
+ Phase Shift                   1.800
- Uncertainty                   0.150
= Required Time                 1.423
- Arrival Time                  1.780
= Slack Time                   -0.357
= Slack Time(original)         -0.423
     Clock Rise Edge                      0.000
     + Input Delay                        1.780
     = Beginpoint Arrival Time            1.780
     Timing Path:
      -----------------------------------------------------------------------
      Instance                  Arc      Cell       Retime  Arrival  Required  
                                                    Delay   Time     Time  
      -----------------------------------------------------------------------
      -                         rst_n ^  -          -       1.780    1.423  
      humidity_sensor_r_reg[2]  -        DFFSRHQX4  0.000   1.780    1.423  
      -----------------------------------------------------------------------
     Clock Rise Edge                      0.000
     = Beginpoint Arrival Time            0.000
     Other End Path:
      ---------------------------------------------------------------------
      Instance                  Arc    Cell       Retime  Arrival  Required  
                                                  Delay   Time     Time  
      ---------------------------------------------------------------------
      -                         clk ^  -          -       0.000    0.357  
      humidity_sensor_r_reg[2]  -      DFFSRHQX4  0.000   0.000    0.357  
      ---------------------------------------------------------------------
Path 6: VIOLATED Recovery Check with Pin light_cmd_r_reg/CK 
Endpoint:   light_cmd_r_reg/RN (^) checked with  leading edge of 'clk'
Beginpoint: rst_n              (^) triggered by  leading edge of 'clk'
Path Groups: {async_default}
Retime Analysis { Data Path-Slew }
Other End Arrival Time          0.000
- Recovery                      0.227
+ Phase Shift                   1.800
- Uncertainty                   0.150
= Required Time                 1.423
- Arrival Time                  1.780
= Slack Time                   -0.357
= Slack Time(original)         -0.423
     Clock Rise Edge                      0.000
     + Input Delay                        1.780
     = Beginpoint Arrival Time            1.780
     Timing Path:
      --------------------------------------------------------------
      Instance         Arc      Cell       Retime  Arrival  Required  
                                           Delay   Time     Time  
      --------------------------------------------------------------
      -                rst_n ^  -          -       1.780    1.423  
      light_cmd_r_reg  -        DFFSRHQX4  0.000   1.780    1.423  
      --------------------------------------------------------------
     Clock Rise Edge                      0.000
     = Beginpoint Arrival Time            0.000
     Other End Path:
      ------------------------------------------------------------
      Instance         Arc    Cell       Retime  Arrival  Required  
                                         Delay   Time     Time  
      ------------------------------------------------------------
      -                clk ^  -          -       0.000    0.357  
      light_cmd_r_reg  -      DFFSRHQX4  0.000   0.000    0.357  
      ------------------------------------------------------------
Path 7: VIOLATED Recovery Check with Pin humidity_sensor_r_reg[6]/CK 
Endpoint:   humidity_sensor_r_reg[6]/RN (^) checked with  leading edge of 'clk'
Beginpoint: rst_n                       (^) triggered by  leading edge of 'clk'
Path Groups: {async_default}
Retime Analysis { Data Path-Slew }
Other End Arrival Time          0.000
- Recovery                      0.227
+ Phase Shift                   1.800
- Uncertainty                   0.150
= Required Time                 1.423
- Arrival Time                  1.780
= Slack Time                   -0.357
= Slack Time(original)         -0.423
     Clock Rise Edge                      0.000
     + Input Delay                        1.780
     = Beginpoint Arrival Time            1.780
     Timing Path:
      -----------------------------------------------------------------------
      Instance                  Arc      Cell       Retime  Arrival  Required  
                                                    Delay   Time     Time  
      -----------------------------------------------------------------------
      -                         rst_n ^  -          -       1.780    1.423  
      humidity_sensor_r_reg[6]  -        DFFSRHQX4  0.000   1.780    1.423  
      -----------------------------------------------------------------------
     Clock Rise Edge                      0.000
     = Beginpoint Arrival Time            0.000
     Other End Path:
      ---------------------------------------------------------------------
      Instance                  Arc    Cell       Retime  Arrival  Required  
                                                  Delay   Time     Time  
      ---------------------------------------------------------------------
      -                         clk ^  -          -       0.000    0.357  
      humidity_sensor_r_reg[6]  -      DFFSRHQX4  0.000   0.000    0.357  
      ---------------------------------------------------------------------
Path 8: VIOLATED Recovery Check with Pin door_lock_cmd_r_reg/CK 
Endpoint:   door_lock_cmd_r_reg/RN (^) checked with  leading edge of 'clk'
Beginpoint: rst_n                  (^) triggered by  leading edge of 'clk'
Path Groups: {async_default}
Retime Analysis { Data Path-Slew }
Other End Arrival Time          0.000
- Recovery                      0.227
+ Phase Shift                   1.800
- Uncertainty                   0.150
= Required Time                 1.423
- Arrival Time                  1.780
= Slack Time                   -0.357
= Slack Time(original)         -0.423
     Clock Rise Edge                      0.000
     + Input Delay                        1.780
     = Beginpoint Arrival Time            1.780
     Timing Path:
      ------------------------------------------------------------------
      Instance             Arc      Cell       Retime  Arrival  Required  
                                               Delay   Time     Time  
      ------------------------------------------------------------------
      -                    rst_n ^  -          -       1.780    1.423  
      door_lock_cmd_r_reg  -        DFFSRHQX4  0.000   1.780    1.423  
      ------------------------------------------------------------------
     Clock Rise Edge                      0.000
     = Beginpoint Arrival Time            0.000
     Other End Path:
      ----------------------------------------------------------------
      Instance             Arc    Cell       Retime  Arrival  Required  
                                             Delay   Time     Time  
      ----------------------------------------------------------------
      -                    clk ^  -          -       0.000    0.357  
      door_lock_cmd_r_reg  -      DFFSRHQX4  0.000   0.000    0.357  
      ----------------------------------------------------------------
Path 9: VIOLATED Recovery Check with Pin volume_cmd_r_reg[3]/CK 
Endpoint:   volume_cmd_r_reg[3]/RN (^) checked with  leading edge of 'clk'
Beginpoint: rst_n                  (^) triggered by  leading edge of 'clk'
Path Groups: {async_default}
Retime Analysis { Data Path-Slew }
Other End Arrival Time          0.000
- Recovery                      0.227
+ Phase Shift                   1.800
- Uncertainty                   0.150
= Required Time                 1.423
- Arrival Time                  1.780
= Slack Time                   -0.357
= Slack Time(original)         -0.423
     Clock Rise Edge                      0.000
     + Input Delay                        1.780
     = Beginpoint Arrival Time            1.780
     Timing Path:
      ------------------------------------------------------------------
      Instance             Arc      Cell       Retime  Arrival  Required  
                                               Delay   Time     Time  
      ------------------------------------------------------------------
      -                    rst_n ^  -          -       1.780    1.423  
      volume_cmd_r_reg[3]  -        DFFSRHQX4  0.000   1.780    1.423  
      ------------------------------------------------------------------
     Clock Rise Edge                      0.000
     = Beginpoint Arrival Time            0.000
     Other End Path:
      ----------------------------------------------------------------
      Instance             Arc    Cell       Retime  Arrival  Required  
                                             Delay   Time     Time  
      ----------------------------------------------------------------
      -                    clk ^  -          -       0.000    0.357  
      volume_cmd_r_reg[3]  -      DFFSRHQX4  0.000   0.000    0.357  
      ----------------------------------------------------------------
Path 10: VIOLATED Recovery Check with Pin door_unlock_cmd_r_reg/CK 
Endpoint:   door_unlock_cmd_r_reg/RN (^) checked with  leading edge of 'clk'
Beginpoint: rst_n                    (^) triggered by  leading edge of 'clk'
Path Groups: {async_default}
Retime Analysis { Data Path-Slew }
Other End Arrival Time          0.000
- Recovery                      0.227
+ Phase Shift                   1.800
- Uncertainty                   0.150
= Required Time                 1.423
- Arrival Time                  1.780
= Slack Time                   -0.357
= Slack Time(original)         -0.423
     Clock Rise Edge                      0.000
     + Input Delay                        1.780
     = Beginpoint Arrival Time            1.780
     Timing Path:
      --------------------------------------------------------------------
      Instance               Arc      Cell       Retime  Arrival  Required  
                                                 Delay   Time     Time  
      --------------------------------------------------------------------
      -                      rst_n ^  -          -       1.780    1.423  
      door_unlock_cmd_r_reg  -        DFFSRHQX4  0.000   1.780    1.423  
      --------------------------------------------------------------------
     Clock Rise Edge                      0.000
     = Beginpoint Arrival Time            0.000
     Other End Path:
      ------------------------------------------------------------------
      Instance               Arc    Cell       Retime  Arrival  Required  
                                               Delay   Time     Time  
      ------------------------------------------------------------------
      -                      clk ^  -          -       0.000    0.357  
      door_unlock_cmd_r_reg  -      DFFSRHQX4  0.000   0.000    0.357  
      ------------------------------------------------------------------
Path 11: VIOLATED Recovery Check with Pin volume_cmd_r_reg[1]/CK 
Endpoint:   volume_cmd_r_reg[1]/RN (^) checked with  leading edge of 'clk'
Beginpoint: rst_n                  (^) triggered by  leading edge of 'clk'
Path Groups: {async_default}
Retime Analysis { Data Path-Slew }
Other End Arrival Time          0.000
- Recovery                      0.227
+ Phase Shift                   1.800
- Uncertainty                   0.150
= Required Time                 1.423
- Arrival Time                  1.780
= Slack Time                   -0.357
= Slack Time(original)         -0.423
     Clock Rise Edge                      0.000
     + Input Delay                        1.780
     = Beginpoint Arrival Time            1.780
     Timing Path:
      ------------------------------------------------------------------
      Instance             Arc      Cell       Retime  Arrival  Required  
                                               Delay   Time     Time  
      ------------------------------------------------------------------
      -                    rst_n ^  -          -       1.780    1.423  
      volume_cmd_r_reg[1]  -        DFFSRHQX4  0.000   1.780    1.423  
      ------------------------------------------------------------------
     Clock Rise Edge                      0.000
     = Beginpoint Arrival Time            0.000
     Other End Path:
      ----------------------------------------------------------------
      Instance             Arc    Cell       Retime  Arrival  Required  
                                             Delay   Time     Time  
      ----------------------------------------------------------------
      -                    clk ^  -          -       0.000    0.357  
      volume_cmd_r_reg[1]  -      DFFSRHQX4  0.000   0.000    0.357  
      ----------------------------------------------------------------
Path 12: VIOLATED Recovery Check with Pin volume_cmd_r_reg[0]/CK 
Endpoint:   volume_cmd_r_reg[0]/RN (^) checked with  leading edge of 'clk'
Beginpoint: rst_n                  (^) triggered by  leading edge of 'clk'
Path Groups: {async_default}
Retime Analysis { Data Path-Slew }
Other End Arrival Time          0.000
- Recovery                      0.227
+ Phase Shift                   1.800
- Uncertainty                   0.150
= Required Time                 1.423
- Arrival Time                  1.780
= Slack Time                   -0.357
= Slack Time(original)         -0.423
     Clock Rise Edge                      0.000
     + Input Delay                        1.780
     = Beginpoint Arrival Time            1.780
     Timing Path:
      ------------------------------------------------------------------
      Instance             Arc      Cell       Retime  Arrival  Required  
                                               Delay   Time     Time  
      ------------------------------------------------------------------
      -                    rst_n ^  -          -       1.780    1.423  
      volume_cmd_r_reg[0]  -        DFFSRHQX4  0.000   1.780    1.423  
      ------------------------------------------------------------------
     Clock Rise Edge                      0.000
     = Beginpoint Arrival Time            0.000
     Other End Path:
      ----------------------------------------------------------------
      Instance             Arc    Cell       Retime  Arrival  Required  
                                             Delay   Time     Time  
      ----------------------------------------------------------------
      -                    clk ^  -          -       0.000    0.357  
      volume_cmd_r_reg[0]  -      DFFSRHQX4  0.000   0.000    0.357  
      ----------------------------------------------------------------
Path 13: VIOLATED Recovery Check with Pin pin_input_r_reg[3]/CK 
Endpoint:   pin_input_r_reg[3]/RN (^) checked with  leading edge of 'clk'
Beginpoint: rst_n                 (^) triggered by  leading edge of 'clk'
Path Groups: {async_default}
Retime Analysis { Data Path-Slew }
Other End Arrival Time          0.000
- Recovery                      0.227
+ Phase Shift                   1.800
- Uncertainty                   0.150
= Required Time                 1.423
- Arrival Time                  1.780
= Slack Time                   -0.357
= Slack Time(original)         -0.423
     Clock Rise Edge                      0.000
     + Input Delay                        1.780
     = Beginpoint Arrival Time            1.780
     Timing Path:
      -----------------------------------------------------------------
      Instance            Arc      Cell       Retime  Arrival  Required  
                                              Delay   Time     Time  
      -----------------------------------------------------------------
      -                   rst_n ^  -          -       1.780    1.423  
      pin_input_r_reg[3]  -        DFFSRHQX4  0.000   1.780    1.423  
      -----------------------------------------------------------------
     Clock Rise Edge                      0.000
     = Beginpoint Arrival Time            0.000
     Other End Path:
      ---------------------------------------------------------------
      Instance            Arc    Cell       Retime  Arrival  Required  
                                            Delay   Time     Time  
      ---------------------------------------------------------------
      -                   clk ^  -          -       0.000    0.357  
      pin_input_r_reg[3]  -      DFFSRHQX4  0.000   0.000    0.357  
      ---------------------------------------------------------------
Path 14: VIOLATED Recovery Check with Pin pin_input_r_reg[0]/CK 
Endpoint:   pin_input_r_reg[0]/RN (^) checked with  leading edge of 'clk'
Beginpoint: rst_n                 (^) triggered by  leading edge of 'clk'
Path Groups: {async_default}
Retime Analysis { Data Path-Slew }
Other End Arrival Time          0.000
- Recovery                      0.227
+ Phase Shift                   1.800
- Uncertainty                   0.150
= Required Time                 1.423
- Arrival Time                  1.780
= Slack Time                   -0.357
= Slack Time(original)         -0.423
     Clock Rise Edge                      0.000
     + Input Delay                        1.780
     = Beginpoint Arrival Time            1.780
     Timing Path:
      -----------------------------------------------------------------
      Instance            Arc      Cell       Retime  Arrival  Required  
                                              Delay   Time     Time  
      -----------------------------------------------------------------
      -                   rst_n ^  -          -       1.780    1.423  
      pin_input_r_reg[0]  -        DFFSRHQX4  0.000   1.780    1.423  
      -----------------------------------------------------------------
     Clock Rise Edge                      0.000
     = Beginpoint Arrival Time            0.000
     Other End Path:
      ---------------------------------------------------------------
      Instance            Arc    Cell       Retime  Arrival  Required  
                                            Delay   Time     Time  
      ---------------------------------------------------------------
      -                   clk ^  -          -       0.000    0.357  
      pin_input_r_reg[0]  -      DFFSRHQX4  0.000   0.000    0.357  
      ---------------------------------------------------------------
Path 15: VIOLATED Recovery Check with Pin pin_input_r_reg[1]/CK 
Endpoint:   pin_input_r_reg[1]/RN (^) checked with  leading edge of 'clk'
Beginpoint: rst_n                 (^) triggered by  leading edge of 'clk'
Path Groups: {async_default}
Retime Analysis { Data Path-Slew }
Other End Arrival Time          0.000
- Recovery                      0.227
+ Phase Shift                   1.800
- Uncertainty                   0.150
= Required Time                 1.423
- Arrival Time                  1.780
= Slack Time                   -0.357
= Slack Time(original)         -0.423
     Clock Rise Edge                      0.000
     + Input Delay                        1.780
     = Beginpoint Arrival Time            1.780
     Timing Path:
      -----------------------------------------------------------------
      Instance            Arc      Cell       Retime  Arrival  Required  
                                              Delay   Time     Time  
      -----------------------------------------------------------------
      -                   rst_n ^  -          -       1.780    1.423  
      pin_input_r_reg[1]  -        DFFSRHQX4  0.000   1.780    1.423  
      -----------------------------------------------------------------
     Clock Rise Edge                      0.000
     = Beginpoint Arrival Time            0.000
     Other End Path:
      ---------------------------------------------------------------
      Instance            Arc    Cell       Retime  Arrival  Required  
                                            Delay   Time     Time  
      ---------------------------------------------------------------
      -                   clk ^  -          -       0.000    0.357  
      pin_input_r_reg[1]  -      DFFSRHQX4  0.000   0.000    0.357  
      ---------------------------------------------------------------
Path 16: VIOLATED Recovery Check with Pin window_manual_close_r_reg/CK 
Endpoint:   window_manual_close_r_reg/RN (^) checked with  leading edge of 'clk'
Beginpoint: rst_n                        (^) triggered by  leading edge of 'clk'
Path Groups: {async_default}
Retime Analysis { Data Path-Slew }
Other End Arrival Time          0.000
- Recovery                      0.227
+ Phase Shift                   1.800
- Uncertainty                   0.150
= Required Time                 1.423
- Arrival Time                  1.780
= Slack Time                   -0.357
= Slack Time(original)         -0.423
     Clock Rise Edge                      0.000
     + Input Delay                        1.780
     = Beginpoint Arrival Time            1.780
     Timing Path:
      ------------------------------------------------------------------------
      Instance                   Arc      Cell       Retime  Arrival  Required  
                                                     Delay   Time     Time  
      ------------------------------------------------------------------------
      -                          rst_n ^  -          -       1.780    1.423  
      window_manual_close_r_reg  -        DFFSRHQX4  0.000   1.780    1.423  
      ------------------------------------------------------------------------
     Clock Rise Edge                      0.000
     = Beginpoint Arrival Time            0.000
     Other End Path:
      ----------------------------------------------------------------------
      Instance                   Arc    Cell       Retime  Arrival  Required  
                                                   Delay   Time     Time  
      ----------------------------------------------------------------------
      -                          clk ^  -          -       0.000    0.357  
      window_manual_close_r_reg  -      DFFSRHQX4  0.000   0.000    0.357  
      ----------------------------------------------------------------------
Path 17: VIOLATED Recovery Check with Pin exit_sensor_r_reg/CK 
Endpoint:   exit_sensor_r_reg/RN (^) checked with  leading edge of 'clk'
Beginpoint: rst_n                (^) triggered by  leading edge of 'clk'
Path Groups: {async_default}
Retime Analysis { Data Path-Slew }
Other End Arrival Time          0.000
- Recovery                      0.227
+ Phase Shift                   1.800
- Uncertainty                   0.150
= Required Time                 1.423
- Arrival Time                  1.780
= Slack Time                   -0.357
= Slack Time(original)         -0.423
     Clock Rise Edge                      0.000
     + Input Delay                        1.780
     = Beginpoint Arrival Time            1.780
     Timing Path:
      ----------------------------------------------------------------
      Instance           Arc      Cell       Retime  Arrival  Required  
                                             Delay   Time     Time  
      ----------------------------------------------------------------
      -                  rst_n ^  -          -       1.780    1.423  
      exit_sensor_r_reg  -        DFFSRHQX4  0.000   1.780    1.423  
      ----------------------------------------------------------------
     Clock Rise Edge                      0.000
     = Beginpoint Arrival Time            0.000
     Other End Path:
      --------------------------------------------------------------
      Instance           Arc    Cell       Retime  Arrival  Required  
                                           Delay   Time     Time  
      --------------------------------------------------------------
      -                  clk ^  -          -       0.000    0.357  
      exit_sensor_r_reg  -      DFFSRHQX4  0.000   0.000    0.357  
      --------------------------------------------------------------
Path 18: VIOLATED Recovery Check with Pin entry_sensor_r_reg/CK 
Endpoint:   entry_sensor_r_reg/RN (^) checked with  leading edge of 'clk'
Beginpoint: rst_n                 (^) triggered by  leading edge of 'clk'
Path Groups: {async_default}
Retime Analysis { Data Path-Slew }
Other End Arrival Time          0.000
- Recovery                      0.227
+ Phase Shift                   1.800
- Uncertainty                   0.150
= Required Time                 1.423
- Arrival Time                  1.780
= Slack Time                   -0.357
= Slack Time(original)         -0.423
     Clock Rise Edge                      0.000
     + Input Delay                        1.780
     = Beginpoint Arrival Time            1.780
     Timing Path:
      -----------------------------------------------------------------
      Instance            Arc      Cell       Retime  Arrival  Required  
                                              Delay   Time     Time  
      -----------------------------------------------------------------
      -                   rst_n ^  -          -       1.780    1.423  
      entry_sensor_r_reg  -        DFFSRHQX4  0.000   1.780    1.423  
      -----------------------------------------------------------------
     Clock Rise Edge                      0.000
     = Beginpoint Arrival Time            0.000
     Other End Path:
      ---------------------------------------------------------------
      Instance            Arc    Cell       Retime  Arrival  Required  
                                            Delay   Time     Time  
      ---------------------------------------------------------------
      -                   clk ^  -          -       0.000    0.357  
      entry_sensor_r_reg  -      DFFSRHQX4  0.000   0.000    0.357  
      ---------------------------------------------------------------
Path 19: VIOLATED Recovery Check with Pin alarm_arm_r_reg/CK 
Endpoint:   alarm_arm_r_reg/RN (^) checked with  leading edge of 'clk'
Beginpoint: rst_n              (^) triggered by  leading edge of 'clk'
Path Groups: {async_default}
Retime Analysis { Data Path-Slew }
Other End Arrival Time          0.000
- Recovery                      0.227
+ Phase Shift                   1.800
- Uncertainty                   0.150
= Required Time                 1.423
- Arrival Time                  1.780
= Slack Time                   -0.357
= Slack Time(original)         -0.423
     Clock Rise Edge                      0.000
     + Input Delay                        1.780
     = Beginpoint Arrival Time            1.780
     Timing Path:
      --------------------------------------------------------------
      Instance         Arc      Cell       Retime  Arrival  Required  
                                           Delay   Time     Time  
      --------------------------------------------------------------
      -                rst_n ^  -          -       1.780    1.423  
      alarm_arm_r_reg  -        DFFSRHQX4  0.000   1.780    1.423  
      --------------------------------------------------------------
     Clock Rise Edge                      0.000
     = Beginpoint Arrival Time            0.000
     Other End Path:
      ------------------------------------------------------------
      Instance         Arc    Cell       Retime  Arrival  Required  
                                         Delay   Time     Time  
      ------------------------------------------------------------
      -                clk ^  -          -       0.000    0.357  
      alarm_arm_r_reg  -      DFFSRHQX4  0.000   0.000    0.357  
      ------------------------------------------------------------
Path 20: VIOLATED Recovery Check with Pin window_auto_mode_r_reg/CK 
Endpoint:   window_auto_mode_r_reg/RN (^) checked with  leading edge of 'clk'
Beginpoint: rst_n                     (^) triggered by  leading edge of 'clk'
Path Groups: {async_default}
Retime Analysis { Data Path-Slew }
Other End Arrival Time          0.000
- Recovery                      0.227
+ Phase Shift                   1.800
- Uncertainty                   0.150
= Required Time                 1.423
- Arrival Time                  1.780
= Slack Time                   -0.357
= Slack Time(original)         -0.423
     Clock Rise Edge                      0.000
     + Input Delay                        1.780
     = Beginpoint Arrival Time            1.780
     Timing Path:
      ---------------------------------------------------------------------
      Instance                Arc      Cell       Retime  Arrival  Required  
                                                  Delay   Time     Time  
      ---------------------------------------------------------------------
      -                       rst_n ^  -          -       1.780    1.423  
      window_auto_mode_r_reg  -        DFFSRHQX4  0.000   1.780    1.423  
      ---------------------------------------------------------------------
     Clock Rise Edge                      0.000
     = Beginpoint Arrival Time            0.000
     Other End Path:
      -------------------------------------------------------------------
      Instance                Arc    Cell       Retime  Arrival  Required  
                                                Delay   Time     Time  
      -------------------------------------------------------------------
      -                       clk ^  -          -       0.000    0.357  
      window_auto_mode_r_reg  -      DFFSRHQX4  0.000   0.000    0.357  
      -------------------------------------------------------------------
Path 21: VIOLATED Recovery Check with Pin window_sensor_r_reg/CK 
Endpoint:   window_sensor_r_reg/RN (^) checked with  leading edge of 'clk'
Beginpoint: rst_n                  (^) triggered by  leading edge of 'clk'
Path Groups: {async_default}
Retime Analysis { Data Path-Slew }
Other End Arrival Time          0.000
- Recovery                      0.227
+ Phase Shift                   1.800
- Uncertainty                   0.150
= Required Time                 1.423
- Arrival Time                  1.780
= Slack Time                   -0.357
= Slack Time(original)         -0.423
     Clock Rise Edge                      0.000
     + Input Delay                        1.780
     = Beginpoint Arrival Time            1.780
     Timing Path:
      ------------------------------------------------------------------
      Instance             Arc      Cell       Retime  Arrival  Required  
                                               Delay   Time     Time  
      ------------------------------------------------------------------
      -                    rst_n ^  -          -       1.780    1.423  
      window_sensor_r_reg  -        DFFSRHQX4  0.000   1.780    1.423  
      ------------------------------------------------------------------
     Clock Rise Edge                      0.000
     = Beginpoint Arrival Time            0.000
     Other End Path:
      ----------------------------------------------------------------
      Instance             Arc    Cell       Retime  Arrival  Required  
                                             Delay   Time     Time  
      ----------------------------------------------------------------
      -                    clk ^  -          -       0.000    0.357  
      window_sensor_r_reg  -      DFFSRHQX4  0.000   0.000    0.357  
      ----------------------------------------------------------------
Path 22: VIOLATED Recovery Check with Pin motion_sensor_r_reg/CK 
Endpoint:   motion_sensor_r_reg/RN (^) checked with  leading edge of 'clk'
Beginpoint: rst_n                  (^) triggered by  leading edge of 'clk'
Path Groups: {async_default}
Retime Analysis { Data Path-Slew }
Other End Arrival Time          0.000
- Recovery                      0.227
+ Phase Shift                   1.800
- Uncertainty                   0.150
= Required Time                 1.423
- Arrival Time                  1.780
= Slack Time                   -0.357
= Slack Time(original)         -0.423
     Clock Rise Edge                      0.000
     + Input Delay                        1.780
     = Beginpoint Arrival Time            1.780
     Timing Path:
      ------------------------------------------------------------------
      Instance             Arc      Cell       Retime  Arrival  Required  
                                               Delay   Time     Time  
      ------------------------------------------------------------------
      -                    rst_n ^  -          -       1.780    1.423  
      motion_sensor_r_reg  -        DFFSRHQX4  0.000   1.780    1.423  
      ------------------------------------------------------------------
     Clock Rise Edge                      0.000
     = Beginpoint Arrival Time            0.000
     Other End Path:
      ----------------------------------------------------------------
      Instance             Arc    Cell       Retime  Arrival  Required  
                                             Delay   Time     Time  
      ----------------------------------------------------------------
      -                    clk ^  -          -       0.000    0.357  
      motion_sensor_r_reg  -      DFFSRHQX4  0.000   0.000    0.357  
      ----------------------------------------------------------------
Path 23: VIOLATED Recovery Check with Pin temp_setpoint_r_reg[6]/CK 
Endpoint:   temp_setpoint_r_reg[6]/RN (^) checked with  leading edge of 'clk'
Beginpoint: rst_n                     (^) triggered by  leading edge of 'clk'
Path Groups: {async_default}
Retime Analysis { Data Path-Slew }
Other End Arrival Time          0.000
- Recovery                      0.227
+ Phase Shift                   1.800
- Uncertainty                   0.150
= Required Time                 1.423
- Arrival Time                  1.780
= Slack Time                   -0.357
= Slack Time(original)         -0.423
     Clock Rise Edge                      0.000
     + Input Delay                        1.780
     = Beginpoint Arrival Time            1.780
     Timing Path:
      ---------------------------------------------------------------------
      Instance                Arc      Cell       Retime  Arrival  Required  
                                                  Delay   Time     Time  
      ---------------------------------------------------------------------
      -                       rst_n ^  -          -       1.780    1.423  
      temp_setpoint_r_reg[6]  -        DFFSRHQX4  0.000   1.780    1.423  
      ---------------------------------------------------------------------
     Clock Rise Edge                      0.000
     = Beginpoint Arrival Time            0.000
     Other End Path:
      -------------------------------------------------------------------
      Instance                Arc    Cell       Retime  Arrival  Required  
                                                Delay   Time     Time  
      -------------------------------------------------------------------
      -                       clk ^  -          -       0.000    0.357  
      temp_setpoint_r_reg[6]  -      DFFSRHQX4  0.000   0.000    0.357  
      -------------------------------------------------------------------
Path 24: VIOLATED Recovery Check with Pin temp_setpoint_r_reg[5]/CK 
Endpoint:   temp_setpoint_r_reg[5]/RN (^) checked with  leading edge of 'clk'
Beginpoint: rst_n                     (^) triggered by  leading edge of 'clk'
Path Groups: {async_default}
Retime Analysis { Data Path-Slew }
Other End Arrival Time          0.000
- Recovery                      0.227
+ Phase Shift                   1.800
- Uncertainty                   0.150
= Required Time                 1.423
- Arrival Time                  1.780
= Slack Time                   -0.357
= Slack Time(original)         -0.423
     Clock Rise Edge                      0.000
     + Input Delay                        1.780
     = Beginpoint Arrival Time            1.780
     Timing Path:
      ---------------------------------------------------------------------
      Instance                Arc      Cell       Retime  Arrival  Required  
                                                  Delay   Time     Time  
      ---------------------------------------------------------------------
      -                       rst_n ^  -          -       1.780    1.423  
      temp_setpoint_r_reg[5]  -        DFFSRHQX4  0.000   1.780    1.423  
      ---------------------------------------------------------------------
     Clock Rise Edge                      0.000
     = Beginpoint Arrival Time            0.000
     Other End Path:
      -------------------------------------------------------------------
      Instance                Arc    Cell       Retime  Arrival  Required  
                                                Delay   Time     Time  
      -------------------------------------------------------------------
      -                       clk ^  -          -       0.000    0.357  
      temp_setpoint_r_reg[5]  -      DFFSRHQX4  0.000   0.000    0.357  
      -------------------------------------------------------------------
Path 25: VIOLATED Recovery Check with Pin temp_setpoint_r_reg[4]/CK 
Endpoint:   temp_setpoint_r_reg[4]/RN (^) checked with  leading edge of 'clk'
Beginpoint: rst_n                     (^) triggered by  leading edge of 'clk'
Path Groups: {async_default}
Retime Analysis { Data Path-Slew }
Other End Arrival Time          0.000
- Recovery                      0.227
+ Phase Shift                   1.800
- Uncertainty                   0.150
= Required Time                 1.423
- Arrival Time                  1.780
= Slack Time                   -0.357
= Slack Time(original)         -0.423
     Clock Rise Edge                      0.000
     + Input Delay                        1.780
     = Beginpoint Arrival Time            1.780
     Timing Path:
      ---------------------------------------------------------------------
      Instance                Arc      Cell       Retime  Arrival  Required  
                                                  Delay   Time     Time  
      ---------------------------------------------------------------------
      -                       rst_n ^  -          -       1.780    1.423  
      temp_setpoint_r_reg[4]  -        DFFSRHQX4  0.000   1.780    1.423  
      ---------------------------------------------------------------------
     Clock Rise Edge                      0.000
     = Beginpoint Arrival Time            0.000
     Other End Path:
      -------------------------------------------------------------------
      Instance                Arc    Cell       Retime  Arrival  Required  
                                                Delay   Time     Time  
      -------------------------------------------------------------------
      -                       clk ^  -          -       0.000    0.357  
      temp_setpoint_r_reg[4]  -      DFFSRHQX4  0.000   0.000    0.357  
      -------------------------------------------------------------------
Path 26: VIOLATED Recovery Check with Pin temp_sensor_r_reg[3]/CK 
Endpoint:   temp_sensor_r_reg[3]/RN (^) checked with  leading edge of 'clk'
Beginpoint: rst_n                   (^) triggered by  leading edge of 'clk'
Path Groups: {async_default}
Retime Analysis { Data Path-Slew }
Other End Arrival Time          0.000
- Recovery                      0.227
+ Phase Shift                   1.800
- Uncertainty                   0.150
= Required Time                 1.423
- Arrival Time                  1.780
= Slack Time                   -0.357
= Slack Time(original)         -0.423
     Clock Rise Edge                      0.000
     + Input Delay                        1.780
     = Beginpoint Arrival Time            1.780
     Timing Path:
      -------------------------------------------------------------------
      Instance              Arc      Cell       Retime  Arrival  Required  
                                                Delay   Time     Time  
      -------------------------------------------------------------------
      -                     rst_n ^  -          -       1.780    1.423  
      temp_sensor_r_reg[3]  -        DFFSRHQX4  0.000   1.780    1.423  
      -------------------------------------------------------------------
     Clock Rise Edge                      0.000
     = Beginpoint Arrival Time            0.000
     Other End Path:
      -----------------------------------------------------------------
      Instance              Arc    Cell       Retime  Arrival  Required  
                                              Delay   Time     Time  
      -----------------------------------------------------------------
      -                     clk ^  -          -       0.000    0.357  
      temp_sensor_r_reg[3]  -      DFFSRHQX4  0.000   0.000    0.357  
      -----------------------------------------------------------------
Path 27: VIOLATED Recovery Check with Pin temp_setpoint_r_reg[0]/CK 
Endpoint:   temp_setpoint_r_reg[0]/RN (^) checked with  leading edge of 'clk'
Beginpoint: rst_n                     (^) triggered by  leading edge of 'clk'
Path Groups: {async_default}
Retime Analysis { Data Path-Slew }
Other End Arrival Time          0.000
- Recovery                      0.227
+ Phase Shift                   1.800
- Uncertainty                   0.150
= Required Time                 1.423
- Arrival Time                  1.780
= Slack Time                   -0.357
= Slack Time(original)         -0.423
     Clock Rise Edge                      0.000
     + Input Delay                        1.780
     = Beginpoint Arrival Time            1.780
     Timing Path:
      ---------------------------------------------------------------------
      Instance                Arc      Cell       Retime  Arrival  Required  
                                                  Delay   Time     Time  
      ---------------------------------------------------------------------
      -                       rst_n ^  -          -       1.780    1.423  
      temp_setpoint_r_reg[0]  -        DFFSRHQX4  0.000   1.780    1.423  
      ---------------------------------------------------------------------
     Clock Rise Edge                      0.000
     = Beginpoint Arrival Time            0.000
     Other End Path:
      -------------------------------------------------------------------
      Instance                Arc    Cell       Retime  Arrival  Required  
                                                Delay   Time     Time  
      -------------------------------------------------------------------
      -                       clk ^  -          -       0.000    0.357  
      temp_setpoint_r_reg[0]  -      DFFSRHQX4  0.000   0.000    0.357  
      -------------------------------------------------------------------
Path 28: VIOLATED Recovery Check with Pin temp_setpoint_r_reg[7]/CK 
Endpoint:   temp_setpoint_r_reg[7]/RN (^) checked with  leading edge of 'clk'
Beginpoint: rst_n                     (^) triggered by  leading edge of 'clk'
Path Groups: {async_default}
Retime Analysis { Data Path-Slew }
Other End Arrival Time          0.000
- Recovery                      0.227
+ Phase Shift                   1.800
- Uncertainty                   0.150
= Required Time                 1.423
- Arrival Time                  1.780
= Slack Time                   -0.357
= Slack Time(original)         -0.423
     Clock Rise Edge                      0.000
     + Input Delay                        1.780
     = Beginpoint Arrival Time            1.780
     Timing Path:
      ---------------------------------------------------------------------
      Instance                Arc      Cell       Retime  Arrival  Required  
                                                  Delay   Time     Time  
      ---------------------------------------------------------------------
      -                       rst_n ^  -          -       1.780    1.423  
      temp_setpoint_r_reg[7]  -        DFFSRHQX4  0.000   1.780    1.423  
      ---------------------------------------------------------------------
     Clock Rise Edge                      0.000
     = Beginpoint Arrival Time            0.000
     Other End Path:
      -------------------------------------------------------------------
      Instance                Arc    Cell       Retime  Arrival  Required  
                                                Delay   Time     Time  
      -------------------------------------------------------------------
      -                       clk ^  -          -       0.000    0.357  
      temp_setpoint_r_reg[7]  -      DFFSRHQX4  0.000   0.000    0.357  
      -------------------------------------------------------------------
Path 29: VIOLATED Recovery Check with Pin pin_input_r_reg[2]/CK 
Endpoint:   pin_input_r_reg[2]/RN (^) checked with  leading edge of 'clk'
Beginpoint: rst_n                 (^) triggered by  leading edge of 'clk'
Path Groups: {async_default}
Retime Analysis { Data Path-Slew }
Other End Arrival Time          0.000
- Recovery                      0.227
+ Phase Shift                   1.800
- Uncertainty                   0.150
= Required Time                 1.423
- Arrival Time                  1.780
= Slack Time                   -0.357
= Slack Time(original)         -0.423
     Clock Rise Edge                      0.000
     + Input Delay                        1.780
     = Beginpoint Arrival Time            1.780
     Timing Path:
      -----------------------------------------------------------------
      Instance            Arc      Cell       Retime  Arrival  Required  
                                              Delay   Time     Time  
      -----------------------------------------------------------------
      -                   rst_n ^  -          -       1.780    1.423  
      pin_input_r_reg[2]  -        DFFSRHQX4  0.000   1.780    1.423  
      -----------------------------------------------------------------
     Clock Rise Edge                      0.000
     = Beginpoint Arrival Time            0.000
     Other End Path:
      ---------------------------------------------------------------
      Instance            Arc    Cell       Retime  Arrival  Required  
                                            Delay   Time     Time  
      ---------------------------------------------------------------
      -                   clk ^  -          -       0.000    0.357  
      pin_input_r_reg[2]  -      DFFSRHQX4  0.000   0.000    0.357  
      ---------------------------------------------------------------
Path 30: VIOLATED Recovery Check with Pin temp_sensor_r_reg[7]/CK 
Endpoint:   temp_sensor_r_reg[7]/RN (^) checked with  leading edge of 'clk'
Beginpoint: rst_n                   (^) triggered by  leading edge of 'clk'
Path Groups: {async_default}
Retime Analysis { Data Path-Slew }
Other End Arrival Time          0.000
- Recovery                      0.227
+ Phase Shift                   1.800
- Uncertainty                   0.150
= Required Time                 1.423
- Arrival Time                  1.780
= Slack Time                   -0.357
= Slack Time(original)         -0.423
     Clock Rise Edge                      0.000
     + Input Delay                        1.780
     = Beginpoint Arrival Time            1.780
     Timing Path:
      -------------------------------------------------------------------
      Instance              Arc      Cell       Retime  Arrival  Required  
                                                Delay   Time     Time  
      -------------------------------------------------------------------
      -                     rst_n ^  -          -       1.780    1.423  
      temp_sensor_r_reg[7]  -        DFFSRHQX4  0.000   1.780    1.423  
      -------------------------------------------------------------------
     Clock Rise Edge                      0.000
     = Beginpoint Arrival Time            0.000
     Other End Path:
      -----------------------------------------------------------------
      Instance              Arc    Cell       Retime  Arrival  Required  
                                              Delay   Time     Time  
      -----------------------------------------------------------------
      -                     clk ^  -          -       0.000    0.357  
      temp_sensor_r_reg[7]  -      DFFSRHQX4  0.000   0.000    0.357  
      -----------------------------------------------------------------

