###############################################################
#  Generated by:      Cadence Tempus 20.10-p003_1
#  OS:                Linux x86_64(Host ID edatools-server2.iiitd.edu.in)
#  Generated on:      Tue Nov 18 14:00:56 2025
#  Design:            HA
#  Command:           report_timing -early -max_paths 30 -nworst 30 -retime path_slew_propagation > $report_dir/pba_hold.rpt
###############################################################
Path 1: MET Hold Check with Pin door_locked_r_reg/CK 
Endpoint:   door_locked_r_reg/D           (v) checked with  leading edge of 'clk'
Beginpoint: u_door_lock/door_locked_reg/Q (v) triggered by  leading edge of 'clk'
Path Groups: {clk}
Retime Analysis { Data Path-Slew }
Other End Arrival Time          0.000
+ Hold                          0.117
+ Phase Shift                   0.000
+ Uncertainty                   0.150
= Required Time                 0.267
  Arrival Time                  0.334
  Slack Time                    0.067
= Slack Time(original)          0.044
     Clock Rise Edge                 0.000
     + Clock Network Latency (Ideal) 0.000
     = Beginpoint Arrival Time       0.000
      -----------------------------------------------------------------------------
      Instance                     Arc          Cell      Retime  Arrival  Required  
                                                          Delay   Time     Time  
      -----------------------------------------------------------------------------
      u_door_lock/door_locked_reg  CK ^         -         -       0.000    -0.067  
      u_door_lock/door_locked_reg  CK ^ -> Q v  DFFRHQX1  0.334   0.334    0.267  
      door_locked_r_reg            -            DFFRX1    0.000   0.334    0.267  
      -----------------------------------------------------------------------------
Path 2: MET Hold Check with Pin fan_on_r_reg/CK 
Endpoint:   fan_on_r_reg/D            (v) checked with  leading edge of 'clk'
Beginpoint: u_appliances/fan_on_reg/Q (v) triggered by  leading edge of 'clk'
Path Groups: {clk}
Retime Analysis { Data Path-Slew }
Other End Arrival Time          0.000
+ Hold                          0.117
+ Phase Shift                   0.000
+ Uncertainty                   0.150
= Required Time                 0.267
  Arrival Time                  0.334
  Slack Time                    0.067
= Slack Time(original)          0.044
     Clock Rise Edge                 0.000
     + Clock Network Latency (Ideal) 0.000
     = Beginpoint Arrival Time       0.000
      -------------------------------------------------------------------------
      Instance                 Arc          Cell      Retime  Arrival  Required  
                                                      Delay   Time     Time  
      -------------------------------------------------------------------------
      u_appliances/fan_on_reg  CK ^         -         -       0.000    -0.067  
      u_appliances/fan_on_reg  CK ^ -> Q v  DFFRHQX1  0.334   0.334    0.267  
      fan_on_r_reg             -            DFFRX1    0.000   0.334    0.267  
      -------------------------------------------------------------------------
Path 3: MET Hold Check with Pin ac_on_r_reg/CK 
Endpoint:   ac_on_r_reg/D            (v) checked with  leading edge of 'clk'
Beginpoint: u_appliances/ac_on_reg/Q (v) triggered by  leading edge of 'clk'
Path Groups: {clk}
Retime Analysis { Data Path-Slew }
Other End Arrival Time          0.000
+ Hold                          0.117
+ Phase Shift                   0.000
+ Uncertainty                   0.150
= Required Time                 0.267
  Arrival Time                  0.334
  Slack Time                    0.067
= Slack Time(original)          0.044
     Clock Rise Edge                 0.000
     + Clock Network Latency (Ideal) 0.000
     = Beginpoint Arrival Time       0.000
      ------------------------------------------------------------------------
      Instance                Arc          Cell      Retime  Arrival  Required  
                                                     Delay   Time     Time  
      ------------------------------------------------------------------------
      u_appliances/ac_on_reg  CK ^         -         -       0.000    -0.067  
      u_appliances/ac_on_reg  CK ^ -> Q v  DFFRHQX1  0.334   0.334    0.267  
      ac_on_r_reg             -            DFFRX1    0.000   0.334    0.267  
      ------------------------------------------------------------------------
Path 4: MET Hold Check with Pin lights_on_r_reg/CK 
Endpoint:   lights_on_r_reg/D            (v) checked with  leading edge of 'clk'
Beginpoint: u_appliances/lights_on_reg/Q (v) triggered by  leading edge of 'clk'
Path Groups: {clk}
Retime Analysis { Data Path-Slew }
Other End Arrival Time          0.000
+ Hold                          0.117
+ Phase Shift                   0.000
+ Uncertainty                   0.150
= Required Time                 0.267
  Arrival Time                  0.334
  Slack Time                    0.067
= Slack Time(original)          0.044
     Clock Rise Edge                 0.000
     + Clock Network Latency (Ideal) 0.000
     = Beginpoint Arrival Time       0.000
      ----------------------------------------------------------------------------
      Instance                    Arc          Cell      Retime  Arrival  Required  
                                                         Delay   Time     Time  
      ----------------------------------------------------------------------------
      u_appliances/lights_on_reg  CK ^         -         -       0.000    -0.067  
      u_appliances/lights_on_reg  CK ^ -> Q v  DFFRHQX1  0.334   0.334    0.267  
      lights_on_r_reg             -            DFFRX1    0.000   0.334    0.267  
      ----------------------------------------------------------------------------
Path 5: MET Hold Check with Pin lock_status_r_reg[1]/CK 
Endpoint:   lock_status_r_reg[1]/D           (v) checked with  leading edge of 'clk'
Beginpoint: u_door_lock/lock_status_reg[1]/Q (v) triggered by  leading edge of 'clk'
Path Groups: {clk}
Retime Analysis { Data Path-Slew }
Other End Arrival Time          0.000
+ Hold                          0.120
+ Phase Shift                   0.000
+ Uncertainty                   0.150
= Required Time                 0.270
  Arrival Time                  0.338
  Slack Time                    0.068
= Slack Time(original)          0.045
     Clock Rise Edge                 0.000
     + Clock Network Latency (Ideal) 0.000
     = Beginpoint Arrival Time       0.000
      --------------------------------------------------------------------------------
      Instance                        Arc          Cell      Retime  Arrival  Required  
                                                             Delay   Time     Time  
      --------------------------------------------------------------------------------
      u_door_lock/lock_status_reg[1]  CK ^         -         -       0.000    -0.068  
      u_door_lock/lock_status_reg[1]  CK ^ -> Q v  DFFRHQX1  0.338   0.338    0.270  
      lock_status_r_reg[1]            -            DFFRHQX8  0.000   0.338    0.270  
      --------------------------------------------------------------------------------
Path 6: MET Hold Check with Pin lock_status_r_reg[0]/CK 
Endpoint:   lock_status_r_reg[0]/D           (v) checked with  leading edge of 'clk'
Beginpoint: u_door_lock/lock_status_reg[0]/Q (v) triggered by  leading edge of 'clk'
Path Groups: {clk}
Retime Analysis { Data Path-Slew }
Other End Arrival Time          0.000
+ Hold                          0.120
+ Phase Shift                   0.000
+ Uncertainty                   0.150
= Required Time                 0.270
  Arrival Time                  0.338
  Slack Time                    0.068
= Slack Time(original)          0.045
     Clock Rise Edge                 0.000
     + Clock Network Latency (Ideal) 0.000
     = Beginpoint Arrival Time       0.000
      --------------------------------------------------------------------------------
      Instance                        Arc          Cell      Retime  Arrival  Required  
                                                             Delay   Time     Time  
      --------------------------------------------------------------------------------
      u_door_lock/lock_status_reg[0]  CK ^         -         -       0.000    -0.068  
      u_door_lock/lock_status_reg[0]  CK ^ -> Q v  DFFRHQX1  0.338   0.338    0.270  
      lock_status_r_reg[0]            -            DFFRHQX8  0.000   0.338    0.270  
      --------------------------------------------------------------------------------
Path 7: MET Hold Check with Pin led_brightness_r_reg[5]/CK 
Endpoint:   led_brightness_r_reg[5]/D          (v) checked with  leading edge of 'clk'
Beginpoint: u_lum_ctrl/led_brightness_reg[5]/Q (v) triggered by  leading edge of 'clk'
Path Groups: {clk}
Retime Analysis { Data Path-Slew }
Other End Arrival Time          0.000
+ Hold                          0.120
+ Phase Shift                   0.000
+ Uncertainty                   0.150
= Required Time                 0.270
  Arrival Time                  0.338
  Slack Time                    0.068
= Slack Time(original)          0.045
     Clock Rise Edge                 0.000
     + Clock Network Latency (Ideal) 0.000
     = Beginpoint Arrival Time       0.000
      ----------------------------------------------------------------------------------
      Instance                          Arc          Cell      Retime  Arrival  Required  
                                                               Delay   Time     Time  
      ----------------------------------------------------------------------------------
      u_lum_ctrl/led_brightness_reg[5]  CK ^         -         -       0.000    -0.068  
      u_lum_ctrl/led_brightness_reg[5]  CK ^ -> Q v  DFFRHQX1  0.338   0.338    0.270  
      led_brightness_r_reg[5]           -            DFFRHQX8  0.000   0.338    0.270  
      ----------------------------------------------------------------------------------
Path 8: MET Hold Check with Pin led_brightness_r_reg[1]/CK 
Endpoint:   led_brightness_r_reg[1]/D          (v) checked with  leading edge of 'clk'
Beginpoint: u_lum_ctrl/led_brightness_reg[1]/Q (v) triggered by  leading edge of 'clk'
Path Groups: {clk}
Retime Analysis { Data Path-Slew }
Other End Arrival Time          0.000
+ Hold                          0.120
+ Phase Shift                   0.000
+ Uncertainty                   0.150
= Required Time                 0.270
  Arrival Time                  0.338
  Slack Time                    0.068
= Slack Time(original)          0.045
     Clock Rise Edge                 0.000
     + Clock Network Latency (Ideal) 0.000
     = Beginpoint Arrival Time       0.000
      ----------------------------------------------------------------------------------
      Instance                          Arc          Cell      Retime  Arrival  Required  
                                                               Delay   Time     Time  
      ----------------------------------------------------------------------------------
      u_lum_ctrl/led_brightness_reg[1]  CK ^         -         -       0.000    -0.068  
      u_lum_ctrl/led_brightness_reg[1]  CK ^ -> Q v  DFFRHQX1  0.338   0.338    0.270  
      led_brightness_r_reg[1]           -            DFFRHQX8  0.000   0.338    0.270  
      ----------------------------------------------------------------------------------
Path 9: MET Hold Check with Pin led_brightness_r_reg[6]/CK 
Endpoint:   led_brightness_r_reg[6]/D          (v) checked with  leading edge of 'clk'
Beginpoint: u_lum_ctrl/led_brightness_reg[6]/Q (v) triggered by  leading edge of 'clk'
Path Groups: {clk}
Retime Analysis { Data Path-Slew }
Other End Arrival Time          0.000
+ Hold                          0.120
+ Phase Shift                   0.000
+ Uncertainty                   0.150
= Required Time                 0.270
  Arrival Time                  0.338
  Slack Time                    0.068
= Slack Time(original)          0.045
     Clock Rise Edge                 0.000
     + Clock Network Latency (Ideal) 0.000
     = Beginpoint Arrival Time       0.000
      ----------------------------------------------------------------------------------
      Instance                          Arc          Cell      Retime  Arrival  Required  
                                                               Delay   Time     Time  
      ----------------------------------------------------------------------------------
      u_lum_ctrl/led_brightness_reg[6]  CK ^         -         -       0.000    -0.068  
      u_lum_ctrl/led_brightness_reg[6]  CK ^ -> Q v  DFFRHQX1  0.338   0.338    0.270  
      led_brightness_r_reg[6]           -            DFFRHQX8  0.000   0.338    0.270  
      ----------------------------------------------------------------------------------
Path 10: MET Hold Check with Pin humidifier_on_r_reg/CK 
Endpoint:   humidifier_on_r_reg/D          (v) checked with  leading edge of 'clk'
Beginpoint: u_humidity/humidifier_on_reg/Q (v) triggered by  leading edge of 'clk'
Path Groups: {clk}
Retime Analysis { Data Path-Slew }
Other End Arrival Time          0.000
+ Hold                          0.120
+ Phase Shift                   0.000
+ Uncertainty                   0.150
= Required Time                 0.270
  Arrival Time                  0.338
  Slack Time                    0.068
= Slack Time(original)          0.045
     Clock Rise Edge                 0.000
     + Clock Network Latency (Ideal) 0.000
     = Beginpoint Arrival Time       0.000
      ------------------------------------------------------------------------------
      Instance                      Arc          Cell      Retime  Arrival  Required  
                                                           Delay   Time     Time  
      ------------------------------------------------------------------------------
      u_humidity/humidifier_on_reg  CK ^         -         -       0.000    -0.068  
      u_humidity/humidifier_on_reg  CK ^ -> Q v  DFFRHQX1  0.338   0.338    0.270  
      humidifier_on_r_reg           -            DFFRHQX8  0.000   0.338    0.270  
      ------------------------------------------------------------------------------
Path 11: MET Hold Check with Pin led_brightness_r_reg[0]/CK 
Endpoint:   led_brightness_r_reg[0]/D          (v) checked with  leading edge of 'clk'
Beginpoint: u_lum_ctrl/led_brightness_reg[0]/Q (v) triggered by  leading edge of 'clk'
Path Groups: {clk}
Retime Analysis { Data Path-Slew }
Other End Arrival Time          0.000
+ Hold                          0.120
+ Phase Shift                   0.000
+ Uncertainty                   0.150
= Required Time                 0.270
  Arrival Time                  0.338
  Slack Time                    0.068
= Slack Time(original)          0.045
     Clock Rise Edge                 0.000
     + Clock Network Latency (Ideal) 0.000
     = Beginpoint Arrival Time       0.000
      ----------------------------------------------------------------------------------
      Instance                          Arc          Cell      Retime  Arrival  Required  
                                                               Delay   Time     Time  
      ----------------------------------------------------------------------------------
      u_lum_ctrl/led_brightness_reg[0]  CK ^         -         -       0.000    -0.068  
      u_lum_ctrl/led_brightness_reg[0]  CK ^ -> Q v  DFFRHQX1  0.338   0.338    0.270  
      led_brightness_r_reg[0]           -            DFFRHQX8  0.000   0.338    0.270  
      ----------------------------------------------------------------------------------
Path 12: MET Hold Check with Pin led_brightness_r_reg[3]/CK 
Endpoint:   led_brightness_r_reg[3]/D          (v) checked with  leading edge of 'clk'
Beginpoint: u_lum_ctrl/led_brightness_reg[3]/Q (v) triggered by  leading edge of 'clk'
Path Groups: {clk}
Retime Analysis { Data Path-Slew }
Other End Arrival Time          0.000
+ Hold                          0.120
+ Phase Shift                   0.000
+ Uncertainty                   0.150
= Required Time                 0.270
  Arrival Time                  0.338
  Slack Time                    0.068
= Slack Time(original)          0.045
     Clock Rise Edge                 0.000
     + Clock Network Latency (Ideal) 0.000
     = Beginpoint Arrival Time       0.000
      ----------------------------------------------------------------------------------
      Instance                          Arc          Cell      Retime  Arrival  Required  
                                                               Delay   Time     Time  
      ----------------------------------------------------------------------------------
      u_lum_ctrl/led_brightness_reg[3]  CK ^         -         -       0.000    -0.068  
      u_lum_ctrl/led_brightness_reg[3]  CK ^ -> Q v  DFFRHQX1  0.338   0.338    0.270  
      led_brightness_r_reg[3]           -            DFFRHQX8  0.000   0.338    0.270  
      ----------------------------------------------------------------------------------
Path 13: MET Hold Check with Pin dehumidifier_on_r_reg/CK 
Endpoint:   dehumidifier_on_r_reg/D          (v) checked with  leading edge of 'clk'
Beginpoint: u_humidity/dehumidifier_on_reg/Q (v) triggered by  leading edge of 'clk'
Path Groups: {clk}
Retime Analysis { Data Path-Slew }
Other End Arrival Time          0.000
+ Hold                          0.120
+ Phase Shift                   0.000
+ Uncertainty                   0.150
= Required Time                 0.270
  Arrival Time                  0.338
  Slack Time                    0.068
= Slack Time(original)          0.045
     Clock Rise Edge                 0.000
     + Clock Network Latency (Ideal) 0.000
     = Beginpoint Arrival Time       0.000
      --------------------------------------------------------------------------------
      Instance                        Arc          Cell      Retime  Arrival  Required  
                                                             Delay   Time     Time  
      --------------------------------------------------------------------------------
      u_humidity/dehumidifier_on_reg  CK ^         -         -       0.000    -0.068  
      u_humidity/dehumidifier_on_reg  CK ^ -> Q v  DFFRHQX1  0.338   0.338    0.270  
      dehumidifier_on_r_reg           -            DFFRHQX8  0.000   0.338    0.270  
      --------------------------------------------------------------------------------
Path 14: MET Hold Check with Pin led_brightness_r_reg[7]/CK 
Endpoint:   led_brightness_r_reg[7]/D          (v) checked with  leading edge of 'clk'
Beginpoint: u_lum_ctrl/led_brightness_reg[7]/Q (v) triggered by  leading edge of 'clk'
Path Groups: {clk}
Retime Analysis { Data Path-Slew }
Other End Arrival Time          0.000
+ Hold                          0.120
+ Phase Shift                   0.000
+ Uncertainty                   0.150
= Required Time                 0.270
  Arrival Time                  0.338
  Slack Time                    0.068
= Slack Time(original)          0.045
     Clock Rise Edge                 0.000
     + Clock Network Latency (Ideal) 0.000
     = Beginpoint Arrival Time       0.000
      ----------------------------------------------------------------------------------
      Instance                          Arc          Cell      Retime  Arrival  Required  
                                                               Delay   Time     Time  
      ----------------------------------------------------------------------------------
      u_lum_ctrl/led_brightness_reg[7]  CK ^         -         -       0.000    -0.068  
      u_lum_ctrl/led_brightness_reg[7]  CK ^ -> Q v  DFFRHQX1  0.338   0.338    0.270  
      led_brightness_r_reg[7]           -            DFFRHQX8  0.000   0.338    0.270  
      ----------------------------------------------------------------------------------
Path 15: MET Hold Check with Pin led_brightness_r_reg[2]/CK 
Endpoint:   led_brightness_r_reg[2]/D          (v) checked with  leading edge of 'clk'
Beginpoint: u_lum_ctrl/led_brightness_reg[2]/Q (v) triggered by  leading edge of 'clk'
Path Groups: {clk}
Retime Analysis { Data Path-Slew }
Other End Arrival Time          0.000
+ Hold                          0.120
+ Phase Shift                   0.000
+ Uncertainty                   0.150
= Required Time                 0.270
  Arrival Time                  0.338
  Slack Time                    0.068
= Slack Time(original)          0.045
     Clock Rise Edge                 0.000
     + Clock Network Latency (Ideal) 0.000
     = Beginpoint Arrival Time       0.000
      ----------------------------------------------------------------------------------
      Instance                          Arc          Cell      Retime  Arrival  Required  
                                                               Delay   Time     Time  
      ----------------------------------------------------------------------------------
      u_lum_ctrl/led_brightness_reg[2]  CK ^         -         -       0.000    -0.068  
      u_lum_ctrl/led_brightness_reg[2]  CK ^ -> Q v  DFFRHQX1  0.338   0.338    0.270  
      led_brightness_r_reg[2]           -            DFFRHQX8  0.000   0.338    0.270  
      ----------------------------------------------------------------------------------
Path 16: MET Hold Check with Pin led_brightness_r_reg[4]/CK 
Endpoint:   led_brightness_r_reg[4]/D          (v) checked with  leading edge of 'clk'
Beginpoint: u_lum_ctrl/led_brightness_reg[4]/Q (v) triggered by  leading edge of 'clk'
Path Groups: {clk}
Retime Analysis { Data Path-Slew }
Other End Arrival Time          0.000
+ Hold                          0.120
+ Phase Shift                   0.000
+ Uncertainty                   0.150
= Required Time                 0.270
  Arrival Time                  0.338
  Slack Time                    0.068
= Slack Time(original)          0.045
     Clock Rise Edge                 0.000
     + Clock Network Latency (Ideal) 0.000
     = Beginpoint Arrival Time       0.000
      ----------------------------------------------------------------------------------
      Instance                          Arc          Cell      Retime  Arrival  Required  
                                                               Delay   Time     Time  
      ----------------------------------------------------------------------------------
      u_lum_ctrl/led_brightness_reg[4]  CK ^         -         -       0.000    -0.068  
      u_lum_ctrl/led_brightness_reg[4]  CK ^ -> Q v  DFFRHQX1  0.338   0.338    0.270  
      led_brightness_r_reg[4]           -            DFFRHQX8  0.000   0.338    0.270  
      ----------------------------------------------------------------------------------
Path 17: MET Hold Check with Pin music_on_r_reg/CK 
Endpoint:   music_on_r_reg/D               (v) checked with  leading edge of 'clk'
Beginpoint: u_entertainment/music_on_reg/Q (v) triggered by  leading edge of 'clk'
Path Groups: {clk}
Retime Analysis { Data Path-Slew }
Other End Arrival Time          0.000
+ Hold                          0.120
+ Phase Shift                   0.000
+ Uncertainty                   0.150
= Required Time                 0.270
  Arrival Time                  0.338
  Slack Time                    0.068
= Slack Time(original)          0.045
     Clock Rise Edge                 0.000
     + Clock Network Latency (Ideal) 0.000
     = Beginpoint Arrival Time       0.000
      ------------------------------------------------------------------------------
      Instance                      Arc          Cell      Retime  Arrival  Required  
                                                           Delay   Time     Time  
      ------------------------------------------------------------------------------
      u_entertainment/music_on_reg  CK ^         -         -       0.000    -0.068  
      u_entertainment/music_on_reg  CK ^ -> Q v  DFFRHQX1  0.338   0.338    0.270  
      music_on_r_reg                -            DFFRHQX8  0.000   0.338    0.270  
      ------------------------------------------------------------------------------
Path 18: MET Hold Check with Pin tv_on_r_reg/CK 
Endpoint:   tv_on_r_reg/D               (v) checked with  leading edge of 'clk'
Beginpoint: u_entertainment/tv_on_reg/Q (v) triggered by  leading edge of 'clk'
Path Groups: {clk}
Retime Analysis { Data Path-Slew }
Other End Arrival Time          0.000
+ Hold                          0.120
+ Phase Shift                   0.000
+ Uncertainty                   0.150
= Required Time                 0.270
  Arrival Time                  0.338
  Slack Time                    0.068
= Slack Time(original)          0.045
     Clock Rise Edge                 0.000
     + Clock Network Latency (Ideal) 0.000
     = Beginpoint Arrival Time       0.000
      ---------------------------------------------------------------------------
      Instance                   Arc          Cell      Retime  Arrival  Required  
                                                        Delay   Time     Time  
      ---------------------------------------------------------------------------
      u_entertainment/tv_on_reg  CK ^         -         -       0.000    -0.068  
      u_entertainment/tv_on_reg  CK ^ -> Q v  DFFRHQX1  0.338   0.338    0.270  
      tv_on_r_reg                -            DFFRHQX8  0.000   0.338    0.270  
      ---------------------------------------------------------------------------
Path 19: MET Hold Check with Pin water_valve_close_r_reg/CK 
Endpoint:   water_valve_close_r_reg/D      (v) checked with  leading edge of 'clk'
Beginpoint: u_water_ctrl/valve_close_reg/Q (v) triggered by  leading edge of 'clk'
Path Groups: {clk}
Retime Analysis { Data Path-Slew }
Other End Arrival Time          0.000
+ Hold                          0.120
+ Phase Shift                   0.000
+ Uncertainty                   0.150
= Required Time                 0.270
  Arrival Time                  0.338
  Slack Time                    0.068
= Slack Time(original)          0.045
     Clock Rise Edge                 0.000
     + Clock Network Latency (Ideal) 0.000
     = Beginpoint Arrival Time       0.000
      ------------------------------------------------------------------------------
      Instance                      Arc          Cell      Retime  Arrival  Required  
                                                           Delay   Time     Time  
      ------------------------------------------------------------------------------
      u_water_ctrl/valve_close_reg  CK ^         -         -       0.000    -0.068  
      u_water_ctrl/valve_close_reg  CK ^ -> Q v  DFFRHQX1  0.338   0.338    0.270  
      water_valve_close_r_reg       -            DFFRHQX8  0.000   0.338    0.270  
      ------------------------------------------------------------------------------
Path 20: MET Hold Check with Pin volume_level_r_reg[1]/CK 
Endpoint:   volume_level_r_reg[1]/D               (v) checked with  leading edge of 'clk'
Beginpoint: u_entertainment/volume_level_reg[1]/Q (v) triggered by  leading edge of 'clk'
Path Groups: {clk}
Retime Analysis { Data Path-Slew }
Other End Arrival Time          0.000
+ Hold                          0.107
+ Phase Shift                   0.000
+ Uncertainty                   0.150
= Required Time                 0.257
  Arrival Time                  0.344
  Slack Time                    0.087
= Slack Time(original)          0.048
     Clock Rise Edge                 0.000
     + Clock Network Latency (Ideal) 0.000
     = Beginpoint Arrival Time       0.000
      --------------------------------------------------------------------------------------
      Instance                             Arc          Cell       Retime  Arrival  Required  
                                                                   Delay   Time     Time  
      --------------------------------------------------------------------------------------
      u_entertainment/volume_level_reg[1]  CK ^         -          -       0.000    -0.087  
      u_entertainment/volume_level_reg[1]  CK ^ -> Q v  SDFFRHQX1  0.344   0.344    0.257  
      volume_level_r_reg[1]                -            DFFRHQX8   0.000   0.344    0.257  
      --------------------------------------------------------------------------------------
Path 21: MET Hold Check with Pin volume_level_r_reg[3]/CK 
Endpoint:   volume_level_r_reg[3]/D               (v) checked with  leading edge of 'clk'
Beginpoint: u_entertainment/volume_level_reg[3]/Q (v) triggered by  leading edge of 'clk'
Path Groups: {clk}
Retime Analysis { Data Path-Slew }
Other End Arrival Time          0.000
+ Hold                          0.107
+ Phase Shift                   0.000
+ Uncertainty                   0.150
= Required Time                 0.257
  Arrival Time                  0.344
  Slack Time                    0.087
= Slack Time(original)          0.048
     Clock Rise Edge                 0.000
     + Clock Network Latency (Ideal) 0.000
     = Beginpoint Arrival Time       0.000
      --------------------------------------------------------------------------------------
      Instance                             Arc          Cell       Retime  Arrival  Required  
                                                                   Delay   Time     Time  
      --------------------------------------------------------------------------------------
      u_entertainment/volume_level_reg[3]  CK ^         -          -       0.000    -0.087  
      u_entertainment/volume_level_reg[3]  CK ^ -> Q v  SDFFRHQX1  0.344   0.344    0.257  
      volume_level_r_reg[3]                -            DFFRHQX8   0.000   0.344    0.257  
      --------------------------------------------------------------------------------------
Path 22: MET Hold Check with Pin window_state_r_reg[0]/CK 
Endpoint:   window_state_r_reg[0]/D        (v) checked with  leading edge of 'clk'
Beginpoint: u_window/window_state_reg[0]/Q (v) triggered by  leading edge of 'clk'
Path Groups: {clk}
Retime Analysis { Data Path-Slew }
Other End Arrival Time          0.000
+ Hold                          0.115
+ Phase Shift                   0.000
+ Uncertainty                   0.150
= Required Time                 0.265
  Arrival Time                  0.349
  Slack Time                    0.084
= Slack Time(original)          0.053
     Clock Rise Edge                 0.000
     + Clock Network Latency (Ideal) 0.000
     = Beginpoint Arrival Time       0.000
      ------------------------------------------------------------------------------
      Instance                      Arc          Cell      Retime  Arrival  Required  
                                                           Delay   Time     Time  
      ------------------------------------------------------------------------------
      u_window/window_state_reg[0]  CK ^         -         -       0.000    -0.084  
      u_window/window_state_reg[0]  CK ^ -> Q v  DFFRHQX1  0.349   0.349    0.265  
      window_state_r_reg[0]         -            DFFRHQX8  0.000   0.349    0.265  
      ------------------------------------------------------------------------------
Path 23: MET Hold Check with Pin cooler_on_r_reg/CK 
Endpoint:   cooler_on_r_reg/D           (v) checked with  leading edge of 'clk'
Beginpoint: u_temp_ctrl/cooler_on_reg/Q (v) triggered by  leading edge of 'clk'
Path Groups: {clk}
Retime Analysis { Data Path-Slew }
Other End Arrival Time          0.000
+ Hold                          0.119
+ Phase Shift                   0.000
+ Uncertainty                   0.150
= Required Time                 0.269
  Arrival Time                  0.346
  Slack Time                    0.076
= Slack Time(original)          0.053
     Clock Rise Edge                 0.000
     + Clock Network Latency (Ideal) 0.000
     = Beginpoint Arrival Time       0.000
      ---------------------------------------------------------------------------
      Instance                   Arc          Cell      Retime  Arrival  Required  
                                                        Delay   Time     Time  
      ---------------------------------------------------------------------------
      u_temp_ctrl/cooler_on_reg  CK ^         -         -       0.000    -0.076  
      u_temp_ctrl/cooler_on_reg  CK ^ -> Q v  DFFRHQX1  0.346   0.346    0.269  
      cooler_on_r_reg            -            DFFRX1    0.000   0.346    0.269  
      ---------------------------------------------------------------------------
Path 24: MET Hold Check with Pin heater_on_r_reg/CK 
Endpoint:   heater_on_r_reg/D           (v) checked with  leading edge of 'clk'
Beginpoint: u_temp_ctrl/heater_on_reg/Q (v) triggered by  leading edge of 'clk'
Path Groups: {clk}
Retime Analysis { Data Path-Slew }
Other End Arrival Time          0.000
+ Hold                          0.119
+ Phase Shift                   0.000
+ Uncertainty                   0.150
= Required Time                 0.269
  Arrival Time                  0.346
  Slack Time                    0.076
= Slack Time(original)          0.053
     Clock Rise Edge                 0.000
     + Clock Network Latency (Ideal) 0.000
     = Beginpoint Arrival Time       0.000
      ---------------------------------------------------------------------------
      Instance                   Arc          Cell      Retime  Arrival  Required  
                                                        Delay   Time     Time  
      ---------------------------------------------------------------------------
      u_temp_ctrl/heater_on_reg  CK ^         -         -       0.000    -0.076  
      u_temp_ctrl/heater_on_reg  CK ^ -> Q v  DFFRHQX1  0.346   0.346    0.269  
      heater_on_r_reg            -            DFFRX1    0.000   0.346    0.269  
      ---------------------------------------------------------------------------
Path 25: MET Hold Check with Pin burglar_alarm_out_r_reg/CK 
Endpoint:   burglar_alarm_out_r_reg/D (v) checked with  leading edge of 'clk'
Beginpoint: u_burglar/alarm_out_reg/Q (v) triggered by  leading edge of 'clk'
Path Groups: {clk}
Retime Analysis { Data Path-Slew }
Other End Arrival Time          0.000
+ Hold                          0.119
+ Phase Shift                   0.000
+ Uncertainty                   0.150
= Required Time                 0.269
  Arrival Time                  0.346
  Slack Time                    0.077
= Slack Time(original)          0.054
     Clock Rise Edge                 0.000
     + Clock Network Latency (Ideal) 0.000
     = Beginpoint Arrival Time       0.000
      -------------------------------------------------------------------------
      Instance                 Arc          Cell      Retime  Arrival  Required  
                                                      Delay   Time     Time  
      -------------------------------------------------------------------------
      u_burglar/alarm_out_reg  CK ^         -         -       0.000    -0.077  
      u_burglar/alarm_out_reg  CK ^ -> Q v  DFFRHQX1  0.346   0.346    0.269  
      burglar_alarm_out_r_reg  -            DFFRX1    0.000   0.346    0.269  
      -------------------------------------------------------------------------
Path 26: MET Hold Check with Pin volume_level_r_reg[0]/CK 
Endpoint:   volume_level_r_reg[0]/D               (v) checked with  leading edge of 'clk'
Beginpoint: u_entertainment/volume_level_reg[0]/Q (v) triggered by  leading edge of 'clk'
Path Groups: {clk}
Retime Analysis { Data Path-Slew }
Other End Arrival Time          0.000
+ Hold                          0.104
+ Phase Shift                   0.000
+ Uncertainty                   0.150
= Required Time                 0.254
  Arrival Time                  0.356
  Slack Time                    0.101
= Slack Time(original)          0.060
     Clock Rise Edge                 0.000
     + Clock Network Latency (Ideal) 0.000
     = Beginpoint Arrival Time       0.000
      --------------------------------------------------------------------------------------
      Instance                             Arc          Cell       Retime  Arrival  Required  
                                                                   Delay   Time     Time  
      --------------------------------------------------------------------------------------
      u_entertainment/volume_level_reg[0]  CK ^         -          -       0.000    -0.101  
      u_entertainment/volume_level_reg[0]  CK ^ -> Q v  SDFFSHQX1  0.356   0.356    0.254  
      volume_level_r_reg[0]                -            DFFRHQX8   0.000   0.356    0.254  
      --------------------------------------------------------------------------------------
Path 27: MET Hold Check with Pin volume_level_r_reg[2]/CK 
Endpoint:   volume_level_r_reg[2]/D               (v) checked with  leading edge of 'clk'
Beginpoint: u_entertainment/volume_level_reg[2]/Q (v) triggered by  leading edge of 'clk'
Path Groups: {clk}
Retime Analysis { Data Path-Slew }
Other End Arrival Time          0.000
+ Hold                          0.104
+ Phase Shift                   0.000
+ Uncertainty                   0.150
= Required Time                 0.254
  Arrival Time                  0.356
  Slack Time                    0.101
= Slack Time(original)          0.060
     Clock Rise Edge                 0.000
     + Clock Network Latency (Ideal) 0.000
     = Beginpoint Arrival Time       0.000
      --------------------------------------------------------------------------------------
      Instance                             Arc          Cell       Retime  Arrival  Required  
                                                                   Delay   Time     Time  
      --------------------------------------------------------------------------------------
      u_entertainment/volume_level_reg[2]  CK ^         -          -       0.000    -0.101  
      u_entertainment/volume_level_reg[2]  CK ^ -> Q v  SDFFSHQX1  0.356   0.356    0.254  
      volume_level_r_reg[2]                -            DFFRHQX8   0.000   0.356    0.254  
      --------------------------------------------------------------------------------------
Path 28: MET Hold Check with Pin window_state_r_reg[1]/CK 
Endpoint:   window_state_r_reg[1]/D        (v) checked with  leading edge of 'clk'
Beginpoint: u_window/window_state_reg[1]/Q (v) triggered by  leading edge of 'clk'
Path Groups: {clk}
Retime Analysis { Data Path-Slew }
Other End Arrival Time          0.000
+ Hold                          0.106
+ Phase Shift                   0.000
+ Uncertainty                   0.150
= Required Time                 0.256
  Arrival Time                  0.356
  Slack Time                    0.100
= Slack Time(original)          0.060
     Clock Rise Edge                 0.000
     + Clock Network Latency (Ideal) 0.000
     = Beginpoint Arrival Time       0.000
      ------------------------------------------------------------------------------
      Instance                      Arc          Cell      Retime  Arrival  Required  
                                                           Delay   Time     Time  
      ------------------------------------------------------------------------------
      u_window/window_state_reg[1]  CK ^         -         -       0.000    -0.100  
      u_window/window_state_reg[1]  CK ^ -> Q v  DFFRHQX1  0.356   0.356    0.256  
      window_state_r_reg[1]         -            DFFRHQX8  0.000   0.356    0.256  
      ------------------------------------------------------------------------------
Path 29: MET Hold Check with Pin water_pump_on_r_reg/CK 
Endpoint:   water_pump_on_r_reg/D      (v) checked with  leading edge of 'clk'
Beginpoint: u_water_ctrl/pump_on_reg/Q (v) triggered by  leading edge of 'clk'
Path Groups: {clk}
Retime Analysis { Data Path-Slew }
Other End Arrival Time          0.000
+ Hold                          0.108
+ Phase Shift                   0.000
+ Uncertainty                   0.150
= Required Time                 0.258
  Arrival Time                  0.341
  Slack Time                    0.083
= Slack Time(original)          0.060
     Clock Rise Edge                 0.000
     + Clock Network Latency (Ideal) 0.000
     = Beginpoint Arrival Time       0.000
      ---------------------------------------------------------------------------
      Instance                  Arc          Cell       Retime  Arrival  Required  
                                                        Delay   Time     Time  
      ---------------------------------------------------------------------------
      u_water_ctrl/pump_on_reg  CK ^         -          -       0.000    -0.083  
      u_water_ctrl/pump_on_reg  CK ^ -> Q v  SDFFRHQX1  0.341   0.341    0.258  
      water_pump_on_r_reg       -            DFFRX1     0.000   0.341    0.258  
      ---------------------------------------------------------------------------
Path 30: MET Hold Check with Pin visitor_count_r_reg[2]/CK 
Endpoint:   visitor_count_r_reg[2]/D (v) checked with  leading edge of 'clk'
Beginpoint: u_visitor/count_reg[2]/Q (v) triggered by  leading edge of 'clk'
Path Groups: {clk}
Retime Analysis { Data Path-Slew }
Other End Arrival Time          0.000
+ Hold                          0.081
+ Phase Shift                   0.000
+ Uncertainty                   0.150
= Required Time                 0.231
  Arrival Time                  0.361
  Slack Time                    0.131
= Slack Time(original)          0.067
     Clock Rise Edge                 0.000
     + Clock Network Latency (Ideal) 0.000
     = Beginpoint Arrival Time       0.000
      -------------------------------------------------------------------------
      Instance                Arc          Cell       Retime  Arrival  Required  
                                                      Delay   Time     Time  
      -------------------------------------------------------------------------
      u_visitor/count_reg[2]  CK ^         -          -       0.000    -0.131  
      u_visitor/count_reg[2]  CK ^ -> Q v  SDFFRHQX1  0.361   0.361    0.231  
      visitor_count_r_reg[2]  -            DFFRHQX8   0.000   0.361    0.231  
      -------------------------------------------------------------------------

