###############################################################
#  Generated by:      Cadence Tempus 20.10-p003_1
#  OS:                Linux x86_64(Host ID edatools-server2.iiitd.edu.in)
#  Generated on:      Tue Nov 18 14:00:56 2025
#  Design:            HA
#  Command:           report_timing > $report_dir/timing_report.rpt
###############################################################
Path 1: VIOLATED Recovery Check with Pin temp_sensor_r_reg[7]/CK 
Endpoint:   temp_sensor_r_reg[7]/RN (^) checked with  leading edge of 'clk'
Beginpoint: rst_n                   (^) triggered by  leading edge of 'clk'
Path Groups: {async_default}
Other End Arrival Time          0.000
- Recovery                      0.293
+ Phase Shift                   1.800
- Uncertainty                   0.150
= Required Time                 1.357
- Arrival Time                  1.780
= Slack Time                   -0.423
     Clock Rise Edge                      0.000
     + Input Delay                        1.780
     = Beginpoint Arrival Time            1.780
      ------------------------------------------------------------------
      Instance              Arc      Cell       Delay  Arrival  Required  
                                                       Time     Time  
      ------------------------------------------------------------------
      -                     rst_n ^  -          -      1.780    1.357  
      temp_sensor_r_reg[7]  RN ^     DFFSRHQX4  0.000  1.780    1.357  
      ------------------------------------------------------------------

