###############################################################
#  Generated by:      Cadence Tempus 20.10-p003_1
#  OS:                Linux x86_64(Host ID edatools-server2.iiitd.edu.in)
#  Generated on:      Mon Oct 27 18:15:01 2025
#  Design:            HA
#  Command:           report_constraints -all_violators > /home/drashi25114/Desktop/cmos65/90nm/verilog/STA/sta_after_synthesis_min_area/reports/allviolations.rpt
###############################################################
# format : frame 0 : split 1

max_delay/setup
---------------------------
No paths found

min_delay/hold
---------------------------
      ------------------------------------------------------------------------------------------------  
       End Point                                  Slack      Cause                                      
      ------------------------------------------------------------------------------------------------  
      light_sensor_r_reg[0]/RN r                 -0.276     VIOLATED
      light_sensor_r_reg[6]/RN r                 -0.276     VIOLATED
      light_sensor_r_reg[5]/RN r                 -0.276     VIOLATED
      light_sensor_r_reg[4]/RN r                 -0.276     VIOLATED
      light_sensor_r_reg[2]/RN r                 -0.276     VIOLATED
      light_sensor_r_reg[1]/RN r                 -0.276     VIOLATED
      light_sensor_r_reg[3]/RN r                 -0.276     VIOLATED
      volume_cmd_r_reg[1]/RN r                   -0.276     VIOLATED
      tv_on_cmd_r_reg/RN r                       -0.276     VIOLATED
      pin_input_r_reg[3]/RN r                    -0.276     VIOLATED
      pin_input_r_reg[2]/RN r                    -0.276     VIOLATED
      pin_input_r_reg[0]/RN r                    -0.276     VIOLATED
      music_on_cmd_r_reg/RN r                    -0.276     VIOLATED
      volume_cmd_r_reg[3]/RN r                   -0.276     VIOLATED
      humidity_sensor_r_reg[6]/RN r              -0.276     VIOLATED
      humidity_sensor_r_reg[5]/RN r              -0.276     VIOLATED
      humidity_sensor_r_reg[4]/RN r              -0.276     VIOLATED
      humidity_sensor_r_reg[3]/RN r              -0.276     VIOLATED
      humidity_sensor_r_reg[2]/RN r              -0.276     VIOLATED
      humidity_sensor_r_reg[1]/RN r              -0.276     VIOLATED
      humidity_sensor_r_reg[0]/RN r              -0.276     VIOLATED
      exit_sensor_r_reg/RN r                     -0.276     VIOLATED
      entry_sensor_r_reg/RN r                    -0.276     VIOLATED
      door_sensor_r_reg/RN r                     -0.276     VIOLATED
      volume_cmd_r_reg[2]/RN r                   -0.276     VIOLATED
      door_lock_cmd_r_reg/RN r                   -0.276     VIOLATED
      water_level_r_reg[0]/RN r                  -0.276     VIOLATED
      water_level_r_reg[3]/RN r                  -0.276     VIOLATED
      water_level_r_reg[1]/RN r                  -0.276     VIOLATED
      temp_sensor_r_reg[6]/RN r                  -0.276     VIOLATED
      temp_sensor_r_reg[3]/RN r                  -0.276     VIOLATED
      temp_setpoint_r_reg[2]/RN r                -0.276     VIOLATED
      temp_setpoint_r_reg[1]/RN r                -0.276     VIOLATED
      temp_setpoint_r_reg[0]/RN r                -0.276     VIOLATED
      temp_sensor_r_reg[5]/RN r                  -0.276     VIOLATED
      temp_sensor_r_reg[4]/RN r                  -0.276     VIOLATED
      water_level_r_reg[2]/RN r                  -0.276     VIOLATED
      heater_on_r_reg/RN r                       -0.276     VIOLATED
      burglar_alarm_out_r_reg/RN r               -0.276     VIOLATED
      light_sensor_r_reg[7]/RN r                 -0.276     VIOLATED
      cooler_on_r_reg/RN r                       -0.276     VIOLATED
      temp_setpoint_r_reg[3]/RN r                -0.276     VIOLATED
      temp_setpoint_r_reg[4]/RN r                -0.276     VIOLATED
      temp_setpoint_r_reg[5]/RN r                -0.276     VIOLATED
      temp_setpoint_r_reg[6]/RN r                -0.276     VIOLATED
      window_sensor_r_reg/RN r                   -0.276     VIOLATED
      temp_setpoint_r_reg[7]/RN r                -0.276     VIOLATED
      window_manual_open_r_reg/RN r              -0.276     VIOLATED
      ac_cmd_r_reg/RN r                          -0.276     VIOLATED
      light_cmd_r_reg/RN r                       -0.276     VIOLATED
      window_manual_close_r_reg/RN r             -0.276     VIOLATED
      temp_sensor_r_reg[7]/RN r                  -0.276     VIOLATED
      visitor_count_r_reg[6]/RN r                -0.276     VIOLATED
      visitor_count_r_reg[7]/RN r                -0.276     VIOLATED
      temp_sensor_r_reg[2]/RN r                  -0.276     VIOLATED
      temp_sensor_r_reg[0]/RN r                  -0.276     VIOLATED
      window_state_r_reg[0]/RN r                 -0.276     VIOLATED
      window_state_r_reg[1]/RN r                 -0.276     VIOLATED
      visitor_count_r_reg[0]/RN r                -0.276     VIOLATED
      temp_sensor_r_reg[1]/RN r                  -0.276     VIOLATED
      visitor_count_r_reg[3]/RN r                -0.276     VIOLATED
      visitor_count_r_reg[2]/RN r                -0.276     VIOLATED
      visitor_count_r_reg[4]/RN r                -0.276     VIOLATED
      visitor_count_r_reg[5]/RN r                -0.276     VIOLATED
      window_auto_mode_r_reg/RN r                -0.276     VIOLATED
      visitor_count_r_reg[1]/RN r                -0.276     VIOLATED
      pin_input_r_reg[1]/RN r                    -0.276     VIOLATED
      fan_cmd_r_reg/RN r                         -0.276     VIOLATED
      motion_sensor_r_reg/RN r                   -0.276     VIOLATED
      volume_cmd_r_reg[0]/RN r                   -0.276     VIOLATED
      door_unlock_cmd_r_reg/RN r                 -0.276     VIOLATED
      alarm_arm_r_reg/RN r                       -0.276     VIOLATED
      humidity_sensor_r_reg[7]/RN r              -0.276     VIOLATED
      water_pump_on_r_reg/RN r                   -0.276     VIOLATED
      volume_level_r_reg[2]/RN r                 -0.276     VIOLATED
      volume_level_r_reg[0]/RN r                 -0.276     VIOLATED
      volume_level_r_reg[1]/RN r                 -0.276     VIOLATED
      volume_level_r_reg[3]/RN r                 -0.276     VIOLATED
      fan_on_r_reg/RN r                          -0.276     VIOLATED
      ac_on_r_reg/RN r                           -0.276     VIOLATED
      door_locked_r_reg/RN r                     -0.276     VIOLATED
      lights_on_r_reg/RN r                       -0.276     VIOLATED
      led_brightness_r_reg[5]/RN r               -0.276     VIOLATED
      led_brightness_r_reg[1]/RN r               -0.276     VIOLATED
      led_brightness_r_reg[0]/RN r               -0.276     VIOLATED
      led_brightness_r_reg[6]/RN r               -0.276     VIOLATED
      led_brightness_r_reg[3]/RN r               -0.276     VIOLATED
      led_brightness_r_reg[4]/RN r               -0.276     VIOLATED
      dehumidifier_on_r_reg/RN r                 -0.276     VIOLATED
      humidifier_on_r_reg/RN r                   -0.276     VIOLATED
      lock_status_r_reg[0]/RN r                  -0.276     VIOLATED
      lock_status_r_reg[1]/RN r                  -0.276     VIOLATED
      led_brightness_r_reg[7]/RN r               -0.276     VIOLATED
      led_brightness_r_reg[2]/RN r               -0.276     VIOLATED
      music_on_r_reg/RN r                        -0.276     VIOLATED
      tv_on_r_reg/RN r                           -0.276     VIOLATED
      water_valve_close_r_reg/RN r               -0.276     VIOLATED
      u_window/window_state_reg[1]/RN r          -0.276     VIOLATED
      u_water_ctrl/valve_close_reg/RN r          -0.276     VIOLATED
      u_visitor/entry_prev_reg/RN r              -0.276     VIOLATED
      u_visitor/count_reg[1]/RN r                -0.276     VIOLATED
      u_visitor/count_reg[7]/RN r                -0.276     VIOLATED
      u_visitor/count_reg[4]/RN r                -0.276     VIOLATED
      u_visitor/count_reg[2]/RN r                -0.276     VIOLATED
      u_temp_ctrl/heater_on_reg/RN r             -0.276     VIOLATED
      u_lum_ctrl/led_brightness_reg[1]/RN r      -0.276     VIOLATED
      u_lum_ctrl/led_brightness_reg[3]/RN r      -0.276     VIOLATED
      u_lum_ctrl/led_brightness_reg[5]/RN r      -0.276     VIOLATED
      u_lum_ctrl/led_brightness_reg[2]/RN r      -0.276     VIOLATED
      u_lum_ctrl/led_brightness_reg[0]/RN r      -0.276     VIOLATED
      u_lum_ctrl/led_brightness_reg[7]/RN r      -0.276     VIOLATED
      u_lum_ctrl/led_brightness_reg[6]/RN r      -0.276     VIOLATED
      u_lum_ctrl/led_brightness_reg[4]/RN r      -0.276     VIOLATED
      u_humidity/humidifier_on_reg/RN r          -0.276     VIOLATED
      u_humidity/dehumidifier_on_reg/RN r        -0.276     VIOLATED
      u_entertainment/music_on_reg/RN r          -0.276     VIOLATED
      u_entertainment/tv_on_reg/RN r             -0.276     VIOLATED
      u_door_lock/timeout_counter_reg[0]/RN r    -0.276     VIOLATED
      u_door_lock/timeout_counter_reg[2]/RN r    -0.276     VIOLATED
      u_door_lock/timeout_counter_reg[1]/RN r    -0.276     VIOLATED
      u_door_lock/timeout_counter_reg[3]/RN r    -0.276     VIOLATED
      u_door_lock/timeout_counter_reg[4]/RN r    -0.276     VIOLATED
      u_door_lock/timeout_counter_reg[5]/RN r    -0.276     VIOLATED
      u_door_lock/timeout_counter_reg[6]/RN r    -0.276     VIOLATED
      u_door_lock/timeout_counter_reg[7]/RN r    -0.276     VIOLATED
      u_door_lock/lock_status_reg[0]/RN r        -0.276     VIOLATED
      u_door_lock/lock_status_reg[1]/RN r        -0.276     VIOLATED
      u_door_lock/door_locked_reg/RN r           -0.276     VIOLATED
      u_burglar/alarm_out_reg/RN r               -0.276     VIOLATED
      u_burglar/delay_counter_reg[1]/RN r        -0.276     VIOLATED
      u_burglar/delay_counter_reg[3]/RN r        -0.276     VIOLATED
      u_burglar/delay_counter_reg[5]/RN r        -0.276     VIOLATED
      u_burglar/delay_counter_reg[8]/RN r        -0.276     VIOLATED
      u_appliances/lights_on_reg/RN r            -0.276     VIOLATED
      u_appliances/fan_on_reg/RN r               -0.276     VIOLATED
      u_appliances/ac_on_reg/RN r                -0.276     VIOLATED
      u_window/window_state_reg[0]/RN r          -0.275     VIOLATED
      u_water_ctrl/pump_on_reg/RN r              -0.275     VIOLATED
      u_visitor/count_reg[3]/RN r                -0.275     VIOLATED
      u_visitor/count_reg[5]/RN r                -0.275     VIOLATED
      u_visitor/count_reg[6]/RN r                -0.275     VIOLATED
      u_visitor/exit_prev_reg/RN r               -0.275     VIOLATED
      u_visitor/count_reg[0]/RN r                -0.275     VIOLATED
      u_temp_ctrl/cooler_on_reg/RN r             -0.275     VIOLATED
      u_entertainment/volume_level_reg[3]/RN r   -0.275     VIOLATED
      u_entertainment/volume_level_reg[1]/RN r   -0.275     VIOLATED
      u_door_lock/state_reg[1]/RN r              -0.275     VIOLATED
      u_door_lock/attempt_counter_reg[2]/RN r    -0.275     VIOLATED
      u_door_lock/attempt_counter_reg[1]/RN r    -0.275     VIOLATED
      u_door_lock/state_reg[0]/RN r              -0.275     VIOLATED
      u_door_lock/attempt_counter_reg[0]/RN r    -0.275     VIOLATED
      u_burglar/delay_counter_reg[2]/RN r        -0.275     VIOLATED
      u_burglar/delay_counter_reg[6]/RN r        -0.275     VIOLATED
      u_burglar/delay_counter_reg[7]/RN r        -0.275     VIOLATED
      u_burglar/delay_counter_reg[0]/RN r        -0.275     VIOLATED
      u_burglar/delay_counter_reg[4]/RN r        -0.275     VIOLATED
      u_entertainment/volume_level_reg[2]/SN r   -0.182     VIOLATED
      u_entertainment/volume_level_reg[0]/SN r   -0.182     VIOLATED
      light_sensor_r_reg[0]/D f                  -0.182     VIOLATED
      light_sensor_r_reg[6]/D f                  -0.182     VIOLATED
      light_sensor_r_reg[5]/D f                  -0.182     VIOLATED
      light_sensor_r_reg[4]/D f                  -0.182     VIOLATED
      light_sensor_r_reg[2]/D f                  -0.182     VIOLATED
      light_sensor_r_reg[1]/D f                  -0.182     VIOLATED
      light_sensor_r_reg[3]/D f                  -0.182     VIOLATED
      volume_cmd_r_reg[1]/D f                    -0.182     VIOLATED
      tv_on_cmd_r_reg/D f                        -0.182     VIOLATED
      pin_input_r_reg[3]/D f                     -0.182     VIOLATED
      pin_input_r_reg[2]/D f                     -0.182     VIOLATED
      pin_input_r_reg[0]/D f                     -0.182     VIOLATED
      music_on_cmd_r_reg/D f                     -0.182     VIOLATED
      volume_cmd_r_reg[3]/D f                    -0.182     VIOLATED
      humidity_sensor_r_reg[6]/D f               -0.182     VIOLATED
      humidity_sensor_r_reg[5]/D f               -0.182     VIOLATED
      humidity_sensor_r_reg[4]/D f               -0.182     VIOLATED
      humidity_sensor_r_reg[3]/D f               -0.182     VIOLATED
      humidity_sensor_r_reg[2]/D f               -0.182     VIOLATED
      humidity_sensor_r_reg[1]/D f               -0.182     VIOLATED
      humidity_sensor_r_reg[0]/D f               -0.182     VIOLATED
      exit_sensor_r_reg/D f                      -0.182     VIOLATED
      entry_sensor_r_reg/D f                     -0.182     VIOLATED
      door_sensor_r_reg/D f                      -0.182     VIOLATED
      volume_cmd_r_reg[2]/D f                    -0.182     VIOLATED
      door_lock_cmd_r_reg/D f                    -0.182     VIOLATED
      water_level_r_reg[0]/D f                   -0.182     VIOLATED
      water_level_r_reg[3]/D f                   -0.182     VIOLATED
      water_level_r_reg[1]/D f                   -0.182     VIOLATED
      temp_sensor_r_reg[6]/D f                   -0.182     VIOLATED
      temp_sensor_r_reg[3]/D f                   -0.182     VIOLATED
      temp_setpoint_r_reg[2]/D f                 -0.182     VIOLATED
      temp_setpoint_r_reg[1]/D f                 -0.182     VIOLATED
      temp_setpoint_r_reg[0]/D f                 -0.182     VIOLATED
      temp_sensor_r_reg[5]/D f                   -0.182     VIOLATED
      temp_sensor_r_reg[4]/D f                   -0.182     VIOLATED
      water_level_r_reg[2]/D f                   -0.182     VIOLATED
      light_sensor_r_reg[7]/D f                  -0.182     VIOLATED
      temp_setpoint_r_reg[3]/D f                 -0.182     VIOLATED
      temp_setpoint_r_reg[4]/D f                 -0.182     VIOLATED
      temp_setpoint_r_reg[5]/D f                 -0.182     VIOLATED
      temp_setpoint_r_reg[6]/D f                 -0.182     VIOLATED
      window_sensor_r_reg/D f                    -0.182     VIOLATED
      temp_setpoint_r_reg[7]/D f                 -0.182     VIOLATED
      window_manual_open_r_reg/D f               -0.182     VIOLATED
      ac_cmd_r_reg/D f                           -0.182     VIOLATED
      light_cmd_r_reg/D f                        -0.182     VIOLATED
      window_manual_close_r_reg/D f              -0.182     VIOLATED
      temp_sensor_r_reg[7]/D f                   -0.182     VIOLATED
      temp_sensor_r_reg[2]/D f                   -0.182     VIOLATED
      temp_sensor_r_reg[0]/D f                   -0.182     VIOLATED
      temp_sensor_r_reg[1]/D f                   -0.182     VIOLATED
      window_auto_mode_r_reg/D f                 -0.182     VIOLATED
      pin_input_r_reg[1]/D f                     -0.182     VIOLATED
      fan_cmd_r_reg/D f                          -0.182     VIOLATED
      motion_sensor_r_reg/D f                    -0.182     VIOLATED
      volume_cmd_r_reg[0]/D f                    -0.182     VIOLATED
      door_unlock_cmd_r_reg/D f                  -0.182     VIOLATED
      alarm_arm_r_reg/D f                        -0.182     VIOLATED
      humidity_sensor_r_reg[7]/D f               -0.182     VIOLATED
      ------------------------------------------------------------------------------------------------

Check type : clock_period
---------------------------
No paths found

Check type : skew
---------------------------
No paths found

Check type : pulse_width
---------------------------
 No violating Checks with given description found

Check type : max_transition
---------------------------
 No Violations found

Check type : min_transition
---------------------------
 No Violations found

Check type : max_capacitance
---------------------------
 No Violations found

Check type : min_capacitance
---------------------------
 No Violations found

Check type : max_fanout
---------------------------
 No Violations found

Check type : min_fanout
---------------------------
 No Violations found
