###############################################################
#  Generated by:      Cadence Tempus 20.10-p003_1
#  OS:                Linux x86_64(Host ID edatools-server2.iiitd.edu.in)
#  Generated on:      Mon Oct 27 18:15:01 2025
#  Design:            HA
#  Command:           report_analysis_summary > $report_dir/analysis_summary.rpt
###############################################################

REPORT ANALYSIS SUMMARY (View:default_emulate_view) (EL:Setup)
=========================================================================================================================================================================================================

REPORT ANALYSIS SUMMARY (View:default_emulate_view) (EL:Hold)
=========================================================================================================================================================================================================

GroupType:Async
=========================================================================================================================================================================================================

         All                             IN2REG                          IN2OUT                           REG2REG                              REG2OUT
    -----------------------------------------------------------------------------------------------------------------------------------------------------------------------------------------------------  
     WNS:TNS:#VIO                     WNS:TNS:#VIO                     WNS:TNS:#VIO                     WNS:TNS:#VIO                     WNS:TNS:#VIO                     FromClk->ToClk                   
    -----------------------------------------------------------------------------------------------------------------------------------------------------------------------------------------------------  
    -0.276:-43.406:158               -0.276:-43.406:158               0.000:0.000:0                    0.000:0.000:0                    0.000:0.000:0                    *->*

GroupType:Standard
=========================================================================================================================================================================================================

         All                             IN2REG                          IN2OUT                           REG2REG                              REG2OUT
    -----------------------------------------------------------------------------------------------------------------------------------------------------------------------------------------------------  
     WNS:TNS:#VIO                     WNS:TNS:#VIO                     WNS:TNS:#VIO                     WNS:TNS:#VIO                     WNS:TNS:#VIO                     FromClk->ToClk                   
    -----------------------------------------------------------------------------------------------------------------------------------------------------------------------------------------------------  
    -0.182:-10.895:60                -0.182:-10.895:60                0.000:0.000:0                    0.000:0.000:0                    0.000:0.000:0                    *->clk
