###############################################################
#  Generated by:      Cadence Tempus 20.10-p003_1
#  OS:                Linux x86_64(Host ID edatools-server2.iiitd.edu.in)
#  Generated on:      Mon Oct 27 18:15:01 2025
#  Design:            HA
#  Command:           report_timing -early -max_paths 30 -nworst 30 -path_type full_clock -net > $report_dir/gba_hold.rpt
###############################################################
Path 1: VIOLATED Removal Check with Pin u_lum_ctrl/led_brightness_reg[3]/CK 
Endpoint:   u_lum_ctrl/led_brightness_reg[3]/RN (^) checked with  leading edge of 'clk'
Beginpoint: rst_n                               (^) triggered by  leading edge of '@'
Path Groups: {async_default}
Other End Arrival Time          0.000
+ Removal                       0.176
+ Phase Shift                   0.000
+ Uncertainty                   0.100
= Required Time                 0.276
  Arrival Time                  0.000
  Slack Time                   -0.276
     Clock Rise Edge                      0.000
     + Input Delay                        0.000
     = Beginpoint Arrival Time            0.000
     Timing Path:
      ------------------------------------------------------------------------------------
      Pin                                  Edge  Net    Cell      Delay  Arrival  Required  
                                                                         Time     Time  
      ------------------------------------------------------------------------------------
      rst_n                                ^     rst_n  -         -      0.000    0.276  
      u_lum_ctrl/led_brightness_reg[3]/RN  ^     rst_n  DFFRHQX1  0.000  0.000    0.276  
      ------------------------------------------------------------------------------------
     Clock Rise Edge                      0.000
     = Beginpoint Arrival Time            0.000
     Other End Path:
      ----------------------------------------------------------------------------------
      Pin                                  Edge  Net  Cell      Delay  Arrival  Required  
                                                                       Time     Time  
      ----------------------------------------------------------------------------------
      clk                                  ^     clk  -         -      0.000    -0.276  
      u_lum_ctrl/led_brightness_reg[3]/CK  ^     clk  DFFRHQX1  0.000  0.000    -0.276  
      ----------------------------------------------------------------------------------
Path 2: VIOLATED Removal Check with Pin u_lum_ctrl/led_brightness_reg[5]/CK 
Endpoint:   u_lum_ctrl/led_brightness_reg[5]/RN (^) checked with  leading edge of 'clk'
Beginpoint: rst_n                               (^) triggered by  leading edge of '@'
Path Groups: {async_default}
Other End Arrival Time          0.000
+ Removal                       0.176
+ Phase Shift                   0.000
+ Uncertainty                   0.100
= Required Time                 0.276
  Arrival Time                  0.000
  Slack Time                   -0.276
     Clock Rise Edge                      0.000
     + Input Delay                        0.000
     = Beginpoint Arrival Time            0.000
     Timing Path:
      ------------------------------------------------------------------------------------
      Pin                                  Edge  Net    Cell      Delay  Arrival  Required  
                                                                         Time     Time  
      ------------------------------------------------------------------------------------
      rst_n                                ^     rst_n  -         -      0.000    0.276  
      u_lum_ctrl/led_brightness_reg[5]/RN  ^     rst_n  DFFRHQX1  0.000  0.000    0.276  
      ------------------------------------------------------------------------------------
     Clock Rise Edge                      0.000
     = Beginpoint Arrival Time            0.000
     Other End Path:
      ----------------------------------------------------------------------------------
      Pin                                  Edge  Net  Cell      Delay  Arrival  Required  
                                                                       Time     Time  
      ----------------------------------------------------------------------------------
      clk                                  ^     clk  -         -      0.000    -0.276  
      u_lum_ctrl/led_brightness_reg[5]/CK  ^     clk  DFFRHQX1  0.000  0.000    -0.276  
      ----------------------------------------------------------------------------------
Path 3: VIOLATED Removal Check with Pin u_lum_ctrl/led_brightness_reg[2]/CK 
Endpoint:   u_lum_ctrl/led_brightness_reg[2]/RN (^) checked with  leading edge of 'clk'
Beginpoint: rst_n                               (^) triggered by  leading edge of '@'
Path Groups: {async_default}
Other End Arrival Time          0.000
+ Removal                       0.176
+ Phase Shift                   0.000
+ Uncertainty                   0.100
= Required Time                 0.276
  Arrival Time                  0.000
  Slack Time                   -0.276
     Clock Rise Edge                      0.000
     + Input Delay                        0.000
     = Beginpoint Arrival Time            0.000
     Timing Path:
      ------------------------------------------------------------------------------------
      Pin                                  Edge  Net    Cell      Delay  Arrival  Required  
                                                                         Time     Time  
      ------------------------------------------------------------------------------------
      rst_n                                ^     rst_n  -         -      0.000    0.276  
      u_lum_ctrl/led_brightness_reg[2]/RN  ^     rst_n  DFFRHQX1  0.000  0.000    0.276  
      ------------------------------------------------------------------------------------
     Clock Rise Edge                      0.000
     = Beginpoint Arrival Time            0.000
     Other End Path:
      ----------------------------------------------------------------------------------
      Pin                                  Edge  Net  Cell      Delay  Arrival  Required  
                                                                       Time     Time  
      ----------------------------------------------------------------------------------
      clk                                  ^     clk  -         -      0.000    -0.276  
      u_lum_ctrl/led_brightness_reg[2]/CK  ^     clk  DFFRHQX1  0.000  0.000    -0.276  
      ----------------------------------------------------------------------------------
Path 4: VIOLATED Removal Check with Pin u_lum_ctrl/led_brightness_reg[0]/CK 
Endpoint:   u_lum_ctrl/led_brightness_reg[0]/RN (^) checked with  leading edge of 'clk'
Beginpoint: rst_n                               (^) triggered by  leading edge of '@'
Path Groups: {async_default}
Other End Arrival Time          0.000
+ Removal                       0.176
+ Phase Shift                   0.000
+ Uncertainty                   0.100
= Required Time                 0.276
  Arrival Time                  0.000
  Slack Time                   -0.276
     Clock Rise Edge                      0.000
     + Input Delay                        0.000
     = Beginpoint Arrival Time            0.000
     Timing Path:
      ------------------------------------------------------------------------------------
      Pin                                  Edge  Net    Cell      Delay  Arrival  Required  
                                                                         Time     Time  
      ------------------------------------------------------------------------------------
      rst_n                                ^     rst_n  -         -      0.000    0.276  
      u_lum_ctrl/led_brightness_reg[0]/RN  ^     rst_n  DFFRHQX1  0.000  0.000    0.276  
      ------------------------------------------------------------------------------------
     Clock Rise Edge                      0.000
     = Beginpoint Arrival Time            0.000
     Other End Path:
      ----------------------------------------------------------------------------------
      Pin                                  Edge  Net  Cell      Delay  Arrival  Required  
                                                                       Time     Time  
      ----------------------------------------------------------------------------------
      clk                                  ^     clk  -         -      0.000    -0.276  
      u_lum_ctrl/led_brightness_reg[0]/CK  ^     clk  DFFRHQX1  0.000  0.000    -0.276  
      ----------------------------------------------------------------------------------
Path 5: VIOLATED Removal Check with Pin u_lum_ctrl/led_brightness_reg[7]/CK 
Endpoint:   u_lum_ctrl/led_brightness_reg[7]/RN (^) checked with  leading edge of 'clk'
Beginpoint: rst_n                               (^) triggered by  leading edge of '@'
Path Groups: {async_default}
Other End Arrival Time          0.000
+ Removal                       0.176
+ Phase Shift                   0.000
+ Uncertainty                   0.100
= Required Time                 0.276
  Arrival Time                  0.000
  Slack Time                   -0.276
     Clock Rise Edge                      0.000
     + Input Delay                        0.000
     = Beginpoint Arrival Time            0.000
     Timing Path:
      ------------------------------------------------------------------------------------
      Pin                                  Edge  Net    Cell      Delay  Arrival  Required  
                                                                         Time     Time  
      ------------------------------------------------------------------------------------
      rst_n                                ^     rst_n  -         -      0.000    0.276  
      u_lum_ctrl/led_brightness_reg[7]/RN  ^     rst_n  DFFRHQX1  0.000  0.000    0.276  
      ------------------------------------------------------------------------------------
     Clock Rise Edge                      0.000
     = Beginpoint Arrival Time            0.000
     Other End Path:
      ----------------------------------------------------------------------------------
      Pin                                  Edge  Net  Cell      Delay  Arrival  Required  
                                                                       Time     Time  
      ----------------------------------------------------------------------------------
      clk                                  ^     clk  -         -      0.000    -0.276  
      u_lum_ctrl/led_brightness_reg[7]/CK  ^     clk  DFFRHQX1  0.000  0.000    -0.276  
      ----------------------------------------------------------------------------------
Path 6: VIOLATED Removal Check with Pin u_lum_ctrl/led_brightness_reg[6]/CK 
Endpoint:   u_lum_ctrl/led_brightness_reg[6]/RN (^) checked with  leading edge of 'clk'
Beginpoint: rst_n                               (^) triggered by  leading edge of '@'
Path Groups: {async_default}
Other End Arrival Time          0.000
+ Removal                       0.176
+ Phase Shift                   0.000
+ Uncertainty                   0.100
= Required Time                 0.276
  Arrival Time                  0.000
  Slack Time                   -0.276
     Clock Rise Edge                      0.000
     + Input Delay                        0.000
     = Beginpoint Arrival Time            0.000
     Timing Path:
      ------------------------------------------------------------------------------------
      Pin                                  Edge  Net    Cell      Delay  Arrival  Required  
                                                                         Time     Time  
      ------------------------------------------------------------------------------------
      rst_n                                ^     rst_n  -         -      0.000    0.276  
      u_lum_ctrl/led_brightness_reg[6]/RN  ^     rst_n  DFFRHQX1  0.000  0.000    0.276  
      ------------------------------------------------------------------------------------
     Clock Rise Edge                      0.000
     = Beginpoint Arrival Time            0.000
     Other End Path:
      ----------------------------------------------------------------------------------
      Pin                                  Edge  Net  Cell      Delay  Arrival  Required  
                                                                       Time     Time  
      ----------------------------------------------------------------------------------
      clk                                  ^     clk  -         -      0.000    -0.276  
      u_lum_ctrl/led_brightness_reg[6]/CK  ^     clk  DFFRHQX1  0.000  0.000    -0.276  
      ----------------------------------------------------------------------------------
Path 7: VIOLATED Removal Check with Pin u_lum_ctrl/led_brightness_reg[4]/CK 
Endpoint:   u_lum_ctrl/led_brightness_reg[4]/RN (^) checked with  leading edge of 'clk'
Beginpoint: rst_n                               (^) triggered by  leading edge of '@'
Path Groups: {async_default}
Other End Arrival Time          0.000
+ Removal                       0.176
+ Phase Shift                   0.000
+ Uncertainty                   0.100
= Required Time                 0.276
  Arrival Time                  0.000
  Slack Time                   -0.276
     Clock Rise Edge                      0.000
     + Input Delay                        0.000
     = Beginpoint Arrival Time            0.000
     Timing Path:
      ------------------------------------------------------------------------------------
      Pin                                  Edge  Net    Cell      Delay  Arrival  Required  
                                                                         Time     Time  
      ------------------------------------------------------------------------------------
      rst_n                                ^     rst_n  -         -      0.000    0.276  
      u_lum_ctrl/led_brightness_reg[4]/RN  ^     rst_n  DFFRHQX1  0.000  0.000    0.276  
      ------------------------------------------------------------------------------------
     Clock Rise Edge                      0.000
     = Beginpoint Arrival Time            0.000
     Other End Path:
      ----------------------------------------------------------------------------------
      Pin                                  Edge  Net  Cell      Delay  Arrival  Required  
                                                                       Time     Time  
      ----------------------------------------------------------------------------------
      clk                                  ^     clk  -         -      0.000    -0.276  
      u_lum_ctrl/led_brightness_reg[4]/CK  ^     clk  DFFRHQX1  0.000  0.000    -0.276  
      ----------------------------------------------------------------------------------
Path 8: VIOLATED Removal Check with Pin u_humidity/humidifier_on_reg/CK 
Endpoint:   u_humidity/humidifier_on_reg/RN (^) checked with  leading edge of 'clk'
Beginpoint: rst_n                           (^) triggered by  leading edge of '@'
Path Groups: {async_default}
Other End Arrival Time          0.000
+ Removal                       0.176
+ Phase Shift                   0.000
+ Uncertainty                   0.100
= Required Time                 0.276
  Arrival Time                  0.000
  Slack Time                   -0.276
     Clock Rise Edge                      0.000
     + Input Delay                        0.000
     = Beginpoint Arrival Time            0.000
     Timing Path:
      --------------------------------------------------------------------------------
      Pin                              Edge  Net    Cell      Delay  Arrival  Required  
                                                                     Time     Time  
      --------------------------------------------------------------------------------
      rst_n                            ^     rst_n  -         -      0.000    0.276  
      u_humidity/humidifier_on_reg/RN  ^     rst_n  DFFRHQX1  0.000  0.000    0.276  
      --------------------------------------------------------------------------------
     Clock Rise Edge                      0.000
     = Beginpoint Arrival Time            0.000
     Other End Path:
      ------------------------------------------------------------------------------
      Pin                              Edge  Net  Cell      Delay  Arrival  Required  
                                                                   Time     Time  
      ------------------------------------------------------------------------------
      clk                              ^     clk  -         -      0.000    -0.276  
      u_humidity/humidifier_on_reg/CK  ^     clk  DFFRHQX1  0.000  0.000    -0.276  
      ------------------------------------------------------------------------------
Path 9: VIOLATED Removal Check with Pin u_humidity/dehumidifier_on_reg/CK 
Endpoint:   u_humidity/dehumidifier_on_reg/RN (^) checked with  leading edge of 'clk'
Beginpoint: rst_n                             (^) triggered by  leading edge of '@'
Path Groups: {async_default}
Other End Arrival Time          0.000
+ Removal                       0.176
+ Phase Shift                   0.000
+ Uncertainty                   0.100
= Required Time                 0.276
  Arrival Time                  0.000
  Slack Time                   -0.276
     Clock Rise Edge                      0.000
     + Input Delay                        0.000
     = Beginpoint Arrival Time            0.000
     Timing Path:
      ----------------------------------------------------------------------------------
      Pin                                Edge  Net    Cell      Delay  Arrival  Required  
                                                                       Time     Time  
      ----------------------------------------------------------------------------------
      rst_n                              ^     rst_n  -         -      0.000    0.276  
      u_humidity/dehumidifier_on_reg/RN  ^     rst_n  DFFRHQX1  0.000  0.000    0.276  
      ----------------------------------------------------------------------------------
     Clock Rise Edge                      0.000
     = Beginpoint Arrival Time            0.000
     Other End Path:
      --------------------------------------------------------------------------------
      Pin                                Edge  Net  Cell      Delay  Arrival  Required  
                                                                     Time     Time  
      --------------------------------------------------------------------------------
      clk                                ^     clk  -         -      0.000    -0.276  
      u_humidity/dehumidifier_on_reg/CK  ^     clk  DFFRHQX1  0.000  0.000    -0.276  
      --------------------------------------------------------------------------------
Path 10: VIOLATED Removal Check with Pin u_entertainment/music_on_reg/CK 
Endpoint:   u_entertainment/music_on_reg/RN (^) checked with  leading edge of 'clk'
Beginpoint: rst_n                           (^) triggered by  leading edge of '@'
Path Groups: {async_default}
Other End Arrival Time          0.000
+ Removal                       0.176
+ Phase Shift                   0.000
+ Uncertainty                   0.100
= Required Time                 0.276
  Arrival Time                  0.000
  Slack Time                   -0.276
     Clock Rise Edge                      0.000
     + Input Delay                        0.000
     = Beginpoint Arrival Time            0.000
     Timing Path:
      --------------------------------------------------------------------------------
      Pin                              Edge  Net    Cell      Delay  Arrival  Required  
                                                                     Time     Time  
      --------------------------------------------------------------------------------
      rst_n                            ^     rst_n  -         -      0.000    0.276  
      u_entertainment/music_on_reg/RN  ^     rst_n  DFFRHQX1  0.000  0.000    0.276  
      --------------------------------------------------------------------------------
     Clock Rise Edge                      0.000
     = Beginpoint Arrival Time            0.000
     Other End Path:
      ------------------------------------------------------------------------------
      Pin                              Edge  Net  Cell      Delay  Arrival  Required  
                                                                   Time     Time  
      ------------------------------------------------------------------------------
      clk                              ^     clk  -         -      0.000    -0.276  
      u_entertainment/music_on_reg/CK  ^     clk  DFFRHQX1  0.000  0.000    -0.276  
      ------------------------------------------------------------------------------
Path 11: VIOLATED Removal Check with Pin u_entertainment/tv_on_reg/CK 
Endpoint:   u_entertainment/tv_on_reg/RN (^) checked with  leading edge of 'clk'
Beginpoint: rst_n                        (^) triggered by  leading edge of '@'
Path Groups: {async_default}
Other End Arrival Time          0.000
+ Removal                       0.176
+ Phase Shift                   0.000
+ Uncertainty                   0.100
= Required Time                 0.276
  Arrival Time                  0.000
  Slack Time                   -0.276
     Clock Rise Edge                      0.000
     + Input Delay                        0.000
     = Beginpoint Arrival Time            0.000
     Timing Path:
      -----------------------------------------------------------------------------
      Pin                           Edge  Net    Cell      Delay  Arrival  Required  
                                                                  Time     Time  
      -----------------------------------------------------------------------------
      rst_n                         ^     rst_n  -         -      0.000    0.276  
      u_entertainment/tv_on_reg/RN  ^     rst_n  DFFRHQX1  0.000  0.000    0.276  
      -----------------------------------------------------------------------------
     Clock Rise Edge                      0.000
     = Beginpoint Arrival Time            0.000
     Other End Path:
      ---------------------------------------------------------------------------
      Pin                           Edge  Net  Cell      Delay  Arrival  Required  
                                                                Time     Time  
      ---------------------------------------------------------------------------
      clk                           ^     clk  -         -      0.000    -0.276  
      u_entertainment/tv_on_reg/CK  ^     clk  DFFRHQX1  0.000  0.000    -0.276  
      ---------------------------------------------------------------------------
Path 12: VIOLATED Removal Check with Pin u_door_lock/timeout_counter_reg[0]/CK 
Endpoint:   u_door_lock/timeout_counter_reg[0]/RN (^) checked with  leading edge of 'clk'
Beginpoint: rst_n                                 (^) triggered by  leading edge of '@'
Path Groups: {async_default}
Other End Arrival Time          0.000
+ Removal                       0.176
+ Phase Shift                   0.000
+ Uncertainty                   0.100
= Required Time                 0.276
  Arrival Time                  0.000
  Slack Time                   -0.276
     Clock Rise Edge                      0.000
     + Input Delay                        0.000
     = Beginpoint Arrival Time            0.000
     Timing Path:
      --------------------------------------------------------------------------------------
      Pin                                    Edge  Net    Cell      Delay  Arrival  Required  
                                                                           Time     Time  
      --------------------------------------------------------------------------------------
      rst_n                                  ^     rst_n  -         -      0.000    0.276  
      u_door_lock/timeout_counter_reg[0]/RN  ^     rst_n  DFFRHQX1  0.000  0.000    0.276  
      --------------------------------------------------------------------------------------
     Clock Rise Edge                      0.000
     = Beginpoint Arrival Time            0.000
     Other End Path:
      ------------------------------------------------------------------------------------
      Pin                                    Edge  Net  Cell      Delay  Arrival  Required  
                                                                         Time     Time  
      ------------------------------------------------------------------------------------
      clk                                    ^     clk  -         -      0.000    -0.276  
      u_door_lock/timeout_counter_reg[0]/CK  ^     clk  DFFRHQX1  0.000  0.000    -0.276  
      ------------------------------------------------------------------------------------
Path 13: VIOLATED Removal Check with Pin u_door_lock/timeout_counter_reg[2]/CK 
Endpoint:   u_door_lock/timeout_counter_reg[2]/RN (^) checked with  leading edge of 'clk'
Beginpoint: rst_n                                 (^) triggered by  leading edge of '@'
Path Groups: {async_default}
Other End Arrival Time          0.000
+ Removal                       0.176
+ Phase Shift                   0.000
+ Uncertainty                   0.100
= Required Time                 0.276
  Arrival Time                  0.000
  Slack Time                   -0.276
     Clock Rise Edge                      0.000
     + Input Delay                        0.000
     = Beginpoint Arrival Time            0.000
     Timing Path:
      --------------------------------------------------------------------------------------
      Pin                                    Edge  Net    Cell      Delay  Arrival  Required  
                                                                           Time     Time  
      --------------------------------------------------------------------------------------
      rst_n                                  ^     rst_n  -         -      0.000    0.276  
      u_door_lock/timeout_counter_reg[2]/RN  ^     rst_n  DFFRHQX1  0.000  0.000    0.276  
      --------------------------------------------------------------------------------------
     Clock Rise Edge                      0.000
     = Beginpoint Arrival Time            0.000
     Other End Path:
      ------------------------------------------------------------------------------------
      Pin                                    Edge  Net  Cell      Delay  Arrival  Required  
                                                                         Time     Time  
      ------------------------------------------------------------------------------------
      clk                                    ^     clk  -         -      0.000    -0.276  
      u_door_lock/timeout_counter_reg[2]/CK  ^     clk  DFFRHQX1  0.000  0.000    -0.276  
      ------------------------------------------------------------------------------------
Path 14: VIOLATED Removal Check with Pin u_door_lock/timeout_counter_reg[1]/CK 
Endpoint:   u_door_lock/timeout_counter_reg[1]/RN (^) checked with  leading edge of 'clk'
Beginpoint: rst_n                                 (^) triggered by  leading edge of '@'
Path Groups: {async_default}
Other End Arrival Time          0.000
+ Removal                       0.176
+ Phase Shift                   0.000
+ Uncertainty                   0.100
= Required Time                 0.276
  Arrival Time                  0.000
  Slack Time                   -0.276
     Clock Rise Edge                      0.000
     + Input Delay                        0.000
     = Beginpoint Arrival Time            0.000
     Timing Path:
      --------------------------------------------------------------------------------------
      Pin                                    Edge  Net    Cell      Delay  Arrival  Required  
                                                                           Time     Time  
      --------------------------------------------------------------------------------------
      rst_n                                  ^     rst_n  -         -      0.000    0.276  
      u_door_lock/timeout_counter_reg[1]/RN  ^     rst_n  DFFRHQX1  0.000  0.000    0.276  
      --------------------------------------------------------------------------------------
     Clock Rise Edge                      0.000
     = Beginpoint Arrival Time            0.000
     Other End Path:
      ------------------------------------------------------------------------------------
      Pin                                    Edge  Net  Cell      Delay  Arrival  Required  
                                                                         Time     Time  
      ------------------------------------------------------------------------------------
      clk                                    ^     clk  -         -      0.000    -0.276  
      u_door_lock/timeout_counter_reg[1]/CK  ^     clk  DFFRHQX1  0.000  0.000    -0.276  
      ------------------------------------------------------------------------------------
Path 15: VIOLATED Removal Check with Pin u_door_lock/timeout_counter_reg[3]/CK 
Endpoint:   u_door_lock/timeout_counter_reg[3]/RN (^) checked with  leading edge of 'clk'
Beginpoint: rst_n                                 (^) triggered by  leading edge of '@'
Path Groups: {async_default}
Other End Arrival Time          0.000
+ Removal                       0.176
+ Phase Shift                   0.000
+ Uncertainty                   0.100
= Required Time                 0.276
  Arrival Time                  0.000
  Slack Time                   -0.276
     Clock Rise Edge                      0.000
     + Input Delay                        0.000
     = Beginpoint Arrival Time            0.000
     Timing Path:
      --------------------------------------------------------------------------------------
      Pin                                    Edge  Net    Cell      Delay  Arrival  Required  
                                                                           Time     Time  
      --------------------------------------------------------------------------------------
      rst_n                                  ^     rst_n  -         -      0.000    0.276  
      u_door_lock/timeout_counter_reg[3]/RN  ^     rst_n  DFFRHQX1  0.000  0.000    0.276  
      --------------------------------------------------------------------------------------
     Clock Rise Edge                      0.000
     = Beginpoint Arrival Time            0.000
     Other End Path:
      ------------------------------------------------------------------------------------
      Pin                                    Edge  Net  Cell      Delay  Arrival  Required  
                                                                         Time     Time  
      ------------------------------------------------------------------------------------
      clk                                    ^     clk  -         -      0.000    -0.276  
      u_door_lock/timeout_counter_reg[3]/CK  ^     clk  DFFRHQX1  0.000  0.000    -0.276  
      ------------------------------------------------------------------------------------
Path 16: VIOLATED Removal Check with Pin u_door_lock/timeout_counter_reg[4]/CK 
Endpoint:   u_door_lock/timeout_counter_reg[4]/RN (^) checked with  leading edge of 'clk'
Beginpoint: rst_n                                 (^) triggered by  leading edge of '@'
Path Groups: {async_default}
Other End Arrival Time          0.000
+ Removal                       0.176
+ Phase Shift                   0.000
+ Uncertainty                   0.100
= Required Time                 0.276
  Arrival Time                  0.000
  Slack Time                   -0.276
     Clock Rise Edge                      0.000
     + Input Delay                        0.000
     = Beginpoint Arrival Time            0.000
     Timing Path:
      --------------------------------------------------------------------------------------
      Pin                                    Edge  Net    Cell      Delay  Arrival  Required  
                                                                           Time     Time  
      --------------------------------------------------------------------------------------
      rst_n                                  ^     rst_n  -         -      0.000    0.276  
      u_door_lock/timeout_counter_reg[4]/RN  ^     rst_n  DFFRHQX1  0.000  0.000    0.276  
      --------------------------------------------------------------------------------------
     Clock Rise Edge                      0.000
     = Beginpoint Arrival Time            0.000
     Other End Path:
      ------------------------------------------------------------------------------------
      Pin                                    Edge  Net  Cell      Delay  Arrival  Required  
                                                                         Time     Time  
      ------------------------------------------------------------------------------------
      clk                                    ^     clk  -         -      0.000    -0.276  
      u_door_lock/timeout_counter_reg[4]/CK  ^     clk  DFFRHQX1  0.000  0.000    -0.276  
      ------------------------------------------------------------------------------------
Path 17: VIOLATED Removal Check with Pin u_door_lock/timeout_counter_reg[5]/CK 
Endpoint:   u_door_lock/timeout_counter_reg[5]/RN (^) checked with  leading edge of 'clk'
Beginpoint: rst_n                                 (^) triggered by  leading edge of '@'
Path Groups: {async_default}
Other End Arrival Time          0.000
+ Removal                       0.176
+ Phase Shift                   0.000
+ Uncertainty                   0.100
= Required Time                 0.276
  Arrival Time                  0.000
  Slack Time                   -0.276
     Clock Rise Edge                      0.000
     + Input Delay                        0.000
     = Beginpoint Arrival Time            0.000
     Timing Path:
      --------------------------------------------------------------------------------------
      Pin                                    Edge  Net    Cell      Delay  Arrival  Required  
                                                                           Time     Time  
      --------------------------------------------------------------------------------------
      rst_n                                  ^     rst_n  -         -      0.000    0.276  
      u_door_lock/timeout_counter_reg[5]/RN  ^     rst_n  DFFRHQX1  0.000  0.000    0.276  
      --------------------------------------------------------------------------------------
     Clock Rise Edge                      0.000
     = Beginpoint Arrival Time            0.000
     Other End Path:
      ------------------------------------------------------------------------------------
      Pin                                    Edge  Net  Cell      Delay  Arrival  Required  
                                                                         Time     Time  
      ------------------------------------------------------------------------------------
      clk                                    ^     clk  -         -      0.000    -0.276  
      u_door_lock/timeout_counter_reg[5]/CK  ^     clk  DFFRHQX1  0.000  0.000    -0.276  
      ------------------------------------------------------------------------------------
Path 18: VIOLATED Removal Check with Pin u_door_lock/timeout_counter_reg[6]/CK 
Endpoint:   u_door_lock/timeout_counter_reg[6]/RN (^) checked with  leading edge of 'clk'
Beginpoint: rst_n                                 (^) triggered by  leading edge of '@'
Path Groups: {async_default}
Other End Arrival Time          0.000
+ Removal                       0.176
+ Phase Shift                   0.000
+ Uncertainty                   0.100
= Required Time                 0.276
  Arrival Time                  0.000
  Slack Time                   -0.276
     Clock Rise Edge                      0.000
     + Input Delay                        0.000
     = Beginpoint Arrival Time            0.000
     Timing Path:
      --------------------------------------------------------------------------------------
      Pin                                    Edge  Net    Cell      Delay  Arrival  Required  
                                                                           Time     Time  
      --------------------------------------------------------------------------------------
      rst_n                                  ^     rst_n  -         -      0.000    0.276  
      u_door_lock/timeout_counter_reg[6]/RN  ^     rst_n  DFFRHQX1  0.000  0.000    0.276  
      --------------------------------------------------------------------------------------
     Clock Rise Edge                      0.000
     = Beginpoint Arrival Time            0.000
     Other End Path:
      ------------------------------------------------------------------------------------
      Pin                                    Edge  Net  Cell      Delay  Arrival  Required  
                                                                         Time     Time  
      ------------------------------------------------------------------------------------
      clk                                    ^     clk  -         -      0.000    -0.276  
      u_door_lock/timeout_counter_reg[6]/CK  ^     clk  DFFRHQX1  0.000  0.000    -0.276  
      ------------------------------------------------------------------------------------
Path 19: VIOLATED Removal Check with Pin u_door_lock/timeout_counter_reg[7]/CK 
Endpoint:   u_door_lock/timeout_counter_reg[7]/RN (^) checked with  leading edge of 'clk'
Beginpoint: rst_n                                 (^) triggered by  leading edge of '@'
Path Groups: {async_default}
Other End Arrival Time          0.000
+ Removal                       0.176
+ Phase Shift                   0.000
+ Uncertainty                   0.100
= Required Time                 0.276
  Arrival Time                  0.000
  Slack Time                   -0.276
     Clock Rise Edge                      0.000
     + Input Delay                        0.000
     = Beginpoint Arrival Time            0.000
     Timing Path:
      --------------------------------------------------------------------------------------
      Pin                                    Edge  Net    Cell      Delay  Arrival  Required  
                                                                           Time     Time  
      --------------------------------------------------------------------------------------
      rst_n                                  ^     rst_n  -         -      0.000    0.276  
      u_door_lock/timeout_counter_reg[7]/RN  ^     rst_n  DFFRHQX1  0.000  0.000    0.276  
      --------------------------------------------------------------------------------------
     Clock Rise Edge                      0.000
     = Beginpoint Arrival Time            0.000
     Other End Path:
      ------------------------------------------------------------------------------------
      Pin                                    Edge  Net  Cell      Delay  Arrival  Required  
                                                                         Time     Time  
      ------------------------------------------------------------------------------------
      clk                                    ^     clk  -         -      0.000    -0.276  
      u_door_lock/timeout_counter_reg[7]/CK  ^     clk  DFFRHQX1  0.000  0.000    -0.276  
      ------------------------------------------------------------------------------------
Path 20: VIOLATED Removal Check with Pin u_door_lock/lock_status_reg[0]/CK 
Endpoint:   u_door_lock/lock_status_reg[0]/RN (^) checked with  leading edge of 'clk'
Beginpoint: rst_n                             (^) triggered by  leading edge of '@'
Path Groups: {async_default}
Other End Arrival Time          0.000
+ Removal                       0.176
+ Phase Shift                   0.000
+ Uncertainty                   0.100
= Required Time                 0.276
  Arrival Time                  0.000
  Slack Time                   -0.276
     Clock Rise Edge                      0.000
     + Input Delay                        0.000
     = Beginpoint Arrival Time            0.000
     Timing Path:
      ----------------------------------------------------------------------------------
      Pin                                Edge  Net    Cell      Delay  Arrival  Required  
                                                                       Time     Time  
      ----------------------------------------------------------------------------------
      rst_n                              ^     rst_n  -         -      0.000    0.276  
      u_door_lock/lock_status_reg[0]/RN  ^     rst_n  DFFRHQX1  0.000  0.000    0.276  
      ----------------------------------------------------------------------------------
     Clock Rise Edge                      0.000
     = Beginpoint Arrival Time            0.000
     Other End Path:
      --------------------------------------------------------------------------------
      Pin                                Edge  Net  Cell      Delay  Arrival  Required  
                                                                     Time     Time  
      --------------------------------------------------------------------------------
      clk                                ^     clk  -         -      0.000    -0.276  
      u_door_lock/lock_status_reg[0]/CK  ^     clk  DFFRHQX1  0.000  0.000    -0.276  
      --------------------------------------------------------------------------------
Path 21: VIOLATED Removal Check with Pin u_door_lock/lock_status_reg[1]/CK 
Endpoint:   u_door_lock/lock_status_reg[1]/RN (^) checked with  leading edge of 'clk'
Beginpoint: rst_n                             (^) triggered by  leading edge of '@'
Path Groups: {async_default}
Other End Arrival Time          0.000
+ Removal                       0.176
+ Phase Shift                   0.000
+ Uncertainty                   0.100
= Required Time                 0.276
  Arrival Time                  0.000
  Slack Time                   -0.276
     Clock Rise Edge                      0.000
     + Input Delay                        0.000
     = Beginpoint Arrival Time            0.000
     Timing Path:
      ----------------------------------------------------------------------------------
      Pin                                Edge  Net    Cell      Delay  Arrival  Required  
                                                                       Time     Time  
      ----------------------------------------------------------------------------------
      rst_n                              ^     rst_n  -         -      0.000    0.276  
      u_door_lock/lock_status_reg[1]/RN  ^     rst_n  DFFRHQX1  0.000  0.000    0.276  
      ----------------------------------------------------------------------------------
     Clock Rise Edge                      0.000
     = Beginpoint Arrival Time            0.000
     Other End Path:
      --------------------------------------------------------------------------------
      Pin                                Edge  Net  Cell      Delay  Arrival  Required  
                                                                     Time     Time  
      --------------------------------------------------------------------------------
      clk                                ^     clk  -         -      0.000    -0.276  
      u_door_lock/lock_status_reg[1]/CK  ^     clk  DFFRHQX1  0.000  0.000    -0.276  
      --------------------------------------------------------------------------------
Path 22: VIOLATED Removal Check with Pin u_door_lock/door_locked_reg/CK 
Endpoint:   u_door_lock/door_locked_reg/RN (^) checked with  leading edge of 'clk'
Beginpoint: rst_n                          (^) triggered by  leading edge of '@'
Path Groups: {async_default}
Other End Arrival Time          0.000
+ Removal                       0.176
+ Phase Shift                   0.000
+ Uncertainty                   0.100
= Required Time                 0.276
  Arrival Time                  0.000
  Slack Time                   -0.276
     Clock Rise Edge                      0.000
     + Input Delay                        0.000
     = Beginpoint Arrival Time            0.000
     Timing Path:
      -------------------------------------------------------------------------------
      Pin                             Edge  Net    Cell      Delay  Arrival  Required  
                                                                    Time     Time  
      -------------------------------------------------------------------------------
      rst_n                           ^     rst_n  -         -      0.000    0.276  
      u_door_lock/door_locked_reg/RN  ^     rst_n  DFFRHQX1  0.000  0.000    0.276  
      -------------------------------------------------------------------------------
     Clock Rise Edge                      0.000
     = Beginpoint Arrival Time            0.000
     Other End Path:
      -----------------------------------------------------------------------------
      Pin                             Edge  Net  Cell      Delay  Arrival  Required  
                                                                  Time     Time  
      -----------------------------------------------------------------------------
      clk                             ^     clk  -         -      0.000    -0.276  
      u_door_lock/door_locked_reg/CK  ^     clk  DFFRHQX1  0.000  0.000    -0.276  
      -----------------------------------------------------------------------------
Path 23: VIOLATED Removal Check with Pin u_burglar/alarm_out_reg/CK 
Endpoint:   u_burglar/alarm_out_reg/RN (^) checked with  leading edge of 'clk'
Beginpoint: rst_n                      (^) triggered by  leading edge of '@'
Path Groups: {async_default}
Other End Arrival Time          0.000
+ Removal                       0.176
+ Phase Shift                   0.000
+ Uncertainty                   0.100
= Required Time                 0.276
  Arrival Time                  0.000
  Slack Time                   -0.276
     Clock Rise Edge                      0.000
     + Input Delay                        0.000
     = Beginpoint Arrival Time            0.000
     Timing Path:
      ---------------------------------------------------------------------------
      Pin                         Edge  Net    Cell      Delay  Arrival  Required  
                                                                Time     Time  
      ---------------------------------------------------------------------------
      rst_n                       ^     rst_n  -         -      0.000    0.276  
      u_burglar/alarm_out_reg/RN  ^     rst_n  DFFRHQX1  0.000  0.000    0.276  
      ---------------------------------------------------------------------------
     Clock Rise Edge                      0.000
     = Beginpoint Arrival Time            0.000
     Other End Path:
      -------------------------------------------------------------------------
      Pin                         Edge  Net  Cell      Delay  Arrival  Required  
                                                              Time     Time  
      -------------------------------------------------------------------------
      clk                         ^     clk  -         -      0.000    -0.276  
      u_burglar/alarm_out_reg/CK  ^     clk  DFFRHQX1  0.000  0.000    -0.276  
      -------------------------------------------------------------------------
Path 24: VIOLATED Removal Check with Pin u_burglar/delay_counter_reg[1]/CK 
Endpoint:   u_burglar/delay_counter_reg[1]/RN (^) checked with  leading edge of 'clk'
Beginpoint: rst_n                             (^) triggered by  leading edge of '@'
Path Groups: {async_default}
Other End Arrival Time          0.000
+ Removal                       0.176
+ Phase Shift                   0.000
+ Uncertainty                   0.100
= Required Time                 0.276
  Arrival Time                  0.000
  Slack Time                   -0.276
     Clock Rise Edge                      0.000
     + Input Delay                        0.000
     = Beginpoint Arrival Time            0.000
     Timing Path:
      ----------------------------------------------------------------------------------
      Pin                                Edge  Net    Cell      Delay  Arrival  Required  
                                                                       Time     Time  
      ----------------------------------------------------------------------------------
      rst_n                              ^     rst_n  -         -      0.000    0.276  
      u_burglar/delay_counter_reg[1]/RN  ^     rst_n  DFFRHQX1  0.000  0.000    0.276  
      ----------------------------------------------------------------------------------
     Clock Rise Edge                      0.000
     = Beginpoint Arrival Time            0.000
     Other End Path:
      --------------------------------------------------------------------------------
      Pin                                Edge  Net  Cell      Delay  Arrival  Required  
                                                                     Time     Time  
      --------------------------------------------------------------------------------
      clk                                ^     clk  -         -      0.000    -0.276  
      u_burglar/delay_counter_reg[1]/CK  ^     clk  DFFRHQX1  0.000  0.000    -0.276  
      --------------------------------------------------------------------------------
Path 25: VIOLATED Removal Check with Pin u_burglar/delay_counter_reg[3]/CK 
Endpoint:   u_burglar/delay_counter_reg[3]/RN (^) checked with  leading edge of 'clk'
Beginpoint: rst_n                             (^) triggered by  leading edge of '@'
Path Groups: {async_default}
Other End Arrival Time          0.000
+ Removal                       0.176
+ Phase Shift                   0.000
+ Uncertainty                   0.100
= Required Time                 0.276
  Arrival Time                  0.000
  Slack Time                   -0.276
     Clock Rise Edge                      0.000
     + Input Delay                        0.000
     = Beginpoint Arrival Time            0.000
     Timing Path:
      ----------------------------------------------------------------------------------
      Pin                                Edge  Net    Cell      Delay  Arrival  Required  
                                                                       Time     Time  
      ----------------------------------------------------------------------------------
      rst_n                              ^     rst_n  -         -      0.000    0.276  
      u_burglar/delay_counter_reg[3]/RN  ^     rst_n  DFFRHQX1  0.000  0.000    0.276  
      ----------------------------------------------------------------------------------
     Clock Rise Edge                      0.000
     = Beginpoint Arrival Time            0.000
     Other End Path:
      --------------------------------------------------------------------------------
      Pin                                Edge  Net  Cell      Delay  Arrival  Required  
                                                                     Time     Time  
      --------------------------------------------------------------------------------
      clk                                ^     clk  -         -      0.000    -0.276  
      u_burglar/delay_counter_reg[3]/CK  ^     clk  DFFRHQX1  0.000  0.000    -0.276  
      --------------------------------------------------------------------------------
Path 26: VIOLATED Removal Check with Pin u_burglar/delay_counter_reg[5]/CK 
Endpoint:   u_burglar/delay_counter_reg[5]/RN (^) checked with  leading edge of 'clk'
Beginpoint: rst_n                             (^) triggered by  leading edge of '@'
Path Groups: {async_default}
Other End Arrival Time          0.000
+ Removal                       0.176
+ Phase Shift                   0.000
+ Uncertainty                   0.100
= Required Time                 0.276
  Arrival Time                  0.000
  Slack Time                   -0.276
     Clock Rise Edge                      0.000
     + Input Delay                        0.000
     = Beginpoint Arrival Time            0.000
     Timing Path:
      ----------------------------------------------------------------------------------
      Pin                                Edge  Net    Cell      Delay  Arrival  Required  
                                                                       Time     Time  
      ----------------------------------------------------------------------------------
      rst_n                              ^     rst_n  -         -      0.000    0.276  
      u_burglar/delay_counter_reg[5]/RN  ^     rst_n  DFFRHQX1  0.000  0.000    0.276  
      ----------------------------------------------------------------------------------
     Clock Rise Edge                      0.000
     = Beginpoint Arrival Time            0.000
     Other End Path:
      --------------------------------------------------------------------------------
      Pin                                Edge  Net  Cell      Delay  Arrival  Required  
                                                                     Time     Time  
      --------------------------------------------------------------------------------
      clk                                ^     clk  -         -      0.000    -0.276  
      u_burglar/delay_counter_reg[5]/CK  ^     clk  DFFRHQX1  0.000  0.000    -0.276  
      --------------------------------------------------------------------------------
Path 27: VIOLATED Removal Check with Pin u_burglar/delay_counter_reg[8]/CK 
Endpoint:   u_burglar/delay_counter_reg[8]/RN (^) checked with  leading edge of 'clk'
Beginpoint: rst_n                             (^) triggered by  leading edge of '@'
Path Groups: {async_default}
Other End Arrival Time          0.000
+ Removal                       0.176
+ Phase Shift                   0.000
+ Uncertainty                   0.100
= Required Time                 0.276
  Arrival Time                  0.000
  Slack Time                   -0.276
     Clock Rise Edge                      0.000
     + Input Delay                        0.000
     = Beginpoint Arrival Time            0.000
     Timing Path:
      ----------------------------------------------------------------------------------
      Pin                                Edge  Net    Cell      Delay  Arrival  Required  
                                                                       Time     Time  
      ----------------------------------------------------------------------------------
      rst_n                              ^     rst_n  -         -      0.000    0.276  
      u_burglar/delay_counter_reg[8]/RN  ^     rst_n  DFFRHQX1  0.000  0.000    0.276  
      ----------------------------------------------------------------------------------
     Clock Rise Edge                      0.000
     = Beginpoint Arrival Time            0.000
     Other End Path:
      --------------------------------------------------------------------------------
      Pin                                Edge  Net  Cell      Delay  Arrival  Required  
                                                                     Time     Time  
      --------------------------------------------------------------------------------
      clk                                ^     clk  -         -      0.000    -0.276  
      u_burglar/delay_counter_reg[8]/CK  ^     clk  DFFRHQX1  0.000  0.000    -0.276  
      --------------------------------------------------------------------------------
Path 28: VIOLATED Removal Check with Pin u_appliances/lights_on_reg/CK 
Endpoint:   u_appliances/lights_on_reg/RN (^) checked with  leading edge of 'clk'
Beginpoint: rst_n                         (^) triggered by  leading edge of '@'
Path Groups: {async_default}
Other End Arrival Time          0.000
+ Removal                       0.176
+ Phase Shift                   0.000
+ Uncertainty                   0.100
= Required Time                 0.276
  Arrival Time                  0.000
  Slack Time                   -0.276
     Clock Rise Edge                      0.000
     + Input Delay                        0.000
     = Beginpoint Arrival Time            0.000
     Timing Path:
      ------------------------------------------------------------------------------
      Pin                            Edge  Net    Cell      Delay  Arrival  Required  
                                                                   Time     Time  
      ------------------------------------------------------------------------------
      rst_n                          ^     rst_n  -         -      0.000    0.276  
      u_appliances/lights_on_reg/RN  ^     rst_n  DFFRHQX1  0.000  0.000    0.276  
      ------------------------------------------------------------------------------
     Clock Rise Edge                      0.000
     = Beginpoint Arrival Time            0.000
     Other End Path:
      ----------------------------------------------------------------------------
      Pin                            Edge  Net  Cell      Delay  Arrival  Required  
                                                                 Time     Time  
      ----------------------------------------------------------------------------
      clk                            ^     clk  -         -      0.000    -0.276  
      u_appliances/lights_on_reg/CK  ^     clk  DFFRHQX1  0.000  0.000    -0.276  
      ----------------------------------------------------------------------------
Path 29: VIOLATED Removal Check with Pin u_appliances/fan_on_reg/CK 
Endpoint:   u_appliances/fan_on_reg/RN (^) checked with  leading edge of 'clk'
Beginpoint: rst_n                      (^) triggered by  leading edge of '@'
Path Groups: {async_default}
Other End Arrival Time          0.000
+ Removal                       0.176
+ Phase Shift                   0.000
+ Uncertainty                   0.100
= Required Time                 0.276
  Arrival Time                  0.000
  Slack Time                   -0.276
     Clock Rise Edge                      0.000
     + Input Delay                        0.000
     = Beginpoint Arrival Time            0.000
     Timing Path:
      ---------------------------------------------------------------------------
      Pin                         Edge  Net    Cell      Delay  Arrival  Required  
                                                                Time     Time  
      ---------------------------------------------------------------------------
      rst_n                       ^     rst_n  -         -      0.000    0.276  
      u_appliances/fan_on_reg/RN  ^     rst_n  DFFRHQX1  0.000  0.000    0.276  
      ---------------------------------------------------------------------------
     Clock Rise Edge                      0.000
     = Beginpoint Arrival Time            0.000
     Other End Path:
      -------------------------------------------------------------------------
      Pin                         Edge  Net  Cell      Delay  Arrival  Required  
                                                              Time     Time  
      -------------------------------------------------------------------------
      clk                         ^     clk  -         -      0.000    -0.276  
      u_appliances/fan_on_reg/CK  ^     clk  DFFRHQX1  0.000  0.000    -0.276  
      -------------------------------------------------------------------------
Path 30: VIOLATED Removal Check with Pin u_appliances/ac_on_reg/CK 
Endpoint:   u_appliances/ac_on_reg/RN (^) checked with  leading edge of 'clk'
Beginpoint: rst_n                     (^) triggered by  leading edge of '@'
Path Groups: {async_default}
Other End Arrival Time          0.000
+ Removal                       0.176
+ Phase Shift                   0.000
+ Uncertainty                   0.100
= Required Time                 0.276
  Arrival Time                  0.000
  Slack Time                   -0.276
     Clock Rise Edge                      0.000
     + Input Delay                        0.000
     = Beginpoint Arrival Time            0.000
     Timing Path:
      --------------------------------------------------------------------------
      Pin                        Edge  Net    Cell      Delay  Arrival  Required  
                                                               Time     Time  
      --------------------------------------------------------------------------
      rst_n                      ^     rst_n  -         -      0.000    0.276  
      u_appliances/ac_on_reg/RN  ^     rst_n  DFFRHQX1  0.000  0.000    0.276  
      --------------------------------------------------------------------------
     Clock Rise Edge                      0.000
     = Beginpoint Arrival Time            0.000
     Other End Path:
      ------------------------------------------------------------------------
      Pin                        Edge  Net  Cell      Delay  Arrival  Required  
                                                             Time     Time  
      ------------------------------------------------------------------------
      clk                        ^     clk  -         -      0.000    -0.276  
      u_appliances/ac_on_reg/CK  ^     clk  DFFRHQX1  0.000  0.000    -0.276  
      ------------------------------------------------------------------------

