###############################################################
#  Generated by:      Cadence Tempus 20.10-p003_1
#  OS:                Linux x86_64(Host ID edatools-server2.iiitd.edu.in)
#  Generated on:      Mon Oct 27 18:15:00 2025
#  Design:            HA
#  Command:           report_timing > $report_dir/timing_report.rpt
###############################################################
Path 1: MET Setup Check with Pin u_visitor/count_reg[6]/CK 
Endpoint:   u_visitor/count_reg[6]/D (^) checked with  leading edge of 'clk'
Beginpoint: u_visitor/count_reg[0]/Q (^) triggered by  leading edge of 'clk'
Path Groups: {clk}
Other End Arrival Time          0.000
- Setup                         0.217
+ Phase Shift                   5.000
- Uncertainty                   0.100
= Required Time                 4.683
- Arrival Time                  2.642
= Slack Time                    2.041
     Clock Rise Edge                 0.000
     + Clock Network Latency (Ideal) 0.000
     = Beginpoint Arrival Time       0.000
      ------------------------------------------------------------------------
      Instance                Arc          Cell       Delay  Arrival  Required  
                                                             Time     Time  
      ------------------------------------------------------------------------
      u_visitor/count_reg[0]  CK ^         -          -      0.000    2.041  
      u_visitor/count_reg[0]  CK ^ -> Q ^  SDFFRHQX1  0.378  0.378    2.419  
      u_visitor/g864          A ^ -> Y v   NAND2XL    0.194  0.572    2.613  
      u_visitor/g882          B v -> Y ^   NOR2BX1    0.171  0.742    2.783  
      u_visitor/g856          B ^ -> Y v   NAND2XL    0.163  0.905    2.946  
      u_visitor/g2            B v -> Y ^   NOR2BX1    0.155  1.060    3.101  
      u_visitor/g850          B ^ -> Y v   NAND2XL    0.142  1.203    3.243  
      u_visitor/g846          B v -> Y ^   NOR2XL     0.160  1.362    3.403  
      u_visitor/g845          A1 ^ -> Y v  AOI211X1   0.319  1.681    3.722  
      u_visitor/g838          A v -> Y ^   NOR2XL     0.455  2.137    4.177  
      u_visitor/g836          A ^ -> Y v   CLKINVX1   0.178  2.315    4.356  
      u_visitor/g829          A1 v -> Y ^  OAI211X1   0.130  2.445    4.486  
      u_visitor/g816          C0 ^ -> Y v  AOI222XL   0.106  2.551    4.592  
      u_visitor/g814          A v -> Y ^   INVXL      0.091  2.642    4.683  
      u_visitor/count_reg[6]  D ^          DFFRX1     0.000  2.642    4.683  
      ------------------------------------------------------------------------

