*----------------------------------------------------------------------------------------
*	Innovus 20.10-p004_1 (64bit) 05/07/2020 20:02 (Linux 2.6.32-431.11.2.el6.x86_64)
*	
*
* 	Date & Time:	2025-Nov-19 00:10:38 (2025-Nov-18 18:40:38 GMT)
*
*----------------------------------------------------------------------------------------
*
*	Design: HA
*
*	Liberty Libraries used: 
*	        view1: /home/drashi25114/Desktop/cmos65/90nm/Physical_design/routing/routing_0.5/slow.lib
*
*	Power Domain used: 
*              Rail:        VDD      Voltage:        0.9 
*
*       Power View : view1
*
*       User-Defined Activity : N.A.
*
*       Activity File: N.A.
*
*       Hierarchical Global Activity: N.A.
*
*       Global Activity: N.A.
*
*       Sequential Element Activity: 0.200000
*
*       Primary Input Activity: 0.200000
*
*       Default icg ratio: N.A.
*
*       Global Comb ClockGate Ratio: N.A.
*
*	Power Units = 1mW
*
*	Time Units = 1e-09 secs 
*
*       Temperature = 125 
*
*       report_power -outfile post_route_reports/routeafteranalysis.rpt -rail_analysis_format VS
*
-----------------------------------------------------------------------------------------
Cell                            Internal   Switching       Total     Leakage   Cell
                                   Power       Power       Power       Power   Name
--------------------------------------------------------------------------------------
CTS_ccl_a_buf_00004              0.07979     0.09398       0.174   0.0001864  CLKBUFX16
CTS_ccl_a_buf_00006              0.07978     0.09198       0.172   0.0001864  CLKBUFX16
u_visitor/count_reg[5]           0.01684     0.00153     0.01859   0.0002171  SDFFRHQX4
temp_setpoint_r_reg[1]           0.01664    0.001677     0.01853   0.0002171  SDFFRHQX4
u_visitor/count_reg[0]           0.01724    0.001008     0.01847   0.0002171  SDFFRHQX4
temp_setpoint_r_reg[5]           0.01631    0.001853     0.01838   0.0002171  SDFFRHQX4
u_visitor/count_reg[1]           0.01722   0.0009288     0.01837   0.0002171  SDFFRHQX4
temp_setpoint_r_reg[2]           0.01631    0.001592     0.01812   0.0002171  SDFFRHQX4
temp_sensor_r_reg[2]             0.01664    0.001212     0.01807   0.0002171  SDFFRHQX4
temp_sensor_r_reg[6]             0.01664    0.001166     0.01803   0.0002171  SDFFRHQX4
humidity_sensor_r_reg[1]         0.01665    0.001048     0.01792   0.0002171  SDFFRHQX4
temp_sensor_r_reg[3]             0.01665     0.00102     0.01788   0.0002171  SDFFRHQX4
window_auto_mode_r_reg           0.01665   0.0009958     0.01786   0.0002171  SDFFRHQX4
temp_sensor_r_reg[5]             0.01665   0.0009118     0.01778   0.0002171  SDFFRHQX4
temp_sensor_r_reg[4]             0.01665   0.0008705     0.01774   0.0002171  SDFFRHQX4
volume_cmd_r_reg[3]              0.01665   0.0008517     0.01772   0.0002171  SDFFRHQX4
volume_cmd_r_reg[2]              0.01665   0.0008467     0.01771   0.0002171  SDFFRHQX4
volume_cmd_r_reg[0]              0.01665   0.0008443     0.01771   0.0002171  SDFFRHQX4
temp_setpoint_r_reg[6]           0.01632    0.001164      0.0177   0.0002171  SDFFRHQX4
volume_cmd_r_reg[1]              0.01665   0.0008312      0.0177   0.0002171  SDFFRHQX4
music_on_cmd_r_reg               0.01665   0.0008304      0.0177   0.0002171  SDFFRHQX4
entry_sensor_r_reg               0.01662   0.0008407     0.01768   0.0002171  SDFFRHQX4
temp_sensor_r_reg[7]             0.01666   0.0007463     0.01762   0.0002171  SDFFRHQX4
tv_on_cmd_r_reg                  0.01666   0.0007273     0.01761   0.0002171  SDFFRHQX4
light_sensor_r_reg[5]            0.01663   0.0007534      0.0176   0.0002171  SDFFRHQX4
light_sensor_r_reg[7]            0.01663   0.0007297     0.01758   0.0002171  SDFFRHQX4
temp_setpoint_r_reg[0]           0.01666   0.0006955     0.01757   0.0002171  SDFFRHQX4
light_sensor_r_reg[4]            0.01663   0.0007136     0.01756   0.0002171  SDFFRHQX4
window_manual_close_r_reg        0.01666    0.000658     0.01754   0.0002171  SDFFRHQX4
light_sensor_r_reg[3]            0.01663    0.000681     0.01753   0.0002171  SDFFRHQX4
light_sensor_r_reg[1]            0.01663   0.0006799     0.01753   0.0002171  SDFFRHQX4
light_sensor_r_reg[2]            0.01663   0.0006634     0.01751   0.0002171  SDFFRHQX4
temp_setpoint_r_reg[3]           0.01632   0.0009585      0.0175   0.0002171  SDFFRHQX4
temp_setpoint_r_reg[4]           0.01632   0.0009314     0.01747   0.0002171  SDFFRHQX4
light_sensor_r_reg[6]            0.01664   0.0006014     0.01746   0.0002171  SDFFRHQX4
exit_sensor_r_reg                0.01664   0.0005941     0.01745   0.0002171  SDFFRHQX4
window_manual_open_r_reg         0.01667   0.0005536     0.01744   0.0002171  SDFFRHQX4
light_sensor_r_reg[0]            0.01664   0.0005626     0.01742   0.0002171  SDFFRHQX4
humidity_sensor_r_reg[3]         0.01667    0.000507     0.01739   0.0002171  SDFFRHQX4
humidity_sensor_r_reg[0]         0.01664   0.0005259     0.01739   0.0002171  SDFFRHQX4
humidity_sensor_r_reg[5]         0.01667   0.0004622     0.01735   0.0002171  SDFFRHQX4
temp_sensor_r_reg[1]             0.01667   0.0004604     0.01735   0.0002171  SDFFRHQX4
light_cmd_r_reg                  0.01665   0.0004785     0.01734   0.0002171  SDFFRHQX4
ac_cmd_r_reg                     0.01665    0.000466     0.01733   0.0002171  SDFFRHQX4
temp_sensor_r_reg[0]             0.01668   0.0004173     0.01731   0.0002171  SDFFRHQX4
temp_setpoint_r_reg[7]           0.01633   0.0007547      0.0173   0.0002171  SDFFRHQX4
fan_cmd_r_reg                    0.01665     0.00043      0.0173   0.0002171  SDFFRHQX4
alarm_arm_r_reg                  0.01668   0.0003922     0.01729   0.0002171  SDFFRHQX4
window_sensor_r_reg              0.01668   0.0003744     0.01727   0.0002171  SDFFRHQX4
door_sensor_r_reg                0.01668   0.0003732     0.01727   0.0002171  SDFFRHQX4
door_lock_cmd_r_reg              0.01665    0.000381     0.01725   0.0002171  SDFFRHQX4
door_unlock_cmd_r_reg            0.01666   0.0003683     0.01724   0.0002171  SDFFRHQX4
pin_input_r_reg[0]               0.01665   0.0003681     0.01724   0.0002171  SDFFRHQX4
motion_sensor_r_reg              0.01669   0.0003155     0.01722   0.0002171  SDFFRHQX4
humidity_sensor_r_reg[2]         0.01666   0.0003347     0.01721   0.0002171  SDFFRHQX4
pin_input_r_reg[2]               0.01666   0.0003342     0.01721   0.0002171  SDFFRHQX4
pin_input_r_reg[1]               0.01666   0.0003254      0.0172   0.0002171  SDFFRHQX4
humidity_sensor_r_reg[6]         0.01669   0.0002885      0.0172   0.0002171  SDFFRHQX4
humidity_sensor_r_reg[7]          0.0167   0.0002691     0.01718   0.0002171  SDFFRHQX4
pin_input_r_reg[3]               0.01668   0.0002745     0.01717   0.0002171  SDFFRHQX4
humidity_sensor_r_reg[4]          0.0167   0.0002353     0.01715   0.0002171  SDFFRHQX4
water_level_r_reg[2]             0.01635   0.0005051     0.01707   0.0002171  SDFFRHQX4
water_level_r_reg[3]             0.01635   0.0004912     0.01706   0.0002171  SDFFRHQX4
water_level_r_reg[0]             0.01636   0.0003411     0.01692   0.0002171  SDFFRHQX4
water_level_r_reg[1]             0.01637   0.0002956     0.01688   0.0002171  SDFFRHQX4
u_visitor/count_reg[2]           0.01443     0.00105     0.01566   0.0001737  SDFFRHQX2
u_visitor/count_reg[3]           0.01412    0.001302     0.01559   0.0001737  SDFFRHQX2
u_door_lock/state_reg[1]         0.01365    0.001567     0.01537   0.0001526  SDFFRHQX1
u_visitor/count_reg[6]           0.01409    0.001089     0.01535   0.0001737  SDFFRHQX2
u_visitor/count_reg[4]           0.01411   0.0009768     0.01526   0.0001737  SDFFRHQX2
u_door_lock/state_reg[0]         0.01353    0.001301     0.01498   0.0001526  SDFFRHQX1
u_window/window_state_reg[0]     0.01388   0.0007366     0.01477   0.0001526  SDFFRHQX1
u_window/window_state_reg[1]     0.01381   0.0007786     0.01474   0.0001526  SDFFRHQX1
u_visitor/count_reg[7]           0.01359   0.0009049     0.01467   0.0001737  SDFFRHQX2
u_door_lock/attempt_counter_reg[2]     0.0138   0.0005337     0.01449   0.0001526  SDFFRHQX1
u_burglar/delay_counter_reg[1]    0.01354     0.00079     0.01449   0.0001526  SDFFRHQX1
u_burglar/delay_counter_reg[3]    0.01355   0.0007469     0.01445   0.0001526  SDFFRHQX1
u_burglar/delay_counter_reg[2]    0.01354   0.0007153     0.01441   0.0001526  SDFFRHQX1
u_burglar/delay_counter_reg[4]    0.01322    0.001017     0.01439   0.0001526  SDFFRHQX1
u_burglar/delay_counter_reg[0]    0.01348   0.0007406     0.01437   0.0001526  SDFFRHQX1
u_door_lock/attempt_counter_reg[1]    0.01346   0.0007404     0.01435   0.0001526  SDFFRHQX1
u_door_lock/attempt_counter_reg[0]    0.01346   0.0007255     0.01434   0.0001526  SDFFRHQX1
u_door_lock/timeout_counter_reg[5]    0.01302    0.001149     0.01433   0.0001526  SDFFRHQX1
u_burglar/delay_counter_reg[5]    0.01323   0.0009221      0.0143   0.0001526  SDFFRHQX1
FE_OFC9_scan_en                 0.001212     0.01302      0.0143   6.202e-05  CLKBUFX3
u_burglar/delay_counter_reg[6]    0.01319   0.0008838     0.01422   0.0001526  SDFFRHQX1
u_entertainment/volume_level_reg[0]    0.01348   0.0005867     0.01421   0.0001436  SDFFSHQX1
u_entertainment/volume_level_reg[2]    0.01348   0.0005433     0.01417   0.0001436  SDFFSHQX1
u_burglar/delay_counter_reg[8]     0.0135   0.0004952     0.01415   0.0001526  SDFFRHQX1
u_water_ctrl/pump_on_reg         0.01347   0.0004997     0.01412   0.0001526  SDFFRHQX1
u_burglar/delay_counter_reg[7]    0.01316    0.000702     0.01402   0.0001526  SDFFRHQX1
u_door_lock/timeout_counter_reg[4]    0.01305   0.0007648     0.01397   0.0001526  SDFFRHQX1
u_door_lock/timeout_counter_reg[2]    0.01299   0.0007905     0.01394   0.0001526  SDFFRHQX1
u_door_lock/timeout_counter_reg[6]    0.01302   0.0007371     0.01391   0.0001526  SDFFRHQX1
u_lum_ctrl/led_brightness_reg[4]    0.01328   0.0004713     0.01391   0.0001526  SDFFRHQX1
volume_level_r_reg[3]            0.01296   0.0007811     0.01389   0.0001526  SDFFRHQX1
u_entertainment/volume_level_reg[3]    0.01319   0.0005537     0.01389   0.0001526  SDFFRHQX1
u_appliances/fan_on_reg          0.01327   0.0004467     0.01387   0.0001526  SDFFRHQX1
u_water_ctrl/valve_close_reg     0.01334   0.0003638     0.01385   0.0001526  SDFFRHQX1
u_burglar/alarm_out_reg          0.01315     0.00054     0.01385   0.0001526  SDFFRHQX1
u_lum_ctrl/led_brightness_reg[2]    0.01328   0.0004099     0.01384   0.0001526  SDFFRHQX1
u_door_lock/timeout_counter_reg[1]    0.01305   0.0006346     0.01384   0.0001526  SDFFRHQX1
u_humidity/dehumidifier_on_reg    0.01328   0.0004015     0.01383   0.0001526  SDFFRHQX1
u_entertainment/volume_level_reg[1]    0.01319   0.0004887     0.01383   0.0001526  SDFFRHQX1
u_lum_ctrl/led_brightness_reg[3]    0.01328    0.000382     0.01382   0.0001526  SDFFRHQX1
u_door_lock/timeout_counter_reg[3]    0.01302   0.0006313      0.0138   0.0001526  SDFFRHQX1
window_state_r_reg[1]            0.01296   0.0006843      0.0138   0.0001526  SDFFRHQX1
u_lum_ctrl/led_brightness_reg[1]    0.01328    0.000354     0.01379   0.0001526  SDFFRHQX1
u_lum_ctrl/led_brightness_reg[0]    0.01328   0.0003399     0.01378   0.0001526  SDFFRHQX1
u_appliances/lights_on_reg       0.01328   0.0003388     0.01377   0.0001526  SDFFRHQX1
led_brightness_r_reg[7]          0.01328   0.0003256     0.01376   0.0001526  SDFFRHQX1
u_door_lock/timeout_counter_reg[0]    0.01298    0.000628     0.01376   0.0001526  SDFFRHQX1
led_brightness_r_reg[4]          0.01328   0.0003224     0.01376   0.0001526  SDFFRHQX1
visitor_count_r_reg[4]           0.01328   0.0003101     0.01374   0.0001526  SDFFRHQX1
u_door_lock/timeout_counter_reg[7]    0.01302   0.0005644     0.01374   0.0001526  SDFFRHQX1
u_lum_ctrl/led_brightness_reg[7]    0.01296   0.0006171     0.01373   0.0001526  SDFFRHQX1
led_brightness_r_reg[2]          0.01328    0.000291     0.01373   0.0001526  SDFFRHQX1
u_appliances/ac_on_reg           0.01327   0.0002979     0.01372   0.0001526  SDFFRHQX1
window_state_r_reg[0]            0.01297    0.000603     0.01372   0.0001526  SDFFRHQX1
led_brightness_r_reg[5]          0.01328   0.0002751     0.01371   0.0001526  SDFFRHQX1
visitor_count_r_reg[1]           0.01328   0.0002667      0.0137   0.0001526  SDFFRHQX1
led_brightness_r_reg[1]          0.01328   0.0002666      0.0137   0.0001526  SDFFRHQX1
visitor_count_r_reg[3]           0.01328    0.000254     0.01369   0.0001526  SDFFRHQX1
led_brightness_r_reg[3]          0.01328    0.000246     0.01368   0.0001526  SDFFRHQX1
visitor_count_r_reg[7]           0.01328   0.0002487     0.01368   0.0001526  SDFFRHQX1
led_brightness_r_reg[6]          0.01328   0.0002421     0.01368   0.0001526  SDFFRHQX1
u_lum_ctrl/led_brightness_reg[6]    0.01296   0.0005532     0.01367   0.0001526  SDFFRHQX1
visitor_count_r_reg[0]           0.01328   0.0002332     0.01367   0.0001526  SDFFRHQX1
visitor_count_r_reg[2]           0.01328   0.0002342     0.01367   0.0001526  SDFFRHQX1
u_door_lock/lock_status_reg[1]    0.01299   0.0005115     0.01365   0.0001526  SDFFRHQX1
visitor_count_r_reg[6]           0.01328   0.0002147     0.01365   0.0001526  SDFFRHQX1
music_on_r_reg                   0.01296   0.0005379     0.01365   0.0001526  SDFFRHQX1
dehumidifier_on_r_reg            0.01296   0.0005215     0.01363   0.0001526  SDFFRHQX1
u_door_lock/lock_status_reg[0]    0.01298   0.0004707      0.0136   0.0001526  SDFFRHQX1
water_valve_close_r_reg          0.01295   0.0004778     0.01358   0.0001526  SDFFRHQX1
u_lum_ctrl/led_brightness_reg[5]    0.01296   0.0004551     0.01357   0.0001526  SDFFRHQX1
humidifier_on_r_reg              0.01296   0.0004325     0.01355   0.0001526  SDFFRHQX1
u_entertainment/tv_on_reg        0.01296   0.0004374     0.01355   0.0001526  SDFFRHQX1
u_visitor/exit_prev_reg          0.01296   0.0004314     0.01355   0.0001526  SDFFRHQX1
u_entertainment/music_on_reg     0.01296   0.0004258     0.01353   0.0001526  SDFFRHQX1
volume_level_r_reg[2]            0.01296   0.0003589     0.01347   0.0001526  SDFFRHQX1
u_humidity/humidifier_on_reg     0.01293   0.0003828     0.01347   0.0001526  SDFFRHQX1
volume_level_r_reg[0]            0.01296    0.000331     0.01344   0.0001526  SDFFRHQX1
volume_level_r_reg[1]            0.01296   0.0003277     0.01344   0.0001526  SDFFRHQX1
lock_status_r_reg[0]             0.01296   0.0003217     0.01343   0.0001526  SDFFRHQX1
tv_on_r_reg                      0.01296   0.0003236     0.01343   0.0001526  SDFFRHQX1
u_visitor/entry_prev_reg         0.01297   0.0003113     0.01343   0.0001526  SDFFRHQX1
lock_status_r_reg[1]             0.01296   0.0003158     0.01343   0.0001526  SDFFRHQX1
u_door_lock/door_locked_reg      0.01295   0.0003209     0.01343   0.0001526  SDFFRHQX1
led_brightness_r_reg[0]          0.01296   0.0002528     0.01337   0.0001526  SDFFRHQX1
visitor_count_r_reg[5]           0.01296   0.0002132     0.01332   0.0001526  SDFFRHQX1
lights_on_r_reg                   0.0119    0.001154     0.01322   0.0001667  SDFFRX1
fan_on_r_reg                      0.0119    0.001082     0.01315   0.0001667  SDFFRX1
u_temp_ctrl/cooler_on_reg        0.01258   0.0003843     0.01311   0.0001524  SDFFRXL
ac_on_r_reg                      0.01191   0.0009176     0.01299   0.0001667  SDFFRX1
burglar_alarm_out_r_reg          0.01163    0.001125     0.01292   0.0001667  SDFFRX1
cooler_on_r_reg                  0.01163    0.001088     0.01288   0.0001667  SDFFRX1
heater_on_r_reg                  0.01163    0.001058     0.01286   0.0001667  SDFFRX1
u_temp_ctrl/heater_on_reg        0.01226   0.0004409     0.01286   0.0001524  SDFFRXL
door_locked_r_reg                0.01163     0.00105     0.01284   0.0001667  SDFFRX1
FE_OFC4_rst_n                   0.001212     0.01148     0.01275   6.202e-05  CLKBUFX3
water_pump_on_r_reg              0.01162   0.0008222     0.01261   0.0001667  SDFFRX1
FE_OFC8_scan_en                0.0007955     0.00943     0.01027   4.129e-05  BUFX2
FE_OFC7_rst_n                  0.0009217    0.005453    0.006416   4.129e-05  BUFX2
FE_OFC6_rst_n                  0.0009243    0.004244    0.005209   4.129e-05  BUFX2
u_temp_ctrl/g1643               0.003799    0.000347    0.004186   3.997e-05  AOI211X2
FE_OCPC1_temp_setpoint_r_3      0.002331   0.0009533    0.003405   0.0001212  BUFX6
u_temp_ctrl/g1710               0.002336   0.0005587    0.002966   7.214e-05  NOR2X4
u_temp_ctrl/g1639               0.002201   0.0006445    0.002882   3.634e-05  AOI22X2
u_temp_ctrl/g1740               0.001649    0.001179    0.002866   3.838e-05  NOR2BX2
u_temp_ctrl/FE_RC_18_0          0.002197   0.0005449    0.002778   3.602e-05  AOI21X2
u_temp_ctrl/g1718               0.001603    0.001005     0.00269   8.142e-05  NAND2X6
u_temp_ctrl/FE_RC_11_0          0.001795   0.0008243    0.002672    5.32e-05  NAND3BX2
FE_OFC5_rst_n                  0.0009436    0.001674    0.002659   4.129e-05  BUFX2
u_temp_ctrl/FE_RC_28_0          0.001287    0.001305    0.002622   3.011e-05  NAND3X2
u_temp_ctrl/g1636               0.001391    0.001151    0.002571   2.802e-05  NAND2X2
FE_OCPC3_temp_setpoint_r_4      0.001199    0.001284    0.002545   6.202e-05  BUFX3
u_temp_ctrl/g1707_dup           0.001865   0.0004955    0.002522   0.0001614  CLKAND2X6
u_temp_ctrl/FE_RC_10_0          0.001646   0.0008067    0.002489   3.602e-05  AOI21X2
u_visitor/g1075                 0.001492    0.000954    0.002482   3.607e-05  NOR2X2
u_temp_ctrl/g1695                0.00172   0.0005157    0.002273   3.753e-05  AOI2BB1X2
u_temp_ctrl/FE_RC_26_0          0.001641   0.0005193    0.002195   3.541e-05  AOI31X2
u_temp_ctrl/FE_RC_21_0          0.001519   0.0006404    0.002195   3.602e-05  AOI21X2
u_visitor/g1090                 0.001742   0.0003626    0.002176   7.214e-05  NOR2X4
u_door_lock/g2264              0.0005756     0.00157    0.002159   1.299e-05  OAI21X1
u_visitor/g1084                  0.00167   0.0004467    0.002157   3.997e-05  AOI211X2
u_temp_ctrl/g1691               0.001463   0.0005928    0.002092   3.602e-05  AOI21X2
u_temp_ctrl/FE_RC_2_0           0.001606   0.0004173    0.002052   2.836e-05  OAI31X2
u_burglar/g706                 0.0003772    0.001622    0.002013   1.301e-05  CLKINVX1
u_temp_ctrl/g1672               0.001657   0.0003017    0.001995   3.602e-05  AOI21X2
u_burglar/g2                   0.0007969   0.0009844    0.001801   2.004e-05  NOR2BX1
u_temp_ctrl/g1631                0.00122   0.0004842    0.001717   1.299e-05  OAI21X1
u_temp_ctrl/g1704               0.001455    0.000219    0.001715   4.035e-05  NOR3X2
u_temp_ctrl/g1653               0.001124   0.0005398    0.001682   1.816e-05  NOR2X1
u_visitor/g1073                0.0006522   0.0009957    0.001674   2.599e-05  CLKINVX2
u_temp_ctrl/FE_RC_0_0           0.001186   0.0004488    0.001672   3.634e-05  AOI22X2
u_visitor/FE_OCPC2_n_26        0.0008008   0.0008258    0.001668   4.129e-05  BUFX2
u_temp_ctrl/g1707              0.0009432   0.0005456     0.00157   8.078e-05  CLKAND2X3
u_visitor/g1103                0.0005108   0.0009707    0.001507   2.599e-05  CLKINVX2
u_temp_ctrl/g1714              0.0007607   0.0007007      0.0015   3.898e-05  CLKINVX3
u_visitor/g1100                0.0005356   0.0009254    0.001489   2.802e-05  NAND2X2
u_temp_ctrl/g1664              0.0007166   0.0007073    0.001442   1.815e-05  AOI21X1
u_temp_ctrl/g1630               0.001061   0.0003635    0.001438   1.299e-05  OAI21X1
u_door_lock/g2271               0.001093   0.0003202    0.001431   1.787e-05  OAI32X1
u_temp_ctrl/g1738              0.0008206   0.0005282    0.001421   7.254e-05  CLKXOR2X1
u_visitor/g1104                0.0005122   0.0008436    0.001382   2.599e-05  CLKINVX2
u_visitor/FE_RC_9_0              0.00101   0.0003362    0.001365   1.819e-05  OAI222X1
u_temp_ctrl/g1642              0.0008187   0.0004967    0.001334   1.815e-05  AOI21X1
u_door_lock/g2286              0.0008627   0.0004039    0.001298   3.144e-05  AOI2BB1X1
u_water_ctrl/g81               0.0008766   0.0003758    0.001272   1.995e-05  AOI211X1
u_humidity/g202                0.0004343   0.0008234     0.00127    1.22e-05  AOI21XL
u_temp_ctrl/g1674              0.0008106   0.0004204     0.00125   1.851e-05  AOI32X1
u_door_lock/g2254              0.0009552   0.0002588    0.001232   1.791e-05  OAI22X1
u_visitor/g1072                0.0002736   0.0009221     0.00121   1.403e-05  NAND2X1
u_water_ctrl/g2                0.0008786   0.0002689    0.001202   5.418e-05  MX2X1
u_visitor/g1101                0.0005869   0.0005894    0.001194   1.816e-05  NOR2X1
u_temp_ctrl/g1662              0.0007452   0.0004035    0.001162   1.314e-05  OAI221X1
u_visitor/FE_RC_24_0            0.000512   0.0006136    0.001154   2.802e-05  NAND2X2
u_temp_ctrl/g1743              0.0008015   0.0003346    0.001149   1.299e-05  OAI21X1
u_window/g360                  0.0008549   0.0002355    0.001133   4.309e-05  AO22X1
u_entertainment/g48            0.0006869   0.0004249    0.001133   2.093e-05  NOR4X1
u_burglar/g3                   0.0008604    0.000188    0.001121   7.254e-05  CLKXOR2X1
u_temp_ctrl/g1703              0.0005694   0.0005123    0.001121   3.898e-05  CLKINVX3
u_temp_ctrl/g1724              0.0005085   0.0005822    0.001117   2.599e-05  CLKINVX2
u_door_lock/g2253              0.0007733   0.0002802    0.001096   4.264e-05  AO21X1
u_humidity/g203                0.0004615   0.0006153    0.001095   1.815e-05  AOI21X1
u_burglar/g718                  0.000548   0.0005169    0.001093   2.802e-05  NAND2X2
u_temp_ctrl/g1744              0.0006371   0.0003862    0.001086   6.308e-05  XNOR2XL
u_temp_ctrl/g1635              0.0006682   0.0004051    0.001086   1.301e-05  INVX1
u_water_ctrl/g79               0.0006944   0.0003581    0.001071   1.815e-05  AOI21X1
u_temp_ctrl/g1632              0.0006737   0.0003773    0.001065   1.403e-05  NAND2X1
u_window/g366                  0.0006532   0.0003665    0.001038   1.789e-05  AOI31X1
u_temp_ctrl/g1684              0.0006711   0.0003369    0.001026   1.815e-05  AOI21X1
u_door_lock/g2276              0.0006578   0.0003434    0.001019   1.789e-05  AOI31X1
FE_OCPC0_temp_setpoint_r_2     0.0007963   0.0001792    0.001017   4.129e-05  CLKBUFX2
u_entertainment/g44            0.0006999   0.0002524    0.001006   5.418e-05  MX2X1
u_temp_ctrl/FE_RC_27_0         0.0006607   0.0003297    0.001004   1.402e-05  OAI31X1
u_door_lock/g2280              0.0005595   0.0004112    0.000992   2.127e-05  OAI2BB1X1
u_burglar/g711                  0.000559   0.0004127   0.0009857   1.402e-05  OAI31X1
u_door_lock/g2266              0.0007944   0.0001727   0.0009856   1.851e-05  AOI32X1
FE_OCPC1_temp_setpoint_r_1     0.0008008   0.0001401   0.0009821   4.129e-05  CLKBUFX2
u_temp_ctrl/g1675              0.0006217   0.0003417   0.0009816   1.816e-05  NOR2X1
u_temp_ctrl/g1681              0.0006125   0.0003403   0.0009808   2.802e-05  NAND2X2
u_temp_ctrl/g1711              0.0005876   0.0003745   0.0009802   1.816e-05  NOR2X1
u_entertainment/g47             0.000701   0.0002245   0.0009797   5.418e-05  MX2X1
u_temp_ctrl/g1655              0.0004558   0.0004886   0.0009793   3.499e-05  NAND2BX1
u_entertainment/g45            0.0007011   0.0002238    0.000979   5.418e-05  MX2X1
u_temp_ctrl/g1651              0.0006496   0.0002937   0.0009615   1.816e-05  NOR2X1
u_entertainment/g46            0.0007019    0.000202   0.0009581   5.418e-05  MX2X1
u_temp_ctrl/g1668              0.0007191   0.0002148   0.0009539   2.004e-05  NOR2BX1
u_burglar/g698                 0.0007425    0.000193   0.0009536   1.815e-05  AOI21X1
u_visitor/FE_RC_25_0           0.0006678   0.0002577   0.0009455   2.004e-05  NOR2BX1
u_visitor/g1062                0.0006412     0.00029   0.0009434   1.224e-05  OAI222XL
u_temp_ctrl/FE_RC_29_0         0.0004596   0.0004693    0.000943   1.403e-05  NAND2X1
u_temp_ctrl/g1650              0.0005783   0.0003515   0.0009428   1.299e-05  OAI21X1
u_temp_ctrl/FE_RC_4_0          0.0006989   0.0002259   0.0009378   1.299e-05  OAI21X1
u_water_ctrl/g77               0.0005282   0.0003947   0.0009353   1.236e-05  NOR2XL
u_door_lock/g2299              0.0002922   0.0006252   0.0009304   1.301e-05  CLKINVX1
u_burglar/g681                 0.0006895   0.0002111   0.0009185   1.791e-05  OAI22X1
u_window/g363                  0.0006701   0.0002303   0.0009135   1.299e-05  OAI21X1
u_burglar/g691                 0.0006897   0.0002017   0.0009093   1.791e-05  OAI22X1
u_window/g367                    0.00078   0.0001082   0.0009081   1.995e-05  AOI211X1
u_visitor/g1109                0.0002671   0.0006259    0.000906   1.301e-05  CLKINVX1
u_visitor/g1076                0.0007275   0.0001567   0.0009024   1.815e-05  AOI21X1
u_burglar/g699                 0.0006784   0.0001791   0.0009006   4.309e-05  AO22X1
u_visitor/g1074                0.0007151   0.0001672   0.0009005   1.815e-05  AOI21X1
u_door_lock/g2290               0.000543   0.0003294   0.0009005   2.802e-05  NAND2X2
u_temp_ctrl/g1680                0.00069   0.0001871   0.0008949   1.789e-05  AOI31X1
u_visitor/g1093                0.0004197   0.0004287   0.0008935     4.5e-05  CLKAND2X2
u_visitor/g1092                0.0006878   0.0001813     0.00089   2.093e-05  NOR4X1
u_temp_ctrl/g1638              0.0004145   0.0004536   0.0008821   1.403e-05  NAND2X1
u_visitor/g1063                0.0006405   0.0002282   0.0008809   1.224e-05  OAI222XL
u_burglar/g716                 0.0006577   0.0001534   0.0008793   6.826e-05  XOR2XL
u_visitor/g1054                0.0006385   0.0002254   0.0008761   1.224e-05  OAI222XL
u_visitor/g1078                0.0002672   0.0005938   0.0008739   1.301e-05  CLKINVX1
u_burglar/g676                 0.0006739   0.0001768   0.0008689   1.815e-05  AOI21X1
u_temp_ctrl/g1715               0.000531   0.0003022   0.0008612   2.802e-05  NAND2X2
u_door_lock/g2275              0.0006618    0.000181   0.0008607   1.789e-05  AOI31X1
u_window/g362                  0.0005021     0.00033   0.0008591   2.704e-05  MXI2XL
u_window/g370                  0.0006508   0.0001898   0.0008588   1.815e-05  AOI21X1
u_door_lock/g2297              0.0002669   0.0005756   0.0008555   1.301e-05  CLKINVX1
u_visitor/g1110                0.0004633   0.0003569   0.0008552   3.499e-05  NAND2BX1
u_door_lock/g2281              0.0006325   0.0002021   0.0008531   1.851e-05  AOI32X1
u_visitor/g1059                 0.000583   0.0002538   0.0008509    1.41e-05  OAI211X1
u_temp_ctrl/FE_RC_16_0         0.0006518   0.0001682    0.000848   2.802e-05  NAND2X2
u_temp_ctrl/FE_RC_19_0         0.0006069    0.000224   0.0008439   1.299e-05  OAI21X1
u_temp_ctrl/g1648              0.0004957   0.0003352   0.0008438   1.299e-05  OAI21X1
u_door_lock/g2284              0.0006483   0.0001243   0.0008357   6.308e-05  XNOR2XL
u_temp_ctrl/g1736              0.0005235   0.0002946   0.0008347   1.662e-05  NOR2BXL
u_temp_ctrl/FE_RC_3_0          0.0005078   0.0002842   0.0008346   4.256e-05  OR2X1
u_visitor/g1048                0.0005507   0.0002684   0.0008332    1.41e-05  OAI211X1
u_burglar/g680                 0.0006426   0.0001709   0.0008317   1.815e-05  AOI21X1
u_window/g371                  0.0007257   8.533e-05   0.0008314   2.034e-05  NOR3X1
u_temp_ctrl/g1659              0.0005709   0.0002377   0.0008299   2.127e-05  OAI2BB1X1
u_door_lock/g2                 0.0005506   0.0002231   0.0008285    5.48e-05  NAND2BX2
u_burglar/g721                 0.0006185   0.0001855   0.0008169   1.299e-05  OAI21X1
u_temp_ctrl/g1721              0.0002621   0.0005369    0.000812   1.301e-05  CLKINVX1
u_visitor/g1065                0.0005115   0.0002631   0.0008016   2.704e-05  MXI2XL
u_burglar/g685                 0.0006097   0.0001752   0.0007979   1.299e-05  OAI21X1
u_lum_ctrl/g100                0.0002616   0.0005216   0.0007963   1.301e-05  INVX1
u_burglar/g671                 0.0005939   0.0001892   0.0007961   1.299e-05  OAI21X1
u_temp_ctrl/FE_RC_14_0          0.000594   0.0001599   0.0007942   4.035e-05  NOR3X2
u_burglar/g675                 0.0005853   0.0001835   0.0007817   1.299e-05  OAI21X1
u_temp_ctrl/g1745                0.00054   0.0002103   0.0007669   1.651e-05  NOR3BXL
u_temp_ctrl/g1737               0.000484   0.0002644    0.000765   1.662e-05  NOR2BXL
u_lum_ctrl/g97                 0.0002615   0.0004827   0.0007572   1.301e-05  INVX1
u_window/g364                  0.0005846   0.0001534   0.0007547   1.662e-05  NOR2BXL
u_door_lock/g2267              0.0004612   0.0002743   0.0007485   1.299e-05  OAI21X1
u_door_lock/g2233              0.0005669   0.0001407   0.0007346   2.704e-05  MXI2XL
u_temp_ctrl/g1717_dup          0.0003761   0.0003447   0.0007332   1.236e-05  NOR2XL
u_visitor/g1085                0.0006048    8.08e-05   0.0007259   4.035e-05  NOR3X2
u_temp_ctrl/g1689              0.0005369   0.0001721    0.000722   1.299e-05  OAI21X1
u_door_lock/g2289              0.0003782   0.0003247   0.0007153   1.236e-05  NOR2XL
u_temp_ctrl/g1698               0.000347   0.0003507   0.0007107   1.301e-05  CLKINVX1
u_lum_ctrl/g96                  0.000261   0.0004317   0.0007057   1.301e-05  INVX1
u_lum_ctrl/g101                0.0002611   0.0004269    0.000701   1.301e-05  INVX1
u_temp_ctrl/g1661              0.0004946   0.0001902   0.0006972   1.236e-05  NOR2XL
u_temp_ctrl/g1705              0.0004202   0.0002439   0.0006911   2.704e-05  MXI2XL
u_temp_ctrl/FE_RC_12_0         0.0003419   0.0003311   0.0006861   1.301e-05  INVX1
u_door_lock/g754               0.0004908   0.0001521   0.0006854   4.256e-05  OR2X1
u_temp_ctrl/FE_RC_20_0         0.0004306   0.0002044     0.00067   3.499e-05  NAND2BX1
u_temp_ctrl/g1645              0.0003877   0.0002696   0.0006696   1.236e-05  NOR2XL
u_door_lock/g2260              0.0004363   0.0002193    0.000668   1.236e-05  NOR2XL
u_burglar/g719                 0.0002724   0.0003798   0.0006651   1.301e-05  INVX1
g44                            0.0002763   0.0003749   0.0006642   1.301e-05  CLKINVX1
u_lum_ctrl/g95                 0.0002607   0.0003897   0.0006634   1.301e-05  INVX1
u_temp_ctrl/g1720              0.0002602   0.0003874   0.0006607   1.301e-05  CLKINVX1
u_humidity/g205                0.0003154   0.0003227   0.0006594   2.127e-05  OAI2BB1X1
u_temp_ctrl/FE_RC_1_0          0.0002627   0.0003809   0.0006566   1.301e-05  CLKINVX1
u_humidity/g207                0.0003757   0.0002659    0.000654   1.236e-05  NOR2XL
u_door_lock/FE_RC_22_0         0.0002019    0.000437   0.0006529   1.403e-05  NAND2X1
u_door_lock/g2288              0.0001729   0.0004582   0.0006404   9.289e-06  NAND2XL
u_window/g372                  0.0003754   0.0002499   0.0006377   1.236e-05  NOR2XL
u_burglar/g704                 0.0004222   0.0001877    0.000637   2.704e-05  MXI2XL
u_door_lock/g2261              0.0003733   0.0002508   0.0006334   9.289e-06  NAND2XL
g76                            0.0002775   0.0003405    0.000631   1.301e-05  CLKINVX1
u_temp_ctrl/g1716              0.0001726    0.000449    0.000631   9.289e-06  NAND2XL
g74                             0.000273   0.0003419   0.0006279   1.301e-05  CLKINVX1
u_visitor/g1087                0.0004318   0.0001676   0.0006264   2.704e-05  MXI2XL
u_visitor/g1083                0.0004304   0.0001653   0.0006243   2.866e-05  OA21XL
u_door_lock/FE_RC_23_0         0.0004967   0.0001037   0.0006204   2.004e-05  NOR2BX1
u_burglar/g700                 0.0004137   0.0001755   0.0006163   2.704e-05  MXI2XL
u_door_lock/g2244              0.0004236   0.0001783   0.0006142   1.236e-05  NOR2XL
u_door_lock/g2252              0.0004671   0.0001349   0.0006142    1.22e-05  AOI21XL
u_door_lock/g2269              0.0004897   0.0001107   0.0006134   1.299e-05  OAI21X1
u_door_lock/g2270              0.0004576   0.0001399   0.0006097    1.22e-05  AOI21XL
u_lum_ctrl/g98                 0.0002598   0.0003353   0.0006081   1.301e-05  INVX1
u_door_lock/g2296              0.0002739   0.0003209   0.0006078   1.301e-05  INVX1
u_temp_ctrl/g1670              0.0002833   0.0003114   0.0006077   1.301e-05  INVX1
u_temp_ctrl/g1678              0.0002949   0.0002981   0.0006061   1.301e-05  INVX1
u_burglar/g690                 0.0004026   0.0001764    0.000606   2.704e-05  MXI2XL
u_door_lock/g2239              0.0004322   0.0001588   0.0006033   1.236e-05  NOR2XL
u_visitor/g1088                0.0004234   0.0001507   0.0006011   2.704e-05  MXI2XL
u_door_lock/g2256              0.0004088   0.0001789      0.0006   1.236e-05  NOR2XL
u_door_lock/g2234              0.0004347   0.0001502   0.0005973   1.236e-05  NOR2XL
u_door_lock/g2242              0.0004727   0.0001118   0.0005967    1.22e-05  AOI21XL
u_burglar/g697                  0.000393   0.0001834   0.0005955    1.92e-05  OAI2BB1XL
u_door_lock/g2231               0.000434   0.0001491   0.0005955   1.236e-05  NOR2XL
u_visitor/g1098                0.0002748   0.0003057   0.0005945   1.403e-05  NAND2X1
u_door_lock/g2237              0.0004626   0.0001187   0.0005936    1.22e-05  AOI21XL
u_door_lock/g2229              0.0004227   0.0001556   0.0005907   1.236e-05  NOR2XL
u_door_lock/g2295              0.0003199   0.0002484   0.0005813   1.301e-05  CLKINVX1
u_door_lock/g2262              0.0004142   0.0001478   0.0005743   1.236e-05  NOR2XL
u_burglar/g720                 0.0002746    0.000281   0.0005686   1.301e-05  CLKINVX1
u_visitor/g1066                0.0003763   0.0001637   0.0005671   2.704e-05  MXI2XL
u_door_lock/g2279                0.00035   0.0002019   0.0005649   1.301e-05  INVX1
u_visitor/g1105                0.0002593   0.0002894   0.0005617   1.301e-05  INVX1
u_temp_ctrl/FE_RC_15_0         0.0003499   0.0001931    0.000557   1.403e-05  NAND2X1
u_temp_ctrl/g1717              0.0003755   0.0001675   0.0005554   1.236e-05  NOR2XL
u_visitor/g1079                 0.000399   0.0001261   0.0005521   2.704e-05  MXI2XL
u_visitor/g1096                0.0002727   0.0002646   0.0005513   1.403e-05  NAND2X1
u_temp_ctrl/g1647              0.0002054   0.0003358   0.0005499   8.757e-06  INVXL
u_door_lock/g2259              0.0002834    0.000252   0.0005447   9.289e-06  NAND2XL
u_temp_ctrl/g1712              0.0002588    0.000269   0.0005408   1.301e-05  CLKINVX1
u_temp_ctrl/g1726              0.0002614   0.0002662   0.0005407   1.301e-05  CLKINVX1
u_temp_ctrl/FE_RC_17_0         0.0002606   0.0002653   0.0005389   1.301e-05  CLKINVX1
u_temp_ctrl/g1657              0.0003387   0.0001857   0.0005373   1.301e-05  INVX1
u_temp_ctrl/g1709              0.0002697   0.0002369   0.0005206   1.403e-05  NAND2X1
u_visitor/g1061                0.0002914   0.0001967   0.0005152   2.704e-05  MXI2XL
u_temp_ctrl/g1700              0.0003966   8.077e-05   0.0005054   2.802e-05  NAND2X2
u_visitor/g1099                0.0003784   0.0001127   0.0005035   1.236e-05  NOR2XL
g46                            0.0002808   0.0002054   0.0004992   1.301e-05  CLKINVX1
u_burglar/g715                 0.0003427   0.0001235   0.0004984   3.212e-05  NAND4X2
u_visitor/g1102                0.0002737   0.0002082   0.0004949   1.301e-05  CLKINVX1
u_lum_ctrl/g99                 0.0002588    0.000222   0.0004937   1.301e-05  INVX1
u_humidity/g206                0.0003677   0.0001079   0.0004897    1.41e-05  OAI211X1
u_visitor/g1049                0.0002244   0.0002536   0.0004875   9.525e-06  OAI31XL
u_burglar/g710                 0.0002292   0.0002139   0.0004857   4.256e-05  OR2X1
u_window/g365                  0.0002548   0.0001955   0.0004845   3.419e-05  NAND3BX1
u_visitor/g1050                0.0002956   0.0001589   0.0004816   2.704e-05  MXI2XL
u_lum_ctrl/g102                0.0002585    0.000206   0.0004775   1.301e-05  INVX1
u_visitor/g1052                0.0003528   0.0001053   0.0004721   1.402e-05  OAI31X1
u_temp_ctrl/g1728              0.0002587   0.0001969   0.0004685   1.301e-05  CLKINVX1
u_visitor/g1053                0.0003123   0.0001351   0.0004615    1.41e-05  OAI211X1
g73                            0.0002706   0.0001713   0.0004549   1.301e-05  CLKINVX1
u_door_lock/g2274              0.0002214   0.0002214   0.0004515   8.757e-06  INVXL
u_burglar/g688                 0.0002233   0.0002187   0.0004513   9.289e-06  NAND2XL
u_door_lock/g2265              0.0002332   0.0002085   0.0004504   8.757e-06  INVXL
u_burglar/g709                 0.0002788   0.0001582   0.0004494   1.236e-05  NOR2XL
u_door_lock/g2240              0.0002904   5.244e-05   0.0004429   0.0001001  NAND2BX4
u_door_lock/g2230              0.0003208   0.0001098   0.0004428    1.22e-05  AOI21XL
u_door_lock/g2268              0.0003723   4.423e-05   0.0004364   1.995e-05  AOI211X1
g47                            0.0002851   0.0001342   0.0004323   1.301e-05  CLKINVX1
u_burglar/g702                 0.0002405   0.0001351   0.0004305    5.48e-05  NAND2BX2
u_door_lock/g2283              0.0002644   0.0001286    0.000428   3.499e-05  NAND2BX1
u_window/g368                  0.0002565   0.0001339   0.0004253   3.499e-05  NAND2BX1
u_visitor/g1069                0.0002076   0.0002025   0.0004194   9.289e-06  NAND2XL
u_door_lock/g2300              0.0002679   0.0001165   0.0004193   3.499e-05  NAND2BX1
u_door_lock/g2245              0.0002393   0.0001251   0.0004191    5.48e-05  NAND2BX2
u_temp_ctrl/g1719              0.0001683   0.0002416   0.0004187   8.757e-06  INVXL
u_visitor/g1067                0.0002071   0.0001992   0.0004156   9.289e-06  NAND2XL
u_temp_ctrl/g1692              0.0002998   8.606e-05   0.0004062   2.034e-05  NOR3X1
u_visitor/g2                    0.000271      0.0001    0.000406   3.499e-05  NAND2BX1
g48                             0.000288   0.0001043   0.0004053   1.301e-05  CLKINVX1
u_temp_ctrl/g1683              0.0001948   0.0001968   0.0004009   9.289e-06  NAND2XL
u_burglar/g695                 0.0002724   0.0001147   0.0003958   8.728e-06  OAI21XL
g70                            0.0002815   8.883e-05   0.0003833   1.301e-05  CLKINVX1
u_door_lock/g2258              0.0001991   0.0001484   0.0003825   3.499e-05  NAND2BX1
u_door_lock/g2272              0.0002792   8.001e-05   0.0003716   1.236e-05  NOR2XL
g50                            0.0002952   5.753e-05   0.0003658   1.301e-05  CLKINVX1
g51                            0.0002961    5.15e-05   0.0003606   1.301e-05  CLKINVX1
u_temp_ctrl/g1713              0.0001846   0.0001624   0.0003558   8.757e-06  INVXL
u_temp_ctrl/g1706              0.0001797   0.0001333   0.0003481   3.499e-05  NAND2BX1
g72                            0.0002758   5.878e-05   0.0003476   1.301e-05  CLKINVX1
g75                            0.0002847   4.902e-05   0.0003467   1.301e-05  CLKINVX1
g45                            0.0002924   4.108e-05   0.0003465   1.301e-05  CLKINVX1
u_door_lock/g2298              0.0001732   0.0001589   0.0003409   8.757e-06  INVXL
g49                            0.0002982   2.912e-05   0.0003403   1.301e-05  CLKINVX1
u_visitor/g1081                0.0001401   0.0001825   0.0003366   1.403e-05  NAND2X1
g77                            0.0002956    2.73e-05   0.0003359   1.301e-05  CLKINVX1
u_temp_ctrl/g1725              0.0001703   0.0001557   0.0003347   8.757e-06  INVXL
u_door_lock/g2287              0.0001745   0.0001505   0.0003343   9.289e-06  NAND2XL
g71                            0.0002886   3.226e-05   0.0003339   1.301e-05  CLKINVX1
u_window/g369                  0.0001632   0.0001408   0.0003328   2.877e-05  NAND2BXL
u_humidity/g204                0.0001689   0.0001511   0.0003288   8.757e-06  INVXL
u_temp_ctrl/g1729              0.0001668   0.0001519   0.0003274   8.757e-06  INVXL
u_temp_ctrl/g1694              0.0001392   0.0001712   0.0003244   1.403e-05  NAND2X1
u_temp_ctrl/g1723              0.0001663   0.0001484   0.0003235   8.757e-06  INVXL
u_door_lock/g2285              0.0001192   0.0001747   0.0003217    2.78e-05  NAND4BXL
u_window/g373                  0.0001651   0.0001422   0.0003161   8.757e-06  INVXL
u_temp_ctrl/g1667              0.0002545   3.274e-05   0.0003082   2.093e-05  NOR4X1
u_burglar/g717                 0.0001749   0.0001003   0.0002845   9.289e-06  NAND2XL
u_temp_ctrl/g1660              0.0001377    0.000128    0.000275   9.289e-06  NAND2XL
u_visitor/g1091                0.0001358   0.0001296   0.0002747   9.289e-06  NAND2XL
u_visitor/g1068                0.0001797   7.178e-05   0.0002697   1.816e-05  NOR2X1
u_burglar/g705                  3.97e-05   0.0002146   0.0002673   1.301e-05  CLKINVX1
u_door_lock/g2257              0.0001847   5.716e-05   0.0002542   1.236e-05  NOR2XL
u_visitor/g1086                8.835e-05   0.0001457   0.0002481   1.403e-05  NAND2X1
u_burglar/FE_OFC0_n_6          0.0001346   9.122e-05   0.0002388   1.301e-05  INVX1
u_visitor/g1077                0.0001078   9.115e-05   0.0002171   1.816e-05  NOR2X1
u_burglar/g701                 0.0001158   4.885e-05    0.000177   1.236e-05  NOR2XL
u_burglar/g689                 7.741e-05   5.611e-05   0.0001685   3.499e-05  NAND2BX1
u_burglar/g713                 9.357e-05   6.062e-05   0.0001683    1.41e-05  OAI211X1
u_door_lock/g2243              0.0001155    3.22e-05   0.0001601   1.236e-05  NOR2XL
u_temp_ctrl/g1739              0.0001146   1.673e-05   0.0001531   2.186e-05  NOR3BX1
u_visitor/g1057                3.394e-05    9.18e-05    0.000135   9.289e-06  NAND2XL
u_burglar/g692                 4.785e-05   3.104e-05   0.0001131   3.419e-05  NAND3BX1
u_temp_ctrl/g1685              5.831e-05   4.443e-05   0.0001127    9.93e-06  NAND3XL
u_burglar/g707                 5.439e-05    3.99e-05   0.0001067   1.236e-05  NOR2XL
u_temp_ctrl/g1665              6.243e-05   2.799e-05   0.0001065   1.612e-05  NAND4X1
u_door_lock/g2238              6.924e-05   1.877e-05   0.0001004   1.236e-05  NOR2XL
u_door_lock/g2235              4.859e-05   3.545e-05   9.706e-05   1.301e-05  CLKINVX1
u_temp_ctrl/g1697_dup          3.205e-05   3.463e-05   7.597e-05   9.289e-06  NAND2XL
u_temp_ctrl/g1697              3.202e-05   3.207e-05   7.338e-05   9.289e-06  NAND2XL
u_burglar/g678                 4.037e-05   1.663e-05   6.935e-05   1.236e-05  NOR2XL
u_visitor/g1082                1.729e-05   2.266e-05   5.398e-05   1.403e-05  NAND2X1
u_visitor/g1064                2.019e-05    1.67e-05   4.618e-05   9.289e-06  NAND2XL
u_burglar/g684                 2.316e-05   1.049e-05   4.601e-05   1.236e-05  NOR2XL
u_burglar/g703                 2.351e-05   5.939e-06   4.181e-05   1.236e-05  NOR2XL

---------------------------------------------------------------------------------------

Total (    469 of    469  )        2.619      0.4211      3.076     0.03594
Total Capacitance                5.578e-12 F
Power Density                   *** No Die Area ***
