###############################################################
#  Generated by:      Cadence Innovus 20.10-p004_1
#  OS:                Linux x86_64(Host ID edatools-server2.iiitd.edu.in)
#  Generated on:      Tue Nov 18 23:55:11 2025
#  Design:            HA
#  Command:           checkDesign -netlist
###############################################################
Design: HA

------ Design Summary:
Total Standard Cell Number   (cells) : 446
Total Block Cell Number      (cells) : 0
Total I/O Pad Cell Number    (cells) : 0
Total Standard Cell Area     ( um^2) : 6074.88
Total Block Cell Area        ( um^2) : 0.00
Total I/O Pad Cell Area      ( um^2) : 0.00

------ Design Statistics:

Number of Instances            : 446
Number of Non-uniquified Insts : 429
Number of Nets                 : 528
Average number of Pins per Net : 3.88
Maximum number of Pins in Net  : 159

------ I/O Port summary

Number of Primary I/O Ports    : 113
Number of Input Ports          : 66
Number of Output Ports         : 47
Number of Bidirectional Ports  : 0
Number of Power/Ground Ports   : 0



------------------------------------------------------------
Detail report:


------ I/O Pad/Port Checking

WARN : Port test_mode is floating in the top design.

------ Primitive Pins DRC Checking


------ Primitive Net DRC Check

WARNING : Net u_door_lock/timeout_counter[7] has no FanOut pin
WARNING : Net u_burglar/delay_counter[8] has no FanOut pin
WARNING : Net humidity_sensor_r[1] has no FanOut pin
WARNING : Net test_mode has no FanOut pin
WARNING : Net scan_en has 158 fanout
WARNING : Net rst_n has 158 fanout
WARNING : Net clk has 158 fanout

