*----------------------------------------------------------------------------------------
*	Innovus 20.10-p004_1 (64bit) 05/07/2020 20:02 (Linux 2.6.32-431.11.2.el6.x86_64)
*	
*
* 	Date & Time:	2025-Nov-19 00:04:10 (2025-Nov-18 18:34:10 GMT)
*
*----------------------------------------------------------------------------------------
*
*	Design: HA
*
*	Liberty Libraries used: 
*	        view1: /home/drashi25114/Desktop/cmos65/90nm/Physical_design/cts/cts_0.8/slow.lib
*
*	Power Domain used: 
*              Rail:        VDD      Voltage:        0.9 
*
*       Power View : view1
*
*       User-Defined Activity : N.A.
*
*       Activity File: N.A.
*
*       Hierarchical Global Activity: N.A.
*
*       Global Activity: N.A.
*
*       Sequential Element Activity: 0.200000
*
*       Primary Input Activity: 0.200000
*
*       Default icg ratio: N.A.
*
*       Global Comb ClockGate Ratio: N.A.
*
*	Power Units = 1mW
*
*	Time Units = 1e-09 secs 
*
*       Temperature = 125 
*
*       report_power -outfile cts_reports/ctsafteranalysis.rpt -rail_analysis_format VS
*
-----------------------------------------------------------------------------------------
Cell                            Internal   Switching       Total     Leakage   Cell
                                   Power       Power       Power       Power   Name
--------------------------------------------------------------------------------------
CTS_ccl_a_buf_00006              0.07976     0.08821      0.1682   0.0001864  CLKBUFX16
CTS_ccl_a_buf_00004              0.07975     0.08759      0.1675   0.0001864  CLKBUFX16
FE_OFC4_rst_n                   0.001582     0.02049     0.02215   7.504e-05  CLKBUFX4
led_brightness_r_reg[0]          0.01976   0.0002886     0.02035   0.0003009  SDFFRHQX8
window_state_r_reg[0]            0.01938   0.0005358     0.02021   0.0003009  SDFFRHQX8
window_state_r_reg[1]            0.01939   0.0004812     0.02017   0.0003009  SDFFRHQX8
water_valve_close_r_reg           0.0194   0.0004138     0.02011   0.0003009  SDFFRHQX8
visitor_count_r_reg[3]           0.01949   0.0003046      0.0201   0.0003009  SDFFRHQX8
dehumidifier_on_r_reg            0.01941    0.000366     0.02008   0.0003009  SDFFRHQX8
humidifier_on_r_reg              0.01943   0.0003519     0.02008   0.0003009  SDFFRHQX8
music_on_r_reg                   0.01941   0.0003616     0.02007   0.0003009  SDFFRHQX8
FE_OFC5_scan_en                 0.001583     0.01841     0.02006   7.504e-05  CLKBUFX4
led_brightness_r_reg[4]          0.01948   0.0002804     0.02006   0.0003009  SDFFRHQX8
led_brightness_r_reg[2]          0.01948   0.0002788     0.02006   0.0003009  SDFFRHQX8
visitor_count_r_reg[2]           0.01948   0.0002751     0.02006   0.0003009  SDFFRHQX8
visitor_count_r_reg[0]           0.01948   0.0002735     0.02005   0.0003009  SDFFRHQX8
tv_on_r_reg                      0.01942   0.0003336     0.02005   0.0003009  SDFFRHQX8
led_brightness_r_reg[6]          0.01948   0.0002617     0.02005   0.0003009  SDFFRHQX8
led_brightness_r_reg[7]          0.01949   0.0002469     0.02003   0.0003009  SDFFRHQX8
volume_level_r_reg[0]            0.01943   0.0003049     0.02003   0.0003009  SDFFRHQX8
volume_level_r_reg[2]            0.01943   0.0002979     0.02003   0.0003009  SDFFRHQX8
led_brightness_r_reg[5]          0.01949   0.0002221     0.02001   0.0003009  SDFFRHQX8
visitor_count_r_reg[7]           0.01943   0.0002785     0.02001   0.0003009  SDFFRHQX8
visitor_count_r_reg[5]           0.01943   0.0002755     0.02001   0.0003009  SDFFRHQX8
led_brightness_r_reg[1]          0.01949   0.0002072        0.02   0.0003009  SDFFRHQX8
led_brightness_r_reg[3]           0.0195   0.0001986        0.02   0.0003009  SDFFRHQX8
volume_level_r_reg[1]            0.01944   0.0002301     0.01998   0.0003009  SDFFRHQX8
lock_status_r_reg[0]             0.01944    0.000231     0.01997   0.0003009  SDFFRHQX8
visitor_count_r_reg[6]           0.01945   0.0002212     0.01997   0.0003009  SDFFRHQX8
volume_level_r_reg[3]            0.01945   0.0002166     0.01996   0.0003009  SDFFRHQX8
visitor_count_r_reg[1]           0.01943   0.0002207     0.01995   0.0003009  SDFFRHQX8
lock_status_r_reg[1]             0.01945   0.0001945     0.01995   0.0003009  SDFFRHQX8
visitor_count_r_reg[4]           0.01946   0.0001794     0.01994   0.0003009  SDFFRHQX8
u_visitor/count_reg[5]           0.01685    0.001393     0.01846   0.0002171  SDFFRHQX4
u_visitor/count_reg[0]           0.01693    0.001133     0.01828   0.0002171  SDFFRHQX4
u_visitor/count_reg[1]           0.01697   0.0009609     0.01815   0.0002171  SDFFRHQX4
temp_setpoint_r_reg[4]           0.01632    0.001584     0.01812   0.0002171  SDFFRHQX4
temp_setpoint_r_reg[1]           0.01632    0.001319     0.01786   0.0002171  SDFFRHQX4
temp_sensor_r_reg[5]             0.01664    0.000963     0.01782   0.0002171  SDFFRHQX4
temp_setpoint_r_reg[5]           0.01632    0.001279     0.01782   0.0002171  SDFFRHQX4
window_auto_mode_r_reg           0.01664   0.0009215     0.01778   0.0002171  SDFFRHQX4
humidity_sensor_r_reg[1]         0.01664   0.0009029     0.01776   0.0002171  SDFFRHQX4
temp_sensor_r_reg[2]             0.01664   0.0008958     0.01775   0.0002171  SDFFRHQX4
temp_sensor_r_reg[3]             0.01664   0.0008545     0.01771   0.0002171  SDFFRHQX4
volume_cmd_r_reg[2]              0.01664   0.0008423      0.0177   0.0002171  SDFFRHQX4
entry_sensor_r_reg               0.01664   0.0008335     0.01769   0.0002171  SDFFRHQX4
volume_cmd_r_reg[3]              0.01664   0.0008154     0.01768   0.0002171  SDFFRHQX4
volume_cmd_r_reg[1]              0.01665   0.0007595     0.01763   0.0002171  SDFFRHQX4
temp_setpoint_r_reg[3]           0.01633    0.001066     0.01761   0.0002171  SDFFRHQX4
volume_cmd_r_reg[0]              0.01665   0.0007408     0.01761   0.0002171  SDFFRHQX4
temp_setpoint_r_reg[2]           0.01633    0.001055      0.0176   0.0002171  SDFFRHQX4
light_sensor_r_reg[6]            0.01665   0.0007312      0.0176   0.0002171  SDFFRHQX4
light_sensor_r_reg[2]            0.01668     0.00068     0.01758   0.0002171  SDFFRHQX4
temp_setpoint_r_reg[0]           0.01669    0.000672     0.01757   0.0002171  SDFFRHQX4
light_sensor_r_reg[1]            0.01668   0.0006763     0.01757   0.0002171  SDFFRHQX4
exit_sensor_r_reg                0.01665   0.0006769     0.01755   0.0002171  SDFFRHQX4
light_sensor_r_reg[5]            0.01665   0.0006752     0.01755   0.0002171  SDFFRHQX4
light_sensor_r_reg[7]            0.01665     0.00067     0.01754   0.0002171  SDFFRHQX4
light_sensor_r_reg[3]            0.01668   0.0006381     0.01754   0.0002171  SDFFRHQX4
light_sensor_r_reg[4]            0.01665   0.0006532     0.01753   0.0002171  SDFFRHQX4
temp_sensor_r_reg[4]             0.01666   0.0006502     0.01752   0.0002171  SDFFRHQX4
humidity_sensor_r_reg[7]         0.01666   0.0006361     0.01751   0.0002171  SDFFRHQX4
humidity_sensor_r_reg[3]         0.01666   0.0005364     0.01742   0.0002171  SDFFRHQX4
tv_on_cmd_r_reg                  0.01666   0.0005251     0.01741   0.0002171  SDFFRHQX4
music_on_cmd_r_reg               0.01666   0.0005096     0.01739   0.0002171  SDFFRHQX4
temp_setpoint_r_reg[6]           0.01634   0.0008276     0.01738   0.0002171  SDFFRHQX4
light_sensor_r_reg[0]            0.01669   0.0004692     0.01738   0.0002171  SDFFRHQX4
temp_sensor_r_reg[0]             0.01667    0.000487     0.01737   0.0002171  SDFFRHQX4
temp_sensor_r_reg[6]             0.01634   0.0008123     0.01737   0.0002171  SDFFRHQX4
humidity_sensor_r_reg[5]         0.01667   0.0004835     0.01737   0.0002171  SDFFRHQX4
door_lock_cmd_r_reg              0.01667   0.0004609     0.01734   0.0002171  SDFFRHQX4
window_manual_open_r_reg         0.01667   0.0004589     0.01734   0.0002171  SDFFRHQX4
temp_sensor_r_reg[7]             0.01634   0.0007795     0.01734   0.0002171  SDFFRHQX4
door_unlock_cmd_r_reg            0.01667   0.0004475     0.01733   0.0002171  SDFFRHQX4
window_manual_close_r_reg        0.01667   0.0004378     0.01732   0.0002171  SDFFRHQX4
ac_cmd_r_reg                      0.0167   0.0004068     0.01732   0.0002171  SDFFRHQX4
pin_input_r_reg[2]                0.0167    0.000397     0.01731   0.0002171  SDFFRHQX4
fan_cmd_r_reg                     0.0167   0.0003782      0.0173   0.0002171  SDFFRHQX4
door_sensor_r_reg                0.01667   0.0004021     0.01729   0.0002171  SDFFRHQX4
pin_input_r_reg[0]               0.01671   0.0003351     0.01726   0.0002171  SDFFRHQX4
alarm_arm_r_reg                  0.01668   0.0003591     0.01726   0.0002171  SDFFRHQX4
temp_sensor_r_reg[1]             0.01667   0.0003669     0.01726   0.0002171  SDFFRHQX4
light_cmd_r_reg                  0.01667   0.0003648     0.01726   0.0002171  SDFFRHQX4
temp_setpoint_r_reg[7]           0.01635   0.0006804     0.01724   0.0002171  SDFFRHQX4
humidity_sensor_r_reg[0]         0.01669    0.000325     0.01723   0.0002171  SDFFRHQX4
pin_input_r_reg[1]               0.01671   0.0002961     0.01723   0.0002171  SDFFRHQX4
window_sensor_r_reg              0.01668   0.0003299     0.01723   0.0002171  SDFFRHQX4
humidity_sensor_r_reg[2]         0.01668   0.0003233     0.01722   0.0002171  SDFFRHQX4
motion_sensor_r_reg              0.01668   0.0003172     0.01722   0.0002171  SDFFRHQX4
humidity_sensor_r_reg[6]         0.01669   0.0002893     0.01719   0.0002171  SDFFRHQX4
humidity_sensor_r_reg[4]         0.01669   0.0002888     0.01719   0.0002171  SDFFRHQX4
pin_input_r_reg[3]               0.01674   0.0002038     0.01716   0.0002171  SDFFRHQX4
water_level_r_reg[2]             0.01636    0.000456     0.01704   0.0002171  SDFFRHQX4
water_level_r_reg[3]             0.01636   0.0004514     0.01703   0.0002171  SDFFRHQX4
water_level_r_reg[0]             0.01637   0.0003609     0.01695   0.0002171  SDFFRHQX4
water_level_r_reg[1]             0.01638   0.0003142     0.01691   0.0002171  SDFFRHQX4
u_visitor/count_reg[3]           0.01447    0.001182     0.01583   0.0001737  SDFFRHQX2
u_visitor/count_reg[4]           0.01412   0.0009342     0.01522   0.0001737  SDFFRHQX2
u_visitor/count_reg[2]            0.0141   0.0008795     0.01516   0.0001737  SDFFRHQX2
u_door_lock/state_reg[1]         0.01362     0.00135     0.01513   0.0001526  SDFFRHQX1
u_door_lock/state_reg[0]         0.01354    0.001185     0.01487   0.0001526  SDFFRHQX1
u_window/window_state_reg[0]     0.01387     0.00081     0.01483   0.0001526  SDFFRHQX1
u_window/window_state_reg[1]      0.0138   0.0008189     0.01478   0.0001526  SDFFRHQX1
u_door_lock/attempt_counter_reg[0]     0.0138   0.0007336     0.01469   0.0001526  SDFFRHQX1
u_visitor/count_reg[7]           0.01358   0.0008532     0.01461   0.0001737  SDFFRHQX2
u_burglar/delay_counter_reg[4]    0.01356   0.0007647     0.01447   0.0001526  SDFFRHQX1
u_visitor/count_reg[6]           0.01402   0.0002641     0.01446   0.0001737  SDFFRHQX2
u_burglar/delay_counter_reg[3]    0.01354   0.0007007     0.01439   0.0001526  SDFFRHQX1
u_door_lock/attempt_counter_reg[1]    0.01347   0.0007591     0.01438   0.0001526  SDFFRHQX1
u_burglar/delay_counter_reg[1]    0.01353   0.0006862     0.01437   0.0001526  SDFFRHQX1
u_entertainment/volume_level_reg[2]    0.01348   0.0007341     0.01435   0.0001436  SDFFSHQX1
u_burglar/delay_counter_reg[2]    0.01353   0.0006518     0.01434   0.0001526  SDFFRHQX1
u_entertainment/volume_level_reg[0]    0.01348   0.0006464     0.01427   0.0001436  SDFFSHQX1
FE_OFC3_rst_n                   0.001212     0.01297     0.01424   6.202e-05  CLKBUFX3
u_burglar/alarm_out_reg          0.01348   0.0006104     0.01424   0.0001526  SDFFRHQX1
u_burglar/delay_counter_reg[7]    0.01351   0.0005737     0.01423   0.0001526  SDFFRHQX1
u_burglar/delay_counter_reg[0]    0.01345   0.0006145     0.01422   0.0001526  SDFFRHQX1
u_door_lock/attempt_counter_reg[2]    0.01347    0.000513     0.01414   0.0001526  SDFFRHQX1
u_burglar/delay_counter_reg[5]    0.01323   0.0007204      0.0141   0.0001526  SDFFRHQX1
u_burglar/delay_counter_reg[6]    0.01317   0.0007654     0.01409   0.0001526  SDFFRHQX1
u_water_ctrl/pump_on_reg         0.01346   0.0004465     0.01406   0.0001526  SDFFRHQX1
u_burglar/delay_counter_reg[8]    0.01349   0.0003904     0.01404   0.0001526  SDFFRHQX1
u_lum_ctrl/led_brightness_reg[6]     0.0133   0.0005615     0.01402   0.0001526  SDFFRHQX1
u_door_lock/timeout_counter_reg[5]    0.01303   0.0007993     0.01398   0.0001526  SDFFRHQX1
u_door_lock/timeout_counter_reg[1]    0.01305   0.0007765     0.01397   0.0001526  SDFFRHQX1
u_door_lock/timeout_counter_reg[6]    0.01302    0.000768     0.01394   0.0001526  SDFFRHQX1
u_lum_ctrl/led_brightness_reg[0]     0.0133   0.0004654     0.01392   0.0001526  SDFFRHQX1
u_entertainment/volume_level_reg[1]    0.01318   0.0005767     0.01391   0.0001526  SDFFRHQX1
u_lum_ctrl/led_brightness_reg[5]     0.0133   0.0004141     0.01387   0.0001526  SDFFRHQX1
u_lum_ctrl/led_brightness_reg[4]     0.0133   0.0004106     0.01387   0.0001526  SDFFRHQX1
u_door_lock/timeout_counter_reg[4]    0.01303     0.00067     0.01385   0.0001526  SDFFRHQX1
u_water_ctrl/valve_close_reg     0.01334    0.000344     0.01383   0.0001526  SDFFRHQX1
u_lum_ctrl/led_brightness_reg[2]     0.0133   0.0003696     0.01383   0.0001526  SDFFRHQX1
u_lum_ctrl/led_brightness_reg[1]    0.01331    0.000338      0.0138   0.0001526  SDFFRHQX1
u_door_lock/timeout_counter_reg[7]    0.01299   0.0006485      0.0138   0.0001526  SDFFRHQX1
u_entertainment/volume_level_reg[3]    0.01319   0.0004569     0.01379   0.0001526  SDFFRHQX1
u_door_lock/timeout_counter_reg[2]    0.01299   0.0006446     0.01379   0.0001526  SDFFRHQX1
u_door_lock/timeout_counter_reg[3]      0.013   0.0006189     0.01377   0.0001526  SDFFRHQX1
u_humidity/dehumidifier_on_reg    0.01328   0.0003314     0.01377   0.0001526  SDFFRHQX1
u_appliances/lights_on_reg        0.0133   0.0003029     0.01375   0.0001526  SDFFRHQX1
u_appliances/fan_on_reg           0.0133   0.0002889     0.01375   0.0001526  SDFFRHQX1
u_door_lock/timeout_counter_reg[0]    0.01297   0.0006197     0.01374   0.0001526  SDFFRHQX1
u_appliances/ac_on_reg            0.0133   0.0002697     0.01373   0.0001526  SDFFRHQX1
u_humidity/humidifier_on_reg     0.01292   0.0005364     0.01361   0.0001526  SDFFRHQX1
u_lum_ctrl/led_brightness_reg[7]    0.01296   0.0004955     0.01361   0.0001526  SDFFRHQX1
u_door_lock/lock_status_reg[1]    0.01298   0.0004339     0.01357   0.0001526  SDFFRHQX1
u_visitor/exit_prev_reg          0.01296   0.0003837     0.01349   0.0001526  SDFFRHQX1
u_entertainment/tv_on_reg        0.01296   0.0003793     0.01349   0.0001526  SDFFRHQX1
u_lum_ctrl/led_brightness_reg[3]    0.01296   0.0003787     0.01349   0.0001526  SDFFRHQX1
u_door_lock/lock_status_reg[0]    0.01298   0.0003583     0.01349   0.0001526  SDFFRHQX1
u_entertainment/music_on_reg     0.01296   0.0003073     0.01342   0.0001526  SDFFRHQX1
u_visitor/entry_prev_reg         0.01296   0.0002719     0.01338   0.0001526  SDFFRHQX1
u_door_lock/door_locked_reg      0.01296   0.0001887      0.0133   0.0001526  SDFFRHQX1
u_temp_ctrl/cooler_on_reg        0.01257   0.0005686     0.01329   0.0001524  SDFFRXL
lights_on_r_reg                  0.01191    0.001098     0.01317   0.0001667  SDFFRX1
fan_on_r_reg                     0.01192    0.001015      0.0131   0.0001667  SDFFRX1
ac_on_r_reg                      0.01192   0.0009182     0.01301   0.0001667  SDFFRX1
u_temp_ctrl/heater_on_reg        0.01226   0.0005624     0.01297   0.0001524  SDFFRXL
cooler_on_r_reg                  0.01192   0.0007858     0.01287   0.0001667  SDFFRX1
heater_on_r_reg                  0.01163   0.0007678     0.01256   0.0001667  SDFFRX1
door_locked_r_reg                0.01162    0.000764     0.01255   0.0001667  SDFFRX1
water_pump_on_r_reg              0.01162   0.0007505     0.01254   0.0001667  SDFFRX1
burglar_alarm_out_r_reg          0.01162   0.0006721     0.01246   0.0001667  SDFFRX1
FE_OFC6_scan_en                0.0009865    0.002765    0.003793   4.129e-05  BUFX2
u_temp_ctrl/g1707               0.001867   0.0008218     0.00285   0.0001614  CLKAND2X6
u_temp_ctrl/g1740               0.001647    0.001036    0.002721   3.838e-05  NOR2BX2
u_temp_ctrl/g1636               0.001383      0.0012     0.00261   2.802e-05  NAND2X2
u_temp_ctrl/g1633               0.001662   0.0008637    0.002556   3.011e-05  NAND3X2
u_temp_ctrl/FE_RC_11_0          0.001297    0.001214    0.002542   3.011e-05  NAND3X2
u_visitor/g1075                 0.001512   0.0009112     0.00246   3.607e-05  NOR2X2
u_temp_ctrl/g1643               0.001899   0.0003971    0.002316   1.995e-05  AOI211X1
u_temp_ctrl/g1695               0.001722   0.0004466    0.002206   3.753e-05  AOI2BB1X2
u_door_lock/g2264              0.0005733    0.001496    0.002082   1.299e-05  OAI21X1
u_visitor/g1080                0.0007569    0.001174    0.001984    5.32e-05  NAND3BX2
u_burglar/g706                 0.0003659    0.001572     0.00195   1.301e-05  CLKINVX1
u_temp_ctrl/FE_RC_8_0           0.001315   0.0005838    0.001934   3.595e-05  AOI2BB2X1
u_temp_ctrl/g1718               0.001069   0.0007814    0.001906   5.601e-05  NAND2X4
u_visitor/g1101                 0.001169   0.0005282    0.001733   3.607e-05  NOR2X2
u_temp_ctrl/FE_RC_0_0           0.001187   0.0004583    0.001682   3.634e-05  AOI22X2
u_temp_ctrl/g1631               0.001219   0.0003996    0.001631   1.299e-05  OAI21X1
u_temp_ctrl/g1641               0.001083   0.0004876    0.001589   1.815e-05  AOI21X1
u_temp_ctrl/g1710               0.001168   0.0003609    0.001565   3.607e-05  NOR2X2
u_burglar/g2                   0.0007963   0.0006845    0.001501   2.004e-05  NOR2BX1
u_temp_ctrl/g1653               0.001125   0.0002954    0.001438   1.816e-05  NOR2X1
u_temp_ctrl/g1630               0.001062   0.0003542    0.001429   1.299e-05  OAI21X1
u_visitor/g1073                0.0006614   0.0007322     0.00142   2.599e-05  CLKINVX2
u_door_lock/g2271               0.001092    0.000275    0.001385   1.787e-05  OAI32X1
u_temp_ctrl/g1654               0.001129   0.0002082    0.001355   1.787e-05  OAI32X1
u_temp_ctrl/g1644              0.0008229   0.0004885     0.00133   1.815e-05  AOI21X1
u_water_ctrl/g81                0.000877   0.0004271    0.001324   1.995e-05  AOI211X1
u_temp_ctrl/g1738              0.0008242   0.0004085    0.001305   7.254e-05  CLKXOR2X1
u_visitor/FE_OFC1_visitor_count_int_6  0.0005032   0.0007729    0.001302   2.599e-05  INVX2
u_humidity/g202                0.0004346    0.000847    0.001294    1.22e-05  AOI21XL
u_visitor/g1090                0.0008653   0.0003922    0.001294   3.607e-05  NOR2X2
u_temp_ctrl/g1664              0.0007165   0.0005576    0.001292   1.815e-05  AOI21X1
u_door_lock/g2286              0.0008568   0.0003989    0.001287   3.144e-05  AOI2BB1X1
u_visitor/g1084                0.0008392    0.000428    0.001287   1.995e-05  AOI211X1
u_temp_ctrl/g1642              0.0008176   0.0004463    0.001282   1.815e-05  AOI21X1
u_temp_ctrl/g1640              0.0008194   0.0004412    0.001278   1.789e-05  AOI31X1
u_temp_ctrl/g1743              0.0008043   0.0004157    0.001233   1.299e-05  OAI21X1
u_door_lock/g2254              0.0009571   0.0002446     0.00122   1.791e-05  OAI22X1
u_temp_ctrl/g1663               0.000737   0.0004609    0.001216   1.815e-05  AOI21X1
u_visitor/g1078                0.0005736   0.0005988    0.001198   2.599e-05  CLKINVX2
u_temp_ctrl/g1691              0.0007378   0.0004401    0.001196   1.815e-05  AOI21X1
u_visitor/g1100                0.0005325   0.0006308    0.001191   2.802e-05  NAND2X2
u_visitor/g1103                0.0005096    0.000653    0.001189   2.599e-05  CLKINVX2
u_water_ctrl/g2                0.0008847   0.0002463    0.001185   5.418e-05  MX2X1
u_water_ctrl/g79               0.0006963   0.0004699    0.001184   1.815e-05  AOI21X1
u_window/g360                  0.0008505   0.0002655    0.001159   4.309e-05  AO22X1
u_temp_ctrl/g1689              0.0005352   0.0005707    0.001119   1.299e-05  OAI21X1
u_door_lock/g2276              0.0006586   0.0004207    0.001097   1.789e-05  AOI31X1
u_burglar/g3                   0.0008548   0.0001653    0.001093   7.254e-05  CLKXOR2X1
u_entertainment/g48            0.0006871   0.0003841    0.001092   2.093e-05  NOR4X1
u_temp_ctrl/g1674              0.0008071   0.0002395    0.001065   1.851e-05  AOI32X1
u_door_lock/g2253              0.0007773    0.000243    0.001063   4.264e-05  AO21X1
u_visitor/g1072                0.0002831   0.0007535    0.001051   1.403e-05  NAND2X1
u_temp_ctrl/g1684              0.0006711   0.0003574    0.001047   1.815e-05  AOI21X1
u_window/g366                  0.0006532   0.0003598    0.001031   1.789e-05  AOI31X1
u_visitor/g1062                0.0006424   0.0003676    0.001022   1.224e-05  OAI222XL
u_temp_ctrl/g1635              0.0006714   0.0003354     0.00102   1.301e-05  INVX1
u_temp_ctrl/g1632              0.0006533   0.0003476    0.001015   1.403e-05  NAND2X1
u_temp_ctrl/g1662              0.0007454   0.0002554    0.001014   1.314e-05  OAI221X1
u_temp_ctrl/g1744              0.0006347   0.0003035    0.001001   6.308e-05  XNOR2XL
u_humidity/g203                0.0004603   0.0005185   0.0009969   1.815e-05  AOI21X1
u_temp_ctrl/g1714               0.000506   0.0004574   0.0009894   2.599e-05  CLKINVX2
u_entertainment/g46             0.000696   0.0002378    0.000988   5.418e-05  MX2X1
u_door_lock/g2280              0.0005642   0.0003869   0.0009724   2.127e-05  OAI2BB1X1
u_temp_ctrl/g1637              0.0004635   0.0004943   0.0009718   1.403e-05  NAND2X1
u_temp_ctrl/g1680              0.0006952   0.0002499    0.000963   1.789e-05  AOI31X1
u_entertainment/g47            0.0006971   0.0002073   0.0009586   5.418e-05  MX2X1
u_door_lock/g2266              0.0007902   0.0001498   0.0009585   1.851e-05  AOI32X1
u_temp_ctrl/g1711              0.0005862   0.0003515   0.0009558   1.816e-05  NOR2X1
u_window/g371                   0.000727   0.0002037   0.0009511   2.034e-05  NOR3X1
u_visitor/g1059                0.0005878   0.0003466   0.0009485    1.41e-05  OAI211X1
u_burglar/g711                 0.0005586   0.0003747   0.0009473   1.402e-05  OAI31X1
u_visitor/FE_OFC2_visitor_count_int_6  0.0002622   0.0006697   0.0009449   1.301e-05  CLKINVX1
u_entertainment/g45             0.000698   0.0001887   0.0009409   5.418e-05  MX2X1
u_temp_ctrl/g1724              0.0005054   0.0004087   0.0009401   2.599e-05  CLKINVX2
u_temp_ctrl/g1668              0.0007191   0.0001986   0.0009378   2.004e-05  NOR2BX1
u_door_lock/g2299              0.0002873   0.0006358   0.0009361   1.301e-05  CLKINVX1
u_visitor/g1074                0.0007165   0.0002014    0.000936   1.815e-05  AOI21X1
u_entertainment/g44            0.0006983   0.0001823   0.0009348   5.418e-05  MX2X1
u_temp_ctrl/FE_RC_21_0         0.0007272   0.0001851   0.0009326   2.034e-05  NOR3X1
u_temp_ctrl/g1675              0.0006221   0.0002902   0.0009305   1.816e-05  NOR2X1
u_temp_ctrl/g1703              0.0003781   0.0005221   0.0009261   2.599e-05  CLKINVX2
u_temp_ctrl/g1650               0.000578   0.0003349   0.0009259   1.299e-05  OAI21X1
u_visitor/g1054                0.0006401   0.0002683   0.0009206   1.224e-05  OAI222XL
u_window/g367                  0.0007802   0.0001188   0.0009189   1.995e-05  AOI211X1
u_window/g363                  0.0006723   0.0002335   0.0009188   1.299e-05  OAI21X1
u_burglar/g681                 0.0006874   0.0002103   0.0009156   1.791e-05  OAI22X1
u_burglar/g698                 0.0007382   0.0001574   0.0009137   1.815e-05  AOI21X1
u_burglar/g691                 0.0006875   0.0001957   0.0009011   1.791e-05  OAI22X1
u_burglar/g699                 0.0006718   0.0001854   0.0009003   4.309e-05  AO22X1
u_temp_ctrl/g1671              0.0006038   0.0002809   0.0008977   1.299e-05  OAI21X1
u_visitor/g1048                0.0005494   0.0003331   0.0008966    1.41e-05  OAI211X1
u_visitor/g1063                0.0006415   0.0002381   0.0008919   1.224e-05  OAI222XL
u_door_lock/g2275              0.0006608   0.0002118   0.0008905   1.789e-05  AOI31X1
u_visitor/FE_RC_4_0            0.0005487   0.0003219   0.0008847    1.41e-05  OAI211X1
u_water_ctrl/g77               0.0005318   0.0003371   0.0008812   1.236e-05  NOR2XL
u_visitor/g1110                0.0004527   0.0003929   0.0008805   3.499e-05  NAND2BX1
u_window/g370                  0.0006512   0.0002043   0.0008736   1.815e-05  AOI21X1
u_burglar/g716                 0.0006524   0.0001499   0.0008705   6.826e-05  XOR2XL
u_visitor/g1076                0.0007272   0.0001147     0.00086   1.815e-05  AOI21X1
u_burglar/g676                  0.000672   0.0001689   0.0008591   1.815e-05  AOI21X1
u_door_lock/g2281              0.0006327   0.0002075   0.0008587   1.851e-05  AOI32X1
u_temp_ctrl/g1638              0.0004176    0.000427   0.0008586   1.403e-05  NAND2X1
u_door_lock/FE_RC_17_0         0.0005502   0.0002534   0.0008584    5.48e-05  NAND2BX2
u_temp_ctrl/g1715              0.0005322   0.0002936   0.0008539   2.802e-05  NAND2X2
u_temp_ctrl/g1651              0.0006538   0.0001794   0.0008513   1.816e-05  NOR2X1
u_door_lock/g2297              0.0002664   0.0005705   0.0008499   1.301e-05  CLKINVX1
u_burglar/g721                 0.0006154   0.0002188   0.0008473   1.299e-05  OAI21X1
u_temp_ctrl/FE_RC_20_0         0.0006442   0.0001712   0.0008434   2.802e-05  NAND2X2
u_door_lock/g2277              0.0003304   0.0004761   0.0008406   3.419e-05  NAND3BX1
u_burglar/g671                 0.0005916   0.0002197   0.0008242   1.299e-05  OAI21X1
u_temp_ctrl/g1659               0.000573   0.0002259   0.0008202   2.127e-05  OAI2BB1X1
u_visitor/g1092                0.0006878   0.0001113     0.00082   2.093e-05  NOR4X1
u_temp_ctrl/g1717              0.0003761   0.0004303   0.0008188   1.236e-05  NOR2XL
u_temp_ctrl/g1655              0.0004548   0.0003286   0.0008184   3.499e-05  NAND2BX1
u_visitor/g1065                0.0005117   0.0002753    0.000814   2.704e-05  MXI2XL
u_burglar/g680                 0.0006417   0.0001526   0.0008125   1.815e-05  AOI21X1
u_door_lock/g2284              0.0006529   9.381e-05   0.0008098   6.308e-05  XNOR2XL
u_burglar/g685                 0.0006066   0.0001889   0.0008085   1.299e-05  OAI21X1
u_visitor/g1109                0.0002667   0.0005246   0.0008043   1.301e-05  CLKINVX1
u_temp_ctrl/g1679              0.0006614   0.0001165   0.0007919   1.402e-05  OAI31X1
u_burglar/g675                 0.0005831   0.0001857   0.0007818   1.299e-05  OAI21X1
u_temp_ctrl/FE_RC_16_0         0.0006673   8.828e-05   0.0007756   2.004e-05  NOR2BX1
u_visitor/FE_RC_5_0            0.0005449   0.0001783   0.0007658   4.256e-05  OR2X1
u_temp_ctrl/g1672              0.0005314   0.0002216   0.0007652    1.22e-05  AOI21XL
u_door_lock/g2267              0.0004617    0.000277   0.0007517   1.299e-05  OAI21X1
u_burglar/g718                 0.0002756    0.000447   0.0007367   1.403e-05  NAND2X1
u_temp_ctrl/FE_RC_19_0         0.0004788   0.0002215   0.0007352   3.499e-05  NAND2BX1
u_temp_ctrl/g1721              0.0002622    0.000455   0.0007302   1.301e-05  CLKINVX1
u_temp_ctrl/g1649              0.0004513   0.0002636   0.0007237   8.728e-06  OAI21XL
u_temp_ctrl/g1736              0.0005227   0.0001799   0.0007193   1.662e-05  NOR2BXL
u_window/g364                  0.0005844   0.0001123   0.0007134   1.662e-05  NOR2BXL
u_door_lock/g754               0.0004826   0.0001876   0.0007128   4.256e-05  OR2X1
u_window/g362                  0.0005032   0.0001791   0.0007094   2.704e-05  MXI2XL
u_temp_ctrl/g1648              0.0004923   0.0001995   0.0007048   1.299e-05  OAI21X1
u_door_lock/g2233              0.0005687   0.0001061   0.0007019   2.704e-05  MXI2XL
u_humidity/g207                0.0003757   0.0003047   0.0006928   1.236e-05  NOR2XL
u_door_lock/g2289              0.0003778   0.0002928   0.0006829   1.236e-05  NOR2XL
u_door_lock/g2239              0.0004246   0.0002398   0.0006768   1.236e-05  NOR2XL
u_temp_ctrl/g1681              0.0003154   0.0003431   0.0006725   1.403e-05  NAND2X1
u_temp_ctrl/g1745              0.0005393   0.0001151   0.0006709   1.651e-05  NOR3BXL
u_temp_ctrl/g1742              0.0004277   0.0002038   0.0006665   3.499e-05  NAND2BX1
u_lum_ctrl/g101                0.0002606   0.0003902   0.0006638   1.301e-05  INVX1
u_temp_ctrl/g1737              0.0004833   0.0001526   0.0006525   1.662e-05  NOR2BXL
u_temp_ctrl/g1705              0.0004204   0.0002051   0.0006525   2.704e-05  MXI2XL
u_door_lock/g2261              0.0003735   0.0002669   0.0006496   9.289e-06  NAND2XL
u_temp_ctrl/g1720              0.0002602   0.0003742   0.0006474   1.301e-05  CLKINVX1
u_temp_ctrl/g1661              0.0004942   0.0001329   0.0006394   1.236e-05  NOR2XL
u_burglar/g704                 0.0004234   0.0001834   0.0006339   2.704e-05  MXI2XL
u_door_lock/g2242              0.0004723   0.0001476   0.0006321    1.22e-05  AOI21XL
u_window/g372                  0.0003754   0.0002424   0.0006302   1.236e-05  NOR2XL
u_burglar/g719                 0.0002707   0.0003453    0.000629   1.301e-05  INVX1
u_burglar/g690                 0.0004018   0.0001978   0.0006266   2.704e-05  MXI2XL
u_visitor/FE_RC_7_0            0.0002977   0.0003142   0.0006249   1.301e-05  CLKINVX1
u_door_lock/g2231              0.0004293   0.0001774   0.0006191   1.236e-05  NOR2XL
u_door_lock/g2260              0.0004369   0.0001675   0.0006168   1.236e-05  NOR2XL
u_lum_ctrl/g100                  0.00026   0.0003433   0.0006163   1.301e-05  INVX1
u_door_lock/g2252              0.0004669   0.0001368   0.0006159    1.22e-05  AOI21XL
u_visitor/g1088                0.0004219    0.000164   0.0006129   2.704e-05  MXI2XL
u_temp_ctrl/FE_RC_1_0          0.0002643   0.0003321   0.0006094   1.301e-05  CLKINVX1
u_door_lock/g2269               0.000483   0.0001096   0.0006056   1.299e-05  OAI21X1
u_visitor/g1083                0.0004316   0.0001434   0.0006036   2.866e-05  OA21XL
u_door_lock/g2288              0.0001725   0.0004213   0.0006031   9.289e-06  NAND2XL
u_burglar/g700                 0.0004116    0.000161   0.0005997   2.704e-05  MXI2XL
u_door_lock/g2234              0.0004315   0.0001538   0.0005976   1.236e-05  NOR2XL
u_door_lock/g2262              0.0004095    0.000174   0.0005958   1.236e-05  NOR2XL
u_lum_ctrl/g97                 0.0002598   0.0003219   0.0005947   1.301e-05  INVX1
u_door_lock/g2229              0.0004197   0.0001621   0.0005942   1.236e-05  NOR2XL
u_door_lock/g2256              0.0004063   0.0001752   0.0005939   1.236e-05  NOR2XL
u_door_lock/g2296              0.0002749   0.0003038   0.0005917   1.301e-05  INVX1
u_door_lock/g2244              0.0004224   0.0001563    0.000591   1.236e-05  NOR2XL
u_burglar/g697                 0.0003862   0.0001837   0.0005891    1.92e-05  OAI2BB1XL
u_door_lock/g2237              0.0004585   0.0001101   0.0005808    1.22e-05  AOI21XL
u_visitor/g1087                0.0004221   0.0001248   0.0005739   2.704e-05  MXI2XL
u_door_lock/g2270              0.0004579   0.0001028   0.0005729    1.22e-05  AOI21XL
u_temp_ctrl/FE_RC_3_0          0.0002622   0.0002908    0.000566   1.301e-05  CLKINVX1
u_door_lock/g2259              0.0002826   0.0002732   0.0005651   9.289e-06  NAND2XL
u_temp_ctrl/g1716              0.0001722   0.0003834   0.0005649   9.289e-06  NAND2XL
u_door_lock/g2295              0.0003074   0.0002441   0.0005646   1.301e-05  CLKINVX1
u_visitor/g1079                0.0004001   0.0001339    0.000561   2.704e-05  MXI2XL
u_humidity/g205                 0.000318   0.0002136   0.0005528   2.127e-05  OAI2BB1X1
u_door_lock/g2279              0.0003558   0.0001836   0.0005524   1.301e-05  INVX1
u_temp_ctrl/g1645              0.0003867   0.0001498   0.0005489   1.236e-05  NOR2XL
u_lum_ctrl/g95                 0.0002593   0.0002762   0.0005486   1.301e-05  INVX1
u_visitor/g1066                0.0003763   0.0001402   0.0005435   2.704e-05  MXI2XL
u_temp_ctrl/g1726              0.0002596   0.0002695   0.0005421   1.301e-05  CLKINVX1
u_temp_ctrl/FE_RC_15_0         0.0003964   0.0001037   0.0005385   3.838e-05  NOR2BX2
u_window/g365                  0.0002549   0.0002365   0.0005255   3.419e-05  NAND3BX1
u_lum_ctrl/g96                 0.0002593   0.0002532   0.0005255   1.301e-05  INVX1
u_temp_ctrl/FE_RC_10_0         0.0003465    0.000165   0.0005245   1.301e-05  CLKINVX1
u_temp_ctrl/g1709              0.0002709   0.0002375   0.0005224   1.403e-05  NAND2X1
u_burglar/g720                 0.0002731    0.000233   0.0005192   1.301e-05  CLKINVX1
g47                            0.0002677   0.0002245   0.0005052   1.301e-05  CLKINVX1
u_temp_ctrl/FE_RC_9_0          0.0002879   0.0002021    0.000503   1.301e-05  CLKINVX1
u_burglar/g710                 0.0002303   0.0002299   0.0005028   4.256e-05  OR2X1
u_temp_ctrl/g1657              0.0003542    0.000134   0.0005013   1.301e-05  INVX1
u_visitor/g1061                0.0002914   0.0001768   0.0004952   2.704e-05  MXI2XL
g74                            0.0002757   0.0002059   0.0004946   1.301e-05  CLKINVX1
u_visitor/g1093                0.0002269   0.0002362   0.0004903   2.717e-05  AND2X1
g46                            0.0002679   0.0002059   0.0004868   1.301e-05  CLKINVX1
g44                            0.0002755   0.0001982   0.0004867   1.301e-05  CLKINVX1
u_visitor/g1052                 0.000352   0.0001205   0.0004865   1.402e-05  OAI31X1
u_humidity/g206                0.0003678   0.0001033   0.0004851    1.41e-05  OAI211X1
u_temp_ctrl/g1678              0.0003029   0.0001636   0.0004795   1.301e-05  INVX1
g76                            0.0002808   0.0001814   0.0004752   1.301e-05  CLKINVX1
u_lum_ctrl/g98                 0.0002578    0.000204   0.0004748   1.301e-05  INVX1
u_temp_ctrl/FE_RC_14_0         0.0002585   0.0002021   0.0004736   1.301e-05  CLKINVX1
u_visitor/g1099                0.0003777   8.311e-05   0.0004731   1.236e-05  NOR2XL
u_visitor/g1102                0.0002722   0.0001878    0.000473   1.301e-05  CLKINVX1
g45                            0.0002762   0.0001826   0.0004718   1.301e-05  CLKINVX1
u_temp_ctrl/g1670              0.0002819   0.0001716   0.0004665   1.301e-05  INVX1
u_visitor/g1105                0.0002583   0.0001911   0.0004624   1.301e-05  INVX1
u_visitor/g1050                0.0002943   0.0001382   0.0004595   2.704e-05  MXI2XL
u_temp_ctrl/g1728              0.0002586   0.0001871   0.0004588   1.301e-05  CLKINVX1
u_lum_ctrl/g102                0.0002583   0.0001845   0.0004557   1.301e-05  INVX1
u_temp_ctrl/g1712              0.0002578   0.0001848   0.0004555   1.301e-05  CLKINVX1
u_burglar/g688                  0.000222   0.0002194   0.0004507   9.289e-06  NAND2XL
u_door_lock/g2265              0.0002369   0.0002049   0.0004506   8.757e-06  INVXL
u_visitor/g1053                0.0003112   0.0001253   0.0004506    1.41e-05  OAI211X1
u_door_lock/g2274              0.0002256   0.0002121   0.0004464   8.757e-06  INVXL
u_door_lock/g2268              0.0003791   4.406e-05   0.0004431   1.995e-05  AOI211X1
u_door_lock/g2230              0.0003222    0.000107   0.0004414    1.22e-05  AOI21XL
u_visitor/g2                   0.0002695   0.0001336   0.0004381   3.499e-05  NAND2BX1
u_burglar/g709                 0.0002798   0.0001436   0.0004357   1.236e-05  NOR2XL
g73                             0.000267    0.000154   0.0004341   1.301e-05  CLKINVX1
u_visitor/g1049                0.0002246   0.0001986   0.0004327   9.525e-06  OAI31XL
u_lum_ctrl/g99                 0.0002579   0.0001576   0.0004285   1.301e-05  INVX1
u_visitor/g1098                0.0002742     0.00014   0.0004282   1.403e-05  NAND2X1
u_temp_ctrl/g1683              0.0001942   0.0002233   0.0004268   9.289e-06  NAND2XL
u_door_lock/g2290               0.000174   0.0002434   0.0004267   9.289e-06  NAND2XL
u_visitor/FE_RC_6_0            0.0002652   0.0001169    0.000417   3.499e-05  NAND2BX1
u_door_lock/g2300              0.0002626   0.0001166   0.0004143   3.499e-05  NAND2BX1
u_door_lock/g2283              0.0002617   0.0001135   0.0004101   3.499e-05  NAND2BX1
u_visitor/g1067                0.0002076   0.0001902   0.0004071   9.289e-06  NAND2XL
u_door_lock/FE_RC_18_0         0.0002766   0.0001138   0.0004044   1.403e-05  NAND2X1
u_window/g368                  0.0002561   0.0001066   0.0003977   3.499e-05  NAND2BX1
u_visitor/g1069                0.0002079   0.0001782   0.0003954   9.289e-06  NAND2XL
u_door_lock/g2272              0.0002809   0.0001007   0.0003939   1.236e-05  NOR2XL
u_temp_ctrl/g1647              0.0002066   0.0001749   0.0003902   8.757e-06  INVXL
u_visitor/g1085                0.0003025   6.561e-05   0.0003885   2.034e-05  NOR3X1
g70                            0.0002661   0.0001007   0.0003798   1.301e-05  CLKINVX1
u_door_lock/g2258              0.0001991   0.0001411   0.0003752   3.499e-05  NAND2BX1
u_burglar/g695                 0.0002666   9.942e-05   0.0003747   8.728e-06  OAI21XL
u_temp_ctrl/g1692              0.0002994   5.117e-05   0.0003709   2.034e-05  NOR3X1
u_door_lock/g2285              0.0001194   0.0002207   0.0003679    2.78e-05  NAND4BXL
u_temp_ctrl/g1698              0.0002178   0.0001273   0.0003538   8.757e-06  INVXL
g50                            0.0002791   5.709e-05   0.0003492   1.301e-05  CLKINVX1
g72                            0.0002698   6.587e-05   0.0003487   1.301e-05  CLKINVX1
g77                            0.0002931   4.134e-05   0.0003475   1.301e-05  CLKINVX1
g48                            0.0002753   5.652e-05   0.0003448   1.301e-05  CLKINVX1
u_visitor/g1096                0.0001715     0.00016   0.0003407   9.289e-06  NAND2XL
u_visitor/g1081                0.0001407   0.0001854   0.0003401   1.403e-05  NAND2X1
g75                            0.0002879   3.876e-05   0.0003397   1.301e-05  CLKINVX1
g51                            0.0002804   4.496e-05   0.0003384   1.301e-05  CLKINVX1
u_temp_ctrl/g1713              0.0001805    0.000142   0.0003312   8.757e-06  INVXL
u_door_lock/g2298              0.0001737   0.0001472   0.0003296   8.757e-06  INVXL
u_temp_ctrl/g1723              0.0001654   0.0001548   0.0003289   8.757e-06  INVXL
u_temp_ctrl/g1725              0.0001772   0.0001407   0.0003266   8.757e-06  INVXL
g49                            0.0002772   3.544e-05   0.0003256   1.301e-05  CLKINVX1
g71                            0.0002694   4.028e-05   0.0003227   1.301e-05  CLKINVX1
u_temp_ctrl/g1719              0.0001771   0.0001306   0.0003165   8.757e-06  INVXL
u_visitor/g1068                0.0001796   0.0001118   0.0003096   1.816e-05  NOR2X1
u_window/g373                  0.0001649   0.0001342   0.0003079   8.757e-06  INVXL
u_temp_ctrl/g1667              0.0002545   2.832e-05   0.0003037   2.093e-05  NOR4X1
u_door_lock/g2287               0.000175   0.0001162   0.0003005   9.289e-06  NAND2XL
u_burglar/g715                 0.0001692   0.0001111   0.0002964   1.612e-05  NAND4X1
u_window/g369                  0.0001629   0.0001043    0.000296   2.877e-05  NAND2BXL
u_temp_ctrl/g1706              0.0001785   7.176e-05   0.0002853   3.499e-05  NAND2BX1
u_burglar/g702                 0.0001276   0.0001166   0.0002791   3.499e-05  NAND2BX1
u_burglar/g717                 0.0001742   9.195e-05   0.0002754   9.289e-06  NAND2XL
u_humidity/g204                0.0001672   9.236e-05   0.0002683   8.757e-06  INVXL
u_temp_ctrl/g1729              0.0001681   9.137e-05   0.0002683   8.757e-06  INVXL
u_burglar/g705                 3.991e-05   0.0002049   0.0002578   1.301e-05  CLKINVX1
u_door_lock/g2245              0.0001271    9.02e-05   0.0002523   3.499e-05  NAND2BX1
u_visitor/g1091                0.0001312   0.0001079   0.0002484   9.289e-06  NAND2XL
u_burglar/FE_OFC0_n_6          0.0001392   9.197e-05   0.0002442   1.301e-05  INVX1
u_door_lock/g2257              0.0001847   4.576e-05   0.0002428   1.236e-05  NOR2XL
u_temp_ctrl/g1660               0.000137   8.055e-05   0.0002269   9.289e-06  NAND2XL
u_visitor/g1077                0.0001092    8.87e-05    0.000216   1.816e-05  NOR2X1
u_temp_ctrl/g1700              0.0001297   7.266e-05   0.0002117   9.289e-06  NAND2XL
u_visitor/g1086                5.621e-05   0.0001248   0.0001903   9.289e-06  NAND2XL
u_temp_ctrl/g1694               8.81e-05   8.701e-05   0.0001844   9.289e-06  NAND2XL
u_burglar/g701                 0.0001156   4.666e-05   0.0001746   1.236e-05  NOR2XL
u_burglar/g713                  9.36e-05   6.382e-05   0.0001715    1.41e-05  OAI211X1
u_temp_ctrl/FE_RC_13_0         8.988e-05   6.802e-05   0.0001672   9.289e-06  NAND2XL
u_door_lock/g2243              0.0001154   3.316e-05   0.0001609   1.236e-05  NOR2XL
u_burglar/g689                 7.749e-05   4.703e-05   0.0001595   3.499e-05  NAND2BX1
u_door_lock/g2240               7.72e-05   4.553e-05   0.0001577   3.499e-05  NAND2BX1
u_visitor/g1057                5.344e-05   8.648e-05    0.000154   1.403e-05  NAND2X1
u_temp_ctrl/g1697              5.112e-05   5.727e-05   0.0001224   1.403e-05  NAND2X1
u_temp_ctrl/g1685              5.835e-05   4.701e-05   0.0001153    9.93e-06  NAND3XL
u_burglar/g692                 4.789e-05     2.8e-05   0.0001101   3.419e-05  NAND3BX1
u_burglar/g707                 5.438e-05   4.308e-05   0.0001098   1.236e-05  NOR2XL
u_door_lock/g2238              6.914e-05    1.79e-05   9.939e-05   1.236e-05  NOR2XL
u_door_lock/g2235              4.932e-05   3.629e-05   9.863e-05   1.301e-05  CLKINVX1
u_temp_ctrl/FE_RC_12_0         6.405e-05   1.559e-05    9.78e-05   1.816e-05  NOR2X1
u_temp_ctrl/g1665              3.794e-05   2.612e-05   7.451e-05   1.046e-05  NAND4XL
u_burglar/g678                 4.022e-05    1.63e-05   6.888e-05   1.236e-05  NOR2XL
u_visitor/g1082                1.742e-05   2.121e-05   5.266e-05   1.403e-05  NAND2X1
u_visitor/g1064                2.026e-05   1.642e-05   4.597e-05   9.289e-06  NAND2XL
u_burglar/g684                 2.307e-05   8.959e-06   4.439e-05   1.236e-05  NOR2XL
u_burglar/g703                 2.364e-05   7.728e-06   4.372e-05   1.236e-05  NOR2XL

---------------------------------------------------------------------------------------

Total (    465 of    465  )        2.781      0.3986      3.219      0.0394
Total Capacitance                5.284e-12 F
Power Density                   *** No Die Area ***
