*----------------------------------------------------------------------------------------
*	Innovus 20.10-p004_1 (64bit) 05/07/2020 20:02 (Linux 2.6.32-431.11.2.el6.x86_64)
*	
*
* 	Date & Time:	2025-Nov-19 00:09:36 (2025-Nov-18 18:39:36 GMT)
*
*----------------------------------------------------------------------------------------
*
*	Design: HA
*
*	Liberty Libraries used: 
*	        view1: /home/drashi25114/Desktop/cmos65/90nm/Physical_design/routing/routing_0.5/slow.lib
*
*	Power Domain used: 
*              Rail:        VDD      Voltage:        0.9 
*
*       Power View : view1
*
*       User-Defined Activity : N.A.
*
*       Activity File: N.A.
*
*       Hierarchical Global Activity: N.A.
*
*       Global Activity: N.A.
*
*       Sequential Element Activity: N.A.
*
*       Primary Input Activity: 0.200000
*
*       Default icg ratio: N.A.
*
*       Global Comb ClockGate Ratio: N.A.
*
*	Power Units = 1mW
*
*	Time Units = 1e-09 secs 
*
*       Temperature = 125 
*
*       report_power -outfile placement_reports/power/power.rpt -rail_analysis_format VS
*
-----------------------------------------------------------------------------------------
Cell                            Internal   Switching       Total     Leakage   Cell
                                   Power       Power       Power       Power   Name
--------------------------------------------------------------------------------------
visitor_count_r_reg[2]           0.04639    0.001294     0.04798   0.0003009  SDFFRHQX8
visitor_count_r_reg[0]           0.04634    0.001136     0.04778   0.0003009  SDFFRHQX8
visitor_count_r_reg[3]           0.04561    0.001382     0.04729   0.0003009  SDFFRHQX8
visitor_count_r_reg[1]           0.04553    0.001404     0.04724   0.0003009  SDFFRHQX8
visitor_count_r_reg[5]           0.04564    0.001139     0.04708   0.0003009  SDFFRHQX8
visitor_count_r_reg[6]           0.04531    0.001246     0.04685   0.0003009  SDFFRHQX8
visitor_count_r_reg[4]           0.04309    0.001538     0.04493   0.0003009  SDFFRHQX8
window_state_r_reg[0]            0.04191     0.00249      0.0447   0.0003009  SDFFRHQX8
music_on_r_reg                   0.04154    0.002301     0.04414   0.0003009  SDFFRHQX8
visitor_count_r_reg[7]           0.04252    0.001166     0.04398   0.0003009  SDFFRHQX8
window_state_r_reg[1]            0.04064    0.002949     0.04389   0.0003009  SDFFRHQX8
volume_level_r_reg[0]            0.04192    0.001588     0.04381   0.0003009  SDFFRHQX8
led_brightness_r_reg[5]          0.04175    0.001353      0.0434   0.0003009  SDFFRHQX8
volume_level_r_reg[3]            0.03974    0.003287     0.04333   0.0003009  SDFFRHQX8
water_valve_close_r_reg          0.04058    0.002229     0.04311   0.0003009  SDFFRHQX8
volume_level_r_reg[2]            0.04089    0.001745     0.04294   0.0003009  SDFFRHQX8
tv_on_r_reg                      0.04068     0.00153     0.04251   0.0003009  SDFFRHQX8
dehumidifier_on_r_reg            0.03985    0.002213     0.04237   0.0003009  SDFFRHQX8
led_brightness_r_reg[7]           0.0404    0.001422     0.04212   0.0003009  SDFFRHQX8
volume_level_r_reg[1]            0.03977    0.001361     0.04143   0.0003009  SDFFRHQX8
led_brightness_r_reg[6]          0.03978   0.0009863     0.04107   0.0003009  SDFFRHQX8
humidifier_on_r_reg              0.03836    0.001611     0.04027   0.0003009  SDFFRHQX8
led_brightness_r_reg[4]          0.03832    0.001393     0.04001   0.0003009  SDFFRHQX8
led_brightness_r_reg[2]          0.03814     0.00118     0.03962   0.0003009  SDFFRHQX8
led_brightness_r_reg[3]          0.03836   0.0009456     0.03961   0.0003009  SDFFRHQX8
lock_status_r_reg[0]             0.03729    0.001153     0.03874   0.0003009  SDFFRHQX8
led_brightness_r_reg[1]          0.03709    0.001115      0.0385   0.0003009  SDFFRHQX8
u_visitor/count_reg[0]           0.03294    0.004907     0.03807   0.0002171  SDFFRHQX4
led_brightness_r_reg[0]          0.03552   0.0009032     0.03673   0.0003009  SDFFRHQX8
cooler_on_r_reg                  0.02229     0.01344      0.0359   0.0001667  SDFFRX1
lock_status_r_reg[1]             0.03347    0.001073     0.03484   0.0003009  SDFFRHQX8
heater_on_r_reg                  0.02098      0.0125     0.03365   0.0001667  SDFFRX1
u_visitor/count_reg[5]           0.02453    0.007042     0.03175   0.0001737  SDFFRHQX2
u_visitor/count_reg[1]           0.02621    0.004753     0.03113   0.0001737  SDFFRHQX2
u_visitor/count_reg[2]           0.02593    0.004528     0.03064   0.0001737  SDFFRHQX2
u_visitor/count_reg[3]           0.02372    0.005322     0.02922   0.0001737  SDFFRHQX2
water_pump_on_r_reg              0.01889    0.009734     0.02879   0.0001667  SDFFRX1
burglar_alarm_out_r_reg          0.01822    0.009855     0.02824   0.0001667  SDFFRX1
door_locked_r_reg                0.01841    0.009137     0.02771   0.0001667  SDFFRX1
tv_on_cmd_r_reg                  0.02452    0.002245     0.02698   0.0002171  SDFFRHQX4
u_visitor/count_reg[6]           0.02278    0.003986     0.02694   0.0001737  SDFFRHQX2
humidity_sensor_r_reg[1]         0.02333    0.003047      0.0266   0.0002171  SDFFRHQX4
fan_on_r_reg                     0.01731    0.008545     0.02603   0.0001667  SDFFRX1
ac_on_r_reg                      0.01748    0.008324     0.02597   0.0001667  SDFFRX1
u_burglar/delay_counter_reg[5]     0.0216    0.003363     0.02512   0.0001526  SDFFRHQX1
lights_on_r_reg                  0.01642    0.008336     0.02492   0.0001667  SDFFRX1
music_on_cmd_r_reg               0.02206    0.002064     0.02434   0.0002171  SDFFRHQX4
u_visitor/count_reg[4]           0.02083    0.003094      0.0241   0.0001737  SDFFRHQX2
u_temp_ctrl/cooler_on_reg        0.02192    0.001987     0.02406   0.0001524  SDFFRXL
exit_sensor_r_reg                0.02224    0.001585     0.02405   0.0002171  SDFFRHQX4
u_door_lock/state_reg[1]         0.01924    0.004496     0.02389   0.0001526  SDFFRHQX1
u_temp_ctrl/heater_on_reg        0.02158    0.002146     0.02387   0.0001524  SDFFRXL
fan_cmd_r_reg                    0.02228    0.001134     0.02363   0.0002171  SDFFRHQX4
door_unlock_cmd_r_reg            0.02216   0.0009577     0.02333   0.0002171  SDFFRHQX4
u_door_lock/timeout_counter_reg[0]    0.02123    0.001607     0.02299   0.0001526  SDFFRHQX1
volume_cmd_r_reg[0]              0.02085    0.001794     0.02286   0.0002171  SDFFRHQX4
u_window/window_state_reg[0]     0.01976    0.002728     0.02264   0.0001526  SDFFRHQX1
u_entertainment/volume_level_reg[0]    0.02039    0.002048     0.02258   0.0001436  SDFFSHQX1
u_lum_ctrl/led_brightness_reg[5]    0.02057    0.001834     0.02256   0.0001526  SDFFRHQX1
window_auto_mode_r_reg           0.02022    0.002069     0.02251   0.0002171  SDFFRHQX4
temp_setpoint_r_reg[4]            0.0196    0.002687     0.02251   0.0002171  SDFFRHQX4
u_door_lock/attempt_counter_reg[1]    0.01987     0.00244     0.02246   0.0001526  SDFFRHQX1
u_door_lock/lock_status_reg[1]    0.02029    0.001962      0.0224   0.0001526  SDFFRHQX1
temp_setpoint_r_reg[1]           0.01961    0.002556     0.02238   0.0002171  SDFFRHQX4
u_burglar/delay_counter_reg[6]    0.01979    0.002399     0.02235   0.0001526  SDFFRHQX1
entry_sensor_r_reg               0.02023    0.001885     0.02233   0.0002171  SDFFRHQX4
temp_setpoint_r_reg[5]            0.0196    0.002446     0.02227   0.0002171  SDFFRHQX4
ac_cmd_r_reg                     0.02097    0.001042     0.02223   0.0002171  SDFFRHQX4
temp_setpoint_r_reg[2]           0.01961    0.002341     0.02217   0.0002171  SDFFRHQX4
temp_setpoint_r_reg[3]           0.01961    0.002267     0.02209   0.0002171  SDFFRHQX4
u_door_lock/state_reg[0]         0.01802    0.003917     0.02209   0.0001526  SDFFRHQX1
u_entertainment/volume_level_reg[2]    0.01997    0.001917     0.02203   0.0001436  SDFFSHQX1
door_lock_cmd_r_reg              0.02091   0.0008701       0.022   0.0002171  SDFFRHQX4
temp_setpoint_r_reg[6]           0.01962    0.001937     0.02177   0.0002171  SDFFRHQX4
temp_sensor_r_reg[3]             0.01961     0.00188     0.02171   0.0002171  SDFFRHQX4
u_entertainment/tv_on_reg         0.0199    0.001578     0.02163   0.0001526  SDFFRHQX1
temp_sensor_r_reg[6]             0.01962    0.001789     0.02162   0.0002171  SDFFRHQX4
volume_cmd_r_reg[2]              0.01962    0.001762      0.0216   0.0002171  SDFFRHQX4
u_humidity/dehumidifier_on_reg     0.0198    0.001638     0.02159   0.0001526  SDFFRHQX1
u_door_lock/door_locked_reg       0.0202    0.001235     0.02159   0.0001526  SDFFRHQX1
u_door_lock/timeout_counter_reg[1]    0.01986     0.00156     0.02157   0.0001526  SDFFRHQX1
temp_sensor_r_reg[2]             0.01962    0.001727     0.02156   0.0002171  SDFFRHQX4
u_window/window_state_reg[1]     0.01881    0.002549     0.02152   0.0001526  SDFFRHQX1
temp_sensor_r_reg[5]             0.01962    0.001677     0.02151   0.0002171  SDFFRHQX4
volume_cmd_r_reg[1]              0.01962    0.001674     0.02151   0.0002171  SDFFRHQX4
volume_cmd_r_reg[3]              0.01962     0.00164     0.02148   0.0002171  SDFFRHQX4
u_lum_ctrl/led_brightness_reg[7]    0.01913    0.002175     0.02145   0.0001526  SDFFRHQX1
u_entertainment/volume_level_reg[3]    0.01938    0.001866      0.0214   0.0001526  SDFFRHQX1
u_door_lock/attempt_counter_reg[0]    0.01897    0.002257     0.02138   0.0001526  SDFFRHQX1
temp_setpoint_r_reg[7]           0.01962    0.001537     0.02138   0.0002171  SDFFRHQX4
light_sensor_r_reg[7]            0.01967     0.00146     0.02135   0.0002171  SDFFRHQX4
u_visitor/count_reg[7]           0.01846    0.002734     0.02134   0.0001526  SDFFRHQX1
u_door_lock/lock_status_reg[0]    0.01956    0.001616     0.02133   0.0001526  SDFFRHQX1
light_sensor_r_reg[5]            0.01963    0.001483     0.02133   0.0002171  SDFFRHQX4
window_manual_open_r_reg         0.01996    0.001146     0.02132   0.0002171  SDFFRHQX4
u_entertainment/volume_level_reg[1]    0.01936    0.001802     0.02131   0.0001526  SDFFRHQX1
temp_sensor_r_reg[7]             0.01963    0.001462     0.02131   0.0002171  SDFFRHQX4
window_manual_close_r_reg         0.0198    0.001291     0.02131   0.0002171  SDFFRHQX4
light_sensor_r_reg[4]            0.01962    0.001452     0.02129   0.0002171  SDFFRHQX4
temp_sensor_r_reg[4]             0.01963    0.001425     0.02128   0.0002171  SDFFRHQX4
humidity_sensor_r_reg[0]         0.01997    0.001077     0.02126   0.0002171  SDFFRHQX4
temp_setpoint_r_reg[0]           0.01964    0.001378     0.02123   0.0002171  SDFFRHQX4
light_sensor_r_reg[3]            0.01961    0.001309     0.02114   0.0002171  SDFFRHQX4
light_sensor_r_reg[2]            0.01958    0.001323     0.02112   0.0002171  SDFFRHQX4
light_sensor_r_reg[6]            0.01973     0.00117     0.02112   0.0002171  SDFFRHQX4
light_sensor_r_reg[1]            0.01952    0.001328     0.02106   0.0002171  SDFFRHQX4
humidity_sensor_r_reg[3]         0.01966    0.001057     0.02093   0.0002171  SDFFRHQX4
water_level_r_reg[2]             0.01967   0.0009878     0.02087   0.0002171  SDFFRHQX4
alarm_arm_r_reg                  0.01983   0.0007831     0.02083   0.0002171  SDFFRHQX4
water_level_r_reg[3]             0.01967   0.0009359     0.02082   0.0002171  SDFFRHQX4
humidity_sensor_r_reg[5]         0.01967   0.0009218     0.02081   0.0002171  SDFFRHQX4
door_sensor_r_reg                0.01975   0.0007639     0.02073   0.0002171  SDFFRHQX4
temp_sensor_r_reg[0]             0.01967   0.0008298     0.02072   0.0002171  SDFFRHQX4
light_sensor_r_reg[0]            0.01941    0.001076      0.0207   0.0002171  SDFFRHQX4
u_burglar/delay_counter_reg[1]    0.01854    0.002006      0.0207   0.0001526  SDFFRHQX1
water_level_r_reg[0]             0.01968    0.000767     0.02066   0.0002171  SDFFRHQX4
temp_sensor_r_reg[1]             0.01968   0.0007628     0.02066   0.0002171  SDFFRHQX4
window_sensor_r_reg              0.01968   0.0007491     0.02064   0.0002171  SDFFRHQX4
pin_input_r_reg[2]                0.0197   0.0007207     0.02064   0.0002171  SDFFRHQX4
humidity_sensor_r_reg[2]         0.01969   0.0006526     0.02056   0.0002171  SDFFRHQX4
u_entertainment/music_on_reg     0.01903    0.001369     0.02055   0.0001526  SDFFRHQX1
motion_sensor_r_reg               0.0197   0.0006106     0.02053   0.0002171  SDFFRHQX4
humidity_sensor_r_reg[6]          0.0197   0.0006015     0.02052   0.0002171  SDFFRHQX4
water_level_r_reg[1]              0.0197   0.0005926     0.02051   0.0002171  SDFFRHQX4
humidity_sensor_r_reg[7]         0.01971   0.0005466     0.02048   0.0002171  SDFFRHQX4
humidity_sensor_r_reg[4]         0.01972   0.0004765     0.02042   0.0002171  SDFFRHQX4
u_lum_ctrl/led_brightness_reg[6]    0.01843    0.001765     0.02034   0.0001526  SDFFRHQX1
light_cmd_r_reg                  0.01917   0.0008769     0.02026   0.0002171  SDFFRHQX4
u_burglar/delay_counter_reg[0]    0.01816    0.001721     0.02003   0.0001526  SDFFRHQX1
u_appliances/fan_on_reg          0.01843    0.001361     0.01994   0.0001526  SDFFRHQX1
u_humidity/humidifier_on_reg     0.01855    0.001232     0.01994   0.0001526  SDFFRHQX1
u_burglar/alarm_out_reg          0.01814    0.001641     0.01994   0.0001526  SDFFRHQX1
u_door_lock/attempt_counter_reg[2]    0.01794    0.001592     0.01969   0.0001526  SDFFRHQX1
pin_input_r_reg[0]               0.01868   0.0006449     0.01955   0.0002171  SDFFRHQX4
u_water_ctrl/valve_close_reg      0.0182    0.001144     0.01949   0.0001526  SDFFRHQX1
u_lum_ctrl/led_brightness_reg[2]    0.01802    0.001311     0.01948   0.0001526  SDFFRHQX1
u_appliances/ac_on_reg           0.01824   0.0009702     0.01936   0.0001526  SDFFRHQX1
u_lum_ctrl/led_brightness_reg[0]    0.01796    0.001107     0.01922   0.0001526  SDFFRHQX1
u_lum_ctrl/led_brightness_reg[4]    0.01768    0.001355     0.01919   0.0001526  SDFFRHQX1
u_appliances/lights_on_reg       0.01798    0.001031     0.01917   0.0001526  SDFFRHQX1
u_lum_ctrl/led_brightness_reg[3]    0.01772    0.001157     0.01903   0.0001526  SDFFRHQX1
u_lum_ctrl/led_brightness_reg[1]     0.0178    0.001073     0.01903   0.0001526  SDFFRHQX1
u_burglar/delay_counter_reg[3]    0.01693    0.001938     0.01902   0.0001526  SDFFRHQX1
u_burglar/delay_counter_reg[7]    0.01704    0.001362     0.01855   0.0001526  SDFFRHQX1
pin_input_r_reg[1]               0.01783   0.0005091     0.01855   0.0002171  SDFFRHQX4
u_burglar/delay_counter_reg[2]    0.01657    0.001817     0.01854   0.0001526  SDFFRHQX1
g50                              0.01794   0.0003395     0.01838   0.0001012  CLKINVX8
u_door_lock/timeout_counter_reg[7]    0.01678    0.001387     0.01832   0.0001526  SDFFRHQX1
g51                              0.01799   0.0002197     0.01832   0.0001012  CLKINVX8
u_burglar/delay_counter_reg[4]    0.01644    0.001687     0.01828   0.0001526  SDFFRHQX1
u_visitor/exit_prev_reg          0.01692   0.0008649     0.01794   0.0001526  SDFFRHQX1
u_door_lock/timeout_counter_reg[3]    0.01634    0.001405      0.0179   0.0001526  SDFFRHQX1
u_burglar/delay_counter_reg[8]    0.01653     0.00121      0.0179   0.0001526  SDFFRHQX1
u_water_ctrl/pump_on_reg         0.01639    0.001262      0.0178   0.0001526  SDFFRHQX1
pin_input_r_reg[3]                0.0168   0.0003517     0.01737   0.0002171  SDFFRHQX4
u_door_lock/timeout_counter_reg[2]    0.01583    0.001299     0.01728   0.0001526  SDFFRHQX1
g48                              0.01671   0.0004605     0.01727   0.0001012  CLKINVX8
g49                              0.01683   0.0001779     0.01711   0.0001012  CLKINVX8
u_visitor/entry_prev_reg         0.01506   0.0005635     0.01577   0.0001526  SDFFRHQX1
u_door_lock/timeout_counter_reg[6]    0.01422    0.001173     0.01555   0.0001526  SDFFRHQX1
u_door_lock/timeout_counter_reg[5]    0.01348    0.000996     0.01463   0.0001526  SDFFRHQX1
u_door_lock/timeout_counter_reg[4]    0.01304   0.0007354     0.01393   0.0001526  SDFFRHQX1
g73                              0.01318   0.0006113      0.0139   0.0001012  CLKINVX8
g72                              0.01333    0.000237     0.01367   0.0001012  CLKINVX8
g70                              0.01251    0.000291      0.0129   0.0001012  CLKINVX8
g46                              0.01208   0.0006601     0.01284   0.0001012  CLKINVX8
g71                              0.01257   0.0001554     0.01282   0.0001012  CLKINVX8
g47                              0.01215   0.0004997     0.01275   0.0001012  CLKINVX8
g74                              0.01091    0.001206     0.01221   0.0001012  CLKINVX8
g76                              0.01088    0.001146     0.01213   0.0001012  CLKINVX8
g44                              0.01038    0.001176     0.01165   0.0001012  CLKINVX8
g75                              0.01135   0.0001403     0.01159   0.0001012  CLKINVX8
g77                              0.01132    0.000115     0.01153   0.0001012  CLKINVX8
g45                              0.01081   0.0001377     0.01105   0.0001012  CLKINVX8
u_visitor/g1101                 0.003267    0.003012    0.006296   1.816e-05  NOR2X1
u_visitor/g1092                  0.00527   0.0009048    0.006196   2.093e-05  NOR4X1
u_visitor/g1100                 0.002354    0.002944    0.005326   2.802e-05  NAND2X2
u_temp_ctrl/g1636               0.002775    0.002308    0.005112   2.802e-05  NAND2X2
u_temp_ctrl/g1633               0.003417    0.001648    0.005095   3.011e-05  NAND3X2
u_temp_ctrl/g1740               0.003295    0.001733    0.005066   3.838e-05  NOR2BX2
u_visitor/g1103                 0.001331    0.003623    0.004968   1.301e-05  CLKINVX1
u_visitor/g1093                 0.001951     0.00292    0.004898   2.717e-05  AND2X1
u_visitor/g1110                 0.002665    0.002052    0.004752   3.499e-05  NAND2BX1
u_door_lock/g2264                0.00115    0.003495    0.004658   1.299e-05  OAI21X1
u_visitor/g1076                  0.00351   0.0008215    0.004349   1.815e-05  AOI21X1
u_temp_ctrl/g1643               0.003802   0.0004984     0.00432   1.995e-05  AOI211X1
u_visitor/g1074                 0.003382   0.0008406    0.004241   1.815e-05  AOI21X1
u_visitor/g1090                 0.002997     0.00119    0.004223   3.607e-05  NOR2X2
u_temp_ctrl/g1718                0.00214    0.001777    0.003974   5.601e-05  NAND2X4
u_visitor/g1075                 0.001851    0.002045    0.003914   1.816e-05  NOR2X1
u_visitor/g1104                 0.001091    0.002754    0.003859   1.301e-05  CLKINVX1
u_burglar/g3                    0.003074   0.0006661    0.003813   7.254e-05  CLKXOR2X1
u_burglar/g706                 0.0007149    0.003071    0.003799   1.301e-05  CLKINVX1
u_door_lock/g2286               0.002564    0.001186    0.003782   3.144e-05  AOI2BB1X1
u_visitor/g1080                0.0009221    0.002816    0.003773   3.419e-05  NAND3BX1
u_temp_ctrl/g1634               0.001337    0.002391    0.003743   1.511e-05  NAND3X1
u_temp_ctrl/g1631               0.002612    0.001017    0.003642   1.299e-05  OAI21X1
u_visitor/g1084                 0.002675   0.0008322    0.003527   1.995e-05  AOI211X1
u_temp_ctrl/g1639               0.002202    0.001306    0.003527   1.833e-05  AOI22X1
u_temp_ctrl/g1630               0.002549   0.0009311    0.003493   1.299e-05  OAI21X1
u_visitor/g1087                 0.002478    0.000873    0.003378   2.704e-05  MXI2XL
u_burglar/g2                    0.001472    0.001822    0.003313   2.004e-05  NOR2BX1
u_temp_ctrl/g1641               0.002169   0.0009948    0.003182   1.815e-05  AOI21X1
u_visitor/g1073                0.0008797    0.002258     0.00315   1.301e-05  CLKINVX1
u_door_lock/g2254               0.002448   0.0006732    0.003139   1.791e-05  OAI22X1
u_temp_ctrl/g1707               0.001886    0.001137    0.003104   8.078e-05  CLKAND2X3
u_visitor/g1088                 0.002087   0.0008158     0.00293   2.704e-05  MXI2XL
u_temp_ctrl/g1695               0.001796    0.001064    0.002892   3.144e-05  AOI2BB1X1
u_visitor/g1099                 0.002295   0.0005664    0.002873   1.236e-05  NOR2XL
u_visitor/g1109                0.0009244    0.001927    0.002864   1.301e-05  CLKINVX1
u_door_lock/g2284               0.002325   0.0004518     0.00284   6.308e-05  XNOR2XL
u_burglar/g676                  0.002242   0.0005604     0.00282   1.815e-05  AOI21X1
u_visitor/g1077                 0.001494    0.001291    0.002804   1.816e-05  NOR2X1
u_door_lock/g2281               0.002128   0.0006298    0.002776   1.851e-05  AOI32X1
u_visitor/g1063                 0.002014   0.0007498    0.002776   1.224e-05  OAI222XL
u_temp_ctrl/g1710               0.002333   0.0003982    0.002768   3.607e-05  NOR2X2
u_temp_ctrl/g1654                0.00226   0.0004863    0.002764   1.787e-05  OAI32X1
u_door_lock/g2299              0.0008688    0.001855    0.002737   1.301e-05  CLKINVX1
u_visitor/g1059                 0.001897   0.0008215    0.002732    1.41e-05  OAI211X1
u_burglar/g716                  0.002078   0.0005353    0.002681   6.826e-05  XOR2XL
u_door_lock/g2271               0.002019   0.0005836     0.00262   1.787e-05  OAI32X1
u_door_lock/g2253               0.001889   0.0006883     0.00262   4.264e-05  AO21X1
u_visitor/g1062                 0.001809   0.0007843    0.002606   1.224e-05  OAI222XL
u_temp_ctrl/g1644               0.001645   0.0009186    0.002582   1.815e-05  AOI21X1
u_humidity/g202                0.0008922    0.001677    0.002581    1.22e-05  AOI21XL
u_door_lock/g2297              0.0008218    0.001712    0.002547   1.301e-05  CLKINVX1
u_temp_ctrl/g1664               0.001433    0.001091    0.002542   1.815e-05  AOI21X1
u_visitor/g1083                 0.001812   0.0006985    0.002539   2.866e-05  OA21XL
u_water_ctrl/g81                0.001753   0.0007366     0.00251   1.995e-05  AOI211X1
u_temp_ctrl/g1738               0.001645   0.0007536    0.002471   7.254e-05  CLKXOR2X1
u_visitor/g1045                 0.001665   0.0007849    0.002462   1.224e-05  OAI222XL
u_temp_ctrl/g1691               0.001476   0.0009206    0.002414   1.815e-05  AOI21X1
u_visitor/g1072                0.0003999    0.001991    0.002401   9.289e-06  NAND2XL
u_visitor/g1048                 0.001627   0.0007562    0.002397    1.41e-05  OAI211X1
u_entertainment/g48             0.001434    0.000906    0.002361   2.093e-05  NOR4X1
u_temp_ctrl/g1642               0.001637   0.0007049     0.00236   1.815e-05  AOI21X1
u_temp_ctrl/g1663               0.001478   0.0008358    0.002332   1.815e-05  AOI21X1
u_window/g360                   0.001748   0.0005139    0.002306   4.309e-05  AO22X1
u_water_ctrl/g2                 0.001731   0.0005176    0.002303   5.418e-05  MX2X1
u_door_lock/g2266               0.001871   0.0003902    0.002279   1.851e-05  AOI32X1
u_temp_ctrl/g1640               0.001637   0.0006062    0.002261   1.789e-05  AOI31X1
u_temp_ctrl/g1689               0.001075    0.001163    0.002251   1.299e-05  OAI21X1
u_visitor/g1079                 0.001702   0.0005185    0.002247   2.704e-05  MXI2XL
u_visitor/g1061                 0.001618   0.0005953     0.00224   2.704e-05  MXI2XL
u_visitor/g1054                 0.001608   0.0006105    0.002231   1.224e-05  OAI222XL
u_visitor/g1086                0.0006333    0.001571    0.002213   9.289e-06  NAND2XL
u_humidity/g203                0.0009227    0.001266    0.002207   1.815e-05  AOI21X1
u_entertainment/g45             0.001589   0.0005596    0.002202   5.418e-05  MX2X1
u_temp_ctrl/g1743               0.001608   0.0005348    0.002156   1.299e-05  OAI21X1
u_temp_ctrl/g1674               0.001621   0.0005115    0.002151   1.851e-05  AOI32X1
u_door_lock/g754                0.001612   0.0004887    0.002143   4.256e-05  OR2X1
u_water_ctrl/g79                0.001388   0.0007279    0.002134   1.815e-05  AOI21X1
u_door_lock/g2267               0.001319   0.0007984    0.002131   1.299e-05  OAI21X1
u_visitor/g1065                 0.001433   0.0006558    0.002116   2.704e-05  MXI2XL
u_temp_ctrl/g1653               0.001441   0.0006226    0.002076   1.236e-05  NOR2XL
u_temp_ctrl/g1719              0.0008402    0.001227    0.002075   8.757e-06  INVXL
u_visitor/g1102                 0.001187   0.0008741    0.002074   1.301e-05  CLKINVX1
u_temp_ctrl/g1668                0.00152   0.0005331    0.002073   2.004e-05  NOR2BX1
u_burglar/g680                  0.001604   0.0004442    0.002066   1.815e-05  AOI21X1
u_window/g366                   0.001311   0.0007343    0.002063   1.789e-05  AOI31X1
u_temp_ctrl/g1744               0.001275   0.0007214    0.002059   6.308e-05  XNOR2XL
u_temp_ctrl/g1684               0.001343   0.0006869    0.002048   1.815e-05  AOI21X1
u_door_lock/g2280                0.00123   0.0007928    0.002044   2.127e-05  OAI2BB1X1
u_visitor/g1078                0.0008483    0.001175    0.002036   1.301e-05  CLKINVX1
u_entertainment/g44             0.001458   0.0005181     0.00203   5.418e-05  MX2X1
u_door_lock/g2256               0.001398   0.0006182    0.002029   1.236e-05  NOR2XL
u_door_lock/g2289               0.001083   0.0009258    0.002022   1.236e-05  NOR2XL
u_temp_ctrl/g1714               0.001013   0.0009697    0.002009   2.599e-05  CLKINVX2
u_entertainment/g47             0.001472   0.0004759    0.002003   5.418e-05  MX2X1
u_window/g363                   0.001467   0.0005136    0.001994   1.299e-05  OAI21X1
u_door_lock/g2276               0.001191   0.0007695    0.001979   1.789e-05  AOI31X1
u_door_lock/g2296               0.000909    0.001052    0.001974   1.301e-05  INVX1
u_burglar/g711                  0.001127   0.0008316    0.001973   1.402e-05  OAI31X1
u_window/g370                    0.00151   0.0004382    0.001967   1.815e-05  AOI21X1
u_door_lock/g2275               0.001466   0.0004785    0.001962   1.789e-05  AOI31X1
u_entertainment/g46             0.001475   0.0004242    0.001953   5.418e-05  MX2X1
u_temp_ctrl/g1662               0.001487   0.0004483    0.001948   1.314e-05  OAI221X1
u_temp_ctrl/g1675               0.001244   0.0006843    0.001946   1.816e-05  NOR2X1
u_temp_ctrl/g1711               0.001173   0.0007369    0.001928   1.816e-05  NOR2X1
u_burglar/g698                  0.001519     0.00039    0.001927   1.815e-05  AOI21X1
u_temp_ctrl/g1650               0.001159   0.0007012    0.001874   1.299e-05  OAI21X1
u_visitor/g1091                0.0009216   0.0009407    0.001872   9.289e-06  NAND2XL
u_temp_ctrl/g1690              0.0009655   0.0008668    0.001859   2.704e-05  MXI2XL
u_door_lock/g2260               0.001212   0.0006325    0.001857   1.236e-05  NOR2XL
u_water_ctrl/g77                0.001056   0.0007713     0.00184   1.236e-05  NOR2XL
u_temp_ctrl/g1661               0.001548    0.000268    0.001834   1.816e-05  NOR2X1
u_temp_ctrl/g1635               0.001345   0.0004676    0.001825   1.301e-05  INVX1
u_door_lock/g2300               0.001199   0.0005867     0.00182   3.499e-05  NAND2BX1
u_temp_ctrl/g1680               0.001405   0.0003737    0.001796   1.789e-05  AOI31X1
u_window/g367                   0.001554   0.0002211    0.001795   1.995e-05  AOI211X1
u_visitor/g1066                  0.00121   0.0005541    0.001791   2.704e-05  MXI2XL
u_temp_ctrl/g1704               0.001454   0.0003121    0.001786   2.034e-05  NOR3X1
u_burglar/g721                  0.001336   0.0004045    0.001753   1.299e-05  OAI21X1
u_burglar/g699                    0.0013   0.0003749    0.001718   4.309e-05  AO22X1
u_window/g371                   0.001521    0.000173    0.001715   2.034e-05  NOR3X1
u_temp_ctrl/g1717              0.0007525   0.0009441    0.001709   1.236e-05  NOR2XL
u_window/g362                   0.001009   0.0006716    0.001708   2.704e-05  MXI2XL
u_burglar/g719                  0.000712   0.0009689    0.001694   1.301e-05  INVX1
u_temp_ctrl/g1672               0.001064   0.0006136     0.00169    1.22e-05  AOI21XL
u_door_lock/g2295              0.0009297   0.0007401    0.001683   1.301e-05  CLKINVX1
u_temp_ctrl/g1741               0.001242   0.0003764    0.001661   4.264e-05  AO21X1
u_temp_ctrl/g1725              0.0008526   0.0007959    0.001657   8.757e-06  INVXL
u_temp_ctrl/g1671               0.001206   0.0004295    0.001648   1.299e-05  OAI21X1
u_temp_ctrl/g1632              0.0008421   0.0007922    0.001644   9.289e-06  NAND2XL
u_temp_ctrl/g1655              0.0009104   0.0006958    0.001641   3.499e-05  NAND2BX1
u_visitor/g1052                 0.001257    0.000369     0.00164   1.402e-05  OAI31X1
u_temp_ctrl/g1721              0.0005257    0.001093    0.001632   1.301e-05  CLKINVX1
u_burglar/g691                  0.001218   0.0003611    0.001597   1.791e-05  OAI22X1
u_door_lock/g2277              0.0006531   0.0009085    0.001596   3.419e-05  NAND3BX1
u_door_lock/g2288              0.0004783    0.001101    0.001588   9.289e-06  NAND2XL
u_door_lock/g2283               0.001013   0.0005275    0.001576   3.499e-05  NAND2BX1
u_temp_ctrl/g1679               0.001335   0.0002172    0.001566   1.402e-05  OAI31X1
u_burglar/g704                  0.001026   0.0005006    0.001554   2.704e-05  MXI2XL
u_burglar/g700                  0.001096   0.0004295    0.001553   2.704e-05  MXI2XL
u_lum_ctrl/g100                0.0005214    0.001015    0.001549   1.301e-05  INVX1
u_visitor/g1050                 0.001056   0.0004387    0.001521   2.704e-05  MXI2XL
u_window/g364                   0.001175   0.0003181     0.00151   1.662e-05  NOR2BXL
u_temp_ctrl/g1659               0.001145   0.0003425    0.001509   2.127e-05  OAI2BB1X1
u_lum_ctrl/g97                 0.0005221   0.0009687    0.001504   1.301e-05  INVX1
u_burglar/g681                  0.001074    0.000338     0.00143   1.791e-05  OAI22X1
u_burglar/g720                 0.0007296   0.0006728    0.001415   1.301e-05  CLKINVX1
u_temp_ctrl/g1703              0.0007549   0.0006314    0.001412   2.599e-05  CLKINVX2
u_lum_ctrl/g96                 0.0005264   0.0008697    0.001409   1.301e-05  INVX1
u_door_lock/g2261              0.0008238   0.0005733    0.001406   9.289e-06  NAND2XL
u_temp_ctrl/g1736               0.001063   0.0003245    0.001404   1.662e-05  NOR2BXL
u_temp_ctrl/g1648              0.0009841   0.0004023    0.001399   1.299e-05  OAI21X1
u_burglar/g671                  0.001037   0.0003406     0.00139   1.299e-05  OAI21X1
u_visitor/g1053                0.0009855   0.0003661    0.001366    1.41e-05  OAI211X1
u_temp_ctrl/g1705              0.0008403   0.0004938    0.001361   2.704e-05  MXI2XL
u_lum_ctrl/g101                0.0005214   0.0008218    0.001356   1.301e-05  INVX1
u_temp_ctrl/g1681               0.000632   0.0007036     0.00135   1.403e-05  NAND2X1
u_temp_ctrl/g1745               0.001078   0.0002441    0.001339   1.651e-05  NOR3BXL
u_temp_ctrl/g1742              0.0008507   0.0004418    0.001327   3.499e-05  NAND2BX1
u_lum_ctrl/g95                 0.0005235   0.0007813    0.001318   1.301e-05  INVX1
u_burglar/g690                 0.0008479   0.0004373    0.001312   2.704e-05  MXI2XL
u_temp_ctrl/g1720              0.0005204   0.0007719    0.001305   1.301e-05  CLKINVX1
u_humidity/g207                0.0007513   0.0005377    0.001301   1.236e-05  NOR2XL
u_door_lock/g2265              0.0006859   0.0006041    0.001299   8.757e-06  INVXL
u_temp_ctrl/g1737              0.0009666   0.0003144    0.001298   1.662e-05  NOR2BXL
u_visitor/g2                   0.0009019   0.0003581    0.001295   3.499e-05  NAND2BX1
u_visitor/g1067                0.0006335   0.0006497    0.001293   9.289e-06  NAND2XL
u_humidity/g205                0.0006311   0.0006229    0.001275   2.127e-05  OAI2BB1X1
u_window/g372                  0.0007432   0.0004978    0.001253   1.236e-05  NOR2XL
u_door_lock/g2290               0.000423   0.0008177     0.00125   9.289e-06  NAND2XL
u_door_lock/g2252              0.0009747   0.0002591    0.001246    1.22e-05  AOI21XL
u_temp_ctrl/g1716              0.0003449   0.0008792    0.001233   9.289e-06  NAND2XL
u_temp_ctrl/g1651              0.0008352   0.0003603    0.001208   1.236e-05  NOR2XL
u_temp_ctrl/g1649               0.000898   0.0002966    0.001203   8.728e-06  OAI21XL
u_temp_ctrl/g1637              0.0005778   0.0006068    0.001194   9.289e-06  NAND2XL
u_door_lock/g2268               0.001037   0.0001336    0.001191   1.995e-05  AOI211X1
u_temp_ctrl/g1715              0.0005431   0.0006224     0.00118   1.403e-05  NAND2X1
u_door_lock/g2279              0.0007265   0.0004227    0.001162   1.301e-05  INVX1
u_lum_ctrl/g98                  0.000505    0.000629    0.001147   1.301e-05  INVX1
u_visitor/g1105                0.0006631   0.0004642     0.00114   1.301e-05  INVX1
u_burglar/g685                  0.000865   0.0002402    0.001118   1.299e-05  OAI21X1
u_burglar/g675                 0.0008157   0.0002729    0.001102   1.299e-05  OAI21X1
u_temp_ctrl/g1645               0.000774    0.000309    0.001095   1.236e-05  NOR2XL
u_door_lock/g2233              0.0008691   0.0001976    0.001094   2.704e-05  MXI2XL
u_visitor/g1049                0.0005036   0.0005777    0.001091   9.525e-06  OAI31XL
u_door_lock/g2270              0.0008182   0.0002591    0.001089    1.22e-05  AOI21XL
u_temp_ctrl/g1726              0.0005198   0.0005342    0.001067   1.301e-05  CLKINVX1
u_temp_ctrl/g1709              0.0005413   0.0004781    0.001033   1.403e-05  NAND2X1
u_door_lock/g2244              0.0007106   0.0003043    0.001027   1.236e-05  NOR2XL
u_door_lock/g2269              0.0008202   0.0001914    0.001025   1.299e-05  OAI21X1
u_humidity/g206                0.0007863   0.0002161    0.001017    1.41e-05  OAI211X1
u_door_lock/g2298              0.0005308   0.0004759    0.001016   8.757e-06  INVXL
u_door_lock/g2262               0.000731   0.0002643    0.001008   1.236e-05  NOR2XL
u_door_lock/g2230              0.0007302   0.0002556    0.000998    1.22e-05  AOI21XL
u_temp_ctrl/g1638              0.0005219    0.000459   0.0009902   9.289e-06  NAND2XL
u_temp_ctrl/g1678               0.000607   0.0003595   0.0009796   1.301e-05  INVX1
u_lum_ctrl/g99                 0.0005105   0.0004455    0.000969   1.301e-05  INVX1
u_burglar/g718                 0.0002423   0.0007132   0.0009648   9.289e-06  NAND2XL
u_window/g365                  0.0005171   0.0004113   0.0009625   3.419e-05  NAND3BX1
u_temp_ctrl/g1712              0.0005258   0.0004199   0.0009587   1.301e-05  CLKINVX1
u_visitor/g1098                0.0004878   0.0004607   0.0009577   9.289e-06  NAND2XL
u_temp_ctrl/g1670              0.0005688   0.0003663   0.0009481   1.301e-05  INVX1
u_door_lock/g2229              0.0006759   0.0002587    0.000947   1.236e-05  NOR2XL
u_visitor/g1069                0.0004563   0.0004804    0.000946   9.289e-06  NAND2XL
u_temp_ctrl/g1657              0.0007007   0.0002263     0.00094   1.301e-05  INVX1
u_burglar/g697                 0.0006284   0.0002902   0.0009378    1.92e-05  OAI2BB1XL
u_lum_ctrl/g102                0.0005135   0.0004079   0.0009344   1.301e-05  INVX1
u_temp_ctrl/g1724              0.0005236   0.0003948   0.0009315   1.301e-05  INVX1
u_door_lock/g2274              0.0004567   0.0004607   0.0009262   8.757e-06  INVXL
u_temp_ctrl/g1728               0.000517   0.0003774   0.0009073   1.301e-05  CLKINVX1
u_visitor/g1096                0.0004726   0.0004237   0.0009057   9.289e-06  NAND2XL
u_temp_ctrl/g1669              0.0005944   0.0001933   0.0008081   2.034e-05  NOR3X1
u_window/g368                  0.0005042   0.0002618   0.0008009   3.499e-05  NAND2BX1
u_door_lock/g2287              0.0004248    0.000364   0.0007981   9.289e-06  NAND2XL
u_door_lock/g2259              0.0004058   0.0003808   0.0007959   9.289e-06  NAND2XL
u_temp_ctrl/g1683               0.000389   0.0003961   0.0007944   9.289e-06  NAND2XL
u_temp_ctrl/g1647              0.0004152   0.0003611   0.0007851   8.757e-06  INVXL
u_temp_ctrl/g1698              0.0004274   0.0003107   0.0007468   8.757e-06  INVXL
u_temp_ctrl/g1692              0.0005989   0.0001028   0.0007221   2.034e-05  NOR3X1
u_door_lock/g2237              0.0005424   0.0001608   0.0007154    1.22e-05  AOI21XL
u_visitor/g1081                 0.000328   0.0003664   0.0007085   1.403e-05  NAND2X1
u_temp_ctrl/g1713              0.0003675   0.0003262   0.0007024   8.757e-06  INVXL
u_door_lock/g2272              0.0005157   0.0001461   0.0006742   1.236e-05  NOR2XL
u_humidity/g204                0.0003373   0.0003045   0.0006506   8.757e-06  INVXL
u_window/g373                  0.0003358   0.0002993   0.0006439   8.757e-06  INVXL
u_burglar/g688                 0.0003165    0.000318   0.0006438   9.289e-06  NAND2XL
u_door_lock/g2242              0.0005053   0.0001162   0.0006336    1.22e-05  AOI21XL
u_window/g369                  0.0003241   0.0002808   0.0006336   2.877e-05  NAND2BXL
u_temp_ctrl/g1723              0.0003313   0.0002877   0.0006278   8.757e-06  INVXL
u_visitor/g1064                0.0003304   0.0002682   0.0006079   9.289e-06  NAND2XL
u_temp_ctrl/g1667              0.0005091   6.627e-05   0.0005963   2.093e-05  NOR4X1
u_burglar/g695                 0.0004094   0.0001625   0.0005806   8.728e-06  OAI21XL
u_temp_ctrl/g1706              0.0003577   0.0001675   0.0005602   3.499e-05  NAND2BX1
u_temp_ctrl/g1729              0.0003337   0.0002146    0.000557   8.757e-06  INVXL
u_door_lock/g2231              0.0003814   0.0001377   0.0005314   1.236e-05  NOR2XL
u_door_lock/g2285              0.0001903   0.0002738   0.0004918    2.78e-05  NAND4BXL
u_door_lock/g2239              0.0003447   0.0001344   0.0004915   1.236e-05  NOR2XL
u_temp_ctrl/g1660              0.0002868   0.0001809    0.000477   9.289e-06  NAND2XL
u_door_lock/g2234              0.0003385   0.0001255   0.0004763   1.236e-05  NOR2XL
u_burglar/g717                 0.0002621   0.0001542   0.0004256   9.289e-06  NAND2XL
u_temp_ctrl/g1700              0.0002598   0.0001556   0.0004247   9.289e-06  NAND2XL
u_visitor/g1085                0.0003272   6.603e-05   0.0004135   2.034e-05  NOR3X1
u_burglar/g709                 0.0002236   0.0001254   0.0003614   1.236e-05  NOR2XL
u_door_lock/g2                 0.0001843   0.0001415   0.0003608   3.499e-05  NAND2BX1
u_temp_ctrl/g1694              0.0001758   0.0001507   0.0003358   9.289e-06  NAND2XL
u_temp_ctrl/g1739              0.0002293   3.252e-05   0.0002837   2.186e-05  NOR3BX1
u_visitor/g1068                0.0001568   0.0001036   0.0002727   1.236e-05  NOR2XL
u_temp_ctrl/g1685              0.0001166   9.264e-05   0.0002191    9.93e-06  NAND3XL
u_door_lock/g2257              0.0001479   4.882e-05   0.0002091   1.236e-05  NOR2XL
u_burglar/g710                 8.388e-05   7.983e-05   0.0002063   4.256e-05  OR2X1
u_temp_ctrl/g1697              6.454e-05   0.0001218   0.0001956   9.289e-06  NAND2XL
u_door_lock/g2258              6.335e-05   4.702e-05   0.0001454   3.499e-05  NAND2BX1
u_visitor/g1057                3.632e-05   9.832e-05   0.0001439   9.289e-06  NAND2XL
u_temp_ctrl/g1665              7.587e-05   5.744e-05   0.0001438   1.046e-05  NAND4XL
u_door_lock/g2243              9.217e-05   2.479e-05   0.0001293   1.236e-05  NOR2XL
u_burglar/g714                 5.963e-05    2.93e-05   0.0001019   1.301e-05  INVX1
u_burglar/g715                 3.842e-05   5.198e-05   0.0001009   1.046e-05  NAND4XL
u_burglar/g701                 6.061e-05   2.464e-05   9.761e-05   1.236e-05  NOR2XL
u_door_lock/g2238              4.734e-05   1.232e-05   7.201e-05   1.236e-05  NOR2XL
u_door_lock/g2245              1.419e-05   1.313e-05    6.23e-05   3.499e-05  NAND2BX1
u_burglar/g702                 1.199e-05   1.379e-05   6.077e-05   3.499e-05  NAND2BX1
u_burglar/g689                 1.077e-05   7.985e-06   5.374e-05   3.499e-05  NAND2BX1
u_door_lock/g2240              9.502e-06    6.93e-06   5.142e-05   3.499e-05  NAND2BX1
u_burglar/g705                  4.29e-06    2.24e-05    3.97e-05   1.301e-05  CLKINVX1
u_burglar/g692                 3.327e-06   2.012e-06   3.953e-05   3.419e-05  NAND3BX1
u_burglar/g713                 1.166e-05   7.607e-06   3.337e-05    1.41e-05  OAI211X1
u_visitor/g1082                6.989e-06   9.928e-06   2.621e-05   9.289e-06  NAND2XL
u_door_lock/g2235              6.434e-06   4.677e-06   2.413e-05   1.301e-05  CLKINVX1
u_burglar/g678                 7.926e-06   3.299e-06   2.358e-05   1.236e-05  NOR2XL
u_burglar/g707                 5.825e-06   4.276e-06   2.246e-05   1.236e-05  NOR2XL
u_burglar/g684                 2.293e-06   1.056e-06   1.571e-05   1.236e-05  NOR2XL
u_burglar/g703                  7.44e-07   1.878e-07   1.329e-05   1.236e-05  NOR2XL

---------------------------------------------------------------------------------------

Total (    446 of    446  )          4.2      0.5166      4.756     0.03948
Total Capacitance                4.047e-12 F
Power Density                   *** No Die Area ***
