*----------------------------------------------------------------------------------------
*	Innovus 20.10-p004_1 (64bit) 05/07/2020 20:02 (Linux 2.6.32-431.11.2.el6.x86_64)
*	
*
* 	Date & Time:	2025-Nov-19 00:10:29 (2025-Nov-18 18:40:29 GMT)
*
*----------------------------------------------------------------------------------------
*
*	Design: HA
*
*	Liberty Libraries used: 
*	        view1: /home/drashi25114/Desktop/cmos65/90nm/Physical_design/routing/routing_0.5/slow.lib
*
*	Power Domain used: 
*              Rail:        VDD      Voltage:        0.9 
*
*       Power View : view1
*
*       User-Defined Activity : N.A.
*
*       Activity File: N.A.
*
*       Hierarchical Global Activity: N.A.
*
*       Global Activity: N.A.
*
*       Sequential Element Activity: 0.200000
*
*       Primary Input Activity: 0.200000
*
*       Default icg ratio: N.A.
*
*       Global Comb ClockGate Ratio: N.A.
*
*	Power Units = 1mW
*
*	Time Units = 1e-09 secs 
*
*       Temperature = 125 
*
*       report_power -outfile optimised_cts_reports/ctsafteranalysispostoptimization.rpt -rail_analysis_format VS
*
-----------------------------------------------------------------------------------------
Cell                            Internal   Switching       Total     Leakage   Cell
                                   Power       Power       Power       Power   Name
--------------------------------------------------------------------------------------
CTS_ccl_a_buf_00004              0.07978     0.09237      0.1723   0.0001864  CLKBUFX16
CTS_ccl_a_buf_00006              0.07977     0.09008        0.17   0.0001864  CLKBUFX16
u_visitor/count_reg[5]           0.01684    0.001562     0.01862   0.0002171  SDFFRHQX4
temp_setpoint_r_reg[1]           0.01663    0.001665     0.01851   0.0002171  SDFFRHQX4
u_visitor/count_reg[0]           0.01724   0.0009879     0.01845   0.0002171  SDFFRHQX4
u_visitor/count_reg[1]           0.01722   0.0009439     0.01838   0.0002171  SDFFRHQX4
temp_setpoint_r_reg[5]            0.0163    0.001849     0.01837   0.0002171  SDFFRHQX4
temp_setpoint_r_reg[2]           0.01631    0.001578     0.01811   0.0002171  SDFFRHQX4
temp_sensor_r_reg[2]             0.01664    0.001203     0.01806   0.0002171  SDFFRHQX4
temp_sensor_r_reg[6]             0.01664    0.001144       0.018   0.0002171  SDFFRHQX4
humidity_sensor_r_reg[1]         0.01665    0.001055     0.01792   0.0002171  SDFFRHQX4
temp_sensor_r_reg[3]             0.01664   0.0009998     0.01786   0.0002171  SDFFRHQX4
window_auto_mode_r_reg           0.01664   0.0009664     0.01782   0.0002171  SDFFRHQX4
temp_sensor_r_reg[5]             0.01664   0.0009114     0.01777   0.0002171  SDFFRHQX4
volume_cmd_r_reg[2]              0.01664   0.0008841     0.01774   0.0002171  SDFFRHQX4
volume_cmd_r_reg[3]              0.01664   0.0008556     0.01771   0.0002171  SDFFRHQX4
temp_setpoint_r_reg[6]           0.01632    0.001164      0.0177   0.0002171  SDFFRHQX4
temp_sensor_r_reg[4]             0.01664   0.0008385      0.0177   0.0002171  SDFFRHQX4
music_on_cmd_r_reg               0.01664   0.0008239     0.01768   0.0002171  SDFFRHQX4
volume_cmd_r_reg[1]              0.01664   0.0008166     0.01768   0.0002171  SDFFRHQX4
entry_sensor_r_reg               0.01662   0.0008181     0.01766   0.0002171  SDFFRHQX4
volume_cmd_r_reg[0]              0.01664   0.0007845     0.01765   0.0002171  SDFFRHQX4
temp_sensor_r_reg[7]             0.01665   0.0007352      0.0176   0.0002171  SDFFRHQX4
tv_on_cmd_r_reg                  0.01665   0.0007277      0.0176   0.0002171  SDFFRHQX4
light_sensor_r_reg[5]            0.01663   0.0007347     0.01758   0.0002171  SDFFRHQX4
light_sensor_r_reg[7]            0.01663   0.0007292     0.01757   0.0002171  SDFFRHQX4
light_sensor_r_reg[4]            0.01663   0.0007217     0.01757   0.0002171  SDFFRHQX4
temp_setpoint_r_reg[0]           0.01665   0.0006869     0.01755   0.0002171  SDFFRHQX4
window_manual_close_r_reg        0.01665   0.0006447     0.01751   0.0002171  SDFFRHQX4
temp_setpoint_r_reg[3]           0.01632   0.0009761     0.01751   0.0002171  SDFFRHQX4
light_sensor_r_reg[1]            0.01663   0.0006596     0.01751   0.0002171  SDFFRHQX4
light_sensor_r_reg[2]            0.01663   0.0006558     0.01751   0.0002171  SDFFRHQX4
light_sensor_r_reg[3]            0.01663   0.0006505      0.0175   0.0002171  SDFFRHQX4
temp_setpoint_r_reg[4]           0.01632   0.0009282     0.01747   0.0002171  SDFFRHQX4
exit_sensor_r_reg                0.01664   0.0006129     0.01747   0.0002171  SDFFRHQX4
light_sensor_r_reg[6]            0.01664   0.0005826     0.01744   0.0002171  SDFFRHQX4
window_manual_open_r_reg         0.01666   0.0005548     0.01743   0.0002171  SDFFRHQX4
light_sensor_r_reg[0]            0.01664   0.0005477      0.0174   0.0002171  SDFFRHQX4
humidity_sensor_r_reg[3]         0.01666   0.0005216      0.0174   0.0002171  SDFFRHQX4
humidity_sensor_r_reg[0]         0.01664    0.000523     0.01738   0.0002171  SDFFRHQX4
humidity_sensor_r_reg[5]         0.01667   0.0004661     0.01735   0.0002171  SDFFRHQX4
temp_sensor_r_reg[1]             0.01667   0.0004603     0.01734   0.0002171  SDFFRHQX4
light_cmd_r_reg                  0.01665   0.0004575     0.01732   0.0002171  SDFFRHQX4
ac_cmd_r_reg                     0.01665   0.0004509     0.01731   0.0002171  SDFFRHQX4
fan_cmd_r_reg                    0.01665   0.0004442     0.01731   0.0002171  SDFFRHQX4
temp_setpoint_r_reg[7]           0.01633   0.0007651     0.01731   0.0002171  SDFFRHQX4
temp_sensor_r_reg[0]             0.01667   0.0004131      0.0173   0.0002171  SDFFRHQX4
alarm_arm_r_reg                  0.01667   0.0003811     0.01727   0.0002171  SDFFRHQX4
window_sensor_r_reg              0.01667   0.0003759     0.01726   0.0002171  SDFFRHQX4
door_sensor_r_reg                0.01667   0.0003741     0.01726   0.0002171  SDFFRHQX4
door_lock_cmd_r_reg              0.01665   0.0003813     0.01725   0.0002171  SDFFRHQX4
door_unlock_cmd_r_reg            0.01665   0.0003734     0.01724   0.0002171  SDFFRHQX4
pin_input_r_reg[0]               0.01665   0.0003555     0.01723   0.0002171  SDFFRHQX4
pin_input_r_reg[2]               0.01665   0.0003494     0.01722   0.0002171  SDFFRHQX4
pin_input_r_reg[1]               0.01666   0.0003334     0.01721   0.0002171  SDFFRHQX4
motion_sensor_r_reg              0.01668   0.0003036      0.0172   0.0002171  SDFFRHQX4
humidity_sensor_r_reg[2]         0.01666   0.0003253      0.0172   0.0002171  SDFFRHQX4
humidity_sensor_r_reg[6]         0.01668    0.000298      0.0172   0.0002171  SDFFRHQX4
humidity_sensor_r_reg[7]         0.01669   0.0002719     0.01718   0.0002171  SDFFRHQX4
pin_input_r_reg[3]               0.01667   0.0002812     0.01717   0.0002171  SDFFRHQX4
humidity_sensor_r_reg[4]         0.01669   0.0002349     0.01715   0.0002171  SDFFRHQX4
water_level_r_reg[3]             0.01635   0.0004967     0.01706   0.0002171  SDFFRHQX4
water_level_r_reg[2]             0.01635   0.0004906     0.01705   0.0002171  SDFFRHQX4
water_level_r_reg[0]             0.01636   0.0003591     0.01693   0.0002171  SDFFRHQX4
water_level_r_reg[1]             0.01637   0.0002951     0.01688   0.0002171  SDFFRHQX4
u_visitor/count_reg[2]           0.01444    0.001023     0.01563   0.0001737  SDFFRHQX2
u_visitor/count_reg[3]           0.01412     0.00127     0.01556   0.0001737  SDFFRHQX2
u_visitor/count_reg[6]           0.01408    0.001089     0.01535   0.0001737  SDFFRHQX2
u_door_lock/state_reg[1]         0.01365    0.001527     0.01533   0.0001526  SDFFRHQX1
u_visitor/count_reg[4]           0.01411   0.0009327     0.01522   0.0001737  SDFFRHQX2
u_door_lock/state_reg[0]         0.01353    0.001244     0.01492   0.0001526  SDFFRHQX1
u_window/window_state_reg[0]     0.01388   0.0007112     0.01474   0.0001526  SDFFRHQX1
u_window/window_state_reg[1]      0.0138   0.0007673     0.01472   0.0001526  SDFFRHQX1
u_visitor/count_reg[7]           0.01359   0.0008854     0.01465   0.0001737  SDFFRHQX2
u_burglar/delay_counter_reg[1]    0.01354    0.000797     0.01449   0.0001526  SDFFRHQX1
u_door_lock/attempt_counter_reg[2]     0.0138   0.0005178     0.01447   0.0001526  SDFFRHQX1
u_burglar/delay_counter_reg[3]    0.01354   0.0007297     0.01442   0.0001526  SDFFRHQX1
u_burglar/delay_counter_reg[2]    0.01353   0.0007049     0.01439   0.0001526  SDFFRHQX1
u_burglar/delay_counter_reg[4]    0.01322   0.0009943     0.01437   0.0001526  SDFFRHQX1
u_burglar/delay_counter_reg[0]    0.01347   0.0007423     0.01436   0.0001526  SDFFRHQX1
u_door_lock/attempt_counter_reg[1]    0.01346   0.0007348     0.01435   0.0001526  SDFFRHQX1
u_door_lock/attempt_counter_reg[0]    0.01346   0.0007263     0.01434   0.0001526  SDFFRHQX1
u_door_lock/timeout_counter_reg[5]    0.01302    0.001139     0.01432   0.0001526  SDFFRHQX1
u_burglar/delay_counter_reg[5]    0.01323    0.000933     0.01431   0.0001526  SDFFRHQX1
FE_OFC9_scan_en                 0.001212     0.01296     0.01423   6.202e-05  CLKBUFX3
u_burglar/delay_counter_reg[6]    0.01318   0.0008616      0.0142   0.0001526  SDFFRHQX1
u_entertainment/volume_level_reg[0]    0.01348   0.0005664     0.01419   0.0001436  SDFFSHQX1
u_entertainment/volume_level_reg[2]    0.01348   0.0005287     0.01415   0.0001436  SDFFSHQX1
u_burglar/delay_counter_reg[8]    0.01349   0.0004847     0.01413   0.0001526  SDFFRHQX1
u_water_ctrl/pump_on_reg         0.01346   0.0004874      0.0141   0.0001526  SDFFRHQX1
u_door_lock/timeout_counter_reg[4]    0.01305   0.0008064     0.01401   0.0001526  SDFFRHQX1
u_burglar/delay_counter_reg[7]    0.01316   0.0006904       0.014   0.0001526  SDFFRHQX1
u_door_lock/timeout_counter_reg[2]    0.01299   0.0007851     0.01393   0.0001526  SDFFRHQX1
u_door_lock/timeout_counter_reg[6]    0.01302   0.0007421     0.01392   0.0001526  SDFFRHQX1
volume_level_r_reg[3]            0.01296    0.000785     0.01389   0.0001526  SDFFRHQX1
u_lum_ctrl/led_brightness_reg[4]    0.01328   0.0004404     0.01387   0.0001526  SDFFRHQX1
u_entertainment/volume_level_reg[3]    0.01318   0.0005402     0.01387   0.0001526  SDFFRHQX1
u_appliances/fan_on_reg          0.01327   0.0004253     0.01385   0.0001526  SDFFRHQX1
u_lum_ctrl/led_brightness_reg[2]    0.01328   0.0004135     0.01385   0.0001526  SDFFRHQX1
u_burglar/alarm_out_reg          0.01315   0.0005366     0.01384   0.0001526  SDFFRHQX1
u_humidity/dehumidifier_on_reg    0.01327   0.0004139     0.01384   0.0001526  SDFFRHQX1
u_water_ctrl/valve_close_reg     0.01333   0.0003545     0.01384   0.0001526  SDFFRHQX1
u_entertainment/volume_level_reg[1]    0.01318   0.0004999     0.01383   0.0001526  SDFFRHQX1
u_door_lock/timeout_counter_reg[1]    0.01305   0.0006271     0.01383   0.0001526  SDFFRHQX1
u_lum_ctrl/led_brightness_reg[3]    0.01328   0.0003622      0.0138   0.0001526  SDFFRHQX1
u_door_lock/timeout_counter_reg[3]    0.01302   0.0006219     0.01379   0.0001526  SDFFRHQX1
window_state_r_reg[1]            0.01296   0.0006733     0.01378   0.0001526  SDFFRHQX1
u_lum_ctrl/led_brightness_reg[1]    0.01328   0.0003478     0.01378   0.0001526  SDFFRHQX1
u_lum_ctrl/led_brightness_reg[0]    0.01328   0.0003434     0.01378   0.0001526  SDFFRHQX1
led_brightness_r_reg[7]          0.01328     0.00033     0.01377   0.0001526  SDFFRHQX1
u_appliances/lights_on_reg       0.01328   0.0003251     0.01376   0.0001526  SDFFRHQX1
led_brightness_r_reg[4]          0.01328   0.0003205     0.01375   0.0001526  SDFFRHQX1
u_door_lock/timeout_counter_reg[0]    0.01298   0.0006156     0.01375   0.0001526  SDFFRHQX1
u_door_lock/timeout_counter_reg[7]    0.01302   0.0005722     0.01374   0.0001526  SDFFRHQX1
visitor_count_r_reg[4]           0.01328   0.0003061     0.01374   0.0001526  SDFFRHQX1
u_appliances/ac_on_reg           0.01327   0.0003055     0.01373   0.0001526  SDFFRHQX1
u_lum_ctrl/led_brightness_reg[7]    0.01296   0.0005968     0.01371   0.0001526  SDFFRHQX1
led_brightness_r_reg[5]          0.01328   0.0002718     0.01371   0.0001526  SDFFRHQX1
visitor_count_r_reg[1]           0.01328   0.0002707      0.0137   0.0001526  SDFFRHQX1
led_brightness_r_reg[2]          0.01328   0.0002668      0.0137   0.0001526  SDFFRHQX1
led_brightness_r_reg[1]          0.01328   0.0002658      0.0137   0.0001526  SDFFRHQX1
visitor_count_r_reg[3]           0.01328   0.0002642      0.0137   0.0001526  SDFFRHQX1
visitor_count_r_reg[7]           0.01328   0.0002558     0.01369   0.0001526  SDFFRHQX1
led_brightness_r_reg[6]          0.01328   0.0002436     0.01368   0.0001526  SDFFRHQX1
led_brightness_r_reg[3]          0.01328   0.0002411     0.01367   0.0001526  SDFFRHQX1
visitor_count_r_reg[6]           0.01328   0.0002369     0.01367   0.0001526  SDFFRHQX1
visitor_count_r_reg[2]           0.01328   0.0002333     0.01366   0.0001526  SDFFRHQX1
visitor_count_r_reg[0]           0.01328   0.0002258     0.01366   0.0001526  SDFFRHQX1
u_lum_ctrl/led_brightness_reg[6]    0.01296   0.0005408     0.01366   0.0001526  SDFFRHQX1
window_state_r_reg[0]            0.01296   0.0005354     0.01365   0.0001526  SDFFRHQX1
u_door_lock/lock_status_reg[1]    0.01298   0.0004995     0.01363   0.0001526  SDFFRHQX1
dehumidifier_on_r_reg            0.01296   0.0005196     0.01363   0.0001526  SDFFRHQX1
u_door_lock/lock_status_reg[0]    0.01297   0.0004783      0.0136   0.0001526  SDFFRHQX1
music_on_r_reg                   0.01295   0.0004996      0.0136   0.0001526  SDFFRHQX1
water_valve_close_r_reg          0.01295   0.0004757     0.01358   0.0001526  SDFFRHQX1
u_lum_ctrl/led_brightness_reg[5]    0.01296   0.0004504     0.01356   0.0001526  SDFFRHQX1
u_visitor/exit_prev_reg          0.01296   0.0004394     0.01355   0.0001526  SDFFRHQX1
humidifier_on_r_reg              0.01296   0.0004398     0.01355   0.0001526  SDFFRHQX1
u_entertainment/tv_on_reg        0.01295   0.0004171     0.01352   0.0001526  SDFFRHQX1
u_entertainment/music_on_reg     0.01295   0.0004023     0.01351   0.0001526  SDFFRHQX1
volume_level_r_reg[2]            0.01295   0.0003633     0.01347   0.0001526  SDFFRHQX1
u_humidity/humidifier_on_reg     0.01292   0.0003673     0.01344   0.0001526  SDFFRHQX1
u_visitor/entry_prev_reg         0.01297   0.0003151     0.01344   0.0001526  SDFFRHQX1
lock_status_r_reg[1]             0.01296   0.0003278     0.01344   0.0001526  SDFFRHQX1
lock_status_r_reg[0]             0.01295   0.0003245     0.01343   0.0001526  SDFFRHQX1
tv_on_r_reg                      0.01295   0.0003251     0.01343   0.0001526  SDFFRHQX1
volume_level_r_reg[1]            0.01296   0.0003166     0.01342   0.0001526  SDFFRHQX1
volume_level_r_reg[0]            0.01295   0.0003139     0.01342   0.0001526  SDFFRHQX1
u_door_lock/door_locked_reg      0.01295   0.0003086     0.01341   0.0001526  SDFFRHQX1
led_brightness_r_reg[0]          0.01296   0.0002586     0.01337   0.0001526  SDFFRHQX1
visitor_count_r_reg[5]           0.01296   0.0002296     0.01334   0.0001526  SDFFRHQX1
lights_on_r_reg                   0.0119    0.001128      0.0132   0.0001667  SDFFRX1
u_temp_ctrl/cooler_on_reg        0.01257   0.0003862     0.01311   0.0001524  SDFFRXL
fan_on_r_reg                      0.0119    0.001039     0.01311   0.0001667  SDFFRX1
ac_on_r_reg                       0.0119     0.00091     0.01298   0.0001667  SDFFRX1
burglar_alarm_out_r_reg          0.01162    0.001114      0.0129   0.0001667  SDFFRX1
cooler_on_r_reg                  0.01163    0.001057     0.01285   0.0001667  SDFFRX1
u_temp_ctrl/heater_on_reg        0.01226   0.0004266     0.01284   0.0001524  SDFFRXL
heater_on_r_reg                  0.01163    0.001027     0.01282   0.0001667  SDFFRX1
door_locked_r_reg                0.01162   0.0009901     0.01278   0.0001667  SDFFRX1
water_pump_on_r_reg              0.01162   0.0008465     0.01263   0.0001667  SDFFRX1
FE_OFC4_rst_n                   0.001211     0.01119     0.01246   6.202e-05  CLKBUFX3
FE_OFC8_scan_en                0.0007956    0.009323     0.01016   4.129e-05  BUFX2
FE_OFC7_rst_n                   0.000916    0.005557    0.006514   4.129e-05  BUFX2
FE_OFC6_rst_n                  0.0009188     0.00423     0.00519   4.129e-05  BUFX2
u_temp_ctrl/g1643               0.003799   0.0003698    0.004209   3.997e-05  AOI211X2
FE_OCPC1_temp_setpoint_r_3      0.002331   0.0009668    0.003419   0.0001212  BUFX6
u_temp_ctrl/g1710               0.002335   0.0005537    0.002961   7.214e-05  NOR2X4
u_temp_ctrl/g1639               0.002201   0.0006487    0.002886   3.634e-05  AOI22X2
u_temp_ctrl/g1740               0.001649    0.001178    0.002865   3.838e-05  NOR2BX2
u_temp_ctrl/FE_RC_18_0          0.002198   0.0005397    0.002774   3.602e-05  AOI21X2
u_temp_ctrl/g1718               0.001603    0.001006     0.00269   8.142e-05  NAND2X6
u_temp_ctrl/FE_RC_11_0          0.001794   0.0008136    0.002661    5.32e-05  NAND3BX2
FE_OFC5_rst_n                  0.0009378    0.001651     0.00263   4.129e-05  BUFX2
u_temp_ctrl/FE_RC_28_0          0.001287    0.001289    0.002606   3.011e-05  NAND3X2
u_temp_ctrl/g1636               0.001392    0.001155    0.002575   2.802e-05  NAND2X2
u_temp_ctrl/g1707_dup           0.001865   0.0004808    0.002507   0.0001614  CLKAND2X6
u_temp_ctrl/FE_RC_10_0          0.001646   0.0008134    0.002495   3.602e-05  AOI21X2
u_visitor/g1075                 0.001494   0.0009612    0.002491   3.607e-05  NOR2X2
FE_OCPC3_temp_setpoint_r_4      0.001198    0.001223    0.002483   6.202e-05  BUFX3
u_temp_ctrl/g1695                0.00172   0.0005158    0.002273   3.753e-05  AOI2BB1X2
u_visitor/g1090                 0.001742   0.0003871    0.002201   7.214e-05  NOR2X4
u_temp_ctrl/FE_RC_26_0          0.001641   0.0005204    0.002197   3.541e-05  AOI31X2
u_visitor/g1084                  0.00167   0.0004758    0.002186   3.997e-05  AOI211X2
u_temp_ctrl/FE_RC_21_0          0.001519   0.0006274    0.002182   3.602e-05  AOI21X2
u_door_lock/g2264              0.0005751    0.001578    0.002166   1.299e-05  OAI21X1
u_temp_ctrl/g1691               0.001463   0.0005599    0.002059   3.602e-05  AOI21X2
u_temp_ctrl/FE_RC_2_0           0.001606   0.0004127    0.002047   2.836e-05  OAI31X2
u_burglar/g706                 0.0003758    0.001612    0.002001   1.301e-05  CLKINVX1
u_temp_ctrl/g1672               0.001656   0.0003017    0.001994   3.602e-05  AOI21X2
u_burglar/g2                   0.0007964   0.0009514    0.001768   2.004e-05  NOR2BX1
u_temp_ctrl/g1631               0.001221   0.0005195    0.001753   1.299e-05  OAI21X1
u_temp_ctrl/g1704               0.001455   0.0002157    0.001711   4.035e-05  NOR3X2
u_temp_ctrl/g1653               0.001124   0.0005475    0.001689   1.816e-05  NOR2X1
u_visitor/g1073                0.0006533   0.0009915    0.001671   2.599e-05  CLKINVX2
u_temp_ctrl/FE_RC_0_0           0.001186   0.0004456    0.001668   3.634e-05  AOI22X2
u_visitor/FE_OCPC2_n_26        0.0008008   0.0008192    0.001661   4.129e-05  BUFX2
u_temp_ctrl/g1707              0.0009433   0.0005582    0.001582   8.078e-05  CLKAND2X3
u_visitor/g1103                0.0005103   0.0009728    0.001509   2.599e-05  CLKINVX2
u_temp_ctrl/g1714              0.0007607   0.0007044    0.001504   3.898e-05  CLKINVX3
u_visitor/g1100                0.0005356   0.0009305    0.001494   2.802e-05  NAND2X2
u_temp_ctrl/g1630                0.00106    0.000405    0.001478   1.299e-05  OAI21X1
u_temp_ctrl/g1738              0.0008199   0.0005426    0.001435   7.254e-05  CLKXOR2X1
u_door_lock/g2271               0.001092   0.0003171    0.001427   1.787e-05  OAI32X1
u_temp_ctrl/g1664              0.0007166   0.0006902    0.001425   1.815e-05  AOI21X1
u_visitor/g1104                0.0005122   0.0008424    0.001381   2.599e-05  CLKINVX2
u_visitor/FE_RC_9_0             0.001011   0.0003167    0.001346   1.819e-05  OAI222X1
u_temp_ctrl/g1642              0.0008187   0.0004975    0.001334   1.815e-05  AOI21X1
u_door_lock/g2286              0.0008615   0.0004037    0.001297   3.144e-05  AOI2BB1X1
u_water_ctrl/g81               0.0008765   0.0003651    0.001262   1.995e-05  AOI211X1
u_humidity/g202                0.0004343   0.0008114    0.001258    1.22e-05  AOI21XL
u_visitor/g1072                0.0002741   0.0009668    0.001255   1.403e-05  NAND2X1
u_temp_ctrl/g1674              0.0008106   0.0004213     0.00125   1.851e-05  AOI32X1
u_door_lock/g2254              0.0009553   0.0002644    0.001238   1.791e-05  OAI22X1
u_water_ctrl/g2                0.0008789   0.0002562    0.001189   5.418e-05  MX2X1
u_visitor/g1101                0.0005868   0.0005656    0.001171   1.816e-05  NOR2X1
u_temp_ctrl/g1662              0.0007452    0.000403    0.001161   1.314e-05  OAI221X1
u_temp_ctrl/g1743              0.0008016   0.0003426    0.001157   1.299e-05  OAI21X1
u_visitor/FE_RC_24_0            0.000512   0.0006127    0.001153   2.802e-05  NAND2X2
u_entertainment/g48            0.0006869   0.0004346    0.001142   2.093e-05  NOR4X1
u_window/g360                  0.0008546   0.0002441    0.001142   4.309e-05  AO22X1
u_temp_ctrl/g1724              0.0005083   0.0005935    0.001128   2.599e-05  CLKINVX2
u_burglar/g3                   0.0008607   0.0001864     0.00112   7.254e-05  CLKXOR2X1
u_temp_ctrl/g1703              0.0005694   0.0005109    0.001119   3.898e-05  CLKINVX3
u_humidity/g203                0.0004613   0.0006283    0.001108   1.815e-05  AOI21X1
u_door_lock/g2253              0.0007735   0.0002813    0.001097   4.264e-05  AO21X1
u_burglar/g718                 0.0005483   0.0005183    0.001095   2.802e-05  NAND2X2
u_temp_ctrl/g1744              0.0006371   0.0003757    0.001076   6.308e-05  XNOR2XL
u_water_ctrl/g79               0.0006936   0.0003615    0.001073   1.815e-05  AOI21X1
u_temp_ctrl/g1632              0.0006736    0.000383    0.001071   1.403e-05  NAND2X1
u_temp_ctrl/g1635              0.0006683   0.0003859    0.001067   1.301e-05  INVX1
u_door_lock/g2276              0.0006579   0.0003619    0.001038   1.789e-05  AOI31X1
u_window/g366                  0.0006532   0.0003656    0.001037   1.789e-05  AOI31X1
u_temp_ctrl/g1684              0.0006711   0.0003432    0.001032   1.815e-05  AOI21X1
FE_OCPC0_temp_setpoint_r_2     0.0007964   0.0001768    0.001015   4.129e-05  CLKBUFX2
u_entertainment/g44            0.0007013   0.0002453    0.001001   5.418e-05  MX2X1
u_temp_ctrl/FE_RC_27_0         0.0006601   0.0003261       0.001   1.402e-05  OAI31X1
u_door_lock/g2266              0.0007937   0.0001747   0.0009869   1.851e-05  AOI32X1
u_temp_ctrl/g1681              0.0006115   0.0003451   0.0009846   2.802e-05  NAND2X2
FE_OCPC1_temp_setpoint_r_1     0.0008006   0.0001403   0.0009822   4.129e-05  CLKBUFX2
u_temp_ctrl/g1675              0.0006219   0.0003421   0.0009821   1.816e-05  NOR2X1
u_temp_ctrl/g1711              0.0005875   0.0003763    0.000982   1.816e-05  NOR2X1
u_entertainment/g45            0.0007021   0.0002254   0.0009817   5.418e-05  MX2X1
u_door_lock/g2280              0.0005592   0.0004012   0.0009817   2.127e-05  OAI2BB1X1
u_entertainment/g47            0.0007021   0.0002251   0.0009813   5.418e-05  MX2X1
u_temp_ctrl/g1655              0.0004558   0.0004892     0.00098   3.499e-05  NAND2BX1
u_burglar/g711                 0.0005588   0.0003996   0.0009724   1.402e-05  OAI31X1
u_temp_ctrl/g1651              0.0006495   0.0002943    0.000962   1.816e-05  NOR2X1
u_entertainment/g46             0.000703   0.0002032   0.0009603   5.418e-05  MX2X1
u_temp_ctrl/FE_RC_29_0         0.0004598   0.0004769   0.0009508   1.403e-05  NAND2X1
u_burglar/g698                 0.0007419   0.0001902   0.0009503   1.815e-05  AOI21X1
u_visitor/FE_RC_25_0           0.0006678   0.0002576   0.0009455   2.004e-05  NOR2BX1
u_temp_ctrl/g1668              0.0007189   0.0002043   0.0009433   2.004e-05  NOR2BX1
u_temp_ctrl/g1650              0.0005784   0.0003508   0.0009422   1.299e-05  OAI21X1
u_temp_ctrl/FE_RC_4_0          0.0006989   0.0002269   0.0009388   1.299e-05  OAI21X1
u_visitor/g1062                0.0006413   0.0002843   0.0009378   1.224e-05  OAI222XL
u_visitor/g1109                0.0002666   0.0006567   0.0009363   1.301e-05  CLKINVX1
u_burglar/g681                  0.000689   0.0002176   0.0009246   1.791e-05  OAI22X1
u_door_lock/g2299              0.0002899   0.0006215   0.0009244   1.301e-05  CLKINVX1
u_water_ctrl/g77               0.0005281   0.0003778   0.0009183   1.236e-05  NOR2XL
u_window/g363                  0.0006704   0.0002324   0.0009158   1.299e-05  OAI21X1
u_burglar/g691                 0.0006893   0.0002046   0.0009118   1.791e-05  OAI22X1
u_window/g367                    0.00078   0.0001107   0.0009107   1.995e-05  AOI211X1
u_burglar/g699                 0.0006772   0.0001859   0.0009062   4.309e-05  AO22X1
u_door_lock/g2290              0.0005425   0.0003341   0.0009046   2.802e-05  NAND2X2
u_visitor/g1076                0.0007276   0.0001573    0.000903   1.815e-05  AOI21X1
u_visitor/g1074                0.0007152   0.0001694   0.0009028   1.815e-05  AOI21X1
u_visitor/g1093                0.0004194   0.0004353   0.0008997     4.5e-05  CLKAND2X2
u_visitor/g1063                0.0006408   0.0002459   0.0008989   1.224e-05  OAI222XL
u_visitor/g1054                0.0006388   0.0002448   0.0008958   1.224e-05  OAI222XL
u_temp_ctrl/g1680              0.0006898   0.0001868   0.0008945   1.789e-05  AOI31X1
u_burglar/g716                  0.000658   0.0001672   0.0008935   6.826e-05  XOR2XL
u_visitor/g1092                0.0006878    0.000183   0.0008917   2.093e-05  NOR4X1
u_temp_ctrl/g1638              0.0004146   0.0004557   0.0008842   1.403e-05  NAND2X1
u_visitor/g1078                0.0002671   0.0006027   0.0008828   1.301e-05  CLKINVX1
u_temp_ctrl/g1715               0.000531   0.0003125   0.0008716   2.802e-05  NAND2X2
u_visitor/g1110                0.0004626   0.0003729   0.0008705   3.499e-05  NAND2BX1
u_door_lock/g2275              0.0006611   0.0001915   0.0008705   1.789e-05  AOI31X1
u_window/g362                   0.000502   0.0003331   0.0008622   2.704e-05  MXI2XL
u_window/g370                  0.0006508   0.0001887   0.0008577   1.815e-05  AOI21X1
u_burglar/g676                 0.0006737   0.0001641   0.0008559   1.815e-05  AOI21X1
u_visitor/g1059                0.0005832   0.0002556   0.0008529    1.41e-05  OAI211X1
u_temp_ctrl/g1648              0.0004955   0.0003431   0.0008516   1.299e-05  OAI21X1
u_temp_ctrl/FE_RC_16_0         0.0006517   0.0001695   0.0008492   2.802e-05  NAND2X2
u_door_lock/g2297              0.0002665    0.000566   0.0008455   1.301e-05  CLKINVX1
u_burglar/g680                 0.0006426   0.0001822   0.0008429   1.815e-05  AOI21X1
u_door_lock/g2281              0.0006323   0.0001901   0.0008409   1.851e-05  AOI32X1
u_visitor/g1048                0.0005515   0.0002739   0.0008395    1.41e-05  OAI211X1
u_temp_ctrl/FE_RC_19_0         0.0006067   0.0002185   0.0008382   1.299e-05  OAI21X1
u_temp_ctrl/g1736              0.0005235   0.0002976   0.0008377   1.662e-05  NOR2BXL
u_temp_ctrl/FE_RC_3_0          0.0005075   0.0002868   0.0008369   4.256e-05  OR2X1
u_temp_ctrl/g1659              0.0005711    0.000244   0.0008363   2.127e-05  OAI2BB1X1
u_door_lock/g2284              0.0006479   0.0001241   0.0008351   6.308e-05  XNOR2XL
u_door_lock/g2                 0.0005505   0.0002217    0.000827    5.48e-05  NAND2BX2
u_window/g371                  0.0007256   7.956e-05   0.0008255   2.034e-05  NOR3X1
u_burglar/g721                 0.0006176    0.000194   0.0008247   1.299e-05  OAI21X1
u_temp_ctrl/g1721              0.0002622    0.000537   0.0008122   1.301e-05  CLKINVX1
u_visitor/g1065                0.0005115   0.0002618   0.0008003   2.704e-05  MXI2XL
u_burglar/g671                 0.0005932    0.000192   0.0007982   1.299e-05  OAI21X1
u_burglar/g685                  0.000609   0.0001757   0.0007976   1.299e-05  OAI21X1
u_temp_ctrl/FE_RC_14_0         0.0005939   0.0001564   0.0007907   4.035e-05  NOR3X2
u_burglar/g675                 0.0005847   0.0001917   0.0007894   1.299e-05  OAI21X1
u_lum_ctrl/g100                0.0002615   0.0005005   0.0007751   1.301e-05  INVX1
u_temp_ctrl/g1745              0.0005399   0.0002136   0.0007701   1.651e-05  NOR3BXL
u_temp_ctrl/g1737              0.0004841   0.0002668   0.0007675   1.662e-05  NOR2BXL
u_window/g364                  0.0005847    0.000158   0.0007593   1.662e-05  NOR2BXL
u_door_lock/g2267              0.0004609   0.0002757   0.0007495   1.299e-05  OAI21X1
u_lum_ctrl/g97                 0.0002615    0.000475   0.0007494   1.301e-05  INVX1
u_door_lock/g2233              0.0005671     0.00014   0.0007341   2.704e-05  MXI2XL
u_temp_ctrl/g1717_dup          0.0003761   0.0003433   0.0007317   1.236e-05  NOR2XL
u_visitor/g1085                0.0006048   8.052e-05   0.0007257   4.035e-05  NOR3X2
u_temp_ctrl/g1698              0.0003469   0.0003593   0.0007192   1.301e-05  CLKINVX1
u_temp_ctrl/g1689               0.000537   0.0001689   0.0007189   1.299e-05  OAI21X1
u_door_lock/g2289              0.0003784    0.000326   0.0007168   1.236e-05  NOR2XL
u_lum_ctrl/g96                  0.000261   0.0004278   0.0007018   1.301e-05  INVX1
u_temp_ctrl/g1661              0.0004946   0.0001935   0.0007005   1.236e-05  NOR2XL
u_temp_ctrl/g1705              0.0004201   0.0002455   0.0006927   2.704e-05  MXI2XL
u_door_lock/g754               0.0004888   0.0001553   0.0006866   4.256e-05  OR2X1
u_temp_ctrl/FE_RC_12_0         0.0003417   0.0003273   0.0006821   1.301e-05  INVX1
u_lum_ctrl/g101                0.0002608   0.0004024   0.0006763   1.301e-05  INVX1
g44                            0.0002752   0.0003855   0.0006737   1.301e-05  CLKINVX1
u_temp_ctrl/g1645              0.0003877   0.0002701   0.0006701   1.236e-05  NOR2XL
u_door_lock/g2260              0.0004365    0.000219   0.0006678   1.236e-05  NOR2XL
u_temp_ctrl/FE_RC_20_0         0.0004305   0.0002022   0.0006678   3.499e-05  NAND2BX1
u_temp_ctrl/g1720              0.0002603   0.0003897   0.0006629   1.301e-05  CLKINVX1
u_temp_ctrl/FE_RC_1_0          0.0002621   0.0003847   0.0006598   1.301e-05  CLKINVX1
g74                            0.0002725   0.0003722   0.0006577   1.301e-05  CLKINVX1
u_door_lock/FE_RC_22_0         0.0002019   0.0004418   0.0006577   1.403e-05  NAND2X1
g76                            0.0002752   0.0003693   0.0006576   1.301e-05  CLKINVX1
u_burglar/g719                 0.0002721   0.0003697   0.0006548   1.301e-05  INVX1
u_lum_ctrl/g95                 0.0002606   0.0003809   0.0006545   1.301e-05  INVX1
u_humidity/g207                0.0003756   0.0002627   0.0006507   1.236e-05  NOR2XL
u_humidity/g205                0.0003152   0.0003112   0.0006477   2.127e-05  OAI2BB1X1
u_door_lock/g2261              0.0003726   0.0002644   0.0006463   9.289e-06  NAND2XL
u_door_lock/g2288              0.0001729   0.0004604   0.0006426   9.289e-06  NAND2XL
u_burglar/g704                 0.0004222   0.0001912   0.0006404   2.704e-05  MXI2XL
u_window/g372                  0.0003754   0.0002509   0.0006386   1.236e-05  NOR2XL
u_visitor/g1083                0.0004305   0.0001648    0.000624   2.866e-05  OA21XL
u_temp_ctrl/g1716              0.0001726    0.000441   0.0006228   9.289e-06  NAND2XL
u_visitor/g1087                 0.000431   0.0001627   0.0006207   2.704e-05  MXI2XL
u_door_lock/g2244              0.0004233   0.0001829   0.0006186   1.236e-05  NOR2XL
u_visitor/g1088                0.0004232   0.0001642   0.0006144   2.704e-05  MXI2XL
u_door_lock/g2269              0.0004864   0.0001142   0.0006136   1.299e-05  OAI21X1
u_burglar/g700                 0.0004136   0.0001728   0.0006134   2.704e-05  MXI2XL
u_door_lock/FE_RC_23_0         0.0004966   9.557e-05   0.0006122   2.004e-05  NOR2BX1
u_door_lock/g2270              0.0004576   0.0001405   0.0006102    1.22e-05  AOI21XL
u_burglar/g690                 0.0004026   0.0001797   0.0006093   2.704e-05  MXI2XL
u_temp_ctrl/g1670              0.0002834   0.0003103   0.0006066   1.301e-05  INVX1
u_door_lock/g2237              0.0004623    0.000132   0.0006065    1.22e-05  AOI21XL
u_door_lock/g2296              0.0002737   0.0003178   0.0006045   1.301e-05  INVX1
u_door_lock/g2239              0.0004323   0.0001594    0.000604   1.236e-05  NOR2XL
u_door_lock/g2234              0.0004347   0.0001564   0.0006035   1.236e-05  NOR2XL
u_door_lock/g2252               0.000467    0.000124   0.0006032    1.22e-05  AOI21XL
u_visitor/g1098                0.0002746   0.0003144   0.0006031   1.403e-05  NAND2X1
u_door_lock/g2256               0.000409   0.0001784   0.0005997   1.236e-05  NOR2XL
u_burglar/g697                 0.0003919   0.0001876   0.0005987    1.92e-05  OAI2BB1XL
u_temp_ctrl/g1678              0.0002948   0.0002901   0.0005979   1.301e-05  INVX1
u_door_lock/g2231              0.0004342   0.0001499   0.0005964   1.236e-05  NOR2XL
u_door_lock/g2229              0.0004226   0.0001603   0.0005953   1.236e-05  NOR2XL
u_lum_ctrl/g98                 0.0002596   0.0003216   0.0005942   1.301e-05  INVX1
u_door_lock/g2242               0.000473   0.0001059   0.0005911    1.22e-05  AOI21XL
u_door_lock/g2295              0.0003173   0.0002535   0.0005838   1.301e-05  CLKINVX1
u_visitor/g1066                0.0003762   0.0001729   0.0005762   2.704e-05  MXI2XL
u_door_lock/g2262              0.0004143   0.0001487   0.0005754   1.236e-05  NOR2XL
u_temp_ctrl/FE_RC_15_0         0.0003501   0.0002027   0.0005669   1.403e-05  NAND2X1
u_visitor/g1105                0.0002594   0.0002914   0.0005638   1.301e-05  INVX1
u_door_lock/g2279              0.0003494   0.0001966   0.0005591   1.301e-05  INVX1
u_door_lock/g2259              0.0002833   0.0002656   0.0005583   9.289e-06  NAND2XL
u_temp_ctrl/g1717              0.0003755   0.0001672    0.000555   1.236e-05  NOR2XL
u_visitor/g1096                0.0002726   0.0002658   0.0005524   1.403e-05  NAND2X1
u_temp_ctrl/g1647              0.0002054   0.0003368   0.0005509   8.757e-06  INVXL
u_visitor/g1079                 0.000399   0.0001245   0.0005505   2.704e-05  MXI2XL
u_temp_ctrl/g1726              0.0002613   0.0002672   0.0005416   1.301e-05  CLKINVX1
u_temp_ctrl/g1657              0.0003381   0.0001857   0.0005368   1.301e-05  INVX1
u_temp_ctrl/g1712              0.0002588   0.0002649   0.0005367   1.301e-05  CLKINVX1
u_burglar/g720                 0.0002741   0.0002486   0.0005357   1.301e-05  CLKINVX1
u_temp_ctrl/g1709              0.0002698   0.0002479   0.0005317   1.403e-05  NAND2X1
u_visitor/g1061                0.0002915   0.0002102   0.0005287   2.704e-05  MXI2XL
u_temp_ctrl/FE_RC_17_0         0.0002603   0.0002454   0.0005188   1.301e-05  CLKINVX1
u_temp_ctrl/g1700              0.0003971   9.106e-05   0.0005161   2.802e-05  NAND2X2
u_burglar/g715                 0.0003425    0.000135   0.0005096   3.212e-05  NAND4X2
u_visitor/g1099                0.0003782   0.0001127   0.0005033   1.236e-05  NOR2XL
g46                            0.0002776   0.0002098   0.0005004   1.301e-05  CLKINVX1
u_burglar/g710                 0.0002293   0.0002243   0.0004961   4.256e-05  OR2X1
u_lum_ctrl/g99                 0.0002587   0.0002223    0.000494   1.301e-05  INVX1
u_visitor/g1102                0.0002731   0.0002077   0.0004938   1.301e-05  CLKINVX1
u_window/g365                  0.0002548   0.0002014   0.0004904   3.419e-05  NAND3BX1
u_visitor/g1049                0.0002247   0.0002545   0.0004887   9.525e-06  OAI31XL
u_humidity/g206                0.0003677   0.0001052    0.000487    1.41e-05  OAI211X1
u_visitor/g1050                0.0002957   0.0001623    0.000485   2.704e-05  MXI2XL
u_visitor/g1052                0.0003525   0.0001135     0.00048   1.402e-05  OAI31X1
u_visitor/g1053                0.0003125   0.0001477   0.0004743    1.41e-05  OAI211X1
u_lum_ctrl/g102                0.0002584   0.0002026    0.000474   1.301e-05  INVX1
u_temp_ctrl/g1728              0.0002585   0.0001897   0.0004613   1.301e-05  CLKINVX1
u_burglar/g688                 0.0002231   0.0002254   0.0004578   9.289e-06  NAND2XL
u_door_lock/g2274              0.0002223    0.000223   0.0004541   8.757e-06  INVXL
u_burglar/g709                 0.0002788   0.0001597   0.0004509   1.236e-05  NOR2XL
u_door_lock/g2265              0.0002332   0.0002086   0.0004505   8.757e-06  INVXL
u_door_lock/g2230              0.0003209   0.0001107   0.0004437    1.22e-05  AOI21XL
g73                            0.0002721   0.0001561   0.0004412   1.301e-05  CLKINVX1
u_door_lock/g2240              0.0002904   5.027e-05   0.0004408   0.0001001  NAND2BX4
u_door_lock/g2268              0.0003722   4.851e-05   0.0004407   1.995e-05  AOI211X1
u_door_lock/g2283              0.0002643   0.0001386   0.0004378   3.499e-05  NAND2BX1
u_visitor/g1069                0.0002078   0.0002161   0.0004332   9.289e-06  NAND2XL
g47                            0.0002815   0.0001363   0.0004308   1.301e-05  CLKINVX1
u_visitor/g1067                0.0002073   0.0002133   0.0004299   9.289e-06  NAND2XL
u_door_lock/g2300              0.0002677   0.0001254   0.0004281   3.499e-05  NAND2BX1
u_window/g368                  0.0002565   0.0001325    0.000424   3.499e-05  NAND2BX1
u_burglar/g702                 0.0002405   0.0001287    0.000424    5.48e-05  NAND2BX2
u_door_lock/g2245              0.0002395   0.0001261   0.0004204    5.48e-05  NAND2BX2
u_temp_ctrl/g1719               0.000168   0.0002425   0.0004193   8.757e-06  INVXL
u_visitor/g2                   0.0002723   0.0001072   0.0004144   3.499e-05  NAND2BX1
u_temp_ctrl/g1692              0.0002998   8.907e-05   0.0004092   2.034e-05  NOR3X1
u_temp_ctrl/g1683              0.0001947   0.0002004   0.0004044   9.289e-06  NAND2XL
u_burglar/g695                 0.0002716   0.0001155   0.0003958   8.728e-06  OAI21XL
g48                            0.0002866   9.265e-05   0.0003923   1.301e-05  CLKINVX1
g70                            0.0002807   9.215e-05   0.0003859   1.301e-05  CLKINVX1
u_door_lock/g2258              0.0001991   0.0001479    0.000382   3.499e-05  NAND2BX1
g50                            0.0002912   7.282e-05   0.0003771   1.301e-05  CLKINVX1
u_door_lock/g2272              0.0002792   7.911e-05   0.0003706   1.236e-05  NOR2XL
u_temp_ctrl/g1713              0.0001836   0.0001686    0.000361   8.757e-06  INVXL
g51                            0.0002945   5.074e-05   0.0003583   1.301e-05  CLKINVX1
g72                             0.000277   6.215e-05   0.0003521   1.301e-05  CLKINVX1
u_temp_ctrl/g1706              0.0001798   0.0001336   0.0003484   3.499e-05  NAND2BX1
g45                            0.0002911   3.898e-05    0.000343   1.301e-05  CLKINVX1
g75                            0.0002848   4.485e-05   0.0003426   1.301e-05  CLKINVX1
g49                            0.0002953   3.206e-05   0.0003404   1.301e-05  CLKINVX1
u_visitor/g1081                0.0001401   0.0001856   0.0003397   1.403e-05  NAND2X1
g77                            0.0002913   3.417e-05   0.0003385   1.301e-05  CLKINVX1
u_temp_ctrl/g1725              0.0001703   0.0001591   0.0003381   8.757e-06  INVXL
u_door_lock/g2298              0.0001733   0.0001558   0.0003379   8.757e-06  INVXL
g71                            0.0002876   3.675e-05   0.0003374   1.301e-05  CLKINVX1
u_window/g369                  0.0001632   0.0001409   0.0003328   2.877e-05  NAND2BXL
u_temp_ctrl/g1694              0.0001393   0.0001767     0.00033   1.403e-05  NAND2X1
u_temp_ctrl/g1729              0.0001664   0.0001535   0.0003287   8.757e-06  INVXL
u_humidity/g204                0.0001686   0.0001488   0.0003262   8.757e-06  INVXL
u_door_lock/g2287              0.0001745   0.0001404   0.0003242   9.289e-06  NAND2XL
u_door_lock/g2285              0.0001192   0.0001737   0.0003208    2.78e-05  NAND4BXL
u_temp_ctrl/g1723              0.0001663   0.0001442   0.0003193   8.757e-06  INVXL
u_window/g373                  0.0001651   0.0001426   0.0003165   8.757e-06  INVXL
u_temp_ctrl/g1667              0.0002545   3.338e-05   0.0003089   2.093e-05  NOR4X1
u_burglar/g717                 0.0001745   0.0001041   0.0002879   9.289e-06  NAND2XL
u_visitor/g1091                0.0001354   0.0001372   0.0002819   9.289e-06  NAND2XL
u_visitor/g1068                0.0001798   7.508e-05    0.000273   1.816e-05  NOR2X1
u_temp_ctrl/g1660              0.0001376   0.0001251    0.000272   9.289e-06  NAND2XL
u_burglar/g705                 3.974e-05   0.0002066   0.0002593   1.301e-05  CLKINVX1
u_door_lock/g2257              0.0001847   5.658e-05   0.0002536   1.236e-05  NOR2XL
u_visitor/g1086                8.836e-05   0.0001421   0.0002445   1.403e-05  NAND2X1
u_burglar/FE_OFC0_n_6          0.0001351   9.421e-05   0.0002423   1.301e-05  INVX1
u_visitor/g1077                0.0001077   9.334e-05   0.0002192   1.816e-05  NOR2X1
u_burglar/g701                 0.0001158   4.655e-05   0.0001747   1.236e-05  NOR2XL
u_burglar/g689                 7.738e-05   5.878e-05   0.0001712   3.499e-05  NAND2BX1
u_burglar/g713                 9.356e-05   6.004e-05   0.0001677    1.41e-05  OAI211X1
u_door_lock/g2243              0.0001155   3.059e-05   0.0001585   1.236e-05  NOR2XL
u_temp_ctrl/g1739              0.0001145   1.633e-05   0.0001527   2.186e-05  NOR3BX1
u_visitor/g1057                3.395e-05   9.324e-05   0.0001365   9.289e-06  NAND2XL
u_temp_ctrl/g1685              5.834e-05   4.646e-05   0.0001147    9.93e-06  NAND3XL
u_burglar/g692                 4.782e-05    3.05e-05   0.0001125   3.419e-05  NAND3BX1
u_temp_ctrl/g1665              6.244e-05   2.838e-05   0.0001069   1.612e-05  NAND4X1
u_burglar/g707                 5.437e-05   4.013e-05   0.0001069   1.236e-05  NOR2XL
u_door_lock/g2238              6.925e-05   1.785e-05   9.946e-05   1.236e-05  NOR2XL
u_door_lock/g2235              4.856e-05   3.664e-05   9.822e-05   1.301e-05  CLKINVX1
u_temp_ctrl/g1697_dup          3.207e-05   3.619e-05   7.756e-05   9.289e-06  NAND2XL
u_temp_ctrl/g1697              3.202e-05   3.202e-05   7.333e-05   9.289e-06  NAND2XL
u_burglar/g678                 4.038e-05   1.669e-05   6.943e-05   1.236e-05  NOR2XL
u_visitor/g1082                1.729e-05   2.229e-05   5.361e-05   1.403e-05  NAND2X1
u_visitor/g1064                2.021e-05   1.852e-05   4.802e-05   9.289e-06  NAND2XL
u_burglar/g684                 2.315e-05   1.056e-05   4.606e-05   1.236e-05  NOR2XL
u_burglar/g703                 2.353e-05   6.099e-06   4.199e-05   1.236e-05  NOR2XL

---------------------------------------------------------------------------------------

Total (    469 of    469  )        2.618      0.4163      3.071     0.03594
Total Capacitance                5.543e-12 F
Power Density                   *** No Die Area ***
