*----------------------------------------------------------------------------------------
*	Innovus 20.10-p004_1 (64bit) 05/07/2020 20:02 (Linux 2.6.32-431.11.2.el6.x86_64)
*	
*
* 	Date & Time:	2025-Nov-18 23:59:51 (2025-Nov-18 18:29:51 GMT)
*
*----------------------------------------------------------------------------------------
*
*	Design: HA
*
*	Liberty Libraries used: 
*	        view1: /home/drashi25114/Desktop/cmos65/90nm/Physical_design/cts/cts_0.5/slow.lib
*
*	Power Domain used: 
*              Rail:        VDD      Voltage:        0.9 
*
*       Power View : view1
*
*       User-Defined Activity : N.A.
*
*       Activity File: N.A.
*
*       Hierarchical Global Activity: N.A.
*
*       Global Activity: N.A.
*
*       Sequential Element Activity: 0.200000
*
*       Primary Input Activity: 0.200000
*
*       Default icg ratio: N.A.
*
*       Global Comb ClockGate Ratio: N.A.
*
*	Power Units = 1mW
*
*	Time Units = 1e-09 secs 
*
*       Temperature = 125 
*
*       report_power -outfile cts_reports/ctsafteranalysis.rpt -rail_analysis_format VS
*
-----------------------------------------------------------------------------------------
Cell                            Internal   Switching       Total     Leakage   Cell
                                   Power       Power       Power       Power   Name
--------------------------------------------------------------------------------------
CTS_ccl_a_buf_00004              0.07978     0.09222      0.1722   0.0001864  CLKBUFX16
CTS_ccl_a_buf_00006              0.07977     0.08992      0.1699   0.0001864  CLKBUFX16
led_brightness_r_reg[4]          0.01974   0.0003435     0.02038   0.0003009  SDFFRHQX8
led_brightness_r_reg[7]          0.01974   0.0003296     0.02037   0.0003009  SDFFRHQX8
volume_level_r_reg[3]            0.01927   0.0007793     0.02035   0.0003009  SDFFRHQX8
led_brightness_r_reg[5]          0.01975   0.0002986     0.02035   0.0003009  SDFFRHQX8
led_brightness_r_reg[2]          0.01975   0.0002954     0.02034   0.0003009  SDFFRHQX8
led_brightness_r_reg[1]          0.01975   0.0002906     0.02034   0.0003009  SDFFRHQX8
visitor_count_r_reg[1]           0.01975   0.0002803     0.02033   0.0003009  SDFFRHQX8
visitor_count_r_reg[4]           0.01969   0.0003257     0.02031   0.0003009  SDFFRHQX8
led_brightness_r_reg[6]          0.01976   0.0002385      0.0203   0.0003009  SDFFRHQX8
led_brightness_r_reg[3]          0.01976   0.0002341      0.0203   0.0003009  SDFFRHQX8
visitor_count_r_reg[0]           0.01976   0.0002273     0.02029   0.0003009  SDFFRHQX8
visitor_count_r_reg[3]            0.0197    0.000272     0.02027   0.0003009  SDFFRHQX8
visitor_count_r_reg[2]            0.0197   0.0002566     0.02026   0.0003009  SDFFRHQX8
window_state_r_reg[1]            0.01929   0.0006634     0.02025   0.0003009  SDFFRHQX8
visitor_count_r_reg[7]            0.0197   0.0002504     0.02025   0.0003009  SDFFRHQX8
visitor_count_r_reg[6]            0.0197   0.0002467     0.02025   0.0003009  SDFFRHQX8
window_state_r_reg[0]            0.01937   0.0005295      0.0202   0.0003009  SDFFRHQX8
dehumidifier_on_r_reg            0.01932   0.0005205     0.02014   0.0003009  SDFFRHQX8
water_valve_close_r_reg          0.01932   0.0005095     0.02013   0.0003009  SDFFRHQX8
music_on_r_reg                   0.01932   0.0004994     0.02012   0.0003009  SDFFRHQX8
humidifier_on_r_reg              0.01935    0.000397     0.02005   0.0003009  SDFFRHQX8
volume_level_r_reg[2]            0.01935   0.0003864     0.02004   0.0003009  SDFFRHQX8
tv_on_r_reg                      0.01935   0.0003478        0.02   0.0003009  SDFFRHQX8
volume_level_r_reg[0]            0.01936   0.0003442        0.02   0.0003009  SDFFRHQX8
led_brightness_r_reg[0]          0.01944   0.0002514     0.01999   0.0003009  SDFFRHQX8
lock_status_r_reg[1]             0.01936   0.0003246     0.01999   0.0003009  SDFFRHQX8
volume_level_r_reg[1]            0.01936    0.000316     0.01998   0.0003009  SDFFRHQX8
lock_status_r_reg[0]             0.01937   0.0002944     0.01996   0.0003009  SDFFRHQX8
visitor_count_r_reg[5]           0.01939   0.0002254     0.01991   0.0003009  SDFFRHQX8
u_visitor/count_reg[5]           0.01685    0.001532      0.0186   0.0002171  SDFFRHQX4
temp_setpoint_r_reg[1]           0.01663    0.001665     0.01851   0.0002171  SDFFRHQX4
u_visitor/count_reg[0]           0.01725   0.0009984     0.01847   0.0002171  SDFFRHQX4
u_visitor/count_reg[1]           0.01723   0.0009471     0.01839   0.0002171  SDFFRHQX4
temp_setpoint_r_reg[5]            0.0163    0.001849     0.01836   0.0002171  SDFFRHQX4
temp_setpoint_r_reg[2]            0.0163    0.001579      0.0181   0.0002171  SDFFRHQX4
temp_sensor_r_reg[2]             0.01664    0.001204     0.01806   0.0002171  SDFFRHQX4
temp_sensor_r_reg[6]             0.01664    0.001143       0.018   0.0002171  SDFFRHQX4
humidity_sensor_r_reg[1]         0.01665     0.00106     0.01792   0.0002171  SDFFRHQX4
temp_sensor_r_reg[3]             0.01664    0.001003     0.01786   0.0002171  SDFFRHQX4
window_auto_mode_r_reg           0.01664   0.0009682     0.01782   0.0002171  SDFFRHQX4
temp_sensor_r_reg[5]             0.01664   0.0009132     0.01777   0.0002171  SDFFRHQX4
volume_cmd_r_reg[2]              0.01664   0.0008857     0.01774   0.0002171  SDFFRHQX4
volume_cmd_r_reg[3]              0.01664   0.0008585     0.01772   0.0002171  SDFFRHQX4
temp_sensor_r_reg[4]             0.01664    0.000841      0.0177   0.0002171  SDFFRHQX4
temp_setpoint_r_reg[6]           0.01631    0.001163     0.01769   0.0002171  SDFFRHQX4
volume_cmd_r_reg[1]              0.01664   0.0008202     0.01768   0.0002171  SDFFRHQX4
music_on_cmd_r_reg               0.01664   0.0007987     0.01766   0.0002171  SDFFRHQX4
entry_sensor_r_reg               0.01662   0.0008164     0.01766   0.0002171  SDFFRHQX4
volume_cmd_r_reg[0]              0.01664   0.0007856     0.01765   0.0002171  SDFFRHQX4
temp_sensor_r_reg[7]             0.01665   0.0007349      0.0176   0.0002171  SDFFRHQX4
tv_on_cmd_r_reg                  0.01665    0.000724     0.01759   0.0002171  SDFFRHQX4
light_sensor_r_reg[5]            0.01663   0.0007342     0.01758   0.0002171  SDFFRHQX4
light_sensor_r_reg[7]            0.01663   0.0007286     0.01757   0.0002171  SDFFRHQX4
light_sensor_r_reg[4]            0.01663   0.0007214     0.01757   0.0002171  SDFFRHQX4
temp_setpoint_r_reg[0]           0.01665   0.0006873     0.01755   0.0002171  SDFFRHQX4
window_manual_close_r_reg        0.01665   0.0006462     0.01752   0.0002171  SDFFRHQX4
light_sensor_r_reg[1]            0.01663   0.0006595     0.01751   0.0002171  SDFFRHQX4
light_sensor_r_reg[2]            0.01663   0.0006555     0.01751   0.0002171  SDFFRHQX4
temp_setpoint_r_reg[3]           0.01631    0.000976      0.0175   0.0002171  SDFFRHQX4
light_sensor_r_reg[3]            0.01663   0.0006502      0.0175   0.0002171  SDFFRHQX4
exit_sensor_r_reg                0.01664    0.000608     0.01746   0.0002171  SDFFRHQX4
temp_setpoint_r_reg[4]           0.01631   0.0009274     0.01746   0.0002171  SDFFRHQX4
light_sensor_r_reg[6]            0.01664   0.0005823     0.01744   0.0002171  SDFFRHQX4
window_manual_open_r_reg         0.01666   0.0005552     0.01743   0.0002171  SDFFRHQX4
light_sensor_r_reg[0]            0.01664   0.0005478      0.0174   0.0002171  SDFFRHQX4
humidity_sensor_r_reg[3]         0.01666   0.0005231      0.0174   0.0002171  SDFFRHQX4
humidity_sensor_r_reg[0]         0.01664   0.0005237     0.01738   0.0002171  SDFFRHQX4
humidity_sensor_r_reg[5]         0.01667   0.0004681     0.01735   0.0002171  SDFFRHQX4
temp_sensor_r_reg[1]             0.01667   0.0004604     0.01734   0.0002171  SDFFRHQX4
light_cmd_r_reg                  0.01665   0.0004575     0.01732   0.0002171  SDFFRHQX4
ac_cmd_r_reg                     0.01665   0.0004508     0.01731   0.0002171  SDFFRHQX4
fan_cmd_r_reg                    0.01665   0.0004401      0.0173   0.0002171  SDFFRHQX4
temp_setpoint_r_reg[7]           0.01632   0.0007666      0.0173   0.0002171  SDFFRHQX4
temp_sensor_r_reg[0]             0.01667   0.0004134      0.0173   0.0002171  SDFFRHQX4
alarm_arm_r_reg                  0.01667   0.0003797     0.01727   0.0002171  SDFFRHQX4
window_sensor_r_reg              0.01667   0.0003749     0.01726   0.0002171  SDFFRHQX4
door_sensor_r_reg                0.01667   0.0003745     0.01726   0.0002171  SDFFRHQX4
door_lock_cmd_r_reg              0.01665   0.0003808     0.01725   0.0002171  SDFFRHQX4
door_unlock_cmd_r_reg            0.01665   0.0003734     0.01724   0.0002171  SDFFRHQX4
pin_input_r_reg[0]               0.01665   0.0003553     0.01723   0.0002171  SDFFRHQX4
pin_input_r_reg[2]               0.01665   0.0003492     0.01722   0.0002171  SDFFRHQX4
pin_input_r_reg[1]               0.01666    0.000333     0.01721   0.0002171  SDFFRHQX4
motion_sensor_r_reg              0.01668   0.0003045      0.0172   0.0002171  SDFFRHQX4
humidity_sensor_r_reg[2]         0.01666   0.0003249      0.0172   0.0002171  SDFFRHQX4
humidity_sensor_r_reg[6]         0.01668   0.0002995      0.0172   0.0002171  SDFFRHQX4
humidity_sensor_r_reg[7]         0.01669   0.0002734     0.01718   0.0002171  SDFFRHQX4
pin_input_r_reg[3]               0.01667   0.0002811     0.01717   0.0002171  SDFFRHQX4
humidity_sensor_r_reg[4]         0.01669   0.0002356     0.01715   0.0002171  SDFFRHQX4
water_level_r_reg[2]             0.01634   0.0004926     0.01705   0.0002171  SDFFRHQX4
water_level_r_reg[3]             0.01634   0.0004664     0.01702   0.0002171  SDFFRHQX4
water_level_r_reg[0]             0.01635   0.0003601     0.01692   0.0002171  SDFFRHQX4
water_level_r_reg[1]             0.01636   0.0002961     0.01687   0.0002171  SDFFRHQX4
u_visitor/count_reg[2]           0.01444    0.001137     0.01575   0.0001737  SDFFRHQX2
FE_OFC4_rst_n                   0.001211     0.01447     0.01574   6.202e-05  CLKBUFX3
u_visitor/count_reg[3]           0.01412    0.001268     0.01556   0.0001737  SDFFRHQX2
u_visitor/count_reg[6]           0.01408    0.001085     0.01534   0.0001737  SDFFRHQX2
u_door_lock/state_reg[1]         0.01365    0.001525     0.01533   0.0001526  SDFFRHQX1
u_visitor/count_reg[4]           0.01412   0.0009319     0.01522   0.0001737  SDFFRHQX2
u_door_lock/state_reg[0]         0.01353    0.001248     0.01493   0.0001526  SDFFRHQX1
u_window/window_state_reg[0]     0.01388   0.0007486     0.01478   0.0001526  SDFFRHQX1
u_window/window_state_reg[1]      0.0138   0.0007643     0.01472   0.0001526  SDFFRHQX1
u_visitor/count_reg[7]           0.01359   0.0008847     0.01464   0.0001737  SDFFRHQX2
u_burglar/delay_counter_reg[1]    0.01354   0.0007978     0.01449   0.0001526  SDFFRHQX1
u_door_lock/attempt_counter_reg[2]     0.0138   0.0005178     0.01447   0.0001526  SDFFRHQX1
u_burglar/delay_counter_reg[3]    0.01354   0.0007327     0.01442   0.0001526  SDFFRHQX1
u_burglar/delay_counter_reg[2]    0.01353    0.000705     0.01439   0.0001526  SDFFRHQX1
u_burglar/delay_counter_reg[4]    0.01322   0.0009976     0.01437   0.0001526  SDFFRHQX1
u_burglar/delay_counter_reg[0]    0.01347   0.0007386     0.01436   0.0001526  SDFFRHQX1
u_door_lock/attempt_counter_reg[1]    0.01346   0.0007344     0.01435   0.0001526  SDFFRHQX1
u_door_lock/attempt_counter_reg[0]    0.01346   0.0007261     0.01434   0.0001526  SDFFRHQX1
u_burglar/delay_counter_reg[5]    0.01323   0.0009329     0.01431   0.0001526  SDFFRHQX1
u_door_lock/timeout_counter_reg[5]    0.01302    0.001133     0.01431   0.0001526  SDFFRHQX1
FE_OFC9_scan_en                 0.001211     0.01296     0.01423   6.202e-05  CLKBUFX3
u_burglar/delay_counter_reg[6]    0.01318   0.0008632      0.0142   0.0001526  SDFFRHQX1
u_entertainment/volume_level_reg[0]    0.01348   0.0005392     0.01416   0.0001436  SDFFSHQX1
u_entertainment/volume_level_reg[2]    0.01348     0.00053     0.01415   0.0001436  SDFFSHQX1
u_burglar/delay_counter_reg[8]    0.01349   0.0004854     0.01413   0.0001526  SDFFRHQX1
u_water_ctrl/pump_on_reg         0.01346   0.0004834      0.0141   0.0001526  SDFFRHQX1
u_burglar/delay_counter_reg[7]    0.01316   0.0006899       0.014   0.0001526  SDFFRHQX1
u_door_lock/timeout_counter_reg[4]    0.01305   0.0007949       0.014   0.0001526  SDFFRHQX1
u_door_lock/timeout_counter_reg[2]      0.013   0.0007747     0.01392   0.0001526  SDFFRHQX1
u_door_lock/timeout_counter_reg[6]    0.01302   0.0007419     0.01391   0.0001526  SDFFRHQX1
u_lum_ctrl/led_brightness_reg[4]    0.01328   0.0004413     0.01388   0.0001526  SDFFRHQX1
u_humidity/dehumidifier_on_reg    0.01327   0.0004344     0.01386   0.0001526  SDFFRHQX1
u_appliances/fan_on_reg          0.01327   0.0004253     0.01385   0.0001526  SDFFRHQX1
u_lum_ctrl/led_brightness_reg[2]    0.01328   0.0004123     0.01385   0.0001526  SDFFRHQX1
u_entertainment/volume_level_reg[3]    0.01318    0.000518     0.01385   0.0001526  SDFFRHQX1
u_burglar/alarm_out_reg          0.01316    0.000534     0.01384   0.0001526  SDFFRHQX1
u_door_lock/timeout_counter_reg[1]    0.01306   0.0006271     0.01384   0.0001526  SDFFRHQX1
u_entertainment/volume_level_reg[1]    0.01319   0.0004941     0.01383   0.0001526  SDFFRHQX1
u_water_ctrl/valve_close_reg     0.01333   0.0003502     0.01383   0.0001526  SDFFRHQX1
u_lum_ctrl/led_brightness_reg[3]    0.01328   0.0003753     0.01381   0.0001526  SDFFRHQX1
u_door_lock/timeout_counter_reg[3]    0.01302   0.0006156     0.01379   0.0001526  SDFFRHQX1
u_lum_ctrl/led_brightness_reg[1]    0.01329   0.0003485     0.01379   0.0001526  SDFFRHQX1
u_lum_ctrl/led_brightness_reg[0]    0.01329    0.000346     0.01379   0.0001526  SDFFRHQX1
u_appliances/lights_on_reg       0.01328   0.0003251     0.01376   0.0001526  SDFFRHQX1
u_door_lock/timeout_counter_reg[0]    0.01299    0.000615     0.01375   0.0001526  SDFFRHQX1
u_door_lock/timeout_counter_reg[7]    0.01302   0.0005717     0.01374   0.0001526  SDFFRHQX1
u_appliances/ac_on_reg           0.01327   0.0003053     0.01373   0.0001526  SDFFRHQX1
u_lum_ctrl/led_brightness_reg[7]    0.01297   0.0005982     0.01372   0.0001526  SDFFRHQX1
u_door_lock/lock_status_reg[1]    0.01298   0.0005353     0.01367   0.0001526  SDFFRHQX1
u_lum_ctrl/led_brightness_reg[6]    0.01297   0.0005314     0.01365   0.0001526  SDFFRHQX1
u_door_lock/lock_status_reg[0]    0.01297   0.0004604     0.01358   0.0001526  SDFFRHQX1
u_lum_ctrl/led_brightness_reg[5]    0.01296   0.0004517     0.01357   0.0001526  SDFFRHQX1
u_visitor/exit_prev_reg          0.01296    0.000439     0.01356   0.0001526  SDFFRHQX1
u_entertainment/tv_on_reg        0.01295   0.0004198     0.01352   0.0001526  SDFFRHQX1
u_entertainment/music_on_reg     0.01295   0.0003899     0.01349   0.0001526  SDFFRHQX1
u_humidity/humidifier_on_reg     0.01293   0.0003675     0.01345   0.0001526  SDFFRHQX1
u_visitor/entry_prev_reg         0.01297   0.0003167     0.01344   0.0001526  SDFFRHQX1
u_door_lock/door_locked_reg      0.01295   0.0003163     0.01342   0.0001526  SDFFRHQX1
lights_on_r_reg                   0.0119    0.001093     0.01316   0.0001667  SDFFRX1
u_temp_ctrl/cooler_on_reg        0.01257    0.000387     0.01311   0.0001524  SDFFRXL
fan_on_r_reg                     0.01191    0.001038     0.01311   0.0001667  SDFFRX1
ac_on_r_reg                      0.01191   0.0009156     0.01299   0.0001667  SDFFRX1
burglar_alarm_out_r_reg          0.01162    0.001113      0.0129   0.0001667  SDFFRX1
cooler_on_r_reg                  0.01163    0.001057     0.01286   0.0001667  SDFFRX1
u_temp_ctrl/heater_on_reg        0.01226   0.0004267     0.01284   0.0001524  SDFFRXL
heater_on_r_reg                  0.01163    0.001031     0.01283   0.0001667  SDFFRX1
door_locked_r_reg                0.01163   0.0009955     0.01279   0.0001667  SDFFRX1
water_pump_on_r_reg              0.01161   0.0008443     0.01263   0.0001667  SDFFRX1
FE_OFC7_rst_n                   0.003018    0.007452     0.01059   0.0001212  CLKBUFX6
FE_OFC8_scan_en                0.0007955    0.009331     0.01017   4.129e-05  BUFX2
FE_OFC6_rst_n                   0.003023    0.006851    0.009995   0.0001212  CLKBUFX6
u_temp_ctrl/g1643               0.003799   0.0003711     0.00421   3.997e-05  AOI211X2
FE_OCPC1_temp_setpoint_r_3      0.002331   0.0009637    0.003416   0.0001212  BUFX6
u_temp_ctrl/g1710               0.002335   0.0005537    0.002961   7.214e-05  NOR2X4
FE_OFC5_rst_n                  0.0009903    0.001875    0.002907   4.129e-05  BUFX2
u_temp_ctrl/g1639               0.002201   0.0006489    0.002886   3.634e-05  AOI22X2
u_temp_ctrl/g1740               0.001649    0.001171    0.002858   3.838e-05  NOR2BX2
u_temp_ctrl/FE_RC_18_0          0.002198   0.0005398    0.002774   3.602e-05  AOI21X2
u_temp_ctrl/g1718               0.001603    0.001006     0.00269   8.142e-05  NAND2X6
u_temp_ctrl/FE_RC_11_0          0.001794   0.0008142    0.002662    5.32e-05  NAND3BX2
u_temp_ctrl/FE_RC_28_0          0.001286    0.001291    0.002608   3.011e-05  NAND3X2
u_temp_ctrl/g1636               0.001392    0.001156    0.002576   2.802e-05  NAND2X2
u_temp_ctrl/g1707_dup           0.001865   0.0004802    0.002507   0.0001614  CLKAND2X6
u_visitor/g1075                 0.001493   0.0009658    0.002495   3.607e-05  NOR2X2
u_temp_ctrl/FE_RC_10_0          0.001646   0.0008053    0.002487   3.602e-05  AOI21X2
FE_OCPC3_temp_setpoint_r_4      0.001198    0.001222    0.002483   6.202e-05  BUFX3
u_temp_ctrl/g1695                0.00172   0.0005188    0.002276   3.753e-05  AOI2BB1X2
u_visitor/g1090                 0.001739   0.0003869    0.002198   7.214e-05  NOR2X4
u_temp_ctrl/FE_RC_26_0          0.001641   0.0005103    0.002187   3.541e-05  AOI31X2
u_temp_ctrl/FE_RC_21_0          0.001519   0.0006301    0.002185   3.602e-05  AOI21X2
u_visitor/g1084                  0.00167   0.0004712    0.002182   3.997e-05  AOI211X2
u_door_lock/g2264              0.0005751    0.001576    0.002164   1.299e-05  OAI21X1
u_temp_ctrl/g1691               0.001463   0.0005616    0.002061   3.602e-05  AOI21X2
u_temp_ctrl/FE_RC_2_0           0.001606   0.0004133    0.002048   2.836e-05  OAI31X2
u_burglar/g706                 0.0003758     0.00161    0.001999   1.301e-05  CLKINVX1
u_temp_ctrl/g1672               0.001657   0.0003029    0.001995   3.602e-05  AOI21X2
u_visitor/g1103                0.0007844   0.0009789    0.001802   3.898e-05  CLKINVX3
u_burglar/g2                   0.0007965   0.0009504    0.001767   2.004e-05  NOR2BX1
u_temp_ctrl/g1631                0.00122   0.0004862    0.001719   1.299e-05  OAI21X1
u_temp_ctrl/g1704               0.001455   0.0002158    0.001711   4.035e-05  NOR3X2
u_temp_ctrl/g1653               0.001124   0.0005489    0.001691   1.816e-05  NOR2X1
u_temp_ctrl/FE_RC_0_0           0.001186   0.0004478    0.001671   3.634e-05  AOI22X2
u_visitor/g1073                0.0006536   0.0009869    0.001666   2.599e-05  CLKINVX2
u_visitor/FE_OCPC2_n_26        0.0008007   0.0008177     0.00166   4.129e-05  BUFX2
u_temp_ctrl/g1707              0.0009433   0.0005577    0.001582   8.078e-05  CLKAND2X3
u_temp_ctrl/g1714              0.0007607   0.0007038    0.001503   3.898e-05  CLKINVX3
u_visitor/g1100                0.0005356     0.00093    0.001494   2.802e-05  NAND2X2
u_temp_ctrl/g1630                0.00106   0.0004063     0.00148   1.299e-05  OAI21X1
u_temp_ctrl/g1738              0.0008199   0.0005437    0.001436   7.254e-05  CLKXOR2X1
u_door_lock/g2271               0.001092    0.000317    0.001427   1.787e-05  OAI32X1
u_temp_ctrl/g1664              0.0007166   0.0006905    0.001425   1.815e-05  AOI21X1
u_visitor/g1104                0.0005121   0.0008416     0.00138   2.599e-05  CLKINVX2
u_visitor/FE_RC_9_0             0.001011    0.000316    0.001345   1.819e-05  OAI222X1
u_temp_ctrl/g1642              0.0008188   0.0004986    0.001336   1.815e-05  AOI21X1
u_door_lock/g2286              0.0008615   0.0004036    0.001296   3.144e-05  AOI2BB1X1
u_water_ctrl/g81               0.0008765    0.000359    0.001255   1.995e-05  AOI211X1
u_visitor/g1072                 0.000274    0.000967    0.001255   1.403e-05  NAND2X1
u_humidity/g202                0.0004343   0.0008066    0.001253    1.22e-05  AOI21XL
u_temp_ctrl/g1674              0.0008106   0.0004214     0.00125   1.851e-05  AOI32X1
u_door_lock/g2254              0.0009553   0.0002644    0.001238   1.791e-05  OAI22X1
u_water_ctrl/g2                0.0008787   0.0002568     0.00119   5.418e-05  MX2X1
u_visitor/g1101                0.0005868   0.0005661    0.001171   1.816e-05  NOR2X1
u_window/g360                  0.0008537   0.0002687    0.001166   4.309e-05  AO22X1
u_temp_ctrl/g1662              0.0007452   0.0004035    0.001162   1.314e-05  OAI221X1
u_temp_ctrl/g1743              0.0008017    0.000344    0.001159   1.299e-05  OAI21X1
u_visitor/FE_RC_24_0            0.000512   0.0006118    0.001152   2.802e-05  NAND2X2
u_entertainment/g48            0.0006869   0.0004342    0.001142   2.093e-05  NOR4X1
u_temp_ctrl/g1724              0.0005083   0.0005934    0.001128   2.599e-05  CLKINVX2
u_temp_ctrl/g1703              0.0005694   0.0005137    0.001122   3.898e-05  CLKINVX3
u_burglar/g3                   0.0008607   0.0001863     0.00112   7.254e-05  CLKXOR2X1
u_door_lock/g2253              0.0007735   0.0002812    0.001097   4.264e-05  AO21X1
u_burglar/g718                 0.0005482   0.0005186    0.001095   2.802e-05  NAND2X2
u_humidity/g203                0.0004613   0.0006083    0.001088   1.815e-05  AOI21X1
u_temp_ctrl/g1744              0.0006371   0.0003757    0.001076   6.308e-05  XNOR2XL
u_water_ctrl/g79               0.0006932    0.000362    0.001073   1.815e-05  AOI21X1
u_temp_ctrl/g1632              0.0006736   0.0003827     0.00107   1.403e-05  NAND2X1
u_temp_ctrl/g1635              0.0006684    0.000386    0.001067   1.301e-05  INVX1
u_door_lock/g2276              0.0006579   0.0003617    0.001038   1.789e-05  AOI31X1
u_window/g366                  0.0006532   0.0003656    0.001037   1.789e-05  AOI31X1
u_temp_ctrl/g1684              0.0006711    0.000337    0.001026   1.815e-05  AOI21X1
FE_OCPC0_temp_setpoint_r_2     0.0007964   0.0001773    0.001015   4.129e-05  CLKBUFX2
u_entertainment/g44            0.0007012   0.0002463    0.001002   5.418e-05  MX2X1
u_temp_ctrl/FE_RC_27_0         0.0006601   0.0003264    0.001001   1.402e-05  OAI31X1
u_entertainment/g45            0.0007014   0.0002408   0.0009964   5.418e-05  MX2X1
u_door_lock/g2266              0.0007937   0.0001746   0.0009868   1.851e-05  AOI32X1
u_temp_ctrl/g1675              0.0006217   0.0003468   0.0009867   1.816e-05  NOR2X1
u_temp_ctrl/g1681              0.0006115    0.000346   0.0009855   2.802e-05  NAND2X2
FE_OCPC1_temp_setpoint_r_1     0.0008006   0.0001405   0.0009824   4.129e-05  CLKBUFX2
u_temp_ctrl/g1711              0.0005875   0.0003767   0.0009824   1.816e-05  NOR2X1
u_entertainment/g47             0.000702   0.0002257   0.0009818   5.418e-05  MX2X1
u_door_lock/g2280              0.0005592   0.0004012   0.0009816   2.127e-05  OAI2BB1X1
u_temp_ctrl/g1655              0.0004558   0.0004897   0.0009804   3.499e-05  NAND2BX1
u_burglar/g711                 0.0005589    0.000402   0.0009749   1.402e-05  OAI31X1
u_temp_ctrl/g1651              0.0006495   0.0002946   0.0009623   1.816e-05  NOR2X1
u_entertainment/g46            0.0007029    0.000203   0.0009601   5.418e-05  MX2X1
u_temp_ctrl/FE_RC_29_0         0.0004599   0.0004776   0.0009515   1.403e-05  NAND2X1
u_burglar/g698                  0.000742   0.0001901   0.0009503   1.815e-05  AOI21X1
u_visitor/FE_RC_25_0           0.0006678   0.0002576   0.0009455   2.004e-05  NOR2BX1
u_temp_ctrl/g1668               0.000719   0.0002047   0.0009437   2.004e-05  NOR2BX1
u_temp_ctrl/g1650              0.0005784   0.0003517   0.0009431   1.299e-05  OAI21X1
u_temp_ctrl/FE_RC_4_0          0.0006989    0.000227   0.0009389   1.299e-05  OAI21X1
u_visitor/g1062                0.0006413   0.0002841   0.0009376   1.224e-05  OAI222XL
u_visitor/g1109                0.0002666    0.000656   0.0009356   1.301e-05  CLKINVX1
u_door_lock/g2299              0.0002901   0.0006213   0.0009244   1.301e-05  CLKINVX1
u_burglar/g681                  0.000689   0.0002173   0.0009242   1.791e-05  OAI22X1
u_water_ctrl/g77                0.000528   0.0003796     0.00092   1.236e-05  NOR2XL
u_window/g363                  0.0006705   0.0002332   0.0009166   1.299e-05  OAI21X1
u_visitor/g1074                0.0007153   0.0001787   0.0009122   1.815e-05  AOI21X1
u_burglar/g691                 0.0006892   0.0002044   0.0009116   1.791e-05  OAI22X1
u_window/g367                    0.00078   0.0001108   0.0009108   1.995e-05  AOI211X1
u_burglar/g699                 0.0006771   0.0001864   0.0009066   4.309e-05  AO22X1
u_door_lock/g2290              0.0005425   0.0003338   0.0009043   2.802e-05  NAND2X2
u_visitor/g1076                0.0007275   0.0001569   0.0009026   1.815e-05  AOI21X1
u_visitor/g1093                0.0004195   0.0004349   0.0008993     4.5e-05  CLKAND2X2
u_visitor/g1063                0.0006408   0.0002457   0.0008988   1.224e-05  OAI222XL
u_visitor/g1054                0.0006388   0.0002446   0.0008956   1.224e-05  OAI222XL
u_temp_ctrl/g1680              0.0006898   0.0001871   0.0008948   1.789e-05  AOI31X1
u_burglar/g716                 0.0006579   0.0001669   0.0008931   6.826e-05  XOR2XL
u_visitor/g1092                0.0006878   0.0001825   0.0008912   2.093e-05  NOR4X1
u_visitor/g1078                0.0002671   0.0006025   0.0008826   1.301e-05  CLKINVX1
u_temp_ctrl/g1638              0.0004146   0.0004503   0.0008789   1.403e-05  NAND2X1
u_temp_ctrl/g1715               0.000531   0.0003124   0.0008714   2.802e-05  NAND2X2
u_visitor/g1110                0.0004626   0.0003729   0.0008705   3.499e-05  NAND2BX1
u_door_lock/g2275              0.0006611   0.0001914   0.0008705   1.789e-05  AOI31X1
u_window/g362                   0.000502   0.0003342   0.0008632   2.704e-05  MXI2XL
u_window/g370                  0.0006508   0.0001935   0.0008625   1.815e-05  AOI21X1
u_burglar/g676                 0.0006737    0.000164   0.0008559   1.815e-05  AOI21X1
u_visitor/g1059                0.0005832   0.0002552   0.0008525    1.41e-05  OAI211X1
u_temp_ctrl/g1648              0.0004955   0.0003435    0.000852   1.299e-05  OAI21X1
u_temp_ctrl/FE_RC_16_0         0.0006514   0.0001696   0.0008491   2.802e-05  NAND2X2
u_door_lock/g2297              0.0002665   0.0005658   0.0008454   1.301e-05  CLKINVX1
u_door_lock/g2281              0.0006323   0.0001901   0.0008409   1.851e-05  AOI32X1
u_visitor/g1048                0.0005513   0.0002735    0.000839    1.41e-05  OAI211X1
u_burglar/g680                 0.0006426   0.0001781   0.0008388   1.815e-05  AOI21X1
u_temp_ctrl/FE_RC_19_0         0.0006067   0.0002186   0.0008383   1.299e-05  OAI21X1
u_temp_ctrl/g1736              0.0005235   0.0002979    0.000838   1.662e-05  NOR2BXL
u_temp_ctrl/g1659              0.0005711   0.0002447   0.0008371   2.127e-05  OAI2BB1X1
u_temp_ctrl/FE_RC_3_0          0.0005075   0.0002869    0.000837   4.256e-05  OR2X1
u_door_lock/g2284              0.0006479   0.0001242   0.0008352   6.308e-05  XNOR2XL
u_window/g371                  0.0007256   8.239e-05   0.0008284   2.034e-05  NOR3X1
u_door_lock/g2                 0.0005503    0.000223   0.0008281    5.48e-05  NAND2BX2
u_burglar/g721                 0.0006176   0.0001939   0.0008244   1.299e-05  OAI21X1
u_temp_ctrl/g1721              0.0002622   0.0005376   0.0008128   1.301e-05  CLKINVX1
u_visitor/g1065                0.0005115   0.0002614   0.0007999   2.704e-05  MXI2XL
u_burglar/g671                 0.0005932   0.0001918    0.000798   1.299e-05  OAI21X1
u_burglar/g685                  0.000609   0.0001756   0.0007975   1.299e-05  OAI21X1
u_temp_ctrl/FE_RC_14_0         0.0005939   0.0001561   0.0007903   4.035e-05  NOR3X2
u_burglar/g675                 0.0005846   0.0001916   0.0007892   1.299e-05  OAI21X1
u_lum_ctrl/g100                0.0002615      0.0005   0.0007746   1.301e-05  INVX1
u_temp_ctrl/g1745              0.0005399    0.000214   0.0007704   1.651e-05  NOR3BXL
u_temp_ctrl/g1737               0.000484   0.0002666   0.0007672   1.662e-05  NOR2BXL
u_window/g364                  0.0005847   0.0001579   0.0007592   1.662e-05  NOR2BXL
u_door_lock/g2267              0.0004608   0.0002757   0.0007495   1.299e-05  OAI21X1
u_lum_ctrl/g97                 0.0002615   0.0004749   0.0007494   1.301e-05  INVX1
u_door_lock/g2233              0.0005671   0.0001397   0.0007338   2.704e-05  MXI2XL
u_temp_ctrl/g1717_dup          0.0003761   0.0003435    0.000732   1.236e-05  NOR2XL
u_visitor/g1085                0.0006048    8.03e-05   0.0007254   4.035e-05  NOR3X2
u_temp_ctrl/g1698              0.0003466   0.0003603   0.0007199   1.301e-05  CLKINVX1
u_temp_ctrl/g1689              0.0005371   0.0001689    0.000719   1.299e-05  OAI21X1
u_door_lock/g2289              0.0003783   0.0003256   0.0007163   1.236e-05  NOR2XL
u_lum_ctrl/g96                 0.0002609   0.0004268   0.0007007   1.301e-05  INVX1
u_temp_ctrl/g1661              0.0004946   0.0001936   0.0007006   1.236e-05  NOR2XL
u_temp_ctrl/g1705              0.0004201   0.0002461   0.0006933   2.704e-05  MXI2XL
u_temp_ctrl/FE_RC_12_0         0.0003417   0.0003303   0.0006851   1.301e-05  INVX1
u_door_lock/g754                0.000489   0.0001515   0.0006831   4.256e-05  OR2X1
u_lum_ctrl/g101                0.0002608   0.0004021    0.000676   1.301e-05  INVX1
g44                            0.0002752    0.000382   0.0006702   1.301e-05  CLKINVX1
u_temp_ctrl/g1645              0.0003877   0.0002701   0.0006701   1.236e-05  NOR2XL
u_door_lock/g2260              0.0004364   0.0002193   0.0006681   1.236e-05  NOR2XL
u_temp_ctrl/FE_RC_20_0         0.0004304   0.0002023   0.0006677   3.499e-05  NAND2BX1
u_temp_ctrl/g1720              0.0002603   0.0003905   0.0006637   1.301e-05  CLKINVX1
u_temp_ctrl/FE_RC_1_0          0.0002621   0.0003845   0.0006597   1.301e-05  CLKINVX1
u_door_lock/FE_RC_22_0         0.0002019   0.0004417   0.0006576   1.403e-05  NAND2X1
u_burglar/g719                 0.0002721   0.0003693   0.0006545   1.301e-05  INVX1
u_lum_ctrl/g95                 0.0002606   0.0003806   0.0006542   1.301e-05  INVX1
g76                            0.0002753   0.0003654   0.0006537   1.301e-05  CLKINVX1
u_humidity/g207                0.0003756   0.0002633   0.0006513   1.236e-05  NOR2XL
g74                            0.0002726   0.0003639   0.0006495   1.301e-05  CLKINVX1
u_humidity/g205                0.0003153   0.0003116   0.0006481   2.127e-05  OAI2BB1X1
u_door_lock/g2261              0.0003724   0.0002644   0.0006461   9.289e-06  NAND2XL
u_door_lock/g2288              0.0001729   0.0004603   0.0006424   9.289e-06  NAND2XL
u_burglar/g704                 0.0004222   0.0001912   0.0006404   2.704e-05  MXI2XL
u_window/g372                  0.0003754    0.000251   0.0006388   1.236e-05  NOR2XL
u_visitor/g1083                0.0004305   0.0001642   0.0006233   2.866e-05  OA21XL
u_temp_ctrl/g1716              0.0001726   0.0004414   0.0006233   9.289e-06  NAND2XL
u_visitor/g1087                 0.000431   0.0001628   0.0006208   2.704e-05  MXI2XL
u_door_lock/g2244              0.0004235   0.0001788   0.0006147   1.236e-05  NOR2XL
u_visitor/g1088                0.0004233   0.0001641   0.0006145   2.704e-05  MXI2XL
u_door_lock/g2269              0.0004866   0.0001142   0.0006138   1.299e-05  OAI21X1
u_door_lock/FE_RC_23_0         0.0004966   9.557e-05   0.0006122   2.004e-05  NOR2BX1
u_door_lock/g2270              0.0004575   0.0001401   0.0006098    1.22e-05  AOI21XL
u_door_lock/g2239              0.0004318   0.0001654   0.0006095   1.236e-05  NOR2XL
u_burglar/g690                 0.0004026   0.0001797   0.0006093   2.704e-05  MXI2XL
u_temp_ctrl/g1670              0.0002835    0.000311   0.0006075   1.301e-05  INVX1
u_burglar/g700                 0.0004137   0.0001662   0.0006069   2.704e-05  MXI2XL
u_door_lock/g2237              0.0004622    0.000132   0.0006064    1.22e-05  AOI21XL
u_door_lock/g2296              0.0002737   0.0003176   0.0006043   1.301e-05  INVX1
u_door_lock/g2234              0.0004347   0.0001563   0.0006033   1.236e-05  NOR2XL
u_door_lock/g2252               0.000467   0.0001239   0.0006031    1.22e-05  AOI21XL
u_visitor/g1098                0.0002746   0.0003145   0.0006031   1.403e-05  NAND2X1
u_door_lock/g2256              0.0004089   0.0001786   0.0005999   1.236e-05  NOR2XL
u_burglar/g697                 0.0003919   0.0001874   0.0005985    1.92e-05  OAI2BB1XL
u_temp_ctrl/g1678              0.0002948   0.0002905   0.0005983   1.301e-05  INVX1
u_door_lock/g2231              0.0004341   0.0001498   0.0005962   1.236e-05  NOR2XL
u_lum_ctrl/g98                 0.0002596   0.0003216   0.0005942   1.301e-05  INVX1
u_door_lock/g2229              0.0004228   0.0001565   0.0005917   1.236e-05  NOR2XL
u_door_lock/g2242              0.0004729   0.0001058   0.0005909    1.22e-05  AOI21XL
u_door_lock/g2295              0.0003171   0.0002534   0.0005836   1.301e-05  CLKINVX1
u_visitor/g1066                0.0003762   0.0001729   0.0005761   2.704e-05  MXI2XL
u_door_lock/g2262              0.0004142   0.0001486   0.0005752   1.236e-05  NOR2XL
u_temp_ctrl/FE_RC_15_0         0.0003502   0.0002031   0.0005673   1.403e-05  NAND2X1
u_visitor/g1105                0.0002594   0.0002912   0.0005635   1.301e-05  INVX1
u_door_lock/g2279              0.0003494   0.0001965    0.000559   1.301e-05  INVX1
u_door_lock/g2259              0.0002833   0.0002656   0.0005582   9.289e-06  NAND2XL
u_temp_ctrl/g1717              0.0003755   0.0001672   0.0005551   1.236e-05  NOR2XL
u_visitor/g1096                0.0002725   0.0002658   0.0005524   1.403e-05  NAND2X1
u_temp_ctrl/g1647              0.0002054   0.0003369    0.000551   8.757e-06  INVXL
u_visitor/g1079                 0.000399   0.0001243   0.0005504   2.704e-05  MXI2XL
u_temp_ctrl/g1726              0.0002613   0.0002679   0.0005422   1.301e-05  CLKINVX1
u_temp_ctrl/g1657              0.0003383   0.0001861   0.0005373   1.301e-05  INVX1
u_temp_ctrl/g1712              0.0002588   0.0002647   0.0005365   1.301e-05  CLKINVX1
u_burglar/g720                 0.0002743   0.0002484   0.0005357   1.301e-05  CLKINVX1
u_temp_ctrl/g1709              0.0002698   0.0002479   0.0005317   1.403e-05  NAND2X1
u_visitor/g1061                0.0002916     0.00021   0.0005286   2.704e-05  MXI2XL
u_temp_ctrl/FE_RC_17_0         0.0002604   0.0002471   0.0005205   1.301e-05  CLKINVX1
u_temp_ctrl/g1700              0.0003971   9.097e-05    0.000516   2.802e-05  NAND2X2
u_burglar/g715                 0.0003425   0.0001348   0.0005095   3.212e-05  NAND4X2
u_visitor/g1099                0.0003786   0.0001128   0.0005038   1.236e-05  NOR2XL
u_burglar/g710                 0.0002293   0.0002242    0.000496   4.256e-05  OR2X1
g46                            0.0002778   0.0002039   0.0004947   1.301e-05  CLKINVX1
u_lum_ctrl/g99                 0.0002587   0.0002221   0.0004938   1.301e-05  INVX1
u_visitor/g1102                0.0002732   0.0002055   0.0004916   1.301e-05  CLKINVX1
u_window/g365                  0.0002548   0.0002018   0.0004908   3.419e-05  NAND3BX1
u_visitor/g1049                0.0002247   0.0002537   0.0004879   9.525e-06  OAI31XL
u_humidity/g206                0.0003677   0.0001053    0.000487    1.41e-05  OAI211X1
u_visitor/g1050                0.0002957   0.0001621   0.0004848   2.704e-05  MXI2XL
u_visitor/g1052                0.0003525   0.0001133   0.0004798   1.402e-05  OAI31X1
u_lum_ctrl/g102                0.0002584   0.0002024   0.0004738   1.301e-05  INVX1
u_visitor/g1053                0.0003124   0.0001407   0.0004672    1.41e-05  OAI211X1
u_temp_ctrl/g1728              0.0002585   0.0001893   0.0004608   1.301e-05  CLKINVX1
u_burglar/g688                 0.0002231   0.0002252   0.0004576   9.289e-06  NAND2XL
u_door_lock/g2274              0.0002223   0.0002229    0.000454   8.757e-06  INVXL
u_burglar/g709                 0.0002788     0.00016   0.0004512   1.236e-05  NOR2XL
u_door_lock/g2265              0.0002332   0.0002085   0.0004505   8.757e-06  INVXL
u_door_lock/g2230              0.0003209   0.0001106   0.0004437    1.22e-05  AOI21XL
g73                            0.0002721   0.0001568   0.0004419   1.301e-05  CLKINVX1
u_door_lock/g2240              0.0002903   5.025e-05   0.0004407   0.0001001  NAND2BX4
u_door_lock/g2268              0.0003722    4.85e-05   0.0004407   1.995e-05  AOI211X1
u_door_lock/g2283              0.0002642   0.0001384   0.0004375   3.499e-05  NAND2BX1
u_visitor/g1069                0.0002077   0.0002161   0.0004332   9.289e-06  NAND2XL
g47                            0.0002814   0.0001365   0.0004308   1.301e-05  CLKINVX1
u_visitor/g1067                0.0002073   0.0002131   0.0004297   9.289e-06  NAND2XL
u_door_lock/g2300              0.0002676   0.0001253   0.0004279   3.499e-05  NAND2BX1
u_window/g368                  0.0002565   0.0001326   0.0004241   3.499e-05  NAND2BX1
u_burglar/g702                 0.0002405   0.0001286   0.0004239    5.48e-05  NAND2BX2
u_temp_ctrl/g1719               0.000168    0.000247   0.0004238   8.757e-06  INVXL
u_door_lock/g2245              0.0002394    0.000126   0.0004202    5.48e-05  NAND2BX2
u_visitor/g2                   0.0002722   0.0001072   0.0004144   3.499e-05  NAND2BX1
u_temp_ctrl/g1692              0.0002998   8.904e-05   0.0004092   2.034e-05  NOR3X1
u_temp_ctrl/g1683              0.0001947   0.0002005   0.0004045   9.289e-06  NAND2XL
u_burglar/g695                 0.0002716   0.0001154   0.0003957   8.728e-06  OAI21XL
g48                            0.0002869   9.282e-05   0.0003927   1.301e-05  CLKINVX1
g70                            0.0002811   8.933e-05   0.0003834   1.301e-05  CLKINVX1
u_door_lock/g2258              0.0001991   0.0001478   0.0003819   3.499e-05  NAND2BX1
g50                            0.0002911   7.295e-05   0.0003771   1.301e-05  CLKINVX1
u_door_lock/g2272              0.0002791   7.901e-05   0.0003705   1.236e-05  NOR2XL
u_temp_ctrl/g1713              0.0001837    0.000169   0.0003614   8.757e-06  INVXL
g51                            0.0002944   5.072e-05   0.0003581   1.301e-05  CLKINVX1
g72                             0.000277   6.224e-05   0.0003522   1.301e-05  CLKINVX1
u_temp_ctrl/g1706              0.0001798   0.0001337   0.0003485   3.499e-05  NAND2BX1
g45                            0.0002909   3.901e-05   0.0003429   1.301e-05  CLKINVX1
g75                            0.0002849   4.486e-05   0.0003428   1.301e-05  CLKINVX1
g49                            0.0002956   3.211e-05   0.0003408   1.301e-05  CLKINVX1
u_visitor/g1081                0.0001402   0.0001855   0.0003397   1.403e-05  NAND2X1
g77                            0.0002913    3.42e-05   0.0003385   1.301e-05  CLKINVX1
u_temp_ctrl/g1725              0.0001703   0.0001589    0.000338   8.757e-06  INVXL
u_door_lock/g2298              0.0001733   0.0001558   0.0003378   8.757e-06  INVXL
g71                            0.0002877   3.685e-05   0.0003375   1.301e-05  CLKINVX1
u_window/g369                  0.0001632   0.0001409   0.0003329   2.877e-05  NAND2BXL
u_temp_ctrl/g1694              0.0001393   0.0001765   0.0003298   1.403e-05  NAND2X1
u_temp_ctrl/g1729              0.0001664   0.0001534   0.0003285   8.757e-06  INVXL
u_humidity/g204                0.0001686   0.0001488   0.0003262   8.757e-06  INVXL
u_door_lock/g2287              0.0001745   0.0001402   0.0003241   9.289e-06  NAND2XL
u_door_lock/g2285              0.0001192   0.0001737   0.0003207    2.78e-05  NAND4BXL
u_temp_ctrl/g1723              0.0001663   0.0001443   0.0003194   8.757e-06  INVXL
u_window/g373                  0.0001651    0.000143   0.0003169   8.757e-06  INVXL
u_temp_ctrl/g1667              0.0002545    3.33e-05   0.0003088   2.093e-05  NOR4X1
u_burglar/g717                 0.0001746    0.000104   0.0002879   9.289e-06  NAND2XL
u_visitor/g1091                0.0001352   0.0001373   0.0002818   9.289e-06  NAND2XL
u_visitor/g1068                0.0001798   7.504e-05    0.000273   1.816e-05  NOR2X1
u_temp_ctrl/g1660              0.0001376   0.0001253   0.0002722   9.289e-06  NAND2XL
u_burglar/g705                 3.974e-05   0.0002063   0.0002591   1.301e-05  CLKINVX1
u_door_lock/g2257              0.0001847   5.651e-05   0.0002536   1.236e-05  NOR2XL
u_burglar/FE_OFC0_n_6          0.0001351    9.41e-05   0.0002422   1.301e-05  INVX1
u_visitor/g1086                8.834e-05   0.0001391   0.0002415   1.403e-05  NAND2X1
u_visitor/g1077                0.0001077   9.533e-05   0.0002212   1.816e-05  NOR2X1
u_burglar/g701                 0.0001158   4.654e-05   0.0001747   1.236e-05  NOR2XL
u_burglar/g689                 7.738e-05   5.872e-05   0.0001711   3.499e-05  NAND2BX1
u_burglar/g713                 9.356e-05   6.012e-05   0.0001678    1.41e-05  OAI211X1
u_door_lock/g2243              0.0001155   3.058e-05   0.0001585   1.236e-05  NOR2XL
u_temp_ctrl/g1739              0.0001145    1.63e-05   0.0001527   2.186e-05  NOR3BX1
u_visitor/g1057                3.395e-05   9.314e-05   0.0001364   9.289e-06  NAND2XL
u_temp_ctrl/g1685              5.834e-05   4.646e-05   0.0001147    9.93e-06  NAND3XL
u_burglar/g692                 4.783e-05   3.089e-05   0.0001129   3.419e-05  NAND3BX1
u_temp_ctrl/g1665              6.244e-05   2.838e-05   0.0001069   1.612e-05  NAND4X1
u_burglar/g707                 5.437e-05   4.018e-05   0.0001069   1.236e-05  NOR2XL
u_door_lock/g2238              6.924e-05   1.784e-05   9.945e-05   1.236e-05  NOR2XL
u_door_lock/g2235              4.855e-05   3.662e-05   9.819e-05   1.301e-05  CLKINVX1
u_temp_ctrl/g1697_dup          3.207e-05   3.611e-05   7.747e-05   9.289e-06  NAND2XL
u_temp_ctrl/g1697              3.202e-05   3.195e-05   7.326e-05   9.289e-06  NAND2XL
u_burglar/g678                 4.038e-05   1.669e-05   6.943e-05   1.236e-05  NOR2XL
u_visitor/g1082                1.729e-05   2.226e-05   5.357e-05   1.403e-05  NAND2X1
u_visitor/g1064                2.024e-05    1.85e-05   4.803e-05   9.289e-06  NAND2XL
u_burglar/g684                 2.315e-05   1.055e-05   4.606e-05   1.236e-05  NOR2XL
u_burglar/g703                 2.353e-05   6.093e-06   4.198e-05   1.236e-05  NOR2XL

---------------------------------------------------------------------------------------

Total (    469 of    469  )        2.809      0.4242      3.274     0.04041
Total Capacitance                5.724e-12 F
Power Density                   *** No Die Area ***
