*----------------------------------------------------------------------------------------
*	Innovus 20.10-p004_1 (64bit) 05/07/2020 20:02 (Linux 2.6.32-431.11.2.el6.x86_64)
*	
*
* 	Date & Time:	2025-Nov-18 23:59:11 (2025-Nov-18 18:29:11 GMT)
*
*----------------------------------------------------------------------------------------
*
*	Design: HA
*
*	Liberty Libraries used: 
*	        view1: /home/drashi25114/Desktop/cmos65/90nm/Physical_design/cts/cts_0.5/slow.lib
*
*	Power Domain used: 
*              Rail:        VDD      Voltage:        0.9 
*
*       Power View : view1
*
*       User-Defined Activity : N.A.
*
*       Activity File: N.A.
*
*       Hierarchical Global Activity: N.A.
*
*       Global Activity: N.A.
*
*       Sequential Element Activity: N.A.
*
*       Primary Input Activity: 0.200000
*
*       Default icg ratio: N.A.
*
*       Global Comb ClockGate Ratio: N.A.
*
*	Power Units = 1mW
*
*	Time Units = 1e-09 secs 
*
*       Temperature = 125 
*
*       report_power -outfile placement_reports/power.rpt -rail_analysis_format VS
*
-----------------------------------------------------------------------------------------
Cell                            Internal   Switching       Total     Leakage   Cell
                                   Power       Power       Power       Power   Name
--------------------------------------------------------------------------------------
visitor_count_r_reg[2]            0.0456   0.0005856     0.04648   0.0003009  SDFFRHQX8
visitor_count_r_reg[1]           0.04542   0.0006109     0.04633   0.0003009  SDFFRHQX8
visitor_count_r_reg[3]           0.04485   0.0005716     0.04572   0.0003009  SDFFRHQX8
visitor_count_r_reg[4]           0.04443    0.000564      0.0453   0.0003009  SDFFRHQX8
visitor_count_r_reg[5]           0.04398   0.0005535     0.04484   0.0003009  SDFFRHQX8
visitor_count_r_reg[6]           0.04383   0.0005524     0.04468   0.0003009  SDFFRHQX8
window_state_r_reg[1]            0.04271           0     0.04301   0.0003009  SDFFRHQX8
dehumidifier_on_r_reg            0.04209   0.0005431     0.04293   0.0003009  SDFFRHQX8
lock_status_r_reg[1]             0.04203   0.0005444     0.04287   0.0003009  SDFFRHQX8
visitor_count_r_reg[0]           0.04138   0.0005401     0.04222   0.0003009  SDFFRHQX8
visitor_count_r_reg[7]           0.04089   0.0004877     0.04168   0.0003009  SDFFRHQX8
humidifier_on_r_reg              0.04045   0.0005159     0.04127   0.0003009  SDFFRHQX8
volume_level_r_reg[3]             0.0399   0.0004941      0.0407   0.0003009  SDFFRHQX8
led_brightness_r_reg[4]          0.03891   0.0004962     0.03971   0.0003009  SDFFRHQX8
led_brightness_r_reg[5]          0.03886   0.0004954     0.03966   0.0003009  SDFFRHQX8
led_brightness_r_reg[3]          0.03877   0.0004938     0.03957   0.0003009  SDFFRHQX8
led_brightness_r_reg[6]          0.03877   0.0004937     0.03957   0.0003009  SDFFRHQX8
lock_status_r_reg[0]             0.03872   0.0004929     0.03951   0.0003009  SDFFRHQX8
led_brightness_r_reg[7]          0.03869   0.0004855     0.03947   0.0003009  SDFFRHQX8
volume_level_r_reg[2]            0.03865   0.0004763     0.03943   0.0003009  SDFFRHQX8
led_brightness_r_reg[2]          0.03817   0.0004829     0.03895   0.0003009  SDFFRHQX8
u_visitor/count_reg[0]           0.03472    0.003895     0.03883   0.0002171  SDFFRHQX4
water_valve_close_r_reg           0.0368   0.0004365     0.03754   0.0003009  SDFFRHQX8
window_state_r_reg[0]            0.03656   0.0004542     0.03732   0.0003009  SDFFRHQX8
led_brightness_r_reg[1]          0.03649   0.0004529     0.03725   0.0003009  SDFFRHQX8
volume_level_r_reg[1]            0.03648   0.0004358     0.03722   0.0003009  SDFFRHQX8
led_brightness_r_reg[0]          0.03262   0.0003837     0.03331   0.0003009  SDFFRHQX8
volume_level_r_reg[0]            0.03263   0.0003693      0.0333   0.0003009  SDFFRHQX8
music_on_r_reg                   0.03189   0.0003656     0.03255   0.0003009  SDFFRHQX8
u_visitor/count_reg[5]           0.02691     0.00472     0.03181   0.0001737  SDFFRHQX2
tv_on_r_reg                      0.03069   0.0003492     0.03134   0.0003009  SDFFRHQX8
u_visitor/count_reg[3]           0.02685    0.004147     0.03117   0.0001737  SDFFRHQX2
cooler_on_r_reg                  0.02117    0.009473     0.03081   0.0001667  SDFFRX1
u_visitor/count_reg[4]           0.02683    0.003211     0.03022   0.0001737  SDFFRHQX2
u_visitor/count_reg[6]           0.02677    0.003227     0.03017   0.0001737  SDFFRHQX2
u_visitor/count_reg[1]           0.02676    0.003191     0.03012   0.0001737  SDFFRHQX2
u_visitor/count_reg[2]           0.02673    0.002989     0.02989   0.0001737  SDFFRHQX2
heater_on_r_reg                  0.02038    0.008916     0.02946   0.0001667  SDFFRX1
door_locked_r_reg                0.01869    0.007698     0.02655   0.0001667  SDFFRX1
motion_sensor_r_reg               0.0255   0.0007849     0.02651   0.0002171  SDFFRHQX4
ac_cmd_r_reg                     0.02552    0.000651     0.02638   0.0002171  SDFFRHQX4
door_lock_cmd_r_reg              0.02551   0.0006246     0.02635   0.0002171  SDFFRHQX4
humidity_sensor_r_reg[0]         0.02496   0.0007721     0.02595   0.0002171  SDFFRHQX4
volume_cmd_r_reg[0]              0.02438    0.000981     0.02558   0.0002171  SDFFRHQX4
water_level_r_reg[0]             0.02454   0.0007509     0.02551   0.0002171  SDFFRHQX4
light_cmd_r_reg                  0.02438   0.0007383     0.02534   0.0002171  SDFFRHQX4
window_auto_mode_r_reg           0.02335    0.001587     0.02516   0.0002171  SDFFRHQX4
door_sensor_r_reg                0.02401   0.0007214     0.02495   0.0002171  SDFFRHQX4
burglar_alarm_out_r_reg          0.01781    0.006893     0.02487   0.0001667  SDFFRX1
ac_on_r_reg                       0.0175    0.006842     0.02451   0.0001667  SDFFRX1
u_visitor/count_reg[7]            0.0215    0.002471     0.02412   0.0001526  SDFFRHQX1
u_window/window_state_reg[1]     0.02212    0.001673     0.02395   0.0001526  SDFFRHQX1
alarm_arm_r_reg                  0.02304   0.0005504     0.02381   0.0002171  SDFFRHQX4
music_on_cmd_r_reg               0.02261   0.0006484     0.02348   0.0002171  SDFFRHQX4
lights_on_r_reg                  0.01688    0.006407     0.02345   0.0001667  SDFFRX1
u_window/window_state_reg[0]     0.02163      0.0014     0.02319   0.0001526  SDFFRHQX1
u_temp_ctrl/heater_on_reg        0.02156    0.001362     0.02307   0.0001524  SDFFRXL
volume_cmd_r_reg[1]              0.02204   0.0008046     0.02306   0.0002171  SDFFRHQX4
light_sensor_r_reg[0]            0.02202   0.0008115     0.02305   0.0002171  SDFFRHQX4
water_pump_on_r_reg              0.01686    0.005941     0.02297   0.0001667  SDFFRX1
water_level_r_reg[1]             0.02214   0.0006026     0.02296   0.0002171  SDFFRHQX4
humidity_sensor_r_reg[1]          0.0224   0.0003084     0.02292   0.0002171  SDFFRHQX4
pin_input_r_reg[0]               0.02212    0.000488     0.02283   0.0002171  SDFFRHQX4
door_unlock_cmd_r_reg            0.02186   0.0006627     0.02274   0.0002171  SDFFRHQX4
u_door_lock/state_reg[1]         0.01991    0.002573     0.02264   0.0001526  SDFFRHQX1
window_manual_close_r_reg        0.02156   0.0007611     0.02253   0.0002171  SDFFRHQX4
u_entertainment/volume_level_reg[2]    0.02107     0.00131     0.02252   0.0001436  SDFFSHQX1
fan_on_r_reg                     0.01615    0.005741     0.02206   0.0001667  SDFFRX1
u_water_ctrl/pump_on_reg         0.02081    0.001077     0.02204   0.0001526  SDFFRHQX1
u_door_lock/state_reg[0]         0.01954    0.002256     0.02195   0.0001526  SDFFRHQX1
water_level_r_reg[2]             0.02088    0.000842     0.02194   0.0002171  SDFFRHQX4
u_burglar/delay_counter_reg[0]    0.02009    0.001677     0.02192   0.0001526  SDFFRHQX1
u_temp_ctrl/cooler_on_reg        0.02063    0.001121      0.0219   0.0001524  SDFFRXL
temp_setpoint_r_reg[4]           0.01962    0.002035     0.02187   0.0002171  SDFFRHQX4
temp_setpoint_r_reg[1]           0.01962    0.002022     0.02186   0.0002171  SDFFRHQX4
volume_cmd_r_reg[2]              0.02087   0.0007217     0.02181   0.0002171  SDFFRHQX4
u_water_ctrl/valve_close_reg     0.02065   0.0009992      0.0218   0.0001526  SDFFRHQX1
temp_setpoint_r_reg[2]           0.01962    0.001965      0.0218   0.0002171  SDFFRHQX4
light_sensor_r_reg[1]            0.02086   0.0007221      0.0218   0.0002171  SDFFRHQX4
entry_sensor_r_reg               0.02075   0.0008245     0.02179   0.0002171  SDFFRHQX4
u_entertainment/volume_level_reg[3]     0.0203    0.001298     0.02175   0.0001526  SDFFRHQX1
u_door_lock/lock_status_reg[1]    0.02059   0.0009976     0.02174   0.0001526  SDFFRHQX1
u_entertainment/volume_level_reg[1]    0.02029    0.001285     0.02173   0.0001526  SDFFRHQX1
window_manual_open_r_reg         0.02061   0.0007971     0.02163   0.0002171  SDFFRHQX4
pin_input_r_reg[1]               0.02093   0.0004382     0.02159   0.0002171  SDFFRHQX4
temp_setpoint_r_reg[5]           0.01962    0.001674     0.02151   0.0002171  SDFFRHQX4
temp_setpoint_r_reg[3]           0.01962    0.001672     0.02151   0.0002171  SDFFRHQX4
u_entertainment/volume_level_reg[0]    0.02002    0.001195     0.02136   0.0001436  SDFFSHQX1
u_burglar/delay_counter_reg[1]    0.01958    0.001568      0.0213   0.0001526  SDFFRHQX1
u_door_lock/lock_status_reg[0]    0.02015   0.0009598     0.02126   0.0001526  SDFFRHQX1
exit_sensor_r_reg                0.02022   0.0007785     0.02121   0.0002171  SDFFRHQX4
water_level_r_reg[3]              0.0203   0.0006808      0.0212   0.0002171  SDFFRHQX4
volume_cmd_r_reg[3]              0.02028   0.0006843     0.02119   0.0002171  SDFFRHQX4
light_sensor_r_reg[2]            0.02028   0.0006729     0.02117   0.0002171  SDFFRHQX4
temp_sensor_r_reg[3]             0.01967    0.001255     0.02114   0.0002171  SDFFRHQX4
temp_sensor_r_reg[5]             0.01965     0.00125     0.02112   0.0002171  SDFFRHQX4
temp_setpoint_r_reg[6]           0.01965    0.001241     0.02111   0.0002171  SDFFRHQX4
temp_sensor_r_reg[2]             0.01969    0.001181     0.02109   0.0002171  SDFFRHQX4
light_sensor_r_reg[3]            0.01996   0.0009077     0.02109   0.0002171  SDFFRHQX4
temp_sensor_r_reg[6]             0.01966    0.001204     0.02108   0.0002171  SDFFRHQX4
light_sensor_r_reg[4]            0.01981   0.0009973     0.02103   0.0002171  SDFFRHQX4
temp_sensor_r_reg[7]             0.01966    0.001123       0.021   0.0002171  SDFFRHQX4
pin_input_r_reg[2]               0.02034   0.0004238     0.02098   0.0002171  SDFFRHQX4
light_sensor_r_reg[5]            0.01974   0.0009796     0.02094   0.0002171  SDFFRHQX4
temp_setpoint_r_reg[0]           0.01966    0.001052     0.02093   0.0002171  SDFFRHQX4
window_sensor_r_reg              0.02019     0.00051     0.02092   0.0002171  SDFFRHQX4
light_sensor_r_reg[6]             0.0197   0.0009853     0.02091   0.0002171  SDFFRHQX4
temp_sensor_r_reg[4]             0.01968   0.0009439     0.02084   0.0002171  SDFFRHQX4
temp_setpoint_r_reg[7]           0.01967   0.0008846     0.02077   0.0002171  SDFFRHQX4
light_sensor_r_reg[7]             0.0197    0.000804     0.02072   0.0002171  SDFFRHQX4
temp_sensor_r_reg[0]             0.01985   0.0006501     0.02072   0.0002171  SDFFRHQX4
pin_input_r_reg[3]               0.02004   0.0004161     0.02067   0.0002171  SDFFRHQX4
fan_cmd_r_reg                    0.02001   0.0004114     0.02064   0.0002171  SDFFRHQX4
temp_sensor_r_reg[1]             0.01979   0.0005415     0.02055   0.0002171  SDFFRHQX4
u_door_lock/attempt_counter_reg[1]    0.01866    0.001644     0.02046   0.0001526  SDFFRHQX1
u_door_lock/timeout_counter_reg[1]    0.01907     0.00122     0.02044   0.0001526  SDFFRHQX1
tv_on_cmd_r_reg                  0.01972   0.0004932     0.02044   0.0002171  SDFFRHQX4
u_humidity/dehumidifier_on_reg     0.0193   0.0008414      0.0203   0.0001526  SDFFRHQX1
u_door_lock/timeout_counter_reg[0]    0.01912    0.001008     0.02028   0.0001526  SDFFRHQX1
u_burglar/delay_counter_reg[2]    0.01846     0.00161     0.02023   0.0001526  SDFFRHQX1
humidity_sensor_r_reg[7]         0.01962   0.0003851     0.02022   0.0002171  SDFFRHQX4
humidity_sensor_r_reg[6]         0.01949   0.0003844     0.02009   0.0002171  SDFFRHQX4
humidity_sensor_r_reg[5]          0.0192   0.0005978     0.02002   0.0002171  SDFFRHQX4
u_door_lock/attempt_counter_reg[2]    0.01864    0.001206     0.01999   0.0001526  SDFFRHQX1
u_burglar/alarm_out_reg          0.01879   0.0009406     0.01989   0.0001526  SDFFRHQX1
u_appliances/lights_on_reg       0.01891   0.0006945     0.01975   0.0001526  SDFFRHQX1
u_visitor/entry_prev_reg         0.01895    0.000593      0.0197   0.0001526  SDFFRHQX1
u_door_lock/door_locked_reg      0.01878   0.0007052     0.01963   0.0001526  SDFFRHQX1
u_lum_ctrl/led_brightness_reg[0]    0.01857   0.0008247     0.01955   0.0001526  SDFFRHQX1
u_lum_ctrl/led_brightness_reg[1]    0.01848   0.0008169     0.01945   0.0001526  SDFFRHQX1
humidity_sensor_r_reg[4]         0.01874   0.0003535     0.01931   0.0002171  SDFFRHQX4
u_lum_ctrl/led_brightness_reg[2]    0.01825   0.0007977      0.0192   0.0001526  SDFFRHQX1
u_door_lock/timeout_counter_reg[2]    0.01772    0.001208     0.01909   0.0001526  SDFFRHQX1
u_door_lock/attempt_counter_reg[0]    0.01745    0.001478     0.01908   0.0001526  SDFFRHQX1
u_burglar/delay_counter_reg[3]     0.0174    0.001438     0.01899   0.0001526  SDFFRHQX1
u_lum_ctrl/led_brightness_reg[3]    0.01804   0.0007804     0.01898   0.0001526  SDFFRHQX1
u_humidity/humidifier_on_reg     0.01793   0.0007785     0.01886   0.0001526  SDFFRHQX1
u_lum_ctrl/led_brightness_reg[4]     0.0179   0.0007678     0.01882   0.0001526  SDFFRHQX1
u_lum_ctrl/led_brightness_reg[5]     0.0178   0.0007597     0.01871   0.0001526  SDFFRHQX1
u_lum_ctrl/led_brightness_reg[6]    0.01774   0.0007546     0.01865   0.0001526  SDFFRHQX1
humidity_sensor_r_reg[3]         0.01782   0.0005852     0.01862   0.0002171  SDFFRHQX4
u_visitor/exit_prev_reg           0.0177   0.0007499      0.0186   0.0001526  SDFFRHQX1
u_lum_ctrl/led_brightness_reg[7]    0.01771   0.0005958     0.01846   0.0001526  SDFFRHQX1
u_burglar/delay_counter_reg[4]    0.01667    0.001276      0.0181   0.0001526  SDFFRHQX1
u_appliances/fan_on_reg          0.01721   0.0005759     0.01794   0.0001526  SDFFRHQX1
u_burglar/delay_counter_reg[5]    0.01636    0.001268     0.01778   0.0001526  SDFFRHQX1
u_entertainment/tv_on_reg        0.01684   0.0006682     0.01766   0.0001526  SDFFRHQX1
u_burglar/delay_counter_reg[6]     0.0162    0.001209     0.01756   0.0001526  SDFFRHQX1
humidity_sensor_r_reg[2]         0.01681   0.0003079     0.01734   0.0002171  SDFFRHQX4
u_appliances/ac_on_reg           0.01659   0.0005324     0.01727   0.0001526  SDFFRHQX1
u_burglar/delay_counter_reg[7]    0.01604   0.0008889     0.01709   0.0001526  SDFFRHQX1
u_entertainment/music_on_reg       0.016   0.0006062     0.01676   0.0001526  SDFFRHQX1
u_door_lock/timeout_counter_reg[3]    0.01557   0.0008981     0.01662   0.0001526  SDFFRHQX1
u_burglar/delay_counter_reg[8]    0.01565   0.0006898     0.01649   0.0001526  SDFFRHQX1
u_door_lock/timeout_counter_reg[4]    0.01416   0.0007066     0.01502   0.0001526  SDFFRHQX1
g50                              0.01454           0     0.01464   0.0001012  CLKINVX8
g51                              0.01454           0     0.01464   0.0001012  CLKINVX8
u_door_lock/timeout_counter_reg[5]    0.01328   0.0007246     0.01415   0.0001526  SDFFRHQX1
u_door_lock/timeout_counter_reg[7]    0.01318   0.0005398     0.01387   0.0001526  SDFFRHQX1
g49                              0.01369           0     0.01379   0.0001012  CLKINVX8
g48                              0.01369           0     0.01379   0.0001012  CLKINVX8
u_door_lock/timeout_counter_reg[6]    0.01271   0.0006257     0.01349   0.0001526  SDFFRHQX1
g47                              0.01183           0     0.01193   0.0001012  CLKINVX8
g46                              0.01183           0     0.01193   0.0001012  CLKINVX8
g71                              0.01083           0     0.01094   0.0001012  CLKINVX8
g70                              0.01083           0     0.01094   0.0001012  CLKINVX8
g75                              0.01051           0     0.01061   0.0001012  CLKINVX8
g74                              0.01051           0     0.01061   0.0001012  CLKINVX8
g45                             0.009835           0    0.009937   0.0001012  CLKINVX8
g44                             0.009835           0    0.009937   0.0001012  CLKINVX8
g72                              0.00912           0    0.009221   0.0001012  CLKINVX8
g73                              0.00912           0    0.009221   0.0001012  CLKINVX8
g77                             0.009024           0    0.009125   0.0001012  CLKINVX8
g76                             0.009024           0    0.009125   0.0001012  CLKINVX8
u_visitor/g1092                 0.005775    0.000497    0.006293   2.093e-05  NOR4X1
u_visitor/g1101                 0.002987    0.002048    0.005053   1.816e-05  NOR2X1
u_visitor/g1100                 0.002441    0.002469    0.004938   2.802e-05  NAND2X2
u_temp_ctrl/g1633               0.003372    0.001378     0.00478   3.011e-05  NAND3X2
u_visitor/g1090                 0.003582    0.001134    0.004752   3.607e-05  NOR2X2
u_temp_ctrl/g1636               0.002763    0.001929    0.004721   2.802e-05  NAND2X2
u_temp_ctrl/g1740               0.003289    0.001309    0.004636   3.838e-05  NOR2BX2
u_visitor/g1074                 0.003641   0.0007498    0.004409   1.815e-05  AOI21X1
u_temp_ctrl/g1643               0.003805   0.0002898    0.004115   1.995e-05  AOI211X1
u_visitor/g1103                 0.001317    0.002743    0.004073   1.301e-05  CLKINVX1
u_visitor/g1076                 0.003536   0.0004591    0.004013   1.815e-05  AOI21X1
u_visitor/g1110                 0.002349    0.001574    0.003958   3.499e-05  NAND2BX1
u_visitor/g1104                 0.001318    0.002498    0.003828   1.301e-05  CLKINVX1
u_door_lock/g2286               0.002534    0.000948    0.003514   3.144e-05  AOI2BB1X1
u_visitor/g1075                 0.001947    0.001546    0.003511   1.816e-05  NOR2X1
u_door_lock/g2264                0.00114    0.002326    0.003479   1.299e-05  OAI21X1
u_temp_ctrl/g1718               0.002126     0.00129    0.003472   5.601e-05  NAND2X4
u_burglar/g706                 0.0008291    0.002526    0.003368   1.301e-05  CLKINVX1
u_temp_ctrl/g1639               0.002205    0.001065    0.003289   1.833e-05  AOI22X1
u_temp_ctrl/g1634               0.001334    0.001894    0.003243   1.511e-05  NAND3X1
u_temp_ctrl/g1631                0.00261   0.0005354    0.003158   1.299e-05  OAI21X1
u_visitor/g1109                 0.001315    0.001823    0.003151   1.301e-05  CLKINVX1
u_water_ctrl/g2                 0.002489   0.0005645    0.003107   5.418e-05  MX2X1
u_temp_ctrl/g1641               0.002159   0.0009136    0.003091   1.815e-05  AOI21X1
u_temp_ctrl/g1630               0.002504   0.0004917    0.003009   1.299e-05  OAI21X1
u_visitor/g1080                 0.001059    0.001845    0.002938   3.419e-05  NAND3BX1
u_visitor/g1059                 0.002189   0.0007249    0.002928    1.41e-05  OAI211X1
u_visitor/g1063                  0.00221   0.0006823    0.002904   1.224e-05  OAI222XL
u_burglar/g2                    0.001768    0.001083    0.002872   2.004e-05  NOR2BX1
u_visitor/g1084                 0.002328   0.0005211    0.002869   1.995e-05  AOI211X1
u_burglar/g716                  0.002443   0.0003451    0.002856   6.826e-05  XOR2XL
u_visitor/g1093                 0.001505    0.001319    0.002851   2.717e-05  AND2X1
u_temp_ctrl/g1707               0.001885   0.0008744    0.002841   8.078e-05  CLKAND2X3
u_visitor/g1062                  0.00214   0.0006599    0.002812   1.224e-05  OAI222XL
u_visitor/g1045                 0.002146   0.0006461    0.002804   1.224e-05  OAI222XL
u_visitor/g1054                 0.002127   0.0006548    0.002794   1.224e-05  OAI222XL
u_water_ctrl/g81                0.002084   0.0006454     0.00275   1.995e-05  AOI211X1
u_entertainment/g48             0.001817   0.0008868    0.002724   2.093e-05  NOR4X1
u_visitor/g1065                 0.001985   0.0007058    0.002718   2.704e-05  MXI2XL
u_temp_ctrl/g1710                0.00233   0.0003432    0.002709   3.607e-05  NOR2X2
u_visitor/g1048                 0.001994   0.0006822     0.00269    1.41e-05  OAI211X1
u_door_lock/g2254               0.002216   0.0004506    0.002685   1.791e-05  OAI22X1
u_visitor/g1087                 0.002176   0.0004666     0.00267   2.704e-05  MXI2XL
u_temp_ctrl/g1654               0.002255   0.0003721    0.002645   1.787e-05  OAI32X1
u_visitor/g1099                 0.002177   0.0004492    0.002639   1.236e-05  NOR2XL
u_visitor/g1083                 0.002131   0.0004591    0.002619   2.866e-05  OA21XL
u_visitor/g1088                 0.002085   0.0005046    0.002616   2.704e-05  MXI2XL
u_door_lock/g2281               0.002032   0.0005047    0.002556   1.851e-05  AOI32X1
u_visitor/g1079                 0.001938   0.0005046    0.002469   2.704e-05  MXI2XL
u_window/g360                   0.001947   0.0004687    0.002459   4.309e-05  AO22X1
u_temp_ctrl/g1695               0.001791   0.0005986    0.002421   3.144e-05  AOI2BB1X1
u_temp_ctrl/g1644               0.001638    0.000756    0.002413   1.815e-05  AOI21X1
u_entertainment/g45             0.001919   0.0004391    0.002412   5.418e-05  MX2X1
u_door_lock/g2271               0.001983   0.0003515    0.002352   1.787e-05  OAI32X1
u_water_ctrl/g79                0.001614   0.0007183     0.00235   1.815e-05  AOI21X1
u_door_lock/g2299              0.0008757    0.001427    0.002316   1.301e-05  CLKINVX1
u_door_lock/g2297              0.0008521    0.001449    0.002314   1.301e-05  CLKINVX1
u_window/g370                   0.001838   0.0004227    0.002279   1.815e-05  AOI21X1
u_entertainment/g44             0.001788   0.0004001    0.002242   5.418e-05  MX2X1
u_temp_ctrl/g1664               0.001432   0.0007921    0.002242   1.815e-05  AOI21X1
u_temp_ctrl/g1738               0.001643   0.0004969    0.002213   7.254e-05  CLKXOR2X1
u_door_lock/g2284               0.001847   0.0002646    0.002175   6.308e-05  XNOR2XL
u_visitor/g1066                   0.0017   0.0004444    0.002172   2.704e-05  MXI2XL
u_visitor/g1061                 0.001705   0.0004345    0.002166   2.704e-05  MXI2XL
u_visitor/g1073                0.0009113    0.001218    0.002142   1.301e-05  CLKINVX1
u_temp_ctrl/g1691               0.001474   0.0006366    0.002129   1.815e-05  AOI21X1
u_window/g363                   0.001635   0.0004688    0.002117   1.299e-05  OAI21X1
u_window/g371                   0.001944   0.0001501    0.002114   2.034e-05  NOR3X1
u_entertainment/g46             0.001673   0.0003753    0.002102   5.418e-05  MX2X1
u_temp_ctrl/g1642                0.00163   0.0004517      0.0021   1.815e-05  AOI21X1
u_visitor/g1102                  0.00133   0.0007392    0.002082   1.301e-05  CLKINVX1
u_door_lock/g2268               0.001874   0.0001746    0.002068   1.995e-05  AOI211X1
u_temp_ctrl/g1674               0.001616   0.0004132    0.002048   1.851e-05  AOI32X1
u_entertainment/g47             0.001616   0.0003573    0.002027   5.418e-05  MX2X1
u_burglar/g3                    0.001661   0.0002923    0.002025   7.254e-05  CLKXOR2X1
u_temp_ctrl/g1640               0.001633   0.0003582    0.002009   1.789e-05  AOI31X1
u_temp_ctrl/g1663               0.001475   0.0004998    0.001993   1.815e-05  AOI21X1
u_burglar/g711                  0.001357   0.0006138    0.001985   1.402e-05  OAI31X1
u_door_lock/g2253                0.00154   0.0003978    0.001981   4.264e-05  AO21X1
u_door_lock/g2266               0.001722   0.0002334    0.001973   1.851e-05  AOI32X1
u_temp_ctrl/g1668               0.001493   0.0004519    0.001965   2.004e-05  NOR2BX1
u_door_lock/g2280               0.001267   0.0006666    0.001955   2.127e-05  OAI2BB1X1
u_temp_ctrl/g1743               0.001621    0.000306     0.00194   1.299e-05  OAI21X1
u_temp_ctrl/g1653               0.001451   0.0004621    0.001926   1.236e-05  NOR2XL
u_visitor/g1052                 0.001569    0.000333    0.001916   1.402e-05  OAI31X1
u_temp_ctrl/g1662               0.001506   0.0003752    0.001894   1.314e-05  OAI221X1
u_door_lock/g2277              0.0009124   0.0009414    0.001888   3.419e-05  NAND3BX1
u_door_lock/g2275               0.001468   0.0003962    0.001882   1.789e-05  AOI31X1
u_door_lock/g2267               0.001285   0.0005811    0.001879   1.299e-05  OAI21X1
u_burglar/g698                  0.001541    0.000316    0.001875   1.815e-05  AOI21X1
u_window/g366                   0.001327   0.0005248     0.00187   1.789e-05  AOI31X1
u_door_lock/g2256               0.001375   0.0004425     0.00183   1.236e-05  NOR2XL
u_temp_ctrl/g1711               0.001171    0.000637    0.001826   1.816e-05  NOR2X1
u_temp_ctrl/g1744               0.001264    0.000496    0.001823   6.308e-05  XNOR2XL
u_temp_ctrl/g1684               0.001342    0.000459     0.00182   1.815e-05  AOI21X1
u_burglar/g704                  0.001315   0.0004697    0.001812   2.704e-05  MXI2XL
u_visitor/g1078                0.0007986   0.0009797    0.001791   1.301e-05  CLKINVX1
u_temp_ctrl/g1675               0.001239   0.0005242    0.001781   1.816e-05  NOR2X1
u_burglar/g699                  0.001407   0.0003272    0.001777   4.309e-05  AO22X1
u_window/g367                   0.001613   0.0001421    0.001775   1.995e-05  AOI211X1
u_temp_ctrl/g1689               0.001074   0.0006822    0.001769   1.299e-05  OAI21X1
u_temp_ctrl/g1661               0.001541   0.0001962    0.001756   1.816e-05  NOR2X1
u_visitor/g1050                 0.001338   0.0003847    0.001749   2.704e-05  MXI2XL
u_temp_ctrl/g1680               0.001408   0.0003224    0.001748   1.789e-05  AOI31X1
u_temp_ctrl/g1714               0.001012   0.0007057    0.001744   2.599e-05  CLKINVX2
u_burglar/g676                  0.001414   0.0002914    0.001724   1.815e-05  AOI21X1
u_visitor/g1077                 0.001037   0.0006575    0.001713   1.816e-05  NOR2X1
u_temp_ctrl/g1635               0.001338   0.0003622    0.001713   1.301e-05  INVX1
u_temp_ctrl/g1704               0.001453   0.0002275      0.0017   2.034e-05  NOR3X1
u_burglar/g719                 0.0008394   0.0008425    0.001695   1.301e-05  INVX1
u_burglar/g680                  0.001363   0.0002812    0.001663   1.815e-05  AOI21X1
u_water_ctrl/g77                0.001238   0.0004113    0.001662   1.236e-05  NOR2XL
u_burglar/g700                  0.001214   0.0004146    0.001656   2.704e-05  MXI2XL
u_temp_ctrl/g1650               0.001157    0.000478    0.001648   1.299e-05  OAI21X1
u_temp_ctrl/g1741               0.001244   0.0003364    0.001623   4.264e-05  AO21X1
u_door_lock/g2260               0.001209   0.0003898    0.001612   1.236e-05  NOR2XL
u_visitor/g1072                0.0004049    0.001188    0.001602   9.289e-06  NAND2XL
u_door_lock/g2283               0.001167   0.0003943    0.001597   3.499e-05  NAND2BX1
u_temp_ctrl/g1671                 0.0012   0.0003807    0.001594   1.299e-05  OAI21X1
u_temp_ctrl/g1679               0.001335   0.0001902    0.001539   1.402e-05  OAI31X1
u_door_lock/g2289              0.0009051   0.0006118    0.001529   1.236e-05  NOR2XL
u_door_lock/g2295              0.0008811    0.000625    0.001519   1.301e-05  CLKINVX1
u_temp_ctrl/g1717              0.0007562   0.0007481    0.001517   1.236e-05  NOR2XL
u_door_lock/g2296              0.0007878   0.0007081    0.001509   1.301e-05  INVX1
u_temp_ctrl/g1690              0.0009665   0.0005103    0.001504   2.704e-05  MXI2XL
u_temp_ctrl/g1672               0.001077   0.0003918    0.001481    1.22e-05  AOI21XL
u_door_lock/g754                0.001126   0.0002995    0.001468   4.256e-05  OR2X1
u_temp_ctrl/g1632              0.0008364   0.0006196    0.001465   9.289e-06  NAND2XL
u_temp_ctrl/g1719              0.0008326   0.0006091     0.00145   8.757e-06  INVXL
u_temp_ctrl/g1725              0.0008326   0.0006091     0.00145   8.757e-06  INVXL
u_burglar/g691                  0.001155   0.0002638    0.001437   1.791e-05  OAI22X1
u_door_lock/g2300               0.001022    0.000372    0.001429   3.499e-05  NAND2BX1
u_door_lock/g2288              0.0004872   0.0009107    0.001407   9.289e-06  NAND2XL
u_temp_ctrl/g1659               0.001139   0.0002282    0.001388   2.127e-05  OAI2BB1X1
u_window/g364                   0.001165   0.0001853    0.001367   1.662e-05  NOR2BXL
u_temp_ctrl/g1655              0.0009067   0.0004236    0.001365   3.499e-05  NAND2BX1
u_door_lock/g2270               0.001114   0.0002317    0.001358    1.22e-05  AOI21XL
u_temp_ctrl/g1736               0.001037   0.0002812    0.001334   1.662e-05  NOR2BXL
u_temp_ctrl/g1648              0.0009789    0.000331    0.001323   1.299e-05  OAI21X1
u_door_lock/g2261              0.0007934    0.000505    0.001308   9.289e-06  NAND2XL
u_burglar/g690                 0.0008981   0.0003811    0.001306   2.704e-05  MXI2XL
u_visitor/g1091                0.0007573   0.0005342    0.001301   9.289e-06  NAND2XL
u_temp_ctrl/g1745               0.001076   0.0001979     0.00129   1.651e-05  NOR3BXL
u_window/g362                    0.00102   0.0002329     0.00128   2.704e-05  MXI2XL
u_temp_ctrl/g1703              0.0007556   0.0004986     0.00128   2.599e-05  CLKINVX2
u_window/g372                  0.0008213   0.0004456    0.001279   1.236e-05  NOR2XL
u_burglar/g720                 0.0007343   0.0005272    0.001275   1.301e-05  CLKINVX1
u_burglar/g681                  0.001017   0.0002316    0.001267   1.791e-05  OAI22X1
u_visitor/g1086                0.0004422   0.0008072    0.001259   9.289e-06  NAND2XL
u_visitor/g1053                 0.000954   0.0002836    0.001252    1.41e-05  OAI211X1
u_temp_ctrl/g1721              0.0005211    0.000715    0.001249   1.301e-05  CLKINVX1
u_temp_ctrl/g1737                0.00096   0.0002661    0.001243   1.662e-05  NOR2BXL
u_visitor/g1067                   0.0007    0.000518    0.001227   9.289e-06  NAND2XL
u_temp_ctrl/g1705              0.0008529     0.00032      0.0012   2.704e-05  MXI2XL
u_temp_ctrl/g1681              0.0006251   0.0005604      0.0012   1.403e-05  NAND2X1
u_door_lock/g2265              0.0006723   0.0005021    0.001183   8.757e-06  INVXL
u_temp_ctrl/g1742              0.0008473      0.0003    0.001182   3.499e-05  NAND2BX1
u_temp_ctrl/g1720              0.0005268   0.0006407    0.001181   1.301e-05  CLKINVX1
u_door_lock/g2269              0.0009845   0.0001829     0.00118   1.299e-05  OAI21X1
u_visitor/g1096                0.0006714   0.0004892     0.00117   9.289e-06  NAND2XL
u_humidity/g202                0.0008436   0.0003047    0.001161    1.22e-05  AOI21XL
u_door_lock/g2262              0.0008529   0.0002748     0.00114   1.236e-05  NOR2XL
u_visitor/g2                   0.0008185   0.0002855    0.001139   3.499e-05  NAND2BX1
u_temp_ctrl/g1649              0.0008972   0.0002315    0.001137   8.728e-06  OAI21XL
u_humidity/g207                0.0007351   0.0003799    0.001127   1.236e-05  NOR2XL
u_visitor/g1098                0.0006631   0.0004526    0.001125   9.289e-06  NAND2XL
u_temp_ctrl/g1651              0.0008305   0.0002812    0.001124   1.236e-05  NOR2XL
u_burglar/g721                  0.000883   0.0002272    0.001123   1.299e-05  OAI21X1
u_burglar/g685                 0.0008693   0.0002222    0.001105   1.299e-05  OAI21X1
u_humidity/g203                0.0008563   0.0002202    0.001095   1.815e-05  AOI21X1
u_burglar/g697                 0.0007814   0.0002933    0.001094    1.92e-05  OAI2BB1XL
u_burglar/g671                 0.0008378   0.0002228    0.001074   1.299e-05  OAI21X1
u_door_lock/g2279              0.0007243   0.0003297    0.001067   1.301e-05  INVX1
u_temp_ctrl/g1715              0.0005399   0.0004923    0.001046   1.403e-05  NAND2X1
u_temp_ctrl/g1645              0.0007713   0.0002572    0.001041   1.236e-05  NOR2XL
u_burglar/g675                 0.0008109   0.0002164     0.00104   1.299e-05  OAI21X1
u_temp_ctrl/g1637              0.0005721   0.0004406    0.001022   9.289e-06  NAND2XL
u_temp_ctrl/g1716              0.0003446   0.0006508    0.001005   9.289e-06  NAND2XL
u_burglar/g718                 0.0003489   0.0006408    0.000999   9.289e-06  NAND2XL
u_humidity/g205                0.0005949    0.000382   0.0009981   2.127e-05  OAI2BB1X1
u_visitor/g1069                0.0005667   0.0004212   0.0009973   9.289e-06  NAND2XL
u_door_lock/g2252              0.0008001   0.0001598   0.0009721    1.22e-05  AOI21XL
u_lum_ctrl/g98                 0.0006426    0.000312   0.0009676   1.301e-05  INVX1
u_temp_ctrl/g1709              0.0005386   0.0004056   0.0009581   1.403e-05  NAND2X1
u_visitor/g1081                0.0004863   0.0004283   0.0009286   1.403e-05  NAND2X1
u_temp_ctrl/g1726              0.0005165   0.0003947   0.0009242   1.301e-05  CLKINVX1
u_temp_ctrl/g1638              0.0005177   0.0003957   0.0009227   9.289e-06  NAND2XL
u_temp_ctrl/g1678              0.0005967   0.0002887   0.0008984   1.301e-05  INVX1
u_visitor/g1049                0.0005583   0.0003267   0.0008945   9.525e-06  OAI31XL
u_temp_ctrl/g1724              0.0005198   0.0003601   0.0008929   1.301e-05  INVX1
u_lum_ctrl/g99                 0.0005776   0.0002804    0.000871   1.301e-05  INVX1
u_door_lock/g2276              0.0005947   0.0002543   0.0008669   1.789e-05  AOI31X1
u_temp_ctrl/g1657              0.0006675    0.000185   0.0008654   1.301e-05  INVX1
u_door_lock/g2272              0.0007006   0.0001421   0.0008551   1.236e-05  NOR2XL
u_window/g368                  0.0005907   0.0002167   0.0008423   3.499e-05  NAND2BX1
u_door_lock/g2259              0.0004757   0.0003494   0.0008344   9.289e-06  NAND2XL
u_temp_ctrl/g1728              0.0005148   0.0003034   0.0008312   1.301e-05  CLKINVX1
u_temp_ctrl/g1712              0.0005205   0.0002969   0.0008305   1.301e-05  CLKINVX1
u_temp_ctrl/g1670              0.0005588   0.0002561   0.0008279   1.301e-05  INVX1
u_visitor/g1105                0.0005427    0.000268   0.0008237   1.301e-05  INVX1
u_door_lock/g2290              0.0003502   0.0004642   0.0008237   9.289e-06  NAND2XL
u_lum_ctrl/g102                0.0005451   0.0002646   0.0008228   1.301e-05  INVX1
u_lum_ctrl/g100                0.0005292   0.0002567    0.000799   1.301e-05  INVX1
u_lum_ctrl/g97                 0.0005215   0.0002528   0.0007873   1.301e-05  INVX1
u_humidity/g206                0.0006506   0.0001185   0.0007832    1.41e-05  OAI211X1
u_lum_ctrl/g101                0.0005174   0.0002508   0.0007812   1.301e-05  INVX1
u_lum_ctrl/g96                 0.0005154   0.0002498   0.0007783   1.301e-05  INVX1
u_lum_ctrl/g95                 0.0005138   0.0002493   0.0007761   1.301e-05  INVX1
u_door_lock/g2298              0.0004358   0.0003262   0.0007707   8.757e-06  INVXL
u_temp_ctrl/g1669              0.0005947   0.0001552   0.0007703   2.034e-05  NOR3X1
u_door_lock/g2244               0.000567   0.0001827   0.0007621   1.236e-05  NOR2XL
u_window/g365                  0.0005248   0.0001888   0.0007478   3.419e-05  NAND3BX1
u_temp_ctrl/g1647              0.0004064   0.0002993   0.0007145   8.757e-06  INVXL
u_door_lock/g2242              0.0005885   0.0001138   0.0007144    1.22e-05  AOI21XL
u_temp_ctrl/g1692              0.0005979    7.79e-05   0.0006962   2.034e-05  NOR3X1
u_window/g373                  0.0003964   0.0002864   0.0006915   8.757e-06  INVXL
u_temp_ctrl/g1683              0.0003855   0.0002836   0.0006783   9.289e-06  NAND2XL
u_visitor/g1085                0.0005996   4.665e-05   0.0006666   2.034e-05  NOR3X1
u_door_lock/g2233              0.0005552   7.991e-05   0.0006621   2.704e-05  MXI2XL
u_temp_ctrl/g1698              0.0004217    0.000183   0.0006135   8.757e-06  INVXL
u_temp_ctrl/g1713              0.0003542   0.0002474   0.0006104   8.757e-06  INVXL
u_door_lock/g2229              0.0004462   0.0001449   0.0006034   1.236e-05  NOR2XL
u_temp_ctrl/g1723              0.0003298   0.0002436   0.0005822   8.757e-06  INVXL
u_door_lock/g2237              0.0004714   9.505e-05   0.0005786    1.22e-05  AOI21XL
u_temp_ctrl/g1667              0.0005085   4.673e-05   0.0005761   2.093e-05  NOR4X1
u_window/g369                  0.0003453   0.0002003   0.0005745   2.877e-05  NAND2BXL
u_door_lock/g2239              0.0004012   0.0001293   0.0005428   1.236e-05  NOR2XL
u_door_lock/g2230               0.000407    0.000105   0.0005242    1.22e-05  AOI21XL
u_visitor/g1068                0.0003286   0.0001785   0.0005194   1.236e-05  NOR2XL
u_temp_ctrl/g1706               0.000356    0.000125    0.000516   3.499e-05  NAND2BX1
u_door_lock/g2285              0.0002305   0.0002499   0.0005082    2.78e-05  NAND4BXL
u_burglar/g688                 0.0002843   0.0001942   0.0004878   9.289e-06  NAND2XL
u_temp_ctrl/g1729              0.0003306    0.000141   0.0004804   8.757e-06  INVXL
u_humidity/g204                0.0003204   0.0001444   0.0004736   8.757e-06  INVXL
u_burglar/g695                 0.0003343   9.417e-05   0.0004372   8.728e-06  OAI21XL
u_door_lock/g2234              0.0003081   0.0001018   0.0004223   1.236e-05  NOR2XL
u_temp_ctrl/g1660              0.0002835   0.0001238   0.0004166   9.289e-06  NAND2XL
u_door_lock/g2                 0.0002303   0.0001409   0.0004062   3.499e-05  NAND2BX1
u_visitor/g1064                0.0002326   0.0001598   0.0004017   9.289e-06  NAND2XL
u_door_lock/g2274              0.0002228   0.0001652   0.0003968   8.757e-06  INVXL
u_temp_ctrl/g1700              0.0002586   0.0001238   0.0003917   9.289e-06  NAND2XL
u_door_lock/g2231              0.0002585   8.538e-05   0.0003562   1.236e-05  NOR2XL
u_burglar/g709                 0.0002207   9.828e-05   0.0003313   1.236e-05  NOR2XL
u_temp_ctrl/g1694              0.0001755   0.0001251   0.0003099   9.289e-06  NAND2XL
u_temp_ctrl/g1739              0.0002294   2.732e-05   0.0002785   2.186e-05  NOR3BX1
u_door_lock/g2287              0.0001781   7.909e-05   0.0002665   9.289e-06  NAND2XL
u_door_lock/g2257              0.0002073   4.263e-05   0.0002623   1.236e-05  NOR2XL
u_visitor/g1057                7.662e-05   0.0001581   0.0002441   9.289e-06  NAND2XL
u_burglar/g717                 0.0001586   7.142e-05   0.0002393   9.289e-06  NAND2XL
u_temp_ctrl/g1685              0.0001164    7.81e-05   0.0002045    9.93e-06  NAND3XL
u_temp_ctrl/g1697              6.441e-05   9.425e-05   0.0001679   9.289e-06  NAND2XL
u_burglar/g710                 5.401e-05   4.143e-05    0.000138   4.256e-05  OR2X1
u_temp_ctrl/g1665              7.579e-05   4.786e-05   0.0001341   1.046e-05  NAND4XL
u_door_lock/g2258              4.249e-05   2.521e-05   0.0001027   3.499e-05  NAND2BX1
u_burglar/g701                 3.896e-05   1.334e-05   6.466e-05   1.236e-05  NOR2XL
u_door_lock/g2243              3.733e-05   7.692e-06   5.738e-05   1.236e-05  NOR2XL
u_burglar/g702                 7.385e-06   5.982e-06   4.835e-05   3.499e-05  NAND2BX1
u_door_lock/g2245              5.231e-06   3.037e-06   4.325e-05   3.499e-05  NAND2BX1
u_burglar/g689                 1.636e-06   7.931e-07   3.742e-05   3.499e-05  NAND2BX1
u_visitor/g1082                1.599e-05   1.196e-05   3.725e-05   9.289e-06  NAND2XL
u_door_lock/g2240              4.781e-07   2.331e-07    3.57e-05   3.499e-05  NAND2BX1
u_burglar/g692                 3.395e-07    1.41e-07   3.467e-05   3.419e-05  NAND3BX1
u_burglar/g705                 3.677e-06   1.342e-05   3.012e-05   1.301e-05  CLKINVX1
u_burglar/g714                 9.051e-06   3.906e-06   2.597e-05   1.301e-05  INVX1
u_burglar/g715                 6.187e-06   6.055e-06    2.27e-05   1.046e-05  NAND4XL
u_burglar/g707                 5.025e-06   2.693e-06   2.008e-05   1.236e-05  NOR2XL
u_door_lock/g2238               4.53e-06    9.34e-07   1.782e-05   1.236e-05  NOR2XL
u_burglar/g713                 5.353e-07   2.535e-07   1.489e-05    1.41e-05  OAI211X1
u_burglar/g678                 1.203e-06   4.131e-07   1.397e-05   1.236e-05  NOR2XL
u_door_lock/g2235              3.084e-07   1.773e-07    1.35e-05   1.301e-05  CLKINVX1
u_burglar/g684                 2.209e-07   7.551e-08   1.265e-05   1.236e-05  NOR2XL
u_burglar/g703                 4.308e-08   8.344e-09   1.241e-05   1.236e-05  NOR2XL

---------------------------------------------------------------------------------------

Total (    446 of    446  )        4.196      0.3329      4.568     0.03948
Total Capacitance                2.601e-12 F
Power Density                   *** No Die Area ***
