*----------------------------------------------------------------------------------------
*	Innovus 20.10-p004_1 (64bit) 05/07/2020 20:02 (Linux 2.6.32-431.11.2.el6.x86_64)
*	
*
* 	Date & Time:	2025-Nov-19 00:32:50 (2025-Nov-18 19:02:50 GMT)
*
*----------------------------------------------------------------------------------------
*
*	Design: HA
*
*	Liberty Libraries used: 
*	        view1: /home/drashi25114/Desktop/cmos65/90nm/Physical_design/pd_0.8/slow.lib
*
*	Power Domain used: 
*              Rail:        VDD      Voltage:        0.9 
*
*       Power View : view1
*
*       User-Defined Activity : N.A.
*
*       Activity File: N.A.
*
*       Hierarchical Global Activity: N.A.
*
*       Global Activity: N.A.
*
*       Sequential Element Activity: 0.200000
*
*       Primary Input Activity: 0.200000
*
*       Default icg ratio: N.A.
*
*       Global Comb ClockGate Ratio: N.A.
*
*	Power Units = 1mW
*
*	Time Units = 1e-09 secs 
*
*       Temperature = 125 
*
*       report_power -outfile optimised_cts_reports/ctsafteranalysispostoptimization.rpt -rail_analysis_format VS
*
-----------------------------------------------------------------------------------------
Cell                            Internal   Switching       Total     Leakage   Cell
                                   Power       Power       Power       Power   Name
--------------------------------------------------------------------------------------
CTS_ccl_a_buf_00006              0.07976     0.08834      0.1683   0.0001864  CLKBUFX16
CTS_ccl_a_buf_00004              0.07976     0.08781      0.1677   0.0001864  CLKBUFX16
FE_OFC5_scan_en                 0.001583     0.01838     0.02004   7.504e-05  CLKBUFX4
u_visitor/count_reg[5]           0.01685    0.001388     0.01846   0.0002171  SDFFRHQX4
u_visitor/count_reg[0]           0.01693    0.001132     0.01828   0.0002171  SDFFRHQX4
u_visitor/count_reg[1]           0.01698   0.0009845     0.01818   0.0002171  SDFFRHQX4
temp_setpoint_r_reg[4]           0.01632    0.001583     0.01812   0.0002171  SDFFRHQX4
temp_setpoint_r_reg[1]           0.01632    0.001319     0.01786   0.0002171  SDFFRHQX4
temp_sensor_r_reg[5]             0.01664   0.0009644     0.01782   0.0002171  SDFFRHQX4
temp_setpoint_r_reg[5]           0.01632    0.001276     0.01782   0.0002171  SDFFRHQX4
window_auto_mode_r_reg           0.01664   0.0009138     0.01777   0.0002171  SDFFRHQX4
humidity_sensor_r_reg[1]         0.01664   0.0009027     0.01776   0.0002171  SDFFRHQX4
temp_sensor_r_reg[2]             0.01664   0.0008997     0.01776   0.0002171  SDFFRHQX4
temp_sensor_r_reg[3]             0.01664   0.0008551     0.01771   0.0002171  SDFFRHQX4
volume_cmd_r_reg[2]              0.01664   0.0008422      0.0177   0.0002171  SDFFRHQX4
volume_cmd_r_reg[3]              0.01664   0.0008134     0.01767   0.0002171  SDFFRHQX4
entry_sensor_r_reg               0.01664   0.0007923     0.01765   0.0002171  SDFFRHQX4
volume_cmd_r_reg[1]              0.01665    0.000757     0.01762   0.0002171  SDFFRHQX4
temp_setpoint_r_reg[3]           0.01633    0.001066     0.01761   0.0002171  SDFFRHQX4
temp_setpoint_r_reg[2]           0.01633    0.001055      0.0176   0.0002171  SDFFRHQX4
volume_cmd_r_reg[0]              0.01665   0.0007389      0.0176   0.0002171  SDFFRHQX4
light_sensor_r_reg[6]            0.01665   0.0007303      0.0176   0.0002171  SDFFRHQX4
light_sensor_r_reg[2]            0.01668   0.0006787     0.01758   0.0002171  SDFFRHQX4
light_sensor_r_reg[1]            0.01668   0.0006745     0.01757   0.0002171  SDFFRHQX4
temp_setpoint_r_reg[0]           0.01668   0.0006723     0.01757   0.0002171  SDFFRHQX4
light_sensor_r_reg[5]            0.01665   0.0006807     0.01755   0.0002171  SDFFRHQX4
exit_sensor_r_reg                0.01665   0.0006754     0.01754   0.0002171  SDFFRHQX4
light_sensor_r_reg[3]            0.01668   0.0006386     0.01754   0.0002171  SDFFRHQX4
light_sensor_r_reg[7]            0.01665   0.0006691     0.01754   0.0002171  SDFFRHQX4
light_sensor_r_reg[4]            0.01665   0.0006557     0.01753   0.0002171  SDFFRHQX4
temp_sensor_r_reg[4]             0.01665   0.0006505     0.01752   0.0002171  SDFFRHQX4
humidity_sensor_r_reg[7]         0.01665   0.0006414     0.01751   0.0002171  SDFFRHQX4
humidity_sensor_r_reg[3]         0.01666   0.0005354     0.01741   0.0002171  SDFFRHQX4
tv_on_cmd_r_reg                  0.01666   0.0005238      0.0174   0.0002171  SDFFRHQX4
music_on_cmd_r_reg               0.01666   0.0005047     0.01738   0.0002171  SDFFRHQX4
temp_setpoint_r_reg[6]           0.01634   0.0008291     0.01738   0.0002171  SDFFRHQX4
light_sensor_r_reg[0]             0.0167   0.0004694     0.01738   0.0002171  SDFFRHQX4
temp_sensor_r_reg[6]             0.01634   0.0008149     0.01737   0.0002171  SDFFRHQX4
temp_sensor_r_reg[0]             0.01666   0.0004879     0.01737   0.0002171  SDFFRHQX4
humidity_sensor_r_reg[5]         0.01666   0.0004806     0.01736   0.0002171  SDFFRHQX4
door_lock_cmd_r_reg              0.01666   0.0004632     0.01734   0.0002171  SDFFRHQX4
window_manual_open_r_reg         0.01666   0.0004584     0.01734   0.0002171  SDFFRHQX4
temp_sensor_r_reg[7]             0.01634   0.0007797     0.01734   0.0002171  SDFFRHQX4
door_unlock_cmd_r_reg            0.01667   0.0004481     0.01733   0.0002171  SDFFRHQX4
ac_cmd_r_reg                      0.0167   0.0004061     0.01732   0.0002171  SDFFRHQX4
window_manual_close_r_reg        0.01667   0.0004404     0.01732   0.0002171  SDFFRHQX4
pin_input_r_reg[2]                0.0167   0.0003971     0.01732   0.0002171  SDFFRHQX4
fan_cmd_r_reg                     0.0167   0.0003775      0.0173   0.0002171  SDFFRHQX4
door_sensor_r_reg                0.01667    0.000402     0.01729   0.0002171  SDFFRHQX4
pin_input_r_reg[0]               0.01671   0.0003388     0.01727   0.0002171  SDFFRHQX4
alarm_arm_r_reg                  0.01668   0.0003617     0.01726   0.0002171  SDFFRHQX4
temp_sensor_r_reg[1]             0.01667   0.0003692     0.01726   0.0002171  SDFFRHQX4
light_cmd_r_reg                  0.01667   0.0003624     0.01725   0.0002171  SDFFRHQX4
temp_setpoint_r_reg[7]           0.01635   0.0006775     0.01724   0.0002171  SDFFRHQX4
window_sensor_r_reg              0.01668   0.0003299     0.01722   0.0002171  SDFFRHQX4
humidity_sensor_r_reg[0]         0.01669   0.0003189     0.01722   0.0002171  SDFFRHQX4
pin_input_r_reg[1]               0.01672   0.0002802     0.01722   0.0002171  SDFFRHQX4
humidity_sensor_r_reg[2]         0.01668   0.0003191     0.01722   0.0002171  SDFFRHQX4
motion_sensor_r_reg              0.01668   0.0003173     0.01721   0.0002171  SDFFRHQX4
humidity_sensor_r_reg[4]         0.01668   0.0002826     0.01718   0.0002171  SDFFRHQX4
humidity_sensor_r_reg[6]         0.01669    0.000272     0.01718   0.0002171  SDFFRHQX4
pin_input_r_reg[3]               0.01674   0.0002035     0.01716   0.0002171  SDFFRHQX4
water_level_r_reg[2]             0.01636   0.0004554     0.01704   0.0002171  SDFFRHQX4
water_level_r_reg[3]             0.01636   0.0004505     0.01703   0.0002171  SDFFRHQX4
water_level_r_reg[0]             0.01637   0.0003597     0.01695   0.0002171  SDFFRHQX4
FE_OFC4_rst_n                   0.001212     0.01566     0.01694   6.202e-05  BUFX3
water_level_r_reg[1]             0.01638   0.0003096     0.01691   0.0002171  SDFFRHQX4
u_visitor/count_reg[3]           0.01447    0.001176     0.01582   0.0001737  SDFFRHQX2
u_visitor/count_reg[4]           0.01412   0.0009259     0.01522   0.0001737  SDFFRHQX2
u_visitor/count_reg[2]           0.01411   0.0008778     0.01516   0.0001737  SDFFRHQX2
u_door_lock/state_reg[1]         0.01362     0.00137     0.01515   0.0001526  SDFFRHQX1
u_door_lock/state_reg[0]         0.01354    0.001183     0.01487   0.0001526  SDFFRHQX1
u_window/window_state_reg[0]     0.01387   0.0008095     0.01483   0.0001526  SDFFRHQX1
u_window/window_state_reg[1]      0.0138   0.0008178     0.01477   0.0001526  SDFFRHQX1
u_door_lock/attempt_counter_reg[0]     0.0138   0.0007292     0.01468   0.0001526  SDFFRHQX1
u_visitor/count_reg[7]           0.01359   0.0008544     0.01461   0.0001737  SDFFRHQX2
u_burglar/delay_counter_reg[4]    0.01355   0.0007649     0.01447   0.0001526  SDFFRHQX1
u_burglar/delay_counter_reg[3]    0.01354   0.0007009     0.01439   0.0001526  SDFFRHQX1
u_door_lock/attempt_counter_reg[1]    0.01347   0.0007591     0.01438   0.0001526  SDFFRHQX1
u_burglar/delay_counter_reg[1]    0.01353   0.0006849     0.01437   0.0001526  SDFFRHQX1
u_entertainment/volume_level_reg[2]    0.01348   0.0007317     0.01435   0.0001436  SDFFSHQX1
u_burglar/delay_counter_reg[2]    0.01353   0.0006527     0.01434   0.0001526  SDFFRHQX1
u_entertainment/volume_level_reg[0]    0.01348   0.0006577     0.01428   0.0001436  SDFFSHQX1
u_burglar/delay_counter_reg[7]     0.0135   0.0005741     0.01423   0.0001526  SDFFRHQX1
u_burglar/alarm_out_reg          0.01348   0.0005957     0.01423   0.0001526  SDFFRHQX1
u_burglar/delay_counter_reg[0]    0.01345   0.0006138     0.01422   0.0001526  SDFFRHQX1
u_door_lock/attempt_counter_reg[2]    0.01347   0.0005126     0.01414   0.0001526  SDFFRHQX1
u_burglar/delay_counter_reg[5]    0.01323   0.0007204      0.0141   0.0001526  SDFFRHQX1
u_burglar/delay_counter_reg[6]    0.01317   0.0007657     0.01409   0.0001526  SDFFRHQX1
u_water_ctrl/pump_on_reg         0.01346   0.0004425     0.01406   0.0001526  SDFFRHQX1
u_burglar/delay_counter_reg[8]    0.01349   0.0003919     0.01403   0.0001526  SDFFRHQX1
u_lum_ctrl/led_brightness_reg[6]     0.0133   0.0005588     0.01401   0.0001526  SDFFRHQX1
u_door_lock/timeout_counter_reg[5]    0.01303    0.000805     0.01399   0.0001526  SDFFRHQX1
u_door_lock/timeout_counter_reg[1]    0.01305   0.0007764     0.01397   0.0001526  SDFFRHQX1
u_door_lock/timeout_counter_reg[6]    0.01302   0.0007692     0.01394   0.0001526  SDFFRHQX1
u_lum_ctrl/led_brightness_reg[0]     0.0133   0.0004637     0.01392   0.0001526  SDFFRHQX1
u_entertainment/volume_level_reg[1]    0.01318   0.0005469     0.01388   0.0001526  SDFFRHQX1
u_lum_ctrl/led_brightness_reg[5]     0.0133   0.0004145     0.01387   0.0001526  SDFFRHQX1
u_water_ctrl/valve_close_reg     0.01334   0.0003693     0.01386   0.0001526  SDFFRHQX1
u_lum_ctrl/led_brightness_reg[4]     0.0133   0.0003982     0.01385   0.0001526  SDFFRHQX1
u_door_lock/timeout_counter_reg[4]    0.01303   0.0006696     0.01385   0.0001526  SDFFRHQX1
u_lum_ctrl/led_brightness_reg[2]     0.0133   0.0003665     0.01382   0.0001526  SDFFRHQX1
u_visitor/count_reg[6]           0.01341   0.0002576     0.01382   0.0001526  SDFFRHQX1
u_lum_ctrl/led_brightness_reg[1]     0.0133   0.0003382      0.0138   0.0001526  SDFFRHQX1
u_door_lock/timeout_counter_reg[7]    0.01299   0.0006464     0.01379   0.0001526  SDFFRHQX1
u_entertainment/volume_level_reg[3]    0.01319    0.000451     0.01379   0.0001526  SDFFRHQX1
u_door_lock/timeout_counter_reg[2]    0.01299   0.0006446     0.01379   0.0001526  SDFFRHQX1
u_door_lock/timeout_counter_reg[3]      0.013   0.0006193     0.01377   0.0001526  SDFFRHQX1
u_humidity/dehumidifier_on_reg    0.01329   0.0003297     0.01377   0.0001526  SDFFRHQX1
u_appliances/lights_on_reg       0.01329   0.0003028     0.01375   0.0001526  SDFFRHQX1
u_appliances/fan_on_reg           0.0133   0.0002887     0.01375   0.0001526  SDFFRHQX1
u_door_lock/timeout_counter_reg[0]    0.01297   0.0006202     0.01374   0.0001526  SDFFRHQX1
led_brightness_r_reg[0]          0.01331   0.0002699     0.01373   0.0001526  SDFFRHQX1
u_appliances/ac_on_reg            0.0133   0.0002675     0.01372   0.0001526  SDFFRHQX1
window_state_r_reg[0]            0.01296   0.0005228     0.01364   0.0001526  SDFFRHQX1
u_lum_ctrl/led_brightness_reg[7]    0.01296   0.0005174     0.01363   0.0001526  SDFFRHQX1
window_state_r_reg[1]            0.01296   0.0004711     0.01359   0.0001526  SDFFRHQX1
u_humidity/humidifier_on_reg     0.01293   0.0005081     0.01359   0.0001526  SDFFRHQX1
u_door_lock/lock_status_reg[1]    0.01298   0.0004355     0.01357   0.0001526  SDFFRHQX1
water_valve_close_r_reg          0.01296    0.000418     0.01353   0.0001526  SDFFRHQX1
u_entertainment/tv_on_reg        0.01296   0.0004121     0.01352   0.0001526  SDFFRHQX1
u_lum_ctrl/led_brightness_reg[3]    0.01296   0.0003921     0.01351   0.0001526  SDFFRHQX1
u_visitor/exit_prev_reg          0.01296   0.0003852      0.0135   0.0001526  SDFFRHQX1
u_door_lock/lock_status_reg[0]    0.01298   0.0003571     0.01349   0.0001526  SDFFRHQX1
humidifier_on_r_reg              0.01297   0.0003596     0.01348   0.0001526  SDFFRHQX1
dehumidifier_on_r_reg            0.01296   0.0003521     0.01346   0.0001526  SDFFRHQX1
music_on_r_reg                   0.01296   0.0003436     0.01346   0.0001526  SDFFRHQX1
visitor_count_r_reg[3]           0.01303   0.0002788     0.01346   0.0001526  SDFFRHQX1
tv_on_r_reg                      0.01296   0.0003367     0.01345   0.0001526  SDFFRHQX1
u_entertainment/music_on_reg     0.01296   0.0003325     0.01345   0.0001526  SDFFRHQX1
led_brightness_r_reg[4]          0.01302   0.0002509     0.01343   0.0001526  SDFFRHQX1
led_brightness_r_reg[2]          0.01302    0.000249     0.01342   0.0001526  SDFFRHQX1
led_brightness_r_reg[7]          0.01302    0.000247     0.01342   0.0001526  SDFFRHQX1
led_brightness_r_reg[6]          0.01302   0.0002456     0.01342   0.0001526  SDFFRHQX1
visitor_count_r_reg[0]           0.01302   0.0002472     0.01342   0.0001526  SDFFRHQX1
visitor_count_r_reg[2]           0.01302   0.0002412     0.01342   0.0001526  SDFFRHQX1
led_brightness_r_reg[5]          0.01302   0.0002284      0.0134   0.0001526  SDFFRHQX1
visitor_count_r_reg[7]           0.01296   0.0002844      0.0134   0.0001526  SDFFRHQX1
led_brightness_r_reg[3]          0.01302   0.0002187     0.01339   0.0001526  SDFFRHQX1
volume_level_r_reg[0]            0.01296   0.0002761     0.01339   0.0001526  SDFFRHQX1
led_brightness_r_reg[1]          0.01302   0.0002126     0.01339   0.0001526  SDFFRHQX1
volume_level_r_reg[2]            0.01296   0.0002708     0.01339   0.0001526  SDFFRHQX1
u_visitor/entry_prev_reg         0.01296   0.0002715     0.01338   0.0001526  SDFFRHQX1
lock_status_r_reg[0]             0.01296   0.0002617     0.01337   0.0001526  SDFFRHQX1
visitor_count_r_reg[5]           0.01296   0.0002495     0.01336   0.0001526  SDFFRHQX1
volume_level_r_reg[1]            0.01296   0.0002279     0.01334   0.0001526  SDFFRHQX1
visitor_count_r_reg[6]           0.01296   0.0002261     0.01334   0.0001526  SDFFRHQX1
visitor_count_r_reg[1]           0.01296   0.0002217     0.01333   0.0001526  SDFFRHQX1
volume_level_r_reg[3]            0.01296   0.0002171     0.01333   0.0001526  SDFFRHQX1
lock_status_r_reg[1]             0.01296   0.0001965     0.01331   0.0001526  SDFFRHQX1
u_door_lock/door_locked_reg      0.01296   0.0001885      0.0133   0.0001526  SDFFRHQX1
visitor_count_r_reg[4]           0.01296   0.0001857      0.0133   0.0001526  SDFFRHQX1
u_temp_ctrl/cooler_on_reg        0.01257   0.0005699     0.01329   0.0001524  SDFFRXL
lights_on_r_reg                  0.01191    0.001127      0.0132   0.0001667  SDFFRX1
fan_on_r_reg                     0.01192    0.001013      0.0131   0.0001667  SDFFRX1
ac_on_r_reg                      0.01192   0.0009258     0.01301   0.0001667  SDFFRX1
u_temp_ctrl/heater_on_reg        0.01226   0.0005638     0.01297   0.0001524  SDFFRXL
cooler_on_r_reg                  0.01192   0.0007859     0.01287   0.0001667  SDFFRX1
heater_on_r_reg                  0.01163   0.0007619     0.01256   0.0001667  SDFFRX1
door_locked_r_reg                0.01162   0.0007609     0.01255   0.0001667  SDFFRX1
water_pump_on_r_reg              0.01162   0.0007216     0.01251   0.0001667  SDFFRX1
burglar_alarm_out_r_reg          0.01162   0.0006767     0.01247   0.0001667  SDFFRX1
FE_OFC3_rst_n                  0.0007959     0.01003     0.01087   4.129e-05  BUFX2
FE_OFC6_scan_en                0.0009844    0.002832    0.003857   4.129e-05  BUFX2
u_temp_ctrl/g1707               0.001867   0.0008221    0.002851   0.0001614  CLKAND2X6
u_temp_ctrl/g1740               0.001648    0.001043    0.002728   3.838e-05  NOR2BX2
u_temp_ctrl/g1636               0.001383    0.001201    0.002611   2.802e-05  NAND2X2
u_temp_ctrl/g1633               0.001662   0.0008642    0.002557   3.011e-05  NAND3X2
u_temp_ctrl/FE_RC_11_0          0.001297    0.001215    0.002542   3.011e-05  NAND3X2
u_visitor/g1075                 0.001512   0.0009102    0.002459   3.607e-05  NOR2X2
u_temp_ctrl/g1643               0.001899   0.0003975    0.002316   1.995e-05  AOI211X1
u_temp_ctrl/g1695               0.001722   0.0004466    0.002206   3.753e-05  AOI2BB1X2
u_door_lock/g2264              0.0005738    0.001451    0.002038   1.299e-05  OAI21X1
u_visitor/g1080                 0.000757    0.001176    0.001986    5.32e-05  NAND3BX2
u_burglar/g706                  0.000366    0.001573    0.001952   1.301e-05  CLKINVX1
u_temp_ctrl/FE_RC_8_0           0.001315   0.0005839    0.001935   3.595e-05  AOI2BB2X1
u_temp_ctrl/g1718               0.001069   0.0007813    0.001906   5.601e-05  NAND2X4
u_visitor/g1101                 0.001169   0.0005276    0.001733   3.607e-05  NOR2X2
u_temp_ctrl/FE_RC_0_0           0.001187   0.0004582    0.001682   3.634e-05  AOI22X2
u_temp_ctrl/g1631               0.001219   0.0003996    0.001631   1.299e-05  OAI21X1
u_temp_ctrl/g1641               0.001083   0.0004875    0.001589   1.815e-05  AOI21X1
u_temp_ctrl/g1710               0.001168   0.0003608    0.001565   3.607e-05  NOR2X2
u_burglar/g2                   0.0007963   0.0006886    0.001505   2.004e-05  NOR2BX1
u_temp_ctrl/g1653               0.001125   0.0002957    0.001439   1.816e-05  NOR2X1
u_temp_ctrl/g1630               0.001062   0.0003541    0.001429   1.299e-05  OAI21X1
u_visitor/g1073                0.0006614   0.0007304    0.001418   2.599e-05  CLKINVX2
u_door_lock/g2271               0.001092   0.0002747    0.001384   1.787e-05  OAI32X1
u_temp_ctrl/g1654               0.001129   0.0002082    0.001355   1.787e-05  OAI32X1
u_temp_ctrl/g1644              0.0008229   0.0004887     0.00133   1.815e-05  AOI21X1
u_water_ctrl/g81                0.000877   0.0004236     0.00132   1.995e-05  AOI211X1
u_temp_ctrl/g1738              0.0008242   0.0004084    0.001305   7.254e-05  CLKXOR2X1
u_visitor/FE_OFC1_visitor_count_int_6  0.0005026   0.0007718      0.0013   2.599e-05  INVX2
u_visitor/g1090                0.0008653   0.0003945    0.001296   3.607e-05  NOR2X2
u_temp_ctrl/g1664              0.0007165   0.0005577    0.001292   1.815e-05  AOI21X1
u_humidity/g202                0.0004346   0.0008454    0.001292    1.22e-05  AOI21XL
u_door_lock/g2286              0.0008574   0.0003989    0.001288   3.144e-05  AOI2BB1X1
u_visitor/g1084                0.0008392   0.0004277    0.001287   1.995e-05  AOI211X1
u_temp_ctrl/g1642              0.0008176   0.0004464    0.001282   1.815e-05  AOI21X1
u_temp_ctrl/g1640              0.0008194   0.0004412    0.001278   1.789e-05  AOI31X1
u_temp_ctrl/g1743              0.0008043   0.0004163    0.001234   1.299e-05  OAI21X1
u_door_lock/g2254              0.0009572   0.0002446     0.00122   1.791e-05  OAI22X1
u_temp_ctrl/g1663               0.000737   0.0004609    0.001216   1.815e-05  AOI21X1
u_visitor/g1078                0.0005738   0.0005981    0.001198   2.599e-05  CLKINVX2
u_temp_ctrl/g1691              0.0007378     0.00044    0.001196   1.815e-05  AOI21X1
u_visitor/g1100                0.0005326   0.0006304    0.001191   2.802e-05  NAND2X2
u_water_ctrl/g2                0.0008841    0.000252     0.00119   5.418e-05  MX2X1
u_visitor/g1103                0.0005096   0.0006525    0.001188   2.599e-05  CLKINVX2
u_water_ctrl/g79               0.0006962   0.0004657     0.00118   1.815e-05  AOI21X1
u_window/g360                  0.0008505   0.0002652    0.001159   4.309e-05  AO22X1
u_temp_ctrl/g1689               0.000535   0.0005764    0.001124   1.299e-05  OAI21X1
u_door_lock/g2276              0.0006586   0.0004264    0.001103   1.789e-05  AOI31X1
u_burglar/g3                   0.0008548   0.0001653    0.001093   7.254e-05  CLKXOR2X1
u_entertainment/g48            0.0006871    0.000383    0.001091   2.093e-05  NOR4X1
u_temp_ctrl/g1674              0.0008071   0.0002394    0.001065   1.851e-05  AOI32X1
u_door_lock/g2253              0.0007774   0.0002429    0.001063   4.264e-05  AO21X1
u_visitor/g1072                0.0002831   0.0007522    0.001049   1.403e-05  NAND2X1
u_temp_ctrl/g1684              0.0006711   0.0003572    0.001047   1.815e-05  AOI21X1
u_window/g366                  0.0006532   0.0003617    0.001033   1.789e-05  AOI31X1
u_humidity/g203                0.0004604   0.0005439    0.001022   1.815e-05  AOI21X1
u_visitor/g1062                0.0006424   0.0003667    0.001021   1.224e-05  OAI222XL
u_temp_ctrl/g1635              0.0006714   0.0003355     0.00102   1.301e-05  INVX1
u_temp_ctrl/g1632              0.0006533   0.0003478    0.001015   1.403e-05  NAND2X1
u_temp_ctrl/g1662              0.0007454   0.0002557    0.001014   1.314e-05  OAI221X1
u_temp_ctrl/g1744              0.0006347   0.0003035    0.001001   6.308e-05  XNOR2XL
u_entertainment/g46            0.0006955   0.0002472   0.0009969   5.418e-05  MX2X1
u_temp_ctrl/g1714               0.000506   0.0004649   0.0009969   2.599e-05  CLKINVX2
u_door_lock/g2280              0.0005654   0.0003868   0.0009734   2.127e-05  OAI2BB1X1
u_temp_ctrl/g1637              0.0004635   0.0004946   0.0009722   1.403e-05  NAND2X1
u_temp_ctrl/g1680              0.0006952   0.0002498   0.0009629   1.789e-05  AOI31X1
u_door_lock/g2266              0.0007907   0.0001499   0.0009591   1.851e-05  AOI32X1
u_temp_ctrl/g1711              0.0005862   0.0003515   0.0009559   1.816e-05  NOR2X1
u_window/g371                   0.000727    0.000204   0.0009513   2.034e-05  NOR3X1
u_entertainment/g47            0.0006974   0.0001968   0.0009484   5.418e-05  MX2X1
u_visitor/g1059                0.0005878   0.0003457   0.0009476    1.41e-05  OAI211X1
u_burglar/g711                 0.0005586   0.0003749   0.0009475   1.402e-05  OAI31X1
u_entertainment/g45            0.0006979   0.0001885   0.0009406   5.418e-05  MX2X1
u_temp_ctrl/g1724              0.0005054   0.0004088   0.0009401   2.599e-05  CLKINVX2
u_visitor/FE_OFC2_visitor_count_int_6  0.0002622    0.000664   0.0009392   1.301e-05  CLKINVX1
u_temp_ctrl/g1668              0.0007191   0.0001988    0.000938   2.004e-05  NOR2BX1
u_visitor/g1074                0.0007165   0.0002011   0.0009357   1.815e-05  AOI21X1
u_entertainment/g44            0.0006981   0.0001822   0.0009345   5.418e-05  MX2X1
u_door_lock/g2299              0.0002873   0.0006337   0.0009341   1.301e-05  CLKINVX1
u_temp_ctrl/FE_RC_21_0         0.0007272   0.0001851   0.0009326   2.034e-05  NOR3X1
u_temp_ctrl/g1675              0.0006221   0.0002902   0.0009305   1.816e-05  NOR2X1
u_temp_ctrl/g1703              0.0003781   0.0005221   0.0009262   2.599e-05  CLKINVX2
u_temp_ctrl/g1650               0.000578   0.0003348   0.0009258   1.299e-05  OAI21X1
u_visitor/g1054                0.0006402   0.0002678   0.0009202   1.224e-05  OAI222XL
u_window/g367                  0.0007802   0.0001188   0.0009189   1.995e-05  AOI211X1
u_window/g363                  0.0006723   0.0002331   0.0009184   1.299e-05  OAI21X1
u_burglar/g681                 0.0006875     0.00021   0.0009154   1.791e-05  OAI22X1
u_burglar/g698                 0.0007382   0.0001574   0.0009138   1.815e-05  AOI21X1
u_visitor/g1048                0.0005495   0.0003449   0.0009085    1.41e-05  OAI211X1
u_burglar/g691                 0.0006875   0.0001956    0.000901   1.791e-05  OAI22X1
u_burglar/g699                 0.0006719   0.0001852   0.0009002   4.309e-05  AO22X1
u_temp_ctrl/g1671              0.0006038   0.0002807   0.0008975   1.299e-05  OAI21X1
u_door_lock/g2275              0.0006607   0.0002171   0.0008956   1.789e-05  AOI31X1
u_water_ctrl/g77               0.0005315   0.0003495   0.0008934   1.236e-05  NOR2XL
u_visitor/g1063                0.0006416   0.0002379   0.0008917   1.224e-05  OAI222XL
u_visitor/g1110                0.0004527   0.0003923   0.0008799   3.499e-05  NAND2BX1
u_visitor/FE_RC_4_0            0.0005486   0.0003149   0.0008777    1.41e-05  OAI211X1
u_burglar/g716                 0.0006523   0.0001542   0.0008748   6.826e-05  XOR2XL
u_window/g370                  0.0006512   0.0002044   0.0008737   1.815e-05  AOI21X1
u_visitor/g1076                0.0007271   0.0001146   0.0008599   1.815e-05  AOI21X1
u_burglar/g676                  0.000672   0.0001691   0.0008592   1.815e-05  AOI21X1
u_temp_ctrl/g1638              0.0004176   0.0004271   0.0008587   1.403e-05  NAND2X1
u_door_lock/g2281              0.0006327   0.0002073   0.0008585   1.851e-05  AOI32X1
u_door_lock/FE_RC_17_0         0.0005502   0.0002532   0.0008582    5.48e-05  NAND2BX2
u_temp_ctrl/g1715              0.0005322   0.0002953   0.0008556   2.802e-05  NAND2X2
u_temp_ctrl/g1651              0.0006538   0.0001796   0.0008515   1.816e-05  NOR2X1
u_door_lock/g2297              0.0002664   0.0005705   0.0008499   1.301e-05  CLKINVX1
u_burglar/g721                 0.0006155   0.0002187   0.0008471   1.299e-05  OAI21X1
u_door_lock/g2277              0.0003307   0.0004806   0.0008455   3.419e-05  NAND3BX1
u_temp_ctrl/FE_RC_20_0         0.0006445   0.0001711   0.0008437   2.802e-05  NAND2X2
u_burglar/g671                 0.0005916   0.0002196   0.0008242   1.299e-05  OAI21X1
u_visitor/g1092                0.0006877   0.0001131   0.0008218   2.093e-05  NOR4X1
u_temp_ctrl/g1659               0.000573   0.0002259   0.0008202   2.127e-05  OAI2BB1X1
u_temp_ctrl/g1717              0.0003761   0.0004302   0.0008187   1.236e-05  NOR2XL
u_temp_ctrl/g1655              0.0004548   0.0003285   0.0008184   3.499e-05  NAND2BX1
u_visitor/g1065                0.0005117   0.0002747   0.0008135   2.704e-05  MXI2XL
u_burglar/g680                 0.0006417   0.0001527   0.0008126   1.815e-05  AOI21X1
u_door_lock/g2284              0.0006529   9.384e-05   0.0008098   6.308e-05  XNOR2XL
u_burglar/g685                 0.0006066    0.000189   0.0008086   1.299e-05  OAI21X1
u_visitor/g1109                0.0002666   0.0005238   0.0008034   1.301e-05  CLKINVX1
u_temp_ctrl/g1679              0.0006614   0.0001164   0.0007919   1.402e-05  OAI31X1
u_burglar/g675                 0.0005831   0.0001856   0.0007817   1.299e-05  OAI21X1
u_temp_ctrl/FE_RC_16_0         0.0006673   8.831e-05   0.0007756   2.004e-05  NOR2BX1
u_visitor/FE_RC_5_0            0.0005449   0.0001781   0.0007655   4.256e-05  OR2X1
u_temp_ctrl/g1672              0.0005314   0.0002216   0.0007652    1.22e-05  AOI21XL
u_door_lock/g2267               0.000462   0.0002769   0.0007519   1.299e-05  OAI21X1
u_burglar/g718                 0.0002756   0.0004528   0.0007424   1.403e-05  NAND2X1
u_temp_ctrl/FE_RC_19_0         0.0004788   0.0002217   0.0007355   3.499e-05  NAND2BX1
u_temp_ctrl/g1721              0.0002622   0.0004554   0.0007307   1.301e-05  CLKINVX1
u_temp_ctrl/g1649              0.0004513   0.0002636   0.0007236   8.728e-06  OAI21XL
u_temp_ctrl/g1736              0.0005227   0.0001799   0.0007193   1.662e-05  NOR2BXL
u_window/g364                  0.0005844   0.0001123   0.0007133   1.662e-05  NOR2BXL
u_door_lock/g754                0.000483   0.0001877   0.0007132   4.256e-05  OR2X1
u_window/g362                  0.0005033   0.0001787    0.000709   2.704e-05  MXI2XL
u_temp_ctrl/g1648              0.0004923   0.0001995   0.0007048   1.299e-05  OAI21X1
u_door_lock/g2233              0.0005687    0.000106   0.0007018   2.704e-05  MXI2XL
u_humidity/g207                0.0003757   0.0003021   0.0006902   1.236e-05  NOR2XL
u_door_lock/g2289              0.0003778   0.0002927   0.0006829   1.236e-05  NOR2XL
u_door_lock/g2239              0.0004233   0.0002396   0.0006753   1.236e-05  NOR2XL
u_temp_ctrl/g1681              0.0003154   0.0003432   0.0006727   1.403e-05  NAND2X1
u_lum_ctrl/g101                0.0002607    0.000398   0.0006717   1.301e-05  INVX1
u_temp_ctrl/g1745              0.0005393   0.0001151   0.0006709   1.651e-05  NOR3BXL
u_door_lock/g2261               0.000369   0.0002926   0.0006709   9.289e-06  NAND2XL
u_temp_ctrl/g1742              0.0004278    0.000204   0.0006668   3.499e-05  NAND2BX1
u_temp_ctrl/g1737              0.0004833   0.0001527   0.0006526   1.662e-05  NOR2BXL
u_temp_ctrl/g1705              0.0004204   0.0002006   0.0006481   2.704e-05  MXI2XL
u_temp_ctrl/g1720              0.0002602   0.0003743   0.0006475   1.301e-05  CLKINVX1
u_temp_ctrl/g1661              0.0004942   0.0001329   0.0006395   1.236e-05  NOR2XL
u_door_lock/g2242              0.0004723   0.0001472   0.0006317    1.22e-05  AOI21XL
u_burglar/g704                 0.0004235   0.0001792   0.0006297   2.704e-05  MXI2XL
u_window/g372                  0.0003754   0.0002409   0.0006287   1.236e-05  NOR2XL
u_burglar/g719                 0.0002708   0.0003446   0.0006284   1.301e-05  INVX1
u_burglar/g690                 0.0004019   0.0001979   0.0006268   2.704e-05  MXI2XL
u_visitor/FE_RC_7_0            0.0002979   0.0003131    0.000624   1.301e-05  CLKINVX1
u_door_lock/g2231              0.0004279   0.0001774   0.0006177   1.236e-05  NOR2XL
u_door_lock/g2252              0.0004669   0.0001367   0.0006158    1.22e-05  AOI21XL
u_door_lock/g2260              0.0004354   0.0001674   0.0006152   1.236e-05  NOR2XL
u_lum_ctrl/g100                  0.00026   0.0003412   0.0006142   1.301e-05  INVX1
u_temp_ctrl/FE_RC_1_0          0.0002643   0.0003358   0.0006131   1.301e-05  CLKINVX1
u_visitor/g1088                0.0004219   0.0001637   0.0006126   2.704e-05  MXI2XL
u_door_lock/g2288              0.0001726   0.0004255   0.0006073   9.289e-06  NAND2XL
u_door_lock/g2269               0.000483   0.0001096   0.0006055   1.299e-05  OAI21X1
u_burglar/g700                 0.0004117   0.0001609   0.0005996   2.704e-05  MXI2XL
u_door_lock/g2229              0.0004178   0.0001686   0.0005988   1.236e-05  NOR2XL
u_lum_ctrl/g97                 0.0002599   0.0003254   0.0005983   1.301e-05  INVX1
u_door_lock/g2234              0.0004301   0.0001537   0.0005961   1.236e-05  NOR2XL
u_door_lock/g2262              0.0004081    0.000174   0.0005945   1.236e-05  NOR2XL
u_door_lock/g2256              0.0004048   0.0001753   0.0005926   1.236e-05  NOR2XL
u_door_lock/g2296              0.0002749   0.0003037   0.0005916   1.301e-05  INVX1
u_door_lock/g2244               0.000421   0.0001563   0.0005896   1.236e-05  NOR2XL
u_burglar/g697                 0.0003862   0.0001838   0.0005892    1.92e-05  OAI2BB1XL
u_visitor/g1083                0.0004315   0.0001273   0.0005875   2.866e-05  OA21XL
u_door_lock/g2237              0.0004586     0.00011   0.0005808    1.22e-05  AOI21XL
u_visitor/g1087                0.0004221   0.0001247   0.0005738   2.704e-05  MXI2XL
u_door_lock/g2270              0.0004579   0.0001028   0.0005729    1.22e-05  AOI21XL
u_door_lock/g2295              0.0003084   0.0002482   0.0005696   1.301e-05  CLKINVX1
u_door_lock/g2259              0.0002826   0.0002729   0.0005649   9.289e-06  NAND2XL
u_temp_ctrl/g1716              0.0001722   0.0003834   0.0005649   9.289e-06  NAND2XL
u_temp_ctrl/FE_RC_3_0          0.0002622   0.0002884   0.0005636   1.301e-05  CLKINVX1
u_visitor/g1079                0.0004001   0.0001337   0.0005609   2.704e-05  MXI2XL
u_door_lock/g2279              0.0003572   0.0001837   0.0005539   1.301e-05  INVX1
u_humidity/g205                0.0003178   0.0002135   0.0005526   2.127e-05  OAI2BB1X1
u_temp_ctrl/g1645              0.0003867   0.0001499    0.000549   1.236e-05  NOR2XL
u_lum_ctrl/g95                 0.0002593   0.0002749   0.0005472   1.301e-05  INVX1
u_visitor/g1066                0.0003763   0.0001399   0.0005432   2.704e-05  MXI2XL
u_temp_ctrl/g1726              0.0002596   0.0002696   0.0005423   1.301e-05  CLKINVX1
u_temp_ctrl/FE_RC_15_0         0.0003964   0.0001038   0.0005385   3.838e-05  NOR2BX2
u_lum_ctrl/g96                 0.0002593    0.000258   0.0005304   1.301e-05  INVX1
u_window/g365                  0.0002549   0.0002366   0.0005256   3.419e-05  NAND3BX1
u_temp_ctrl/FE_RC_10_0         0.0003465    0.000165   0.0005245   1.301e-05  CLKINVX1
u_temp_ctrl/g1709              0.0002709   0.0002376   0.0005225   1.403e-05  NAND2X1
u_burglar/g720                 0.0002731   0.0002296   0.0005157   1.301e-05  CLKINVX1
g47                            0.0002676   0.0002237   0.0005044   1.301e-05  CLKINVX1
u_burglar/g710                 0.0002303   0.0002301    0.000503   4.256e-05  OR2X1
u_temp_ctrl/FE_RC_9_0          0.0002879   0.0002018   0.0005027   1.301e-05  CLKINVX1
u_temp_ctrl/g1657              0.0003542   0.0001341   0.0005013   1.301e-05  INVX1
u_visitor/g1061                0.0002914   0.0001766    0.000495   2.704e-05  MXI2XL
g74                             0.000276   0.0002016   0.0004906   1.301e-05  CLKINVX1
u_visitor/g1093                0.0002269   0.0002359     0.00049   2.717e-05  AND2X1
u_visitor/g1052                 0.000352   0.0001201   0.0004861   1.402e-05  OAI31X1
g44                            0.0002755   0.0001972   0.0004857   1.301e-05  CLKINVX1
u_humidity/g206                0.0003678   0.0001031    0.000485    1.41e-05  OAI211X1
g46                            0.0002679    0.000201   0.0004819   1.301e-05  CLKINVX1
u_temp_ctrl/g1678              0.0003029   0.0001637   0.0004796   1.301e-05  INVX1
g45                             0.000276   0.0001859   0.0004749   1.301e-05  CLKINVX1
u_lum_ctrl/g98                 0.0002578   0.0002032   0.0004741   1.301e-05  INVX1
u_visitor/g1099                0.0003776   8.309e-05   0.0004731   1.236e-05  NOR2XL
u_temp_ctrl/FE_RC_14_0         0.0002585   0.0002015    0.000473   1.301e-05  CLKINVX1
u_visitor/g1102                0.0002721   0.0001876   0.0004727   1.301e-05  CLKINVX1
g76                            0.0002809   0.0001783   0.0004722   1.301e-05  CLKINVX1
u_temp_ctrl/g1670              0.0002819   0.0001716   0.0004665   1.301e-05  INVX1
u_visitor/g1105                0.0002583   0.0001907    0.000462   1.301e-05  INVX1
u_visitor/g1050                0.0002942   0.0001377    0.000459   2.704e-05  MXI2XL
u_temp_ctrl/g1728              0.0002586   0.0001873   0.0004589   1.301e-05  CLKINVX1
u_lum_ctrl/g102                0.0002583   0.0001841   0.0004554   1.301e-05  INVX1
u_door_lock/g2265              0.0002371    0.000205   0.0004509   8.757e-06  INVXL
u_burglar/g688                  0.000222   0.0002194   0.0004507   9.289e-06  NAND2XL
u_visitor/g1053                0.0003112   0.0001252   0.0004504    1.41e-05  OAI211X1
u_temp_ctrl/g1712              0.0002577   0.0001791   0.0004499   1.301e-05  CLKINVX1
u_door_lock/g2274               0.000226   0.0002119   0.0004467   8.757e-06  INVXL
u_door_lock/g2268              0.0003796   4.406e-05   0.0004436   1.995e-05  AOI211X1
u_visitor/g1049                0.0002246   0.0002065   0.0004407   9.525e-06  OAI31XL
u_visitor/g2                   0.0002695   0.0001333   0.0004377   3.499e-05  NAND2BX1
u_burglar/g709                 0.0002798   0.0001438    0.000436   1.236e-05  NOR2XL
u_visitor/g1098                0.0002742   0.0001472   0.0004354   1.403e-05  NAND2X1
u_door_lock/g2230              0.0003222   0.0001005    0.000435    1.22e-05  AOI21XL
g73                            0.0002669   0.0001538   0.0004337   1.301e-05  CLKINVX1
u_lum_ctrl/g99                 0.0002579   0.0001581    0.000429   1.301e-05  INVX1
u_temp_ctrl/g1683              0.0001942   0.0002236    0.000427   9.289e-06  NAND2XL
u_door_lock/g2290               0.000174   0.0002436    0.000427   9.289e-06  NAND2XL
u_visitor/FE_RC_6_0            0.0002652   0.0001167   0.0004169   3.499e-05  NAND2BX1
u_door_lock/g2300              0.0002627   0.0001167   0.0004144   3.499e-05  NAND2BX1
u_door_lock/g2283              0.0002617   0.0001135   0.0004101   3.499e-05  NAND2BX1
u_visitor/g1067                0.0002076   0.0001899   0.0004068   9.289e-06  NAND2XL
u_door_lock/FE_RC_18_0         0.0002766    0.000114   0.0004046   1.403e-05  NAND2X1
u_window/g368                   0.000256   0.0001066   0.0003976   3.499e-05  NAND2BX1
u_visitor/g1069                0.0002079    0.000178   0.0003952   9.289e-06  NAND2XL
u_door_lock/g2272              0.0002809   0.0001008   0.0003941   1.236e-05  NOR2XL
u_temp_ctrl/g1647              0.0002066   0.0001748   0.0003902   8.757e-06  INVXL
u_visitor/g1085                0.0003025   6.542e-05   0.0003883   2.034e-05  NOR3X1
g70                            0.0002663   0.0001015   0.0003808   1.301e-05  CLKINVX1
u_door_lock/g2285              0.0001195   0.0002309   0.0003782    2.78e-05  NAND4BXL
u_door_lock/g2258              0.0001992   0.0001431   0.0003772   3.499e-05  NAND2BX1
u_burglar/g695                 0.0002667   9.945e-05   0.0003748   8.728e-06  OAI21XL
u_temp_ctrl/g1692              0.0002994   5.123e-05    0.000371   2.034e-05  NOR3X1
u_temp_ctrl/g1698              0.0002176   0.0001405   0.0003668   8.757e-06  INVXL
g50                            0.0002791   5.756e-05   0.0003497   1.301e-05  CLKINVX1
g72                            0.0002697   6.646e-05   0.0003492   1.301e-05  CLKINVX1
g77                             0.000293   4.154e-05   0.0003475   1.301e-05  CLKINVX1
g48                            0.0002752   5.709e-05   0.0003453   1.301e-05  CLKINVX1
u_visitor/g1096                0.0001714   0.0001593   0.0003401   9.289e-06  NAND2XL
u_visitor/g1081                0.0001407   0.0001851   0.0003398   1.403e-05  NAND2X1
g75                            0.0002881   3.867e-05   0.0003398   1.301e-05  CLKINVX1
g51                            0.0002804   4.511e-05   0.0003385   1.301e-05  CLKINVX1
u_temp_ctrl/g1713              0.0001805   0.0001421   0.0003313   8.757e-06  INVXL
u_door_lock/g2298              0.0001736   0.0001472   0.0003295   8.757e-06  INVXL
u_temp_ctrl/g1723              0.0001654   0.0001548    0.000329   8.757e-06  INVXL
u_temp_ctrl/g1725              0.0001772   0.0001407   0.0003266   8.757e-06  INVXL
g49                            0.0002771   3.566e-05   0.0003258   1.301e-05  CLKINVX1
g71                            0.0002697   4.018e-05   0.0003229   1.301e-05  CLKINVX1
u_temp_ctrl/g1719              0.0001772   0.0001306   0.0003166   8.757e-06  INVXL
u_visitor/g1068                0.0001796   0.0001116   0.0003094   1.816e-05  NOR2X1
u_window/g373                  0.0001649   0.0001344    0.000308   8.757e-06  INVXL
u_temp_ctrl/g1667              0.0002545   2.831e-05   0.0003037   2.093e-05  NOR4X1
u_door_lock/g2287              0.0001749   0.0001163   0.0003006   9.289e-06  NAND2XL
u_burglar/g715                 0.0001692   0.0001111   0.0002964   1.612e-05  NAND4X1
u_window/g369                  0.0001629   0.0001043   0.0002959   2.877e-05  NAND2BXL
u_temp_ctrl/g1706              0.0001785    7.18e-05   0.0002853   3.499e-05  NAND2BX1
u_burglar/g702                 0.0001276   0.0001166   0.0002792   3.499e-05  NAND2BX1
u_burglar/g717                 0.0001742   9.192e-05   0.0002754   9.289e-06  NAND2XL
u_temp_ctrl/g1729              0.0001681   9.135e-05   0.0002682   8.757e-06  INVXL
u_humidity/g204                0.0001672   9.226e-05   0.0002682   8.757e-06  INVXL
u_burglar/g705                  3.99e-05   0.0002057   0.0002586   1.301e-05  CLKINVX1
u_door_lock/g2245              0.0001271   8.952e-05   0.0002516   3.499e-05  NAND2BX1
u_visitor/g1091                0.0001312   0.0001078   0.0002482   9.289e-06  NAND2XL
u_burglar/FE_OFC0_n_6          0.0001392   9.192e-05   0.0002442   1.301e-05  INVX1
u_door_lock/g2257              0.0001847   4.577e-05   0.0002429   1.236e-05  NOR2XL
u_temp_ctrl/g1660               0.000137   8.054e-05   0.0002269   9.289e-06  NAND2XL
u_visitor/g1077                0.0001092   8.859e-05   0.0002159   1.816e-05  NOR2X1
u_temp_ctrl/g1700              0.0001297   7.269e-05   0.0002117   9.289e-06  NAND2XL
u_visitor/g1086                 5.62e-05   0.0001246   0.0001901   9.289e-06  NAND2XL
u_temp_ctrl/g1694               8.81e-05   8.704e-05   0.0001844   9.289e-06  NAND2XL
u_burglar/g701                 0.0001156   4.669e-05   0.0001746   1.236e-05  NOR2XL
u_burglar/g713                  9.36e-05   6.372e-05   0.0001714    1.41e-05  OAI211X1
u_temp_ctrl/FE_RC_13_0         8.988e-05   6.804e-05   0.0001672   9.289e-06  NAND2XL
u_door_lock/g2243              0.0001154    3.31e-05   0.0001608   1.236e-05  NOR2XL
u_burglar/g689                 7.749e-05   4.702e-05   0.0001595   3.499e-05  NAND2BX1
u_door_lock/g2240               7.72e-05   4.549e-05   0.0001577   3.499e-05  NAND2BX1
u_visitor/g1057                5.344e-05   8.602e-05   0.0001535   1.403e-05  NAND2X1
u_temp_ctrl/g1697              5.112e-05    5.73e-05   0.0001224   1.403e-05  NAND2X1
u_temp_ctrl/g1685              5.835e-05   4.697e-05   0.0001152    9.93e-06  NAND3XL
u_burglar/g692                 4.789e-05     2.8e-05   0.0001101   3.419e-05  NAND3BX1
u_burglar/g707                 5.437e-05   4.299e-05   0.0001097   1.236e-05  NOR2XL
u_door_lock/g2238              6.913e-05   1.945e-05   0.0001009   1.236e-05  NOR2XL
u_door_lock/g2235              4.932e-05   3.704e-05   9.938e-05   1.301e-05  CLKINVX1
u_temp_ctrl/FE_RC_12_0         6.405e-05    1.56e-05    9.78e-05   1.816e-05  NOR2X1
u_temp_ctrl/g1665              3.794e-05   2.609e-05   7.449e-05   1.046e-05  NAND4XL
u_burglar/g678                 4.023e-05    1.63e-05   6.888e-05   1.236e-05  NOR2XL
u_visitor/g1082                1.742e-05   2.094e-05   5.238e-05   1.403e-05  NAND2X1
u_visitor/g1064                2.026e-05    1.64e-05   4.595e-05   9.289e-06  NAND2XL
u_burglar/g684                 2.307e-05   8.963e-06   4.439e-05   1.236e-05  NOR2XL
u_burglar/g703                 2.364e-05   7.732e-06   4.373e-05   1.236e-05  NOR2XL

---------------------------------------------------------------------------------------

Total (    465 of    465  )        2.592       0.391      3.018     0.03504
Total Capacitance                5.109e-12 F
Power Density                   *** No Die Area ***
